{
  "schema": "solvers.research.hu-saved-profile-audit/v1",
  "artifact": {
    "path": "/opt/r1/candidate-v3/runs/r1-paired-current/flop-2-candidate/run/solution.sol",
    "blake3": "d828d9badc30ffa5071b38f2d2cfdbaab87443da2f2a29ccce562582b3fa1fb7",
    "bytes": 176833,
    "config_blake3": "c2ab0b1fdc5e4d18b0009fb53305c31e14fe3a0dbd787a8c8e72b8cc1df8b5ec",
    "format_version": 3,
    "mode": "full",
    "iterations": 50,
    "source_storage": "f32",
    "stored_nodes": 14410,
    "node_count": 21618
  },
  "threads": 8,
  "par_chance_depth": 2,
  "par_min_children": 12,
  "pot_chips": 20,
  "effective_stack_chips": 60,
  "rake": {
    "kind": "none"
  },
  "utility": {
    "kind": "chip-ev"
  },
  "zero_sum_terminal_utility": true,
  "value_basis": "subgame_start_utility",
  "ev_offset": [
    10.0,
    10.0
  ],
  "pre_save_metadata": {
    "iterations": 50,
    "expl": [
      0.013658099704318527,
      0.023040824466281418
    ],
    "ev": [
      8.049393706851536,
      11.950607829623753
    ],
    "nash_conv": 0.036698924170599945,
    "storage": "f32",
    "wall_secs": 8.393857433
  },
  "recomputed": {
    "profile": "stored_quantized",
    "ev": [
      8.049393865797255,
      11.950607935587565
    ],
    "br": [
      8.063050905863443,
      11.973651144239637
    ],
    "gains": [
      0.013657040066188841,
      0.023043208652072877
    ],
    "nash_conv": 0.03670024871826172
  },
  "input_hash_secs": 0.00058731,
  "load_secs": 0.994041791,
  "eval_secs": 0.380009337
}
