{
  "build": {
    "service_exit": 0,
    "service": "MainPID=0\nResult=success\nActiveState=inactive",
    "status": "completed",
    "stages": [
      {
        "name": "toolchain",
        "status": "completed",
        "started_at": "2026-09-27T07:20:21.443927+00:00",
        "ended_at": "2026-09-27T07:20:21.649559+00:00"
      },
      {
        "name": "build-baseline",
        "status": "completed",
        "started_at": "2026-09-27T07:20:21.960030+00:00",
        "ended_at": "2026-09-27T07:21:25.578165+00:00"
      },
      {
        "name": "tests-baseline",
        "status": "completed",
        "started_at": "2026-09-27T07:21:25.924491+00:00",
        "ended_at": "2026-09-27T07:24:01.227218+00:00"
      }
    ],
    "counts": {
      "completed": 3,
      "running": 0,
      "failed": 0,
      "skipped": 0,
      "pending": 0
    },
    "error": null,
    "wrapper_finish": {
      "exit_code": 0,
      "last_phase": "build",
      "ended_at": "2026-09-27T07:24:01.650069+00:00"
    }
  },
  "measure": {
    "service_exit": 0,
    "service": "MainPID=0\nResult=success\nActiveState=inactive",
    "status": "completed",
    "stages": [
      {
        "name": "expanded-r2-w32-d1",
        "status": "completed",
        "started_at": "2026-09-27T07:33:09.215436+00:00",
        "ended_at": "2026-09-27T07:33:14.449499+00:00"
      },
      {
        "name": "expanded-r3-w32-d1",
        "status": "completed",
        "started_at": "2026-09-27T07:33:17.734200+00:00",
        "ended_at": "2026-09-27T07:33:22.992365+00:00"
      },
      {
        "name": "expanded-r3-w32-d2",
        "status": "completed",
        "started_at": "2026-09-27T07:33:26.292418+00:00",
        "ended_at": "2026-09-27T07:33:31.558857+00:00"
      },
      {
        "name": "expanded-r3-w16-d1",
        "status": "completed",
        "started_at": "2026-09-27T07:33:34.878656+00:00",
        "ended_at": "2026-09-27T07:33:40.106177+00:00"
      },
      {
        "name": "expanded-r3-w16-d2",
        "status": "completed",
        "started_at": "2026-09-27T07:33:43.429577+00:00",
        "ended_at": "2026-09-27T07:33:48.572580+00:00"
      }
    ],
    "counts": {
      "completed": 38,
      "running": 0,
      "failed": 0,
      "skipped": 0,
      "pending": 0
    },
    "error": null,
    "wrapper_finish": {
      "exit_code": 0,
      "last_phase": "measure",
      "ended_at": "2026-09-27T07:33:53.120234+00:00"
    }
  },
  "source_archive": {
    "bytes": 967265,
    "sha256": "83fc42a73c202a7754889fd6bcefe984ffd575d0883545dc13a9068be0f3691c"
  }
}
