{
  "build": {
    "service_exit": 0,
    "service": "MainPID=0\nResult=success\nActiveState=inactive",
    "status": "completed",
    "stages": [
      {
        "name": "perf-preflight-build",
        "status": "completed",
        "started_at": "2026-09-28T04:32:12.895866+00:00",
        "ended_at": "2026-09-28T04:32:17.362574+00:00"
      },
      {
        "name": "toolchain",
        "status": "completed",
        "started_at": "2026-09-28T04:32:17.801949+00:00",
        "ended_at": "2026-09-28T04:32:17.990815+00:00"
      },
      {
        "name": "build-baseline",
        "status": "completed",
        "started_at": "2026-09-28T04:32:18.424332+00:00",
        "ended_at": "2026-09-28T04:33:43.155698+00:00"
      },
      {
        "name": "tests-baseline",
        "status": "completed",
        "started_at": "2026-09-28T04:33:43.664481+00:00",
        "ended_at": "2026-09-28T04:36:50.773327+00:00"
      }
    ],
    "counts": {
      "completed": 4,
      "running": 0,
      "failed": 0,
      "skipped": 0,
      "pending": 0
    },
    "error": null,
    "wrapper_finish": {
      "exit_code": 0,
      "last_phase": "build",
      "ended_at": "2026-09-28T04:36:51.311560+00:00"
    }
  },
  "measure": {
    "service_exit": 0,
    "service": "MainPID=0\nResult=exit-code\nActiveState=failed",
    "status": "failed",
    "stages": [
      {
        "name": "narrow-r1-w16",
        "status": "skipped"
      },
      {
        "name": "expanded-r0-w16",
        "status": "skipped"
      },
      {
        "name": "expanded-r0-w32",
        "status": "skipped"
      },
      {
        "name": "expanded-r1-w32",
        "status": "skipped"
      },
      {
        "name": "expanded-r1-w16",
        "status": "skipped"
      }
    ],
    "counts": {
      "completed": 3,
      "running": 0,
      "failed": 1,
      "skipped": 7,
      "pending": 0
    },
    "error": "ValueError('bounded perf helper timed out or exceeded output cap')",
    "stage_stderr_tail": "[ perf record: Woken up 2 times to write data ]\n[ perf record: Captured and wrote 1.074 MB /opt/r1/flop-cpu-profile-proof01/narrow-r0-w16/perf.data ]\n",
    "wrapper_finish": {
      "exit_code": 1,
      "last_phase": "measure",
      "ended_at": "2026-09-28T04:42:51.897358+00:00"
    }
  },
  "source_archive": {
    "bytes": 967619,
    "sha256": "42d70a15c6457a6c38831b8fa159437f6fd5b9587931d49c8ad6e8d325dd6c5d"
  }
}
