COMMAND: target/debug/solvers.exe solve experiments/hu-postflop-r0/asset-inventory-2026-09-25/source-path.toml --out runs/sol-2-inventory/source-direct
tree: nodes=9 terminals=5 rank_tables=1 storage=0.1 MiB (f32) / 0.0 MiB (i16)
game=postflop schedule=dcfr iterations=1
iter=       1 expl_p0=3.750e0 expl_p1=3.750e0 nash_conv=7.500e0
done: iterations=1 wall=0.03s ev_p0=21.250000 ev_p1=-1.250000 nash_conv=7.500e0
sol: wrote runs/sol-2-inventory/source-direct\solution.sol (0.5 KB, 4 blocks, mode=Full)
EXIT: 0 (expected 0)
COMMAND: target/debug/solvers.exe export runs/sol-2-inventory/source-direct/solution.sol summary
Error: .sol artifact's embedded config failed to parse: SLV004: [game.tree] source requires a config file path for relative resolution; run this through a command that knows the file's location
EXIT: 1 (expected 1)
COMMAND: target/debug/solvers.exe resume runs/sol-2-inventory/source-direct
Error: parsing the run config: SLV004: [game.tree] source requires a config file path for relative resolution; run this through a command that knows the file's location
EXIT: 1 (expected 1)
COMMAND: target/debug/solvers.exe validate experiments/hu-postflop-r0/asset-inventory-2026-09-25/source-path.toml --write-effective runs/sol-2-inventory/source-effective.toml
valid: schema=solvers.postflop/v1 game_kind=postflop profile=vector CFR average profile; converges to Nash for two-player zero-sum games
EXIT: 0 (expected 0)
COMMAND: target/debug/solvers.exe solve runs/sol-2-inventory/source-effective.toml --out runs/sol-2-inventory/source-normalized
tree: nodes=9 terminals=5 rank_tables=1 storage=0.1 MiB (f32) / 0.0 MiB (i16)
game=postflop schedule=dcfr iterations=1
iter=       1 expl_p0=3.750e0 expl_p1=3.750e0 nash_conv=7.500e0
done: iterations=1 wall=0.02s ev_p0=21.250000 ev_p1=-1.250000 nash_conv=7.500e0
sol: wrote runs/sol-2-inventory/source-normalized\solution.sol (0.6 KB, 4 blocks, mode=Full)
EXIT: 0 (expected 0)
COMMAND: target/debug/solvers.exe export runs/sol-2-inventory/source-normalized/solution.sol summary
rebuilding tree from embedded config...
tree rebuilt in 0.02s (9 nodes)
{
  "board": "2c 7d 9h Js Qs",
  "pot": 20,
  "effective_stack": 80,
  "min_bet": 1,
  "iterations": 1,
  "ev_oop": 21.25,
  "ev_ip": -1.25,
  "expl_oop": 3.75,
  "expl_ip": 3.75,
  "nash_conv": 7.5,
  "storage": "f32",
  "wall_secs": 0.0249392,
  "streets_stored": "full",
  "nodes": 9,
  "stored_nodes": 4
}
EXIT: 0 (expected 0)
COMMAND: target/debug/solvers.exe resume runs/sol-2-inventory/source-normalized
resuming from checkpoint: iteration=1 target=1
tree: nodes=9 terminals=5 rank_tables=1 storage=0.1 MiB (f32) / 0.0 MiB (i16)
game=postflop schedule=dcfr iterations=1
done: iterations=1 wall=0.01s ev_p0=21.250000 ev_p1=-1.250000 nash_conv=7.500e0
sol: wrote runs/sol-2-inventory/source-normalized\solution.sol (0.6 KB, 4 blocks, mode=Full)
EXIT: 0 (expected 0)
DIRECT_RUN_TOML_EQUALS_INPUT: True
