2026-10-07T16:51:32.5030050+09:00 cpu=100 busy=
2026-10-07T16:51:42.8855447+09:00 cpu=100 busy=
2026-10-07T16:52:00.2163498+09:00 cpu=100 busy=
2026-10-07T16:52:14.6226953+09:00 cpu=100 busy=
2026-10-07T16:52:31.3622806+09:00 cpu=100 busy=
2026-10-07T16:52:47.3306603+09:00 cpu=100 busy=
2026-10-07T16:53:01.9759271+09:00 cpu=100 busy=
2026-10-07T16:53:13.4705715+09:00 cpu=100 busy=
2026-10-07T16:53:23.7367947+09:00 cpu=98 busy=
2026-10-07T16:53:38.0049671+09:00 cpu=100 busy=
2026-10-07T16:53:52.5980180+09:00 cpu=100 busy=
2026-10-07T16:54:04.7065261+09:00 cpu=100 busy=
2026-10-07T16:54:16.7597098+09:00 cpu=100 busy=
2026-10-07T16:54:28.8019895+09:00 cpu=99 busy=
2026-10-07T16:54:44.7726894+09:00 cpu=100 busy=
2026-10-07T16:54:59.9756945+09:00 cpu=100 busy=
2026-10-07T16:55:15.3890817+09:00 cpu=100 busy=
2026-10-07T16:55:27.7497453+09:00 cpu=100 busy=
2026-10-07T16:55:37.9753001+09:00 cpu=96 busy=
2026-10-07T16:55:51.9800333+09:00 cpu=100 busy=
2026-10-07T16:56:05.8493615+09:00 cpu=80 busy=
2026-10-07T16:56:22.7430795+09:00 cpu=100 busy=
2026-10-07T16:56:35.4550323+09:00 cpu=100 busy=
2026-10-07T16:56:45.5439412+09:00 cpu=100 busy=
2026-10-07T16:56:55.7579410+09:00 cpu=97 busy=
2026-10-07T16:57:05.9743974+09:00 cpu=100 busy=
2026-10-07T16:57:16.2236654+09:00 cpu=100 busy=
2026-10-07T16:57:26.5336833+09:00 cpu=99 busy=
2026-10-07T16:57:39.9306651+09:00 cpu=100 busy=
2026-10-07T16:57:56.0070407+09:00 cpu=100 busy=
2026-10-07T16:58:06.2539051+09:00 cpu=99 busy=
2026-10-07T16:58:16.4542980+09:00 cpu=100 busy=
2026-10-07T16:58:26.6642987+09:00 cpu=99 busy=
2026-10-07T16:58:36.9143313+09:00 cpu=100 busy=
2026-10-07T16:58:47.1027887+09:00 cpu=99 busy=
2026-10-07T16:58:58.0048962+09:00 cpu=99 busy=
2026-10-07T16:59:08.6988445+09:00 cpu=100 busy=
2026-10-07T16:59:24.5008133+09:00 cpu=100 busy=
2026-10-07T16:59:34.6462171+09:00 cpu=93 busy=
2026-10-07T16:59:44.8400281+09:00 cpu=99 busy=
2026-10-07T16:59:55.0216955+09:00 cpu=95 busy=
2026-10-07T17:00:05.1715527+09:00 cpu=91 busy=
2026-10-07T17:00:17.2957865+09:00 cpu=100 busy=
2026-10-07T17:00:29.7740214+09:00 cpu=100 busy=
2026-10-07T17:00:39.9769379+09:00 cpu=93 busy=
2026-10-07T17:00:50.0691684+09:00 cpu=95 busy=
2026-10-07T17:01:00.1522407+09:00 cpu=93 busy=
2026-10-07T17:01:10.2475096+09:00 cpu=94 busy=
2026-10-07T17:01:20.3204458+09:00 cpu=93 busy=
2026-10-07T17:01:32.8784305+09:00 cpu=100 busy=
2026-10-07T17:01:45.7153084+09:00 cpu=100 busy=
2026-10-07T17:01:55.9111657+09:00 cpu=98 busy=
2026-10-07T17:02:06.0019785+09:00 cpu=97 busy=
2026-10-07T17:02:16.1236533+09:00 cpu=92 busy=
2026-10-07T17:02:26.2163686+09:00 cpu=94 busy=
2026-10-07T17:02:37.7004396+09:00 cpu=100 busy=
2026-10-07T17:02:50.4188166+09:00 cpu=100 busy=
2026-10-07T17:03:00.6225241+09:00 cpu=92 busy=
2026-10-07T17:03:10.7041233+09:00 cpu=94 busy=
2026-10-07T17:03:20.7683024+09:00 cpu=94 busy=
2026-10-07T17:03:30.9132560+09:00 cpu=96 busy=
2026-10-07T17:03:41.0016062+09:00 cpu=99 busy=
2026-10-07T17:03:51.6637616+09:00 cpu=100 busy=
2026-10-07T17:04:04.8953219+09:00 cpu=100 busy=
2026-10-07T17:04:15.0450413+09:00 cpu=96 busy=
2026-10-07T17:04:25.1797806+09:00 cpu=91 busy=
2026-10-07T17:04:35.3468622+09:00 cpu=95 busy=
2026-10-07T17:04:45.4166685+09:00 cpu=94 busy=
2026-10-07T17:04:55.8197575+09:00 cpu=94 busy=
2026-10-07T17:05:10.2002813+09:00 cpu=100 busy=
2026-10-07T17:05:22.5793506+09:00 cpu=98 busy=
2026-10-07T17:05:32.7173351+09:00 cpu=91 busy=
2026-10-07T17:05:42.8027201+09:00 cpu=93 busy=
2026-10-07T17:05:52.9418732+09:00 cpu=95 busy=
2026-10-07T17:06:03.0207869+09:00 cpu=96 busy=
2026-10-07T17:06:17.4398324+09:00 cpu=100 busy=
2026-10-07T17:06:29.8111904+09:00 cpu=100 busy=
2026-10-07T17:06:43.0297989+09:00 cpu=100 busy=
2026-10-07T17:06:56.9817578+09:00 cpu=100 busy=
2026-10-07T17:07:07.1545154+09:00 cpu=94 busy=
2026-10-07T17:07:17.3076685+09:00 cpu=95 busy=
2026-10-07T17:07:27.4252294+09:00 cpu=93 busy=
2026-10-07T17:07:37.5220649+09:00 cpu=93 busy=
2026-10-07T17:07:48.0945783+09:00 cpu=97 busy=
2026-10-07T17:08:00.5963289+09:00 cpu=100 busy=
2026-10-07T17:08:13.1830662+09:00 cpu=98 busy=
2026-10-07T17:08:23.2389710+09:00 cpu=96 busy=
2026-10-07T17:08:33.3057944+09:00 cpu=97 busy=
2026-10-07T17:08:43.4001711+09:00 cpu=93 busy=
2026-10-07T17:08:53.4801173+09:00 cpu=95 busy=
2026-10-07T17:09:05.1414577+09:00 cpu=100 busy=
2026-10-07T17:09:17.4140658+09:00 cpu=100 busy=
2026-10-07T17:09:27.5311463+09:00 cpu=95 busy=
2026-10-07T17:09:37.6335455+09:00 cpu=91 busy=
2026-10-07T17:09:47.6915916+09:00 cpu=93 busy=
2026-10-07T17:09:57.7361731+09:00 cpu=92 busy=
2026-10-07T17:10:07.8329442+09:00 cpu=94 busy=
2026-10-07T17:10:21.9061906+09:00 cpu=100 busy=
2026-10-07T17:10:32.6244072+09:00 cpu=100 busy=
2026-10-07T17:10:42.7426663+09:00 cpu=90 busy=
2026-10-07T17:10:52.8600757+09:00 cpu=94 busy=
2026-10-07T17:11:03.0394228+09:00 cpu=94 busy=
2026-10-07T17:11:13.1514935+09:00 cpu=91 busy=
2026-10-07T17:11:24.8595625+09:00 cpu=100 busy=
2026-10-07T17:11:35.7360638+09:00 cpu=99 busy=
2026-10-07T17:11:47.4749007+09:00 cpu=98 busy=
2026-10-07T17:11:57.5487614+09:00 cpu=94 busy=
2026-10-07T17:12:07.6663442+09:00 cpu=91 busy=
2026-10-07T17:12:17.7822433+09:00 cpu=95 busy=
2026-10-07T17:12:27.8649066+09:00 cpu=91 busy=
2026-10-07T17:12:39.3110549+09:00 cpu=100 busy=
2026-10-07T17:12:50.7598460+09:00 cpu=100 busy=
2026-10-07T17:13:00.8742030+09:00 cpu=95 busy=
2026-10-07T17:13:10.9906699+09:00 cpu=94 busy=
2026-10-07T17:13:21.0847328+09:00 cpu=93 busy=
2026-10-07T17:13:31.1699957+09:00 cpu=97 busy=
2026-10-07T17:13:41.2256377+09:00 cpu=95 busy=
2026-10-07T17:13:54.4712376+09:00 cpu=100 busy=
2026-10-07T17:14:06.3813877+09:00 cpu=100 busy=
2026-10-07T17:14:16.5293328+09:00 cpu=95 busy=
2026-10-07T17:14:26.6396770+09:00 cpu=91 busy=
2026-10-07T17:14:36.7815492+09:00 cpu=95 busy=
2026-10-07T17:14:46.8704040+09:00 cpu=96 busy=
2026-10-07T17:14:57.0260212+09:00 cpu=100 busy=
2026-10-07T17:15:13.6491589+09:00 cpu=100 busy=
2026-10-07T17:15:26.0911226+09:00 cpu=98 busy=
2026-10-07T17:15:36.2454610+09:00 cpu=96 busy=
2026-10-07T17:15:46.4200611+09:00 cpu=98 busy=
2026-10-07T17:15:56.4838247+09:00 cpu=96 busy=
2026-10-07T17:16:06.6622475+09:00 cpu=97 busy=
2026-10-07T17:16:19.3006514+09:00 cpu=100 busy=
2026-10-07T17:16:32.1551692+09:00 cpu=100 busy=
2026-10-07T17:16:43.7629445+09:00 cpu=100 busy=
2026-10-07T17:16:55.4300091+09:00 cpu=100 busy=
2026-10-07T17:17:05.4968307+09:00 cpu=92 busy=
2026-10-07T17:17:15.5887731+09:00 cpu=90 busy=
2026-10-07T17:17:25.6846862+09:00 cpu=91 busy=
2026-10-07T17:17:35.7615418+09:00 cpu=90 busy=
2026-10-07T17:17:45.8774062+09:00 cpu=92 busy=
2026-10-07T17:17:57.8402409+09:00 cpu=100 busy=
2026-10-07T17:18:09.3985761+09:00 cpu=100 busy=
2026-10-07T17:18:19.5200433+09:00 cpu=87 busy=
2026-10-07T17:18:29.6234971+09:00 cpu=89 busy=
2026-10-07T17:18:39.7217021+09:00 cpu=92 busy=
2026-10-07T17:18:49.7919909+09:00 cpu=90 busy=
2026-10-07T17:19:01.3272944+09:00 cpu=100 busy=
2026-10-07T17:19:12.5578991+09:00 cpu=100 busy=
2026-10-07T17:19:22.7300268+09:00 cpu=90 busy=
2026-10-07T17:19:32.8249542+09:00 cpu=88 busy=
2026-10-07T17:19:42.8908866+09:00 cpu=89 busy=
2026-10-07T17:19:52.9701013+09:00 cpu=87 busy=
2026-10-07T17:20:04.8339266+09:00 cpu=100 busy=
2026-10-07T17:20:16.8028860+09:00 cpu=100 busy=
2026-10-07T17:20:26.9297873+09:00 cpu=94 busy=
2026-10-07T17:20:36.9910960+09:00 cpu=92 busy=
2026-10-07T17:20:47.1007939+09:00 cpu=92 busy=
2026-10-07T17:20:57.1956060+09:00 cpu=93 busy=
2026-10-07T17:21:07.3203165+09:00 cpu=90 busy=
2026-10-07T17:21:18.6520298+09:00 cpu=100 busy=
2026-10-07T17:21:30.5312100+09:00 cpu=100 busy=
2026-10-07T17:21:40.6462672+09:00 cpu=92 busy=
2026-10-07T17:21:50.7134061+09:00 cpu=91 busy=
2026-10-07T17:22:00.8140879+09:00 cpu=91 busy=
2026-10-07T17:22:10.9834170+09:00 cpu=94 busy=
2026-10-07T17:22:23.0817534+09:00 cpu=100 busy=
2026-10-07T17:22:34.4447195+09:00 cpu=100 busy=
2026-10-07T17:22:44.5214189+09:00 cpu=92 busy=
2026-10-07T17:22:54.6500434+09:00 cpu=90 busy=
2026-10-07T17:23:04.7436893+09:00 cpu=93 busy=
2026-10-07T17:23:14.8491957+09:00 cpu=88 busy=
2026-10-07T17:23:26.6680718+09:00 cpu=100 busy=
2026-10-07T17:23:38.1770238+09:00 cpu=100 busy=
2026-10-07T17:23:48.3688608+09:00 cpu=94 busy=
2026-10-07T17:23:58.4309795+09:00 cpu=92 busy=
2026-10-07T17:24:08.5236982+09:00 cpu=89 busy=
2026-10-07T17:24:18.6340124+09:00 cpu=88 busy=
2026-10-07T17:24:28.7490916+09:00 cpu=88 busy=
2026-10-07T17:24:39.8423059+09:00 cpu=100 busy=
2026-10-07T17:24:50.8758432+09:00 cpu=100 busy=
2026-10-07T17:25:00.9623840+09:00 cpu=93 busy=
2026-10-07T17:25:11.0580276+09:00 cpu=93 busy=
2026-10-07T17:25:21.1197632+09:00 cpu=94 busy=
2026-10-07T17:25:31.1728792+09:00 cpu=92 busy=
2026-10-07T17:25:42.1739111+09:00 cpu=100 busy=
2026-10-07T17:25:53.2791311+09:00 cpu=100 busy=
2026-10-07T17:26:03.3937246+09:00 cpu=33 busy=
2026-10-07T17:26:15.7344840+09:00 cpu=100 busy=
2026-10-07T17:26:28.0610220+09:00 cpu=99 busy=
2026-10-07T17:26:38.1551090+09:00 cpu=91 busy=
2026-10-07T17:26:48.2102867+09:00 cpu=89 busy=
2026-10-07T17:26:58.3093142+09:00 cpu=91 busy=
2026-10-07T17:27:08.4434892+09:00 cpu=93 busy=
2026-10-07T17:27:20.8099349+09:00 cpu=100 busy=
2026-10-07T17:27:32.8853168+09:00 cpu=100 busy=
2026-10-07T17:27:43.0002684+09:00 cpu=89 busy=
2026-10-07T17:27:53.0994019+09:00 cpu=91 busy=
2026-10-07T17:28:03.1891353+09:00 cpu=91 busy=
2026-10-07T17:28:13.2586301+09:00 cpu=91 busy=
2026-10-07T17:28:23.7965047+09:00 cpu=100 busy=
2026-10-07T17:28:35.2064223+09:00 cpu=100 busy=
2026-10-07T17:28:45.3685499+09:00 cpu=93 busy=
2026-10-07T17:28:55.4567602+09:00 cpu=89 busy=
2026-10-07T17:29:05.5612879+09:00 cpu=88 busy=
2026-10-07T17:29:15.6373498+09:00 cpu=90 busy=
2026-10-07T17:29:26.2718712+09:00 cpu=90 busy=
2026-10-07T17:29:38.3046172+09:00 cpu=100 busy=
2026-10-07T17:29:49.4220989+09:00 cpu=100 busy=
2026-10-07T17:29:59.6143908+09:00 cpu=93 busy=
2026-10-07T17:30:09.7673307+09:00 cpu=92 busy=
2026-10-07T17:30:19.8819137+09:00 cpu=93 busy=
2026-10-07T17:30:29.9723009+09:00 cpu=88 busy=
2026-10-07T17:30:41.3945250+09:00 cpu=100 busy=
2026-10-07T17:30:52.4148603+09:00 cpu=100 busy=
2026-10-07T17:31:02.5519368+09:00 cpu=92 busy=
2026-10-07T17:31:12.6079049+09:00 cpu=95 busy=
2026-10-07T17:31:22.6764168+09:00 cpu=94 busy=
2026-10-07T17:31:32.7977042+09:00 cpu=94 busy=
2026-10-07T17:31:43.4178366+09:00 cpu=95 busy=
2026-10-07T17:31:55.6275886+09:00 cpu=100 busy=
2026-10-07T17:32:07.1686004+09:00 cpu=99 busy=
2026-10-07T17:32:17.2715911+09:00 cpu=90 busy=
2026-10-07T17:32:27.3469249+09:00 cpu=90 busy=
2026-10-07T17:32:37.4179416+09:00 cpu=88 busy=
2026-10-07T17:32:47.5031709+09:00 cpu=89 busy=
2026-10-07T17:32:59.6749378+09:00 cpu=100 busy=
2026-10-07T17:33:11.1283090+09:00 cpu=100 busy=
2026-10-07T17:33:21.1781450+09:00 cpu=92 busy=
2026-10-07T17:33:31.2494099+09:00 cpu=91 busy=
2026-10-07T17:33:41.3317915+09:00 cpu=90 busy=
2026-10-07T17:33:51.3804269+09:00 cpu=91 busy=
2026-10-07T17:34:03.2691475+09:00 cpu=100 busy=
2026-10-07T17:34:15.0610117+09:00 cpu=100 busy=
2026-10-07T17:34:25.2127002+09:00 cpu=92 busy=
2026-10-07T17:34:35.3205466+09:00 cpu=90 busy=
2026-10-07T17:34:45.3869944+09:00 cpu=95 busy=
2026-10-07T17:34:55.4654072+09:00 cpu=91 busy=
2026-10-07T17:35:06.4917603+09:00 cpu=100 busy=
2026-10-07T17:35:17.4701518+09:00 cpu=100 busy=
2026-10-07T17:35:29.1531425+09:00 cpu=89 busy=
2026-10-07T17:35:39.8087074+09:00 cpu=100 busy=
2026-10-07T17:35:52.9083037+09:00 cpu=100 busy=
2026-10-07T17:36:03.0402238+09:00 cpu=95 busy=
2026-10-07T17:36:13.1601489+09:00 cpu=88 busy=
2026-10-07T17:36:23.3291057+09:00 cpu=91 busy=
2026-10-07T17:36:33.4063673+09:00 cpu=95 busy=
2026-10-07T17:36:46.3366971+09:00 cpu=100 busy=
2026-10-07T17:36:58.3849069+09:00 cpu=100 busy=
2026-10-07T17:37:08.5048560+09:00 cpu=95 busy=
2026-10-07T17:37:18.6201569+09:00 cpu=92 busy=
2026-10-07T17:37:28.7126378+09:00 cpu=89 busy=
2026-10-07T17:37:38.7737455+09:00 cpu=92 busy=
2026-10-07T17:37:49.5998941+09:00 cpu=100 busy=
2026-10-07T17:38:00.1039492+09:00 cpu=99 busy=
2026-10-07T17:38:10.3420301+09:00 cpu=100 busy=
2026-10-07T17:38:20.5321819+09:00 cpu=91 busy=
2026-10-07T17:38:30.5921702+09:00 cpu=90 busy=
2026-10-07T17:38:40.6687049+09:00 cpu=95 busy=
2026-10-07T17:38:50.7882758+09:00 cpu=93 busy=
2026-10-07T17:39:01.8483481+09:00 cpu=100 busy=
2026-10-07T17:39:13.6133991+09:00 cpu=100 busy=
2026-10-07T17:39:23.7584105+09:00 cpu=92 busy=
2026-10-07T17:39:33.8844882+09:00 cpu=94 busy=
2026-10-07T17:39:43.9869017+09:00 cpu=91 busy=
2026-10-07T17:39:54.1345104+09:00 cpu=91 busy=
2026-10-07T17:40:05.3022291+09:00 cpu=100 busy=
2026-10-07T17:40:16.5305247+09:00 cpu=100 busy=
2026-10-07T17:40:26.6993629+09:00 cpu=95 busy=
2026-10-07T17:40:36.8126246+09:00 cpu=95 busy=
2026-10-07T17:40:46.8785141+09:00 cpu=89 busy=
2026-10-07T17:40:56.9606091+09:00 cpu=91 busy=
2026-10-07T17:41:07.0595262+09:00 cpu=93 busy=
2026-10-07T17:41:18.3093268+09:00 cpu=100 busy=
2026-10-07T17:41:28.7438380+09:00 cpu=100 busy=
2026-10-07T17:41:38.9063964+09:00 cpu=89 busy=
2026-10-07T17:41:48.9587720+09:00 cpu=88 busy=
2026-10-07T17:41:59.0551156+09:00 cpu=91 busy=
2026-10-07T17:42:09.1714416+09:00 cpu=87 busy=
2026-10-07T17:42:20.8733456+09:00 cpu=100 busy=
2026-10-07T17:42:32.2815507+09:00 cpu=100 busy=
2026-10-07T17:42:42.4145943+09:00 cpu=95 busy=
2026-10-07T17:42:52.5124310+09:00 cpu=92 busy=
2026-10-07T17:43:02.6402014+09:00 cpu=89 busy=
2026-10-07T17:43:12.7326991+09:00 cpu=92 busy=
2026-10-07T17:43:24.3108506+09:00 cpu=100 busy=
2026-10-07T17:43:34.9708771+09:00 cpu=100 busy=
2026-10-07T17:43:45.5689577+09:00 cpu=92 busy=
2026-10-07T17:43:55.6312024+09:00 cpu=88 busy=
2026-10-07T17:44:05.7214031+09:00 cpu=92 busy=
2026-10-07T17:44:15.7965975+09:00 cpu=91 busy=
2026-10-07T17:44:26.2152541+09:00 cpu=96 busy=
2026-10-07T17:44:37.4565399+09:00 cpu=100 busy=
2026-10-07T17:44:49.1661759+09:00 cpu=100 busy=
2026-10-07T17:45:00.7201725+09:00 cpu=100 busy=
2026-10-07T17:45:13.7680583+09:00 cpu=100 busy=
2026-10-07T17:45:23.8906498+09:00 cpu=89 busy=
2026-10-07T17:45:33.9803794+09:00 cpu=94 busy=
2026-10-07T17:45:44.1233467+09:00 cpu=91 busy=
2026-10-07T17:45:54.1601030+09:00 cpu=92 busy=
2026-10-07T17:46:06.3148702+09:00 cpu=100 busy=
2026-10-07T17:46:18.9358740+09:00 cpu=100 busy=
2026-10-07T17:46:29.0907045+09:00 cpu=89 busy=
2026-10-07T17:46:39.2319770+09:00 cpu=90 busy=
2026-10-07T17:46:49.3942800+09:00 cpu=91 busy=
2026-10-07T17:46:59.4617821+09:00 cpu=90 busy=
2026-10-07T17:47:11.3209255+09:00 cpu=100 busy=
2026-10-07T17:47:23.2795883+09:00 cpu=100 busy=
2026-10-07T17:47:33.4769588+09:00 cpu=92 busy=
2026-10-07T17:47:43.5873530+09:00 cpu=91 busy=
2026-10-07T17:47:53.6431383+09:00 cpu=93 busy=
2026-10-07T17:48:03.7727723+09:00 cpu=88 busy=
2026-10-07T17:48:15.1793685+09:00 cpu=100 busy=
2026-10-07T17:48:26.4202946+09:00 cpu=100 busy=
2026-10-07T17:48:37.9824782+09:00 cpu=97 busy=
2026-10-07T17:48:48.0172166+09:00 cpu=95 busy=
2026-10-07T17:48:58.1232683+09:00 cpu=94 busy=
2026-10-07T17:49:08.1867717+09:00 cpu=93 busy=
2026-10-07T17:49:18.2780620+09:00 cpu=91 busy=
2026-10-07T17:49:29.8302274+09:00 cpu=100 busy=
2026-10-07T17:49:40.5149293+09:00 cpu=100 busy=
2026-10-07T17:49:50.6415169+09:00 cpu=90 busy=
2026-10-07T17:50:00.7751745+09:00 cpu=90 busy=
2026-10-07T17:50:10.8622287+09:00 cpu=93 busy=
2026-10-07T17:50:20.9228005+09:00 cpu=90 busy=
2026-10-07T17:50:32.6933097+09:00 cpu=100 busy=
2026-10-07T17:50:44.0087643+09:00 cpu=100 busy=
2026-10-07T17:50:54.1084021+09:00 cpu=92 busy=
2026-10-07T17:51:04.1600119+09:00 cpu=91 busy=
2026-10-07T17:51:14.2736881+09:00 cpu=91 busy=
2026-10-07T17:51:24.3583652+09:00 cpu=91 busy=
2026-10-07T17:51:35.0484544+09:00 cpu=100 busy=
2026-10-07T17:51:46.1887620+09:00 cpu=99 busy=
2026-10-07T17:51:57.2106195+09:00 cpu=100 busy=
2026-10-07T17:52:07.3013983+09:00 cpu=92 busy=
2026-10-07T17:52:17.3717231+09:00 cpu=94 busy=
2026-10-07T17:52:27.4503003+09:00 cpu=91 busy=
2026-10-07T17:52:37.5449849+09:00 cpu=88 busy=
2026-10-07T17:52:49.2563499+09:00 cpu=100 busy=
2026-10-07T17:53:00.9604599+09:00 cpu=100 busy=
2026-10-07T17:53:11.0976622+09:00 cpu=92 busy=
2026-10-07T17:53:21.1687381+09:00 cpu=89 busy=
2026-10-07T17:53:31.2441265+09:00 cpu=91 busy=
2026-10-07T17:53:41.3401495+09:00 cpu=94 busy=
2026-10-07T17:53:52.0774160+09:00 cpu=100 busy=
2026-10-07T17:54:03.8933168+09:00 cpu=100 busy=
2026-10-07T17:54:16.8885536+09:00 cpu=100 busy=
2026-10-07T17:54:27.7156470+09:00 cpu=100 busy=
2026-10-07T17:54:37.7595535+09:00 cpu=47 busy=
2026-10-07T17:54:47.7948801+09:00 cpu=43 busy=
2026-10-07T17:54:59.0043591+09:00 cpu=100 busy=
2026-10-07T17:55:10.9994793+09:00 cpu=100 busy=
2026-10-07T17:55:21.0976647+09:00 cpu=42 busy=
2026-10-07T17:55:31.1354005+09:00 cpu=34 busy=
2026-10-07T17:55:41.7719559+09:00 cpu=100 busy=
2026-10-07T17:55:53.9233662+09:00 cpu=100 busy=
2026-10-07T17:56:04.0290786+09:00 cpu=45 busy=
2026-10-07T17:56:15.7653333+09:00 cpu=100 busy=
2026-10-07T17:56:27.3309078+09:00 cpu=100 busy=
2026-10-07T17:56:37.9051601+09:00 cpu=54 busy=
2026-10-07T17:56:47.9391141+09:00 cpu=47 busy=
2026-10-07T17:56:59.7313783+09:00 cpu=100 busy=
2026-10-07T17:57:09.9242914+09:00 cpu=100 busy=
2026-10-07T17:57:20.0115186+09:00 cpu=54 busy=
2026-10-07T17:57:30.0618037+09:00 cpu=41 busy=
2026-10-07T17:57:42.1246245+09:00 cpu=100 busy=
2026-10-07T17:57:55.0093434+09:00 cpu=100 busy=
2026-10-07T17:58:05.0865419+09:00 cpu=41 busy=
2026-10-07T17:58:15.1211755+09:00 cpu=41 busy=
2026-10-07T17:58:27.1451538+09:00 cpu=100 busy=
2026-10-07T17:58:38.3170450+09:00 cpu=100 busy=
2026-10-07T17:58:48.4003819+09:00 cpu=38 busy=
2026-10-07T17:58:59.6898692+09:00 cpu=100 busy=
2026-10-07T17:59:10.2686344+09:00 cpu=100 busy=
2026-10-07T17:59:21.0538132+09:00 cpu=100 busy=
2026-10-07T17:59:31.1083469+09:00 cpu=43 busy=
2026-10-07T17:59:42.2085905+09:00 cpu=100 busy=
2026-10-07T17:59:54.1114917+09:00 cpu=100 busy=
2026-10-07T18:00:04.2987514+09:00 cpu=54 busy=
2026-10-07T18:00:14.9680526+09:00 cpu=100 busy=
2026-10-07T18:00:27.3674146+09:00 cpu=100 busy=
2026-10-07T18:00:37.5569690+09:00 cpu=92 busy=
2026-10-07T18:00:47.8692911+09:00 cpu=94 busy=
2026-10-07T18:00:58.0194385+09:00 cpu=95 busy=
2026-10-07T18:01:08.3284636+09:00 cpu=94 busy=
2026-10-07T18:01:18.5613157+09:00 cpu=96 busy=
2026-10-07T18:01:28.6403749+09:00 cpu=95 busy=
2026-10-07T18:01:38.8663553+09:00 cpu=95 busy=
2026-10-07T18:01:49.1622254+09:00 cpu=93 busy=
2026-10-07T18:02:01.1228858+09:00 cpu=100 busy=
2026-10-07T18:02:12.8784143+09:00 cpu=100 busy=
2026-10-07T18:02:23.0374940+09:00 cpu=96 busy=
2026-10-07T18:02:33.2266226+09:00 cpu=92 busy=
2026-10-07T18:02:43.3295620+09:00 cpu=94 busy=
2026-10-07T18:02:53.4929651+09:00 cpu=93 busy=
2026-10-07T18:03:03.6455454+09:00 cpu=94 busy=
2026-10-07T18:03:13.7706101+09:00 cpu=95 busy=
2026-10-07T18:03:23.9201772+09:00 cpu=94 busy=
2026-10-07T18:03:34.0868079+09:00 cpu=94 busy=
2026-10-07T18:03:46.6190063+09:00 cpu=100 busy=
2026-10-07T18:03:58.1675220+09:00 cpu=100 busy=
2026-10-07T18:04:08.2575313+09:00 cpu=97 busy=
2026-10-07T18:04:18.5482015+09:00 cpu=96 busy=
2026-10-07T18:04:28.7343020+09:00 cpu=95 busy=
2026-10-07T18:04:38.9618392+09:00 cpu=95 busy=
2026-10-07T18:04:49.1347934+09:00 cpu=94 busy=
2026-10-07T18:04:59.2520843+09:00 cpu=95 busy=
2026-10-07T18:05:09.3873580+09:00 cpu=93 busy=
2026-10-07T18:05:19.6654653+09:00 cpu=94 busy=
2026-10-07T18:05:31.5541550+09:00 cpu=100 busy=
2026-10-07T18:05:43.3851607+09:00 cpu=100 busy=
2026-10-07T18:05:53.6419049+09:00 cpu=96 busy=
2026-10-07T18:06:03.7527197+09:00 cpu=96 busy=
2026-10-07T18:06:14.0208309+09:00 cpu=95 busy=
2026-10-07T18:06:24.1433609+09:00 cpu=93 busy=
2026-10-07T18:06:34.2899574+09:00 cpu=95 busy=
2026-10-07T18:06:44.4869096+09:00 cpu=92 busy=
2026-10-07T18:06:54.6573307+09:00 cpu=95 busy=
2026-10-07T18:07:04.7581148+09:00 cpu=95 busy=
2026-10-07T18:07:15.8602236+09:00 cpu=100 busy=
2026-10-07T18:07:27.9581662+09:00 cpu=100 busy=
2026-10-07T18:07:38.2237637+09:00 cpu=93 busy=
2026-10-07T18:07:48.3131233+09:00 cpu=94 busy=
2026-10-07T18:07:58.3845853+09:00 cpu=97 busy=
2026-10-07T18:08:08.5866854+09:00 cpu=94 busy=
2026-10-07T18:08:18.7621856+09:00 cpu=96 busy=
2026-10-07T18:08:28.9677933+09:00 cpu=96 busy=
2026-10-07T18:08:39.1551042+09:00 cpu=95 busy=
2026-10-07T18:08:49.3383247+09:00 cpu=94 busy=
2026-10-07T18:09:02.2728968+09:00 cpu=100 busy=
2026-10-07T18:09:14.4712899+09:00 cpu=100 busy=
2026-10-07T18:09:24.7150977+09:00 cpu=94 busy=
2026-10-07T18:09:34.9145215+09:00 cpu=95 busy=
2026-10-07T18:09:45.1155767+09:00 cpu=93 busy=
2026-10-07T18:09:55.2721698+09:00 cpu=96 busy=
2026-10-07T18:10:05.5410289+09:00 cpu=94 busy=
2026-10-07T18:10:15.7660650+09:00 cpu=94 busy=
2026-10-07T18:10:25.9024693+09:00 cpu=93 busy=
2026-10-07T18:10:37.2051292+09:00 cpu=100 busy=
2026-10-07T18:10:48.8860014+09:00 cpu=100 busy=
2026-10-07T18:11:00.4521994+09:00 cpu=97 busy=
2026-10-07T18:11:10.6793189+09:00 cpu=96 busy=
2026-10-07T18:11:20.8848612+09:00 cpu=95 busy=
2026-10-07T18:11:31.1435765+09:00 cpu=95 busy=
2026-10-07T18:11:41.3482117+09:00 cpu=93 busy=
2026-10-07T18:11:51.6469034+09:00 cpu=95 busy=
2026-10-07T18:12:01.7430569+09:00 cpu=95 busy=
2026-10-07T18:12:11.9097465+09:00 cpu=95 busy=
2026-10-07T18:12:23.4068681+09:00 cpu=100 busy=
2026-10-07T18:12:34.9453231+09:00 cpu=100 busy=
2026-10-07T18:12:45.1509164+09:00 cpu=95 busy=
2026-10-07T18:12:55.2619198+09:00 cpu=96 busy=
2026-10-07T18:13:05.3998763+09:00 cpu=98 busy=
2026-10-07T18:13:15.4882756+09:00 cpu=97 busy=
2026-10-07T18:13:25.6493041+09:00 cpu=96 busy=
2026-10-07T18:13:35.7340105+09:00 cpu=97 busy=
2026-10-07T18:13:46.0340052+09:00 cpu=96 busy=
2026-10-07T18:13:56.1679786+09:00 cpu=93 busy=
2026-10-07T18:14:06.2947147+09:00 cpu=94 busy=
2026-10-07T18:14:18.4652337+09:00 cpu=100 busy=
2026-10-07T18:14:30.4742450+09:00 cpu=100 busy=
2026-10-07T18:14:42.4007385+09:00 cpu=100 busy=
2026-10-07T18:14:53.5556281+09:00 cpu=100 busy=
2026-10-07T18:15:03.6906080+09:00 cpu=89 busy=
2026-10-07T18:15:13.7954876+09:00 cpu=91 busy=
2026-10-07T18:15:23.8817516+09:00 cpu=88 busy=
2026-10-07T18:15:33.9776394+09:00 cpu=90 busy=
2026-10-07T18:15:44.1087990+09:00 cpu=93 busy=
2026-10-07T18:15:54.1976797+09:00 cpu=93 busy=
2026-10-07T18:16:04.3005943+09:00 cpu=91 busy=
2026-10-07T18:16:14.4018914+09:00 cpu=89 busy=
2026-10-07T18:16:24.4781103+09:00 cpu=90 busy=
2026-10-07T18:16:34.5677993+09:00 cpu=92 busy=
2026-10-07T18:16:44.6362315+09:00 cpu=89 busy=
2026-10-07T18:16:54.7460810+09:00 cpu=92 busy=
2026-10-07T18:17:04.8172618+09:00 cpu=90 busy=
2026-10-07T18:17:14.8663937+09:00 cpu=90 busy=
2026-10-07T18:17:24.9291109+09:00 cpu=88 busy=
2026-10-07T18:17:34.9912952+09:00 cpu=90 busy=
2026-10-07T18:17:45.6159769+09:00 cpu=93 busy=
2026-10-07T18:17:57.0300026+09:00 cpu=100 busy=
2026-10-07T18:18:09.1674028+09:00 cpu=100 busy=
2026-10-07T18:18:19.2996123+09:00 cpu=89 busy=
2026-10-07T18:18:29.4364777+09:00 cpu=89 busy=
2026-10-07T18:18:39.5251113+09:00 cpu=98 busy=
2026-10-07T18:18:49.6635554+09:00 cpu=90 busy=
2026-10-07T18:18:59.7543120+09:00 cpu=97 busy=
2026-10-07T18:19:09.8083354+09:00 cpu=92 busy=
2026-10-07T18:19:19.9621864+09:00 cpu=93 busy=
2026-10-07T18:19:30.0538849+09:00 cpu=89 busy=
2026-10-07T18:19:40.1683841+09:00 cpu=90 busy=
2026-10-07T18:19:50.2270569+09:00 cpu=94 busy=
2026-10-07T18:20:00.3257431+09:00 cpu=95 busy=
2026-10-07T18:20:10.4324258+09:00 cpu=91 busy=
2026-10-07T18:20:20.5462041+09:00 cpu=94 busy=
2026-10-07T18:20:30.6661462+09:00 cpu=94 busy=
2026-10-07T18:20:40.7601585+09:00 cpu=93 busy=
2026-10-07T18:20:50.9385287+09:00 cpu=92 busy=
2026-10-07T18:21:01.0224022+09:00 cpu=90 busy=
2026-10-07T18:21:11.3840044+09:00 cpu=100 busy=
2026-10-07T18:21:23.0950432+09:00 cpu=100 busy=
2026-10-07T18:21:34.7631037+09:00 cpu=100 busy=
2026-10-07T18:21:46.9360624+09:00 cpu=100 busy=
2026-10-07T18:21:57.0774363+09:00 cpu=89 busy=
2026-10-07T18:22:07.1559265+09:00 cpu=89 busy=
2026-10-07T18:22:17.1967165+09:00 cpu=90 busy=
2026-10-07T18:22:27.2919182+09:00 cpu=90 busy=
2026-10-07T18:22:37.3615807+09:00 cpu=95 busy=
2026-10-07T18:22:47.4758240+09:00 cpu=90 busy=
2026-10-07T18:22:57.5652928+09:00 cpu=90 busy=
2026-10-07T18:23:07.6958809+09:00 cpu=92 busy=
2026-10-07T18:23:17.7660714+09:00 cpu=90 busy=
2026-10-07T18:23:27.9415513+09:00 cpu=91 busy=
2026-10-07T18:23:38.0026816+09:00 cpu=92 busy=
2026-10-07T18:23:48.1012766+09:00 cpu=91 busy=
2026-10-07T18:23:58.1708622+09:00 cpu=91 busy=
2026-10-07T18:24:08.2260942+09:00 cpu=93 busy=
2026-10-07T18:24:18.2784648+09:00 cpu=90 busy=
2026-10-07T18:24:28.3635888+09:00 cpu=90 busy=
2026-10-07T18:24:38.4291487+09:00 cpu=90 busy=
2026-10-07T18:24:49.8608324+09:00 cpu=100 busy=
2026-10-07T18:25:01.1646360+09:00 cpu=100 busy=
2026-10-07T18:25:11.3421163+09:00 cpu=88 busy=
2026-10-07T18:25:21.4351356+09:00 cpu=91 busy=
2026-10-07T18:25:31.5845561+09:00 cpu=89 busy=
2026-10-07T18:25:41.6978674+09:00 cpu=91 busy=
2026-10-07T18:25:51.7951715+09:00 cpu=88 busy=
2026-10-07T18:26:01.8926415+09:00 cpu=92 busy=
2026-10-07T18:26:11.9656321+09:00 cpu=94 busy=
2026-10-07T18:26:22.0403954+09:00 cpu=92 busy=
2026-10-07T18:26:32.1117043+09:00 cpu=93 busy=
2026-10-07T18:26:42.1865178+09:00 cpu=89 busy=
2026-10-07T18:26:52.2878468+09:00 cpu=92 busy=
2026-10-07T18:27:02.4060250+09:00 cpu=94 busy=
2026-10-07T18:27:12.5108680+09:00 cpu=91 busy=
2026-10-07T18:27:22.5693018+09:00 cpu=88 busy=
2026-10-07T18:27:32.6885449+09:00 cpu=88 busy=
2026-10-07T18:27:42.7355927+09:00 cpu=89 busy=
2026-10-07T18:27:54.4018823+09:00 cpu=100 busy=
2026-10-07T18:28:06.5965242+09:00 cpu=100 busy=
2026-10-07T18:28:20.2534396+09:00 cpu=100 busy=
2026-10-07T18:28:33.4331278+09:00 cpu=100 busy=
2026-10-07T18:28:46.8406195+09:00 cpu=100 busy=
2026-10-07T18:28:59.5789682+09:00 cpu=100 busy=
2026-10-07T18:29:11.5328043+09:00 cpu=100 busy=
2026-10-07T18:29:25.8302851+09:00 cpu=100 busy=
2026-10-07T18:29:38.7225085+09:00 cpu=100 busy=
2026-10-07T18:29:51.5471513+09:00 cpu=100 busy=
2026-10-07T18:30:01.6604814+09:00 cpu=91 busy=
2026-10-07T18:30:11.7629768+09:00 cpu=91 busy=
2026-10-07T18:30:21.8443275+09:00 cpu=90 busy=
2026-10-07T18:30:31.8858553+09:00 cpu=90 busy=
2026-10-07T18:30:41.9401574+09:00 cpu=95 busy=
2026-10-07T18:30:52.0589176+09:00 cpu=95 busy=
2026-10-07T18:31:02.1751659+09:00 cpu=91 busy=
2026-10-07T18:31:12.3253658+09:00 cpu=91 busy=
2026-10-07T18:31:22.4386675+09:00 cpu=93 busy=
2026-10-07T18:31:32.4970334+09:00 cpu=91 busy=
2026-10-07T18:31:42.6090081+09:00 cpu=92 busy=
2026-10-07T18:31:52.6745824+09:00 cpu=96 busy=
2026-10-07T18:32:02.7812968+09:00 cpu=91 busy=
2026-10-07T18:32:12.8933603+09:00 cpu=96 busy=
2026-10-07T18:32:22.9837476+09:00 cpu=94 busy=
2026-10-07T18:32:33.0799572+09:00 cpu=92 busy=
2026-10-07T18:32:43.2553187+09:00 cpu=93 busy=
2026-10-07T18:32:54.8084774+09:00 cpu=100 busy=
2026-10-07T18:33:05.5485158+09:00 cpu=100 busy=
2026-10-07T18:33:17.8884925+09:00 cpu=100 busy=
2026-10-07T18:33:29.4380058+09:00 cpu=100 busy=
2026-10-07T18:33:39.9046914+09:00 cpu=100 busy=
2026-10-07T18:33:52.0760599+09:00 cpu=100 busy=
2026-10-07T18:34:05.2598611+09:00 cpu=100 busy=
2026-10-07T18:34:19.0458986+09:00 cpu=100 busy=
2026-10-07T18:34:29.1797372+09:00 cpu=97 busy=
2026-10-07T18:34:39.3185350+09:00 cpu=92 busy=
2026-10-07T18:34:49.4583222+09:00 cpu=92 busy=
2026-10-07T18:34:59.5582105+09:00 cpu=91 busy=
2026-10-07T18:35:09.6446223+09:00 cpu=98 busy=
2026-10-07T18:35:19.7630815+09:00 cpu=91 busy=
2026-10-07T18:35:29.9292029+09:00 cpu=95 busy=
2026-10-07T18:35:40.0132675+09:00 cpu=97 busy=
2026-10-07T18:35:50.1182450+09:00 cpu=89 busy=
2026-10-07T18:36:00.2095443+09:00 cpu=98 busy=
2026-10-07T18:36:10.3023714+09:00 cpu=96 busy=
2026-10-07T18:36:20.4142254+09:00 cpu=93 busy=
2026-10-07T18:36:30.5116909+09:00 cpu=94 busy=
2026-10-07T18:36:40.6768307+09:00 cpu=93 busy=
2026-10-07T18:36:50.7696851+09:00 cpu=94 busy=
2026-10-07T18:37:00.9080081+09:00 cpu=92 busy=
2026-10-07T18:37:10.9834723+09:00 cpu=93 busy=
2026-10-07T18:37:21.4912021+09:00 cpu=97 busy=
2026-10-07T18:37:33.1769752+09:00 cpu=100 busy=
2026-10-07T18:37:47.1455431+09:00 cpu=100 busy=
2026-10-07T18:38:01.5634261+09:00 cpu=100 busy=
2026-10-07T18:38:13.0982994+09:00 cpu=100 busy=
2026-10-07T18:38:24.9567346+09:00 cpu=100 busy=
2026-10-07T18:38:38.7268199+09:00 cpu=100 busy=
2026-10-07T18:38:51.9751963+09:00 cpu=100 busy=
2026-10-07T18:39:02.0536632+09:00 cpu=31 busy=
2026-10-07T18:39:15.9589284+09:00 cpu=100 busy=
2026-10-07T18:39:29.3228888+09:00 cpu=99 busy=
2026-10-07T18:39:39.4390545+09:00 cpu=91 busy=
2026-10-07T18:39:49.5732536+09:00 cpu=92 busy=
2026-10-07T18:39:59.6615314+09:00 cpu=94 busy=
2026-10-07T18:40:09.8186781+09:00 cpu=90 busy=
2026-10-07T18:40:19.8995684+09:00 cpu=90 busy=
2026-10-07T18:40:29.9877071+09:00 cpu=92 busy=
2026-10-07T18:40:40.0926164+09:00 cpu=95 busy=
2026-10-07T18:40:50.1875392+09:00 cpu=95 busy=
2026-10-07T18:41:00.8019085+09:00 cpu=100 busy=
2026-10-07T18:41:13.7526876+09:00 cpu=100 busy=
2026-10-07T18:41:23.9435431+09:00 cpu=99 busy=
2026-10-07T18:41:34.0862276+09:00 cpu=93 busy=
2026-10-07T18:41:44.1840117+09:00 cpu=88 busy=
2026-10-07T18:41:54.2562427+09:00 cpu=90 busy=
2026-10-07T18:42:04.3699951+09:00 cpu=90 busy=
2026-10-07T18:42:14.4958974+09:00 cpu=98 busy=
2026-10-07T18:42:24.5903710+09:00 cpu=92 busy=
2026-10-07T18:42:34.7162755+09:00 cpu=91 busy=
2026-10-07T18:42:44.7985746+09:00 cpu=90 busy=
2026-10-07T18:42:56.7977719+09:00 cpu=100 busy=
2026-10-07T18:43:09.4770003+09:00 cpu=100 busy=
2026-10-07T18:43:19.6810841+09:00 cpu=91 busy=
2026-10-07T18:43:31.1963867+09:00 cpu=100 busy=
2026-10-07T18:43:42.5754401+09:00 cpu=100 busy=
2026-10-07T18:43:53.4925768+09:00 cpu=100 busy=
2026-10-07T18:44:03.6330718+09:00 cpu=100 busy=
2026-10-07T18:44:14.4469843+09:00 cpu=100 busy=
2026-10-07T18:44:25.5757831+09:00 cpu=100 busy=
2026-10-07T18:44:37.9346429+09:00 cpu=100 busy=
2026-10-07T18:44:49.8495010+09:00 cpu=43 busy=
2026-10-07T18:44:59.9706289+09:00 cpu=85 busy=
2026-10-07T18:45:10.2576502+09:00 cpu=88 busy=
2026-10-07T18:45:20.3946452+09:00 cpu=85 busy=
2026-10-07T18:45:30.7973858+09:00 cpu=86 busy=
2026-10-07T18:45:40.9763741+09:00 cpu=95 busy=
2026-10-07T18:45:51.0052965+09:00 cpu=16 busy=
2026-10-07T18:46:01.0332396+09:00 cpu=13 busy=
2026-10-07T18:46:11.0594519+09:00 cpu=17 busy=
2026-10-07T18:46:21.0963195+09:00 cpu=17 busy=
2026-10-07T18:46:31.1365687+09:00 cpu=22 busy=
2026-10-07T18:46:41.1549122+09:00 cpu=17 busy=
2026-10-07T18:46:51.1776890+09:00 cpu=17 busy=
2026-10-07T18:47:01.2028673+09:00 cpu=16 busy=
2026-10-07T18:47:11.2446333+09:00 cpu=24 busy=cargo,rustc
2026-10-07T18:47:21.2876462+09:00 cpu=35 busy=cargo,rustc
2026-10-07T18:47:31.3212113+09:00 cpu=30 busy=cargo,rustc
2026-10-07T18:47:41.5965820+09:00 cpu=97 busy=cargo,rustc
2026-10-07T18:47:52.5658595+09:00 cpu=73 busy=cargo,rustc
2026-10-07T18:48:02.5953437+09:00 cpu=39 busy=cargo,rustc
2026-10-07T18:48:12.6227061+09:00 cpu=35 busy=cargo,rustc
2026-10-07T18:48:22.6678544+09:00 cpu=24 busy=cargo,rustc
2026-10-07T18:48:32.7081840+09:00 cpu=30 busy=cargo,rustc
2026-10-07T18:48:42.7387914+09:00 cpu=37 busy=cargo,rustc
2026-10-07T18:48:52.7711743+09:00 cpu=26 busy=
2026-10-07T18:49:03.6146142+09:00 cpu=100 busy=
2026-10-07T18:49:15.8764587+09:00 cpu=100 busy=
2026-10-07T18:49:27.9089384+09:00 cpu=100 busy=
2026-10-07T18:49:39.6126675+09:00 cpu=100 busy=
2026-10-07T18:49:49.9067089+09:00 cpu=100 busy=
2026-10-07T18:50:01.6621978+09:00 cpu=100 busy=
2026-10-07T18:50:12.1446026+09:00 cpu=100 busy=
2026-10-07T18:50:25.7620150+09:00 cpu=100 busy=
2026-10-07T18:50:39.3006146+09:00 cpu=100 busy=
2026-10-07T18:50:54.3283221+09:00 cpu=100 busy=
2026-10-07T18:51:08.4582519+09:00 cpu=100 busy=
2026-10-07T18:51:19.6068936+09:00 cpu=100 busy=
2026-10-07T18:51:34.2963947+09:00 cpu=100 busy=
2026-10-07T18:51:45.6161597+09:00 cpu=100 busy=
2026-10-07T18:51:56.2785721+09:00 cpu=100 busy=
2026-10-07T18:52:08.3571689+09:00 cpu=100 busy=
2026-10-07T18:52:20.0602067+09:00 cpu=100 busy=
2026-10-07T18:52:31.8771928+09:00 cpu=100 busy=
2026-10-07T18:52:42.1937999+09:00 cpu=100 busy=
2026-10-07T18:52:53.9792346+09:00 cpu=100 busy=
2026-10-07T18:53:05.0041161+09:00 cpu=100 busy=
2026-10-07T18:53:17.7285932+09:00 cpu=100 busy=
2026-10-07T18:53:31.1940405+09:00 cpu=100 busy=
2026-10-07T18:53:44.3418128+09:00 cpu=100 busy=
2026-10-07T18:53:56.5990362+09:00 cpu=100 busy=
2026-10-07T18:54:08.3975278+09:00 cpu=97 busy=
2026-10-07T18:54:21.8017316+09:00 cpu=100 busy=
2026-10-07T18:54:35.7669322+09:00 cpu=100 busy=
2026-10-07T18:54:48.6943819+09:00 cpu=100 busy=
2026-10-07T18:55:02.1332265+09:00 cpu=100 busy=
2026-10-07T18:55:13.3739539+09:00 cpu=84 busy=
2026-10-07T18:55:26.9669233+09:00 cpu=100 busy=
2026-10-07T18:55:41.2194927+09:00 cpu=100 busy=
2026-10-07T18:55:53.1733461+09:00 cpu=80 busy=
2026-10-07T18:56:03.8497377+09:00 cpu=75 busy=
2026-10-07T18:56:15.2673200+09:00 cpu=100 busy=
2026-10-07T18:56:26.4858952+09:00 cpu=100 busy=
2026-10-07T18:56:38.1379510+09:00 cpu=100 busy=
2026-10-07T18:56:51.9612518+09:00 cpu=100 busy=
2026-10-07T18:57:06.4473633+09:00 cpu=100 busy=
2026-10-07T18:57:20.8419023+09:00 cpu=100 busy=
2026-10-07T18:57:35.4754873+09:00 cpu=100 busy=
2026-10-07T18:57:50.8896047+09:00 cpu=100 busy=
2026-10-07T18:58:02.3873054+09:00 cpu=100 busy=
2026-10-07T18:58:14.1184464+09:00 cpu=100 busy=
2026-10-07T18:58:24.6378734+09:00 cpu=100 busy=
2026-10-07T18:58:36.1340796+09:00 cpu=100 busy=
2026-10-07T18:58:48.1259740+09:00 cpu=100 busy=
2026-10-07T18:58:58.5077415+09:00 cpu=100 busy=
2026-10-07T18:59:11.5335612+09:00 cpu=100 busy=
2026-10-07T18:59:26.0845941+09:00 cpu=100 busy=
2026-10-07T18:59:38.9620602+09:00 cpu=86 busy=
2026-10-07T18:59:54.8298444+09:00 cpu=100 busy=
2026-10-07T19:00:04.9266218+09:00 cpu=42 busy=
2026-10-07T19:00:15.0147312+09:00 cpu=69 busy=
2026-10-07T19:00:25.0570546+09:00 cpu=40 busy=
2026-10-07T19:00:38.3502393+09:00 cpu=100 busy=
2026-10-07T19:00:51.3795997+09:00 cpu=100 busy=
2026-10-07T19:01:03.0756244+09:00 cpu=100 busy=
2026-10-07T19:01:13.8211698+09:00 cpu=100 busy=
2026-10-07T19:01:28.1348192+09:00 cpu=100 busy=
2026-10-07T19:01:43.1946188+09:00 cpu=100 busy=
2026-10-07T19:02:02.3188797+09:00 cpu=100 busy=
2026-10-07T19:02:14.4727616+09:00 cpu=96 busy=
2026-10-07T19:02:29.4451003+09:00 cpu=100 busy=
2026-10-07T19:02:48.1981077+09:00 cpu=100 busy=
2026-10-07T19:03:05.5857296+09:00 cpu=100 busy=
2026-10-07T19:03:22.8109102+09:00 cpu=100 busy=
2026-10-07T19:03:34.0774225+09:00 cpu=100 busy=
2026-10-07T19:03:53.0859482+09:00 cpu=100 busy=
2026-10-07T19:04:06.7575450+09:00 cpu=100 busy=
2026-10-07T19:04:17.4711973+09:00 cpu=100 busy=
2026-10-07T19:04:36.8952769+09:00 cpu=100 busy=
2026-10-07T19:04:47.0942745+09:00 cpu=56 busy=
2026-10-07T19:04:57.1321300+09:00 cpu=44 busy=
2026-10-07T19:05:07.1700754+09:00 cpu=46 busy=
2026-10-07T19:05:17.1999645+09:00 cpu=26 busy=
2026-10-07T19:05:27.2351791+09:00 cpu=21 busy=
2026-10-07T19:05:37.2739469+09:00 cpu=22 busy=
2026-10-07T19:05:47.3110726+09:00 cpu=20 busy=
2026-10-07T19:05:57.3397845+09:00 cpu=17 busy=
2026-10-07T19:06:07.3751914+09:00 cpu=18 busy=
2026-10-07T19:06:17.4113519+09:00 cpu=14 busy=
2026-10-07T19:06:27.4490300+09:00 cpu=19 busy=
2026-10-07T19:06:37.4768584+09:00 cpu=15 busy=
2026-10-07T19:06:47.8783451+09:00 cpu=51 busy=
2026-10-07T19:06:57.9189952+09:00 cpu=29 busy=
2026-10-07T19:07:07.9495051+09:00 cpu=23 busy=
2026-10-07T19:07:18.2541748+09:00 cpu=91 busy=
2026-10-07T19:07:30.2641633+09:00 cpu=100 busy=
2026-10-07T19:07:42.3723714+09:00 cpu=100 busy=
2026-10-07T19:07:55.0129122+09:00 cpu=100 busy=
2026-10-07T19:08:06.7640897+09:00 cpu=100 busy=
2026-10-07T19:08:17.7624638+09:00 cpu=100 busy=
2026-10-07T19:08:27.8496753+09:00 cpu=32 busy=
2026-10-07T19:08:37.9038999+09:00 cpu=92 busy=
2026-10-07T19:08:47.9527815+09:00 cpu=95 busy=
2026-10-07T19:08:59.6189483+09:00 cpu=100 busy=
2026-10-07T19:09:12.5185318+09:00 cpu=100 busy=
2026-10-07T19:09:24.1264901+09:00 cpu=100 busy=
2026-10-07T19:09:36.4666119+09:00 cpu=100 busy=
2026-10-07T19:09:48.0941569+09:00 cpu=100 busy=
2026-10-07T19:09:59.7461801+09:00 cpu=100 busy=
2026-10-07T19:10:10.3017402+09:00 cpu=89 busy=
2026-10-07T19:10:20.3309703+09:00 cpu=23 busy=
2026-10-07T19:10:32.2399287+09:00 cpu=100 busy=
2026-10-07T19:10:45.9296783+09:00 cpu=100 busy=
2026-10-07T19:11:00.7379425+09:00 cpu=100 busy=cargo
2026-10-07T19:11:15.9879607+09:00 cpu=100 busy=
2026-10-07T19:11:29.1873626+09:00 cpu=100 busy=cargo,cargo
2026-10-07T19:11:44.0317243+09:00 cpu=100 busy=cargo,cargo
2026-10-07T19:11:59.2799579+09:00 cpu=100 busy=
2026-10-07T19:12:17.6143891+09:00 cpu=100 busy=cargo,cargo
2026-10-07T19:12:37.0800499+09:00 cpu=100 busy=cargo,cargo
2026-10-07T19:12:52.4305222+09:00 cpu=100 busy=
2026-10-07T19:13:09.0546262+09:00 cpu=100 busy=
2026-10-07T19:13:21.8122160+09:00 cpu=100 busy=
2026-10-07T19:13:40.5772916+09:00 cpu=100 busy=cargo
2026-10-07T19:13:59.4629441+09:00 cpu=100 busy=cargo,cargo
2026-10-07T19:14:17.8382070+09:00 cpu=100 busy=cargo,cargo
2026-10-07T19:14:35.3363863+09:00 cpu=100 busy=cargo,cargo
2026-10-07T19:14:47.0667887+09:00 cpu=100 busy=cargo,cargo
2026-10-07T19:15:02.5895234+09:00 cpu=100 busy=
2026-10-07T19:15:17.3111871+09:00 cpu=100 busy=
2026-10-07T19:15:27.8219491+09:00 cpu=100 busy=cargo,rustc
2026-10-07T19:15:41.8270098+09:00 cpu=100 busy=cargo,rustc
2026-10-07T19:15:52.4750600+09:00 cpu=100 busy=cargo,rustc
2026-10-07T19:16:05.1397613+09:00 cpu=100 busy=cargo,rustc
2026-10-07T19:16:22.6341177+09:00 cpu=100 busy=cargo,rustc
2026-10-07T19:16:38.9889921+09:00 cpu=100 busy=cargo,rustc
2026-10-07T19:16:55.4611112+09:00 cpu=100 busy=cargo,rustc
2026-10-07T19:17:05.9408847+09:00 cpu=100 busy=cargo,rustc
2026-10-07T19:17:23.6885857+09:00 cpu=100 busy=cargo,rustc
2026-10-07T19:17:39.9187397+09:00 cpu=100 busy=cargo,rustc
2026-10-07T19:17:51.1897798+09:00 cpu=100 busy=cargo,rustc
2026-10-07T19:18:07.6800222+09:00 cpu=100 busy=cargo,rustc
2026-10-07T19:18:24.3845435+09:00 cpu=100 busy=cargo,rustc
2026-10-07T19:18:39.6753846+09:00 cpu=100 busy=cargo,rustc
2026-10-07T19:18:51.4330851+09:00 cpu=100 busy=cargo,rustc
2026-10-07T19:19:06.6927414+09:00 cpu=100 busy=cargo,rustc
2026-10-07T19:19:26.9666762+09:00 cpu=100 busy=cargo,rustc
2026-10-07T19:19:46.5890920+09:00 cpu=100 busy=cargo,rustc
2026-10-07T19:20:05.1470647+09:00 cpu=100 busy=cargo,rustc
2026-10-07T19:20:19.3183949+09:00 cpu=100 busy=cargo,rustc
2026-10-07T19:20:34.3519851+09:00 cpu=100 busy=cargo,rustc
2026-10-07T19:20:52.6773513+09:00 cpu=100 busy=cargo,rustc
2026-10-07T19:21:12.1655075+09:00 cpu=100 busy=cargo,rustc
2026-10-07T19:21:27.4817488+09:00 cpu=100 busy=cargo,rustc
2026-10-07T19:21:37.5542138+09:00 cpu=90 busy=cargo,rustc
2026-10-07T19:21:47.7254681+09:00 cpu=96 busy=cargo,rustc
2026-10-07T19:21:57.8530043+09:00 cpu=93 busy=cargo,rustc
2026-10-07T19:22:08.5379202+09:00 cpu=100 busy=cargo,rustc
2026-10-07T19:22:18.6982746+09:00 cpu=90 busy=cargo,rustc
2026-10-07T19:22:32.4209232+09:00 cpu=100 busy=cargo,rustc
2026-10-07T19:22:42.5191535+09:00 cpu=19 busy=cargo,rustc
2026-10-07T19:22:52.5454590+09:00 cpu=26 busy=cargo,rustc
2026-10-07T19:23:02.5873741+09:00 cpu=99 busy=cargo,rustc
2026-10-07T19:23:12.6185680+09:00 cpu=22 busy=cargo,rustc
2026-10-07T19:23:22.6503660+09:00 cpu=23 busy=cargo,rustc
2026-10-07T19:23:32.6903074+09:00 cpu=22 busy=cargo,rustc
2026-10-07T19:23:42.7112811+09:00 cpu=22 busy=cargo,rustc
2026-10-07T19:23:52.7317456+09:00 cpu=23 busy=cargo,rustc
2026-10-07T19:24:02.7651139+09:00 cpu=26 busy=cargo,rustc
2026-10-07T19:24:12.7933541+09:00 cpu=30 busy=cargo
2026-10-07T19:24:22.8159686+09:00 cpu=17 busy=
2026-10-07T19:24:32.8513012+09:00 cpu=13 busy=
2026-10-07T19:24:42.8941500+09:00 cpu=24 busy=cargo,rustc
2026-10-07T19:24:52.9283782+09:00 cpu=21 busy=cargo,rustc
2026-10-07T19:25:02.9571731+09:00 cpu=20 busy=cargo,rustc
2026-10-07T19:25:12.9933021+09:00 cpu=23 busy=cargo,rustc
2026-10-07T19:25:23.0426753+09:00 cpu=70 busy=cargo,rustc,rustc
2026-10-07T19:25:33.0875092+09:00 cpu=19 busy=cargo,rustc
2026-10-07T19:25:43.1138345+09:00 cpu=17 busy=
2026-10-07T19:25:54.9383506+09:00 cpu=100 busy=
2026-10-07T19:26:07.9655084+09:00 cpu=100 busy=
2026-10-07T19:26:19.5264809+09:00 cpu=100 busy=
2026-10-07T19:26:32.3077603+09:00 cpu=100 busy=
2026-10-07T19:26:44.9004608+09:00 cpu=100 busy=
2026-10-07T19:26:56.2249243+09:00 cpu=98 busy=
2026-10-07T19:27:08.3204067+09:00 cpu=100 busy=
2026-10-07T19:27:18.6409985+09:00 cpu=100 busy=
2026-10-07T19:27:35.1958542+09:00 cpu=100 busy=
2026-10-07T19:27:50.5960020+09:00 cpu=100 busy=
2026-10-07T19:28:07.2831538+09:00 cpu=100 busy=
2026-10-07T19:28:22.4357795+09:00 cpu=100 busy=
2026-10-07T19:28:35.7021642+09:00 cpu=91 busy=
2026-10-07T19:28:49.2838931+09:00 cpu=100 busy=
2026-10-07T19:29:00.6312865+09:00 cpu=100 busy=
2026-10-07T19:29:13.1342759+09:00 cpu=100 busy=
2026-10-07T19:29:26.0759537+09:00 cpu=100 busy=
2026-10-07T19:29:36.1634274+09:00 cpu=96 busy=
2026-10-07T19:29:46.3167356+09:00 cpu=93 busy=
2026-10-07T19:29:57.0282186+09:00 cpu=95 busy=
2026-10-07T19:30:07.1819913+09:00 cpu=90 busy=
2026-10-07T19:30:17.4534689+09:00 cpu=96 busy=
2026-10-07T19:30:28.2793345+09:00 cpu=92 busy=
2026-10-07T19:30:38.7044281+09:00 cpu=80 busy=
2026-10-07T19:30:51.4161609+09:00 cpu=100 busy=
2026-10-07T19:31:03.9842246+09:00 cpu=100 busy=
2026-10-07T19:31:17.6678709+09:00 cpu=100 busy=
2026-10-07T19:31:31.1691724+09:00 cpu=100 busy=
2026-10-07T19:31:41.3272064+09:00 cpu=100 busy=
2026-10-07T19:31:58.1520403+09:00 cpu=100 busy=
2026-10-07T19:32:08.9026049+09:00 cpu=89 busy=
2026-10-07T19:32:26.0164533+09:00 cpu=100 busy=
2026-10-07T19:32:41.0094233+09:00 cpu=100 busy=
2026-10-07T19:32:55.6855768+09:00 cpu=100 busy=
2026-10-07T19:33:10.3672180+09:00 cpu=100 busy=
2026-10-07T19:33:23.9963634+09:00 cpu=100 busy=
2026-10-07T19:33:38.7275000+09:00 cpu=100 busy=
2026-10-07T19:33:50.8453183+09:00 cpu=100 busy=
2026-10-07T19:34:06.1860494+09:00 cpu=100 busy=
2026-10-07T19:34:17.9530056+09:00 cpu=32 busy=
2026-10-07T19:34:27.9859229+09:00 cpu=92 busy=
2026-10-07T19:34:38.0777682+09:00 cpu=92 busy=
2026-10-07T19:34:48.2469997+09:00 cpu=90 busy=
2026-10-07T19:34:58.4308479+09:00 cpu=94 busy=
2026-10-07T19:35:08.7832330+09:00 cpu=91 busy=
2026-10-07T19:35:18.8174880+09:00 cpu=18 busy=
2026-10-07T19:35:30.9779293+09:00 cpu=94 busy=
2026-10-07T19:35:41.0799125+09:00 cpu=94 busy=
2026-10-07T19:35:53.6709266+09:00 cpu=97 busy=
2026-10-07T19:36:03.8302356+09:00 cpu=92 busy=
2026-10-07T19:36:15.8754923+09:00 cpu=98 busy=
2026-10-07T19:36:25.9518693+09:00 cpu=90 busy=
2026-10-07T19:36:37.1968898+09:00 cpu=99 busy=
2026-10-07T19:36:47.3696637+09:00 cpu=91 busy=
2026-10-07T19:36:57.4697188+09:00 cpu=91 busy=
2026-10-07T19:37:09.2573699+09:00 cpu=100 busy=
2026-10-07T19:37:19.4136123+09:00 cpu=90 busy=
2026-10-07T19:37:31.2125241+09:00 cpu=100 busy=
2026-10-07T19:37:41.4331122+09:00 cpu=90 busy=
2026-10-07T19:37:52.2816175+09:00 cpu=100 busy=
2026-10-07T19:38:02.3381341+09:00 cpu=18 busy=
2026-10-07T19:38:12.3621015+09:00 cpu=53 busy=cargo,cargo
2026-10-07T19:38:22.3873013+09:00 cpu=41 busy=cargo,rustc,rustc
2026-10-07T19:38:33.6703986+09:00 cpu=100 busy=cargo,link,link,link,link,link,link,rustc,rustc,rustc,rustc,rustc,rustc,rustc,rustc,rustc,rustc,rustc,rustc,rustc,rustc
2026-10-07T19:38:43.7648646+09:00 cpu=38 busy=cargo,rustc
2026-10-07T19:38:54.0289752+09:00 cpu=100 busy=cargo
2026-10-07T19:39:04.0778423+09:00 cpu=44 busy=cargo
2026-10-07T19:39:14.1067285+09:00 cpu=36 busy=cargo
2026-10-07T19:39:24.1472027+09:00 cpu=21 busy=cargo
2026-10-07T19:39:34.1835104+09:00 cpu=30 busy=cargo
2026-10-07T19:39:44.2141324+09:00 cpu=21 busy=cargo
2026-10-07T19:39:54.2415202+09:00 cpu=25 busy=cargo
2026-10-07T19:40:04.2835740+09:00 cpu=36 busy=cargo
2026-10-07T19:40:14.3205232+09:00 cpu=26 busy=cargo
2026-10-07T19:40:24.3502606+09:00 cpu=25 busy=cargo
2026-10-07T19:40:34.3865678+09:00 cpu=42 busy=cargo
2026-10-07T19:40:44.4300395+09:00 cpu=25 busy=cargo
2026-10-07T19:40:54.4717208+09:00 cpu=29 busy=cargo
2026-10-07T19:41:04.5163836+09:00 cpu=38 busy=cargo
2026-10-07T19:41:14.5608428+09:00 cpu=21 busy=cargo
2026-10-07T19:41:24.6360009+09:00 cpu=98 busy=cargo
2026-10-07T19:41:34.7267207+09:00 cpu=24 busy=cargo
2026-10-07T19:41:44.7605547+09:00 cpu=20 busy=cargo
2026-10-07T19:41:54.7983048+09:00 cpu=16 busy=cargo
2026-10-07T19:42:04.8280706+09:00 cpu=21 busy=cargo
2026-10-07T19:42:14.8573710+09:00 cpu=19 busy=cargo
2026-10-07T19:42:24.8948060+09:00 cpu=20 busy=cargo
2026-10-07T19:42:34.9282568+09:00 cpu=22 busy=cargo
2026-10-07T19:42:45.9652585+09:00 cpu=100 busy=cargo
2026-10-07T19:42:56.0041364+09:00 cpu=32 busy=cargo
2026-10-07T19:43:06.0357174+09:00 cpu=27 busy=cargo
2026-10-07T19:43:16.0644931+09:00 cpu=23 busy=cargo
2026-10-07T19:43:26.4473205+09:00 cpu=48 busy=
2026-10-07T19:43:36.5084324+09:00 cpu=91 busy=cargo
2026-10-07T19:43:47.1142683+09:00 cpu=18 busy=cargo
2026-10-07T19:43:57.1521184+09:00 cpu=19 busy=
