Tree: 12 decisions, 22 terminals (0.001s)
Tables: 0.164s; model: 0.003s
L1: 5 leaves; 302 postflop decisions; 21696 slots; 347136 storage bytes
Checkpoint 0: NashConv 2.409382810353; held 2.409382810353; auxiliary 6.115251736220; auxiliary held 6.115251736220; gains [1.4074428209431984, 1.001939989410022]; held gains [1.4074428209431995, 1.0019399894100225]; auxiliary gains [3.242883205121959, 2.872368531097835]; auxiliary held gains [3.2428832051219585, 2.8723685310978357]; evaluation 24.825267s
Iteration 250: wall 24.648629s; reaches 0.000266; t2 0.000936; t3 0.000000; k4 0.000004; update 0.000115; board preparation 0.000532; postflop 0.177259; evaluation 24.469429
Checkpoint 250: NashConv 0.005534391656; held 0.003167845381; auxiliary 1.698818965650; auxiliary held 1.698397012471; gains [0.0027290124414988196, 0.0028053792149472234]; held gains [0.002210585100108464, 0.0009572602807079028]; auxiliary gains [0.7419490884008861, 0.9568698772492583]; auxiliary held gains [0.7419490884008859, 0.9564479240699558]; evaluation 24.469429s
Iteration 500: wall 24.621471s; reaches 0.000276; t2 0.001211; t3 0.000000; k4 0.000004; update 0.000137; board preparation 0.000524; postflop 0.163053; evaluation 24.456184
Checkpoint 500: NashConv 0.003715029590; held -0.000844450333; auxiliary 1.787240966254; auxiliary held 1.787064509314; gains [0.00152100943797992, 0.0021940201518146144]; held gains [0.0006604409252647971, -0.001504891258268047]; auxiliary gains [0.7709626174476734, 1.0162783488068015]; auxiliary held gains [0.7709626174476727, 1.0161018918667395]; evaluation 24.456184s
Iteration 750: wall 24.969897s; reaches 0.000282; t2 0.001486; t3 0.000000; k4 0.000005; update 0.000116; board preparation 0.000546; postflop 0.164386; evaluation 24.802984
Checkpoint 750: NashConv 0.002561262834; held -0.001608618042; auxiliary 1.813590761475; auxiliary held 1.813449650616; gains [0.001123826577317924, 0.0014374362569954877]; held gains [8.093396695153451e-5, -0.0016895520092671673]; auxiliary gains [0.7953293862062832, 1.01826137526879]; auxiliary held gains [0.7953293862062826, 1.0181202644100473]; evaluation 24.802984s
Iteration 1000: wall 24.910200s; reaches 0.000259; t2 0.001246; t3 0.000000; k4 0.000005; update 0.000113; board preparation 0.000683; postflop 0.167063; evaluation 24.740735
Checkpoint 1000: NashConv 0.002487658916; held -0.001776786922; auxiliary 1.871991356222; auxiliary held 1.871933951724; gains [0.0010152073535895922, 0.0014724515627127094]; held gains [4.0105814318416866e-5, -0.0018168927359429703]; auxiliary gains [0.8176650280581085, 1.0543263281638866]; auxiliary held gains [0.8176650280581086, 1.0542689236659855]; evaluation 24.740735s
Iteration 1250: wall 24.527246s; reaches 0.000253; t2 0.001083; t3 0.000000; k4 0.000004; update 0.000094; board preparation 0.000576; postflop 0.171855; evaluation 24.353287
Checkpoint 1250: NashConv 0.002777777569; held -0.001578767948; auxiliary 1.893260409949; auxiliary held 1.892982259227; gains [0.001270001992169159, 0.0015077755765900286]; held gains [0.0004211132449554629, -0.001999881192683576]; auxiliary gains [0.8251684097022558, 1.068092000247144]; auxiliary held gains [0.8251684097022565, 1.0678138495251026]; evaluation 24.353287s
Iteration 1500: wall 24.916872s; reaches 0.000288; t2 0.000912; t3 0.000000; k4 0.000004; update 0.000076; board preparation 0.000512; postflop 0.167773; evaluation 24.747226
Checkpoint 1500: NashConv 0.002283778067; held -0.002362385270; auxiliary 1.898116895858; auxiliary held 1.897956348292; gains [0.0008641713821380473, 0.0014196066851351469]; held gains [-0.00014146197059944354, -0.002220923299453465]; auxiliary gains [0.8239899728508153, 1.074126923007395]; auxiliary held gains [0.8239899728508153, 1.0739663754413766]; evaluation 24.747226s
Iteration 1750: wall 24.716185s; reaches 0.000360; t2 0.000934; t3 0.000000; k4 0.000003; update 0.000112; board preparation 0.000612; postflop 0.153510; evaluation 24.560573
Checkpoint 1750: NashConv 0.002943019363; held -0.001639589905; auxiliary 1.906352078872; auxiliary held 1.906066819542; gains [0.0013587750455510764, 0.0015842443170984294]; held gains [0.0004566524638439165, -0.0020962423684364115]; auxiliary gains [0.8280707345525643, 1.0782813443194366]; auxiliary held gains [0.8280707345525643, 1.0779960849895747]; evaluation 24.560573s
Iteration 2000: wall 24.763342s; reaches 0.000247; t2 0.001200; t3 0.000000; k4 0.000004; update 0.000128; board preparation 0.000573; postflop 0.155229; evaluation 24.605775
Checkpoint 2000: NashConv 0.002832537445; held -0.001973124608; auxiliary 1.909570519079; auxiliary held 1.909325040368; gains [0.0011981935915671704, 0.00163434385351887]; held gains [-8.852706697389662e-5, -0.0018845975410057211]; auxiliary gains [0.827899421499218, 1.0816710975794992]; auxiliary held gains [0.827899421499217, 1.081425618868753]; evaluation 24.605775s
Iterations: 2000; reached target: false; solve phases Timings { trunk: SolveTimings { reaches: 0.6055271999999994, t2: 2.4215122, t3: 0.00068899999999998, k4: 0.009416000000000002, update: 0.2376618000000001, evaluation: 221.56145980000002 }, board_preparation: 1.1946500000000004, postflop: 330.92714120000016, evaluation_board_preparation: 0.0437566 }
