Tree: 12 decisions, 22 terminals (0.001s)
Tables: 0.183s; model: 0.004s
L1: 5 leaves; 302 postflop decisions; 21696 slots; 347136 storage bytes
Checkpoint 0: NashConv 2.409382810353; held 2.409382810353; auxiliary 6.115251736220; auxiliary held 6.115251736220; gains [1.4074428209431984, 1.001939989410022]; held gains [1.4074428209431995, 1.0019399894100225]; auxiliary gains [3.242883205121959, 2.872368531097835]; auxiliary held gains [3.2428832051219585, 2.8723685310978357]; evaluation 25.677653s
Iteration 250: wall 25.813306s; reaches 0.000261; t2 0.001026; t3 0.000000; k4 0.000003; update 0.000101; board preparation 0.000489; postflop 0.179703; evaluation 25.631635
Checkpoint 250: NashConv 0.010632277627; held 0.009033879740; auxiliary 1.453790378881; auxiliary held 1.453509932613; gains [0.004060774322528063, 0.00657150330472446]; held gains [0.0034294227172573417, 0.0056044570231877505]; auxiliary gains [0.6033511566592256, 0.8504392222218438]; auxiliary held gains [0.603351156659225, 0.8501587759541466]; evaluation 25.631635s
Iteration 500: wall 25.567525s; reaches 0.000252; t2 0.001001; t3 0.000000; k4 0.000004; update 0.000075; board preparation 0.000527; postflop 0.173814; evaluation 25.391773
Checkpoint 500: NashConv 0.007680674964; held 0.005586651026; auxiliary 1.523686907230; auxiliary held 1.523316858424; gains [0.002711633366347707, 0.004969041597817983]; held gains [0.0020026712779677228, 0.0035839797482296737]; auxiliary gains [0.6464701954074288, 0.8772167118228031]; auxiliary held gains [0.646470195407429, 0.8768466630165763]; evaluation 25.391773s
Iteration 750: wall 25.909197s; reaches 0.000369; t2 0.001761; t3 0.000000; k4 0.000004; update 0.000098; board preparation 0.000682; postflop 0.189494; evaluation 25.716668
Checkpoint 750: NashConv 0.006936177193; held 0.004659646547; auxiliary 1.578923556760; auxiliary held 1.578460741470; gains [0.002343189089454481, 0.004592988103460753]; held gains [0.00145062255208327, 0.0032090239951296853]; auxiliary gains [0.6673715528397894, 0.9115520039201409]; auxiliary held gains [0.6673715528397897, 0.9110891886297978]; evaluation 25.716668s
Iteration 1000: wall 25.861716s; reaches 0.000254; t2 0.001351; t3 0.000000; k4 0.000004; update 0.000120; board preparation 0.000541; postflop 0.179919; evaluation 25.679419
Checkpoint 1000: NashConv 0.006377749836; held 0.003962375072; auxiliary 1.608128750373; auxiliary held 1.607641053807; gains [0.0021941036106541065, 0.004183646225362242]; held gains [0.0013679060635695475, 0.0025944690086072038]; auxiliary gains [0.675498572749447, 0.9326301776235204]; auxiliary held gains [0.6754985727494469, 0.9321424810571346]; evaluation 25.679419s
Iteration 1250: wall 25.498534s; reaches 0.000312; t2 0.001447; t3 0.000000; k4 0.000005; update 0.000137; board preparation 0.000716; postflop 0.180698; evaluation 25.315133
Checkpoint 1250: NashConv 0.005677704669; held 0.003183466149; auxiliary 1.621815103388; auxiliary held 1.621565163775; gains [0.0019906578616758347, 0.0036870468075621207]; held gains [0.0011458660851127352, 0.0020376000642323942]; auxiliary gains [0.6841749676702623, 0.9376401357173438]; auxiliary held gains [0.6841749676702622, 0.937390196104294]; evaluation 25.315133s
Iteration 1500: wall 26.107523s; reaches 0.000229; t2 0.001301; t3 0.000000; k4 0.000005; update 0.000080; board preparation 0.000578; postflop 0.179715; evaluation 25.925524
Checkpoint 1500: NashConv 0.005375858313; held 0.002563227804; auxiliary 1.642126505183; auxiliary held 1.641650883803; gains [0.0018878565099760339, 0.003488001802609164]; held gains [0.0009813576107803937, 0.0015818701929908967]; auxiliary gains [0.6934629364982561, 0.9486635686850539]; auxiliary held gains [0.6934629364982561, 0.9481879473047812]; evaluation 25.925524s
Iteration 1750: wall 26.869632s; reaches 0.000433; t2 0.001656; t3 0.000000; k4 0.000007; update 0.000111; board preparation 0.000976; postflop 0.199429; evaluation 26.666918
Checkpoint 1750: NashConv 0.005292683627; held 0.002607826196; auxiliary 1.655023618605; auxiliary held 1.654623924404; gains [0.001909504985515495, 0.0033831786414732987]; held gains [0.0009999312597625473, 0.0016078949363209777]; auxiliary gains [0.6962829165296378, 0.9587407020754367]; auxiliary held gains [0.6962829165296377, 0.9583410078741228]; evaluation 26.666918s
Iteration 2000: wall 24.898363s; reaches 0.000270; t2 0.001219; t3 0.000000; k4 0.000004; update 0.000111; board preparation 0.000538; postflop 0.173609; evaluation 24.722517
Checkpoint 2000: NashConv 0.005170676223; held 0.002548588175; auxiliary 1.661263128773; auxiliary held 1.660871152764; gains [0.0018997796517056936, 0.0032708965715019245]; held gains [0.001025452158508782, 0.0015231360164808666]; auxiliary gains [0.7014812778388284, 0.9597818509343928]; auxiliary held gains [0.7014812778388286, 0.9593898749249243]; evaluation 24.722517s
Iterations: 2000; reached target: false; solve phases Timings { trunk: SolveTimings { reaches: 0.7775267000000005, t2: 2.8654835000000003, t3: 0.0007614999999999829, k4: 0.011420900000000038, update: 0.22111170000000005, evaluation: 230.72723989999997 }, board_preparation: 1.363410600000001, postflop: 367.1411990999993, evaluation_board_preparation: 0.045566 }
