Tree: 12 decisions, 22 terminals (0.002s)
Tables: 0.243s; model: 0.004s
L1: 5 leaves; 302 postflop decisions; 21696 slots; 347136 storage bytes
Checkpoint 0: NashConv 2.409382810353; held 2.409382810353; auxiliary 6.115251736220; auxiliary held 6.115251736220; gains [1.4074428209431984, 1.001939989410022]; held gains [1.4074428209431995, 1.0019399894100225]; auxiliary gains [3.242883205121959, 2.872368531097835]; auxiliary held gains [3.2428832051219585, 2.8723685310978357]; evaluation 27.606661s
Iteration 250: wall 29.045295s; reaches 0.000451; t2 0.001939; t3 0.000001; k4 0.000011; update 0.000119; board preparation 0.000922; postflop 0.202898; evaluation 28.838823
Checkpoint 250: NashConv 0.015184641747; held 0.013419641587; auxiliary 1.451059507832; auxiliary held 1.450600321751; gains [0.005324395476722414, 0.009860246269949018]; held gains [0.004653166065063823, 0.008766475521866685]; auxiliary gains [0.5968066065535871, 0.8542529012781869]; auxiliary held gains [0.5968066065535873, 0.8537937151971835]; evaluation 28.838823s
Iteration 500: wall 28.112074s; reaches 0.000362; t2 0.001889; t3 0.000000; k4 0.000007; update 0.000153; board preparation 0.000736; postflop 0.187174; evaluation 27.921640
Checkpoint 500: NashConv 0.011129972079; held 0.009405451384; auxiliary 1.519590073194; auxiliary held 1.518991206847; gains [0.0040078215109025095, 0.00712215056834322]; held gains [0.0033489401871292374, 0.006056511197319862]; auxiliary gains [0.6385654827391191, 0.8810245904550894]; auxiliary held gains [0.6385654827391183, 0.880425724108014]; evaluation 27.921640s
Iteration 750: wall 25.317747s; reaches 0.000331; t2 0.001336; t3 0.000000; k4 0.000005; update 0.000122; board preparation 0.000550; postflop 0.172578; evaluation 25.142718
Checkpoint 750: NashConv 0.010321494862; held 0.008029203824; auxiliary 1.575372365827; auxiliary held 1.574982121276; gains [0.0034668293759242616, 0.00685466548618862]; held gains [0.002625386134020021, 0.005403817689780287]; auxiliary gains [0.6617934521943065, 0.913578913632818]; auxiliary held gains [0.6617934521943065, 0.9131886690820635]; evaluation 25.142718s
Iteration 1000: wall 25.315799s; reaches 0.000282; t2 0.001023; t3 0.000000; k4 0.000004; update 0.000159; board preparation 0.000528; postflop 0.179330; evaluation 25.134379
Checkpoint 1000: NashConv 0.009437746755; held 0.007158414774; auxiliary 1.602947327302; auxiliary held 1.602409972369; gains [0.0031164318979420985, 0.006321314857272796]; held gains [0.0023290113340041774, 0.004829403439989673]; auxiliary gains [0.6700587610058958, 0.9328885662961248]; auxiliary held gains [0.6700587610058961, 0.9323512113629537]; evaluation 25.134379s
Iteration 1250: wall 25.423022s; reaches 0.000335; t2 0.001017; t3 0.000000; k4 0.000004; update 0.000075; board preparation 0.000517; postflop 0.166283; evaluation 25.254708
Checkpoint 1250: NashConv 0.008350988831; held 0.006015895833; auxiliary 1.620410883540; auxiliary held 1.619956836452; gains [0.0028920671990486924, 0.005458921631744801]; held gains [0.0021626723331102417, 0.0038532234996038715]; auxiliary gains [0.6810659627351376, 0.9393449208047213]; auxiliary held gains [0.6810659627351374, 0.9388908737164401]; evaluation 25.254708s
Iteration 1500: wall 26.027403s; reaches 0.000300; t2 0.001756; t3 0.000000; k4 0.000007; update 0.000113; board preparation 0.000600; postflop 0.194017; evaluation 25.830507
Checkpoint 1500: NashConv 0.007633537845; held 0.005184403830; auxiliary 1.639539312754; auxiliary held 1.639105451808; gains [0.0026315066746632337, 0.005002031169893527]; held gains [0.0017923439707751045, 0.0033920598595682076]; auxiliary gains [0.6917489540195746, 0.9477903587343631]; auxiliary held gains [0.691748954019574, 0.9473564977887535]; evaluation 25.830507s
Iteration 1750: wall 26.599437s; reaches 0.000290; t2 0.001336; t3 0.000000; k4 0.000005; update 0.000095; board preparation 0.000526; postflop 0.181477; evaluation 26.415615
Checkpoint 1750: NashConv 0.007437409079; held 0.005238000844; auxiliary 1.652809322775; auxiliary held 1.652489363029; gains [0.002625095366319871, 0.004812313712847814]; held gains [0.0018901842553366438, 0.003347816589026484]; auxiliary gains [0.6952299358029588, 0.9575793869723047]; auxiliary held gains [0.6952299358029581, 0.9572594272261041]; evaluation 26.415615s
Iteration 2000: wall 26.043409s; reaches 0.000378; t2 0.001046; t3 0.000000; k4 0.000006; update 0.000142; board preparation 0.000552; postflop 0.172732; evaluation 25.868461
Checkpoint 2000: NashConv 0.007127629499; held 0.004754882209; auxiliary 1.658511137106; auxiliary held 1.658184807758; gains [0.002505395217137024, 0.0046222342821084506]; held gains [0.0017361342835145802, 0.003018747925732028]; auxiliary gains [0.6992403709494277, 0.9592707661565195]; auxiliary held gains [0.6992403709494273, 0.9589444368086137]; evaluation 25.868461s
Iterations: 2000; reached target: false; solve phases Timings { trunk: SolveTimings { reaches: 1.1099909000000006, t2: 3.2037310999999997, t3: 0.0008415999999999662, k4: 0.014447600000000322, update: 0.26149529999999993, evaluation: 238.01351219999998 }, board_preparation: 1.6393209999999994, postflop: 381.88313520000065, evaluation_board_preparation: 0.0492527 }
