Tree: 12 decisions, 22 terminals (0.001s)
Tables: 0.171s; model: 0.006s
L1: 5 leaves; 302 postflop decisions; 21696 slots; 347136 storage bytes
Checkpoint 0: NashConv 2.409382810353; held 2.409382810353; auxiliary 6.115251736220; auxiliary held 6.115251736220; gains [1.4074428209431984, 1.001939989410022]; held gains [1.4074428209431995, 1.0019399894100225]; auxiliary gains [3.242883205121959, 2.872368531097835]; auxiliary held gains [3.2428832051219585, 2.8723685310978357]; evaluation 24.579565s
Iteration 250: wall 24.755355s; reaches 0.000266; t2 0.001637; t3 0.000000; k4 0.000006; update 0.000087; board preparation 0.000583; postflop 0.172730; evaluation 24.579939
Checkpoint 250: NashConv 0.007300093376; held 0.005670097593; auxiliary 1.487847754065; auxiliary held 1.487381582777; gains [0.0025012088006222677, 0.004798884575723784]; held gains [0.002042809223847728, 0.0036272883688786457]; auxiliary gains [0.6133169186534737, 0.8745308354112971]; auxiliary held gains [0.6133169186534739, 0.8740646641237362]; evaluation 24.579939s
Iteration 500: wall 24.738131s; reaches 0.000313; t2 0.001499; t3 0.000001; k4 0.000006; update 0.000146; board preparation 0.000517; postflop 0.171967; evaluation 24.563592
Checkpoint 500: NashConv 0.005810012300; held 0.003626902133; auxiliary 1.572709612707; auxiliary held 1.572290271287; gains [0.00215553398698632, 0.003654478313063793]; held gains [0.001335103588111522, 0.002291798544604845]; auxiliary gains [0.6596166369423271, 0.9130929757648831]; auxiliary held gains [0.6596156494482099, 0.9126746218387627]; evaluation 24.563592s
Iteration 750: wall 25.028696s; reaches 0.000287; t2 0.000989; t3 0.000000; k4 0.000004; update 0.000119; board preparation 0.000528; postflop 0.166654; evaluation 24.860028
Checkpoint 750: NashConv 0.004951825603; held 0.002267985215; auxiliary 1.606310708479; auxiliary held 1.605934102803; gains [0.001778765066729332, 0.0031730605360982267]; held gains [0.0008883771821840136, 0.0013796080329929392]; auxiliary gains [0.6754682351842938, 0.9308424732946756]; auxiliary held gains [0.6754682351842942, 0.9304658676187911]; evaluation 24.860028s
Iteration 1000: wall 24.996533s; reaches 0.000242; t2 0.001143; t3 0.000000; k4 0.000004; update 0.000116; board preparation 0.000534; postflop 0.157586; evaluation 24.836815
Checkpoint 1000: NashConv 0.004406913556; held 0.001762464090; auxiliary 1.629888374556; auxiliary held 1.629512810205; gains [0.0016582115860999808, 0.0027487019698422474]; held gains [0.000769288997602393, 0.0009931750923602503]; auxiliary gains [0.6823675355245011, 0.9475208390311388]; auxiliary held gains [0.6823675355245007, 0.9471452746801924]; evaluation 24.836814s
Iteration 1250: wall 24.697164s; reaches 0.000324; t2 0.001402; t3 0.000000; k4 0.000005; update 0.000172; board preparation 0.000569; postflop 0.164251; evaluation 24.530355
Checkpoint 1250: NashConv 0.004096014102; held 0.001110480650; auxiliary 1.640546206447; auxiliary held 1.640113941852; gains [0.0014937339535242705, 0.0026022801488579037]; held gains [0.0006083936172100214, 0.000502087033022406]; auxiliary gains [0.6847422631234201, 0.955803943323879]; auxiliary held gains [0.6847422631234206, 0.9553716787284928]; evaluation 24.530355s
Iteration 1500: wall 24.555587s; reaches 0.000294; t2 0.000993; t3 0.000000; k4 0.000005; update 0.000500; board preparation 0.000513; postflop 0.168154; evaluation 24.385043
Checkpoint 1500: NashConv 0.004178576399; held 0.001321138371; auxiliary 1.659905627334; auxiliary held 1.659517836782; gains [0.0015234368455966027, 0.0026551395537857264]; held gains [0.0006953599178991, 0.0006257784528238275]; auxiliary gains [0.6895353997768986, 0.9703702275571768]; auxiliary held gains [0.6895300415039878, 0.9699877952781513]; evaluation 24.385043s
Iteration 1750: wall 24.643638s; reaches 0.000432; t2 0.001397; t3 0.000000; k4 0.000005; update 0.000135; board preparation 0.000530; postflop 0.163025; evaluation 24.477998
Checkpoint 1750: NashConv 0.004069761520; held 0.001288092167; auxiliary 1.679996641574; auxiliary held 1.679587373268; gains [0.0015710969764828608, 0.002498664543467595]; held gains [0.0007706970385867006, 0.0005173951284048045]; auxiliary gains [0.7029916946885687, 0.9770049468857216]; auxiliary held gains [0.7029916946885685, 0.9765956785795691]; evaluation 24.477998s
Iteration 2000: wall 25.132664s; reaches 0.000267; t2 0.001062; t3 0.000000; k4 0.000004; update 0.000141; board preparation 0.000546; postflop 0.173758; evaluation 24.956806
Checkpoint 2000: NashConv 0.003927098198; held 0.000877142388; auxiliary 1.689148391301; auxiliary held 1.688716953621; gains [0.0015005113219676292, 0.0024265868762536405]; held gains [0.00063412489673376, 0.00024301749121201366]; auxiliary gains [0.7087049150815274, 0.9804434762190852]; auxiliary held gains [0.7087049150815279, 0.9800120385396169]; evaluation 24.956806s
Iterations: 2000; reached target: false; solve phases Timings { trunk: SolveTimings { reaches: 0.6914307999999987, t2: 2.5592768999999946, t3: 0.0006707999999999823, k4: 0.009443000000000026, update: 0.24883540000000026, evaluation: 221.77014050000002 }, board_preparation: 1.206740299999998, postflop: 338.8328560000002, evaluation_board_preparation: 0.043402 }
