Tree: 12 decisions, 22 terminals (0.003s)
Tables: 0.425s; model: 0.009s
L1: 5 leaves; 302 postflop decisions; 21696 slots; 347136 storage bytes
Checkpoint 0: NashConv 2.409382810353; held 2.409382810353; auxiliary 6.115251736220; auxiliary held 6.115251736220; gains [1.4074428209431984, 1.001939989410022]; held gains [1.4074428209431995, 1.0019399894100225]; auxiliary gains [3.242883205121959, 2.872368531097835]; auxiliary held gains [3.2428832051219585, 2.8723685310978357]; evaluation 31.708833s
Iteration 250: wall 28.250888s; reaches 0.005367; t2 0.002151; t3 0.000000; k4 0.000010; update 0.000172; board preparation 0.000202; postflop 0.019360; evaluation 28.223443
Checkpoint 250: NashConv 0.113253231078; held 0.112566233958; auxiliary 1.261831606120; auxiliary held 1.261817296719; gains [0.03599232501524076, 0.07726090606301873]; held gains [0.03577314131521597, 0.07679309264232612]; auxiliary gains [0.38072056345384814, 0.8811110426658291]; auxiliary held gains [0.3807205634538484, 0.881096733265545]; evaluation 28.223443s
Iteration 500: wall 28.445639s; reaches 0.000339; t2 0.001875; t3 0.000000; k4 0.000006; update 0.000096; board preparation 0.000177; postflop 0.013809; evaluation 28.429263
Checkpoint 500: NashConv 0.082009667824; held 0.081547301527; auxiliary 1.236228845571; auxiliary held 1.236191476673; gains [0.027952718338177182, 0.054056949485660165]; held gains [0.027868536593128046, 0.0536787649340035]; auxiliary gains [0.38575739408907495, 0.8504714514816998]; auxiliary held gains [0.3857573940890753, 0.8504340825841226]; evaluation 28.429263s
Iteration 750: wall 28.258557s; reaches 0.000530; t2 0.002087; t3 0.000000; k4 0.000010; update 0.000186; board preparation 0.000171; postflop 0.016739; evaluation 28.238722
Checkpoint 750: NashConv 0.072468445470; held 0.071726493419; auxiliary 1.255500435398; auxiliary held 1.255447789048; gains [0.02145501537365914, 0.05101343009599511]; held gains [0.02123424734515129, 0.05049224607432003]; auxiliary gains [0.37623934494524536, 0.8792610904528577]; auxiliary held gains [0.37620260423137997, 0.8792451848163347]; evaluation 28.238722s
Iteration 1000: wall 27.824812s; reaches 0.000527; t2 0.001562; t3 0.000000; k4 0.000005; update 0.000178; board preparation 0.000170; postflop 0.012238; evaluation 27.810022
Checkpoint 1000: NashConv 0.071165785016; held 0.070289865696; auxiliary 1.259611387140; auxiliary held 1.259588033680; gains [0.01733875567025818, 0.05382702934587444]; held gains [0.01707386630000098, 0.053215999396359154]; auxiliary gains [0.37976023483196886, 0.8798511523077907]; auxiliary held gains [0.37976023483196886, 0.8798277988476051]; evaluation 27.810022s
Iteration 1250: wall 27.973558s; reaches 0.000658; t2 0.001815; t3 0.000000; k4 0.000009; update 0.000113; board preparation 0.000126; postflop 0.016439; evaluation 27.954281
Checkpoint 1250: NashConv 0.068213550116; held 0.067393938318; auxiliary 1.264153016072; auxiliary held 1.263933484575; gains [0.01655697876550695, 0.05165657135008351]; held gains [0.016231983596129786, 0.05116195472145378]; auxiliary gains [0.3874801510312369, 0.8766728650407876]; auxiliary held gains [0.3874801510312371, 0.8764533335433649]; evaluation 27.954281s
Iteration 1500: wall 27.417912s; reaches 0.000357; t2 0.001678; t3 0.000000; k4 0.000006; update 0.000103; board preparation 0.000170; postflop 0.013953; evaluation 27.401566
Checkpoint 1500: NashConv 0.064103355013; held 0.063267552379; auxiliary 1.281688481504; auxiliary held 1.281572627600; gains [0.015196478542473815, 0.04890687647086188]; held gains [0.014947638136337479, 0.04831991424223133]; auxiliary gains [0.39656245348964403, 0.8851260280139599]; auxiliary held gains [0.3965624534896446, 0.8850101741102052]; evaluation 27.401566s
Iteration 1750: wall 27.577022s; reaches 0.000426; t2 0.001822; t3 0.000000; k4 0.000007; update 0.000146; board preparation 0.000200; postflop 0.014311; evaluation 27.560007
Checkpoint 1750: NashConv 0.056211682459; held 0.055013038915; auxiliary 1.277081911180; auxiliary held 1.276838299321; gains [0.014479347936628001, 0.041732334521889645]; held gains [0.014092627267017366, 0.04092041164801076]; auxiliary gains [0.404210859740398, 0.8728710514398683]; auxiliary held gains [0.40421085974039805, 0.8726274395801943]; evaluation 27.560007s
Iteration 2000: wall 27.758070s; reaches 0.000388; t2 0.001370; t3 0.000000; k4 0.000005; update 0.000168; board preparation 0.000174; postflop 0.013238; evaluation 27.742642
Checkpoint 2000: NashConv 0.053040940956; held 0.051909092217; auxiliary 1.286782280308; auxiliary held 1.286664489573; gains [0.013487561631519943, 0.039553379324158984]; held gains [0.013052091105739773, 0.03885700111119415]; auxiliary gains [0.4077300673390288, 0.8790522129685201]; auxiliary held gains [0.407730067339029, 0.8789344222339797]; evaluation 27.742642s
Iterations: 2000; reached target: false; solve phases Timings { trunk: SolveTimings { reaches: 3.143923200000003, t2: 4.248108700000006, t3: 0.0009589999999999721, k4: 0.018148900000000055, update: 0.3382282000000001, evaluation: 255.06877830000002 }, board_preparation: 0.41699180000000075, postflop: 35.04795219999993, evaluation_board_preparation: 0.0817384 }
