Tree: 12 decisions, 22 terminals (0.001s)
Tables: 0.173s; model: 0.004s
L1: 5 leaves; 302 postflop decisions; 21696 slots; 347136 storage bytes
Checkpoint 0: NashConv 2.409382810353; held 2.409382810353; auxiliary 6.115251736220; auxiliary held 6.115251736220; gains [1.4074428209431984, 1.001939989410022]; held gains [1.4074428209431995, 1.0019399894100225]; auxiliary gains [3.242883205121959, 2.872368531097835]; auxiliary held gains [3.2428832051219585, 2.8723685310978357]; evaluation 24.577945s
Iteration 250: wall 25.583263s; reaches 0.000277; t2 0.001047; t3 0.000000; k4 0.000003; update 0.000119; board preparation 0.001007; postflop 0.167706; evaluation 25.413007
Checkpoint 250: NashConv 0.005565341738; held 0.003466345337; auxiliary 1.509269754107; auxiliary held 1.508880123483; gains [0.00239781640880557, 0.003167525329652955]; held gains [0.0020849433665533837, 0.0013814019701530456]; auxiliary gains [0.6228042235058552, 0.8864655306012593]; auxiliary held gains [0.6228042235058554, 0.8860758999767209]; evaluation 25.413007s
Iteration 500: wall 25.292150s; reaches 0.000290; t2 0.000960; t3 0.000000; k4 0.000004; update 0.000152; board preparation 0.000535; postflop 0.153102; evaluation 25.137009
Checkpoint 500: NashConv 0.003513227909; held -0.000262530464; auxiliary 1.589960959861; auxiliary held 1.589679395882; gains [0.001629845192636481, 0.0018833827162210506]; held gains [0.0007801015914901295, -0.0010426320555300995]; auxiliary gains [0.6654908824315454, 0.9244700774296138]; auxiliary held gains [0.6654908824315453, 0.9241885134506566]; evaluation 25.137009s
Iteration 750: wall 24.869782s; reaches 0.000296; t2 0.000980; t3 0.000001; k4 0.000004; update 0.000152; board preparation 0.000557; postflop 0.171009; evaluation 24.696706
Checkpoint 750: NashConv 0.002542922356; held -0.001309806797; auxiliary 1.635305066463; auxiliary held 1.635089471886; gains [0.001135662852736273, 0.0014072595036501226]; held gains [0.00013492025027800336, -0.001444727047152334]; auxiliary gains [0.6889390757166093, 0.9463659907465681]; auxiliary held gains [0.6889390757166094, 0.9461503961692512]; evaluation 24.696706s
Iteration 1000: wall 24.957294s; reaches 0.000312; t2 0.001201; t3 0.000000; k4 0.000005; update 0.000101; board preparation 0.000558; postflop 0.170296; evaluation 24.784709
Checkpoint 1000: NashConv 0.002438484043; held -0.001737876500; auxiliary 1.655400234902; auxiliary held 1.655052754645; gains [0.0011124422281946073, 0.0013260418152276979]; held gains [3.5958072461820395e-5, -0.0017738345721028774]; auxiliary gains [0.6905204461916095, 0.9648797887099805]; auxiliary held gains [0.6905204461916095, 0.9645323084532798]; evaluation 24.784709s
Iteration 1250: wall 24.888150s; reaches 0.000410; t2 0.001176; t3 0.000001; k4 0.000004; update 0.000142; board preparation 0.000538; postflop 0.168643; evaluation 24.717142
Checkpoint 1250: NashConv 0.002419196237; held -0.002058957103; auxiliary 1.665610751027; auxiliary held 1.665168373322; gains [0.0010180748916956556, 0.0014011213457044425]; held gains [6.835379924672452e-5, -0.002127310902224573]; auxiliary gains [0.6951989043736994, 0.9704118466529641]; auxiliary held gains [0.695198904373699, 0.9699694689484297]; evaluation 24.717142s
Iteration 1500: wall 24.975681s; reaches 0.000294; t2 0.000890; t3 0.000000; k4 0.000005; update 0.000151; board preparation 0.000532; postflop 0.152041; evaluation 24.821671
Checkpoint 1500: NashConv 0.002412099789; held -0.002229172914; auxiliary 1.685944959939; auxiliary held 1.685618344633; gains [0.00100189661073901, 0.001410203178744393]; held gains [-0.00023461992234828644, -0.0019945529916997294]; auxiliary gains [0.6987269172050794, 0.9872180427337569]; auxiliary held gains [0.6987269172050786, 0.9868914274283691]; evaluation 24.821671s
Iteration 1750: wall 24.505338s; reaches 0.000308; t2 0.000960; t3 0.000000; k4 0.000005; update 0.000160; board preparation 0.000511; postflop 0.176753; evaluation 24.326531
Checkpoint 1750: NashConv 0.002379499666; held -0.002235310167; auxiliary 1.710120475210; auxiliary held 1.709733969629; gains [0.0011039135321577187, 0.0012755861334227472]; held gains [-0.00013881152644385636, -0.0020964986409817456]; auxiliary gains [0.7126045554159472, 0.997515919793701]; auxiliary held gains [0.7126045554159475, 0.9971294142130515]; evaluation 24.326531s
Iteration 2000: wall 24.889098s; reaches 0.000274; t2 0.001171; t3 0.000000; k4 0.000005; update 0.000135; board preparation 0.000572; postflop 0.161306; evaluation 24.725508
Checkpoint 2000: NashConv 0.002517714497; held -0.001998031227; auxiliary 1.719228838296; auxiliary held 1.718835934351; gains [0.0011165831538839585, 0.0014011313434166978]; held gains [9.248462718020045e-7, -0.0019989560736032343]; auxiliary gains [0.7174573515958969, 1.0017714866996794]; auxiliary held gains [0.7174573515958964, 1.001378582754661]; evaluation 24.725508s
Iterations: 2000; reached target: false; solve phases Timings { trunk: SolveTimings { reaches: 0.6187690999999981, t2: 2.3358888000000024, t3: 0.0006835999999999821, k4: 0.00979310000000005, update: 0.2502501000000008, evaluation: 223.20022840000001 }, board_preparation: 1.2026256999999974, postflop: 331.88146399999926, evaluation_board_preparation: 0.0454523 }
