Tree: 12 decisions, 22 terminals (0.002s)
Tables: 0.169s; model: 0.004s
L1: 5 leaves; 302 postflop decisions; 21696 slots; 347136 storage bytes
Checkpoint 0: NashConv 2.409382810353; held 2.409382810353; auxiliary 6.115251736220; auxiliary held 6.115251736220; gains [1.4074428209431984, 1.001939989410022]; held gains [1.4074428209431995, 1.0019399894100225]; auxiliary gains [3.242883205121959, 2.872368531097835]; auxiliary held gains [3.2428832051219585, 2.8723685310978357]; evaluation 24.834415s
Iteration 250: wall 24.876117s; reaches 0.000335; t2 0.001356; t3 0.000000; k4 0.000004; update 0.000116; board preparation 0.000525; postflop 0.159032; evaluation 24.714659
Checkpoint 250: NashConv 0.008423617981; held 0.006869414317; auxiliary 1.479326733277; auxiliary held 1.478953306607; gains [0.003006172541923882, 0.005417445438976709]; held gains [0.0024731838102695254, 0.004396230507162289]; auxiliary gains [0.6112541911277874, 0.8680725421494759]; auxiliary held gains [0.6112541911277873, 0.8676991154796452]; evaluation 24.714659s
Iteration 500: wall 24.854517s; reaches 0.000575; t2 0.001101; t3 0.000001; k4 0.000004; update 0.000139; board preparation 0.000531; postflop 0.162021; evaluation 24.690057
Checkpoint 500: NashConv 0.006412759454; held 0.004389324155; auxiliary 1.561742457171; auxiliary held 1.561347136878; gains [0.0022566651620850933, 0.004156094292346479]; held gains [0.0016538476728162402, 0.002735476481769566]; auxiliary gains [0.6541417094805473, 0.9076007476904568]; auxiliary held gains [0.654141709480547, 0.9072054273974224]; evaluation 24.690057s
Iteration 750: wall 24.569355s; reaches 0.000281; t2 0.001041; t3 0.000000; k4 0.000003; update 0.000161; board preparation 0.000520; postflop 0.167534; evaluation 24.399731
Checkpoint 750: NashConv 0.005423692621; held 0.002654378020; auxiliary 1.598939935688; auxiliary held 1.598599172399; gains [0.001948701928312993, 0.0034749906923074517]; held gains [0.0009438598289956655, 0.0017105181913282218]; auxiliary gains [0.6727715066828888, 0.9261684290051819]; auxiliary held gains [0.6727715066828893, 0.9258276657159746]; evaluation 24.399731s
Iteration 1000: wall 24.546603s; reaches 0.000287; t2 0.001402; t3 0.000000; k4 0.000005; update 0.000125; board preparation 0.000925; postflop 0.171128; evaluation 24.372642
Checkpoint 1000: NashConv 0.005054373046; held 0.002442732705; auxiliary 1.627193669714; auxiliary held 1.626774507158; gains [0.0018464849922817453, 0.003207888053678609]; held gains [0.0010409424509535761, 0.0014017902541020068]; auxiliary gains [0.6821506311769959, 0.945043038537286]; auxiliary held gains [0.6821506311769974, 0.9446238759809714]; evaluation 24.372642s
Iteration 1250: wall 24.598505s; reaches 0.000306; t2 0.001301; t3 0.000000; k4 0.000004; update 0.000129; board preparation 0.000673; postflop 0.169850; evaluation 24.426138
Checkpoint 1250: NashConv 0.004676283382; held 0.001835136606; auxiliary 1.641438359261; auxiliary held 1.641132672775; gains [0.001662733015959407, 0.0030135503662292867]; held gains [0.0008033668409799695, 0.001031769764642712]; auxiliary gains [0.6864032960380948, 0.9550350632226832]; auxiliary held gains [0.686403296038095, 0.9547293767371632]; evaluation 24.426138s
Iteration 1500: wall 25.008081s; reaches 0.000291; t2 0.001803; t3 0.000000; k4 0.000005; update 0.000153; board preparation 0.000549; postflop 0.167085; evaluation 24.838104
Checkpoint 1500: NashConv 0.004704947060; held 0.002079609324; auxiliary 1.656589463346; auxiliary held 1.656236308475; gains [0.001659729474999129, 0.003045217584984994]; held gains [0.0008344313515898649, 0.001245177972101063]; auxiliary gains [0.6895911629988012, 0.9669983003475229]; auxiliary held gains [0.6895911629988019, 0.9666451454763239]; evaluation 24.838104s
Iteration 1750: wall 24.572802s; reaches 0.000257; t2 0.001470; t3 0.000000; k4 0.000004; update 0.000090; board preparation 0.000540; postflop 0.156595; evaluation 24.413763
Checkpoint 1750: NashConv 0.004499764013; held 0.001698083812; auxiliary 1.676302257700; auxiliary held 1.675888318726; gains [0.0016335292173904406, 0.0028662347957783066]; held gains [0.0007490975145852397, 0.0009489862978011299]; auxiliary gains [0.7034286077022607, 0.9728736499978672]; auxiliary held gains [0.7034286077022611, 0.9724597110236293]; evaluation 24.413763s
Iteration 2000: wall 24.880639s; reaches 0.000333; t2 0.001410; t3 0.000000; k4 0.000005; update 0.000130; board preparation 0.000536; postflop 0.170951; evaluation 24.707173
Checkpoint 2000: NashConv 0.004260346617; held 0.001206426689; auxiliary 1.685568646234; auxiliary held 1.685150408019; gains [0.0015928244054149027, 0.002667522211618374]; held gains [0.0008043106298182244, 0.0004021160588028039]; auxiliary gains [0.7092360648684342, 0.9763325813654192]; auxiliary held gains [0.709236064868435, 0.9759143431510016]; evaluation 24.707173s
Iterations: 2000; reached target: false; solve phases Timings { trunk: SolveTimings { reaches: 0.6751433000000008, t2: 2.554582100000003, t3: 0.0006733999999999836, k4: 0.00947830000000001, update: 0.2619425000000008, evaluation: 221.39668070000002 }, board_preparation: 1.1974409999999995, postflop: 336.7942643999999, evaluation_board_preparation: 0.0453939 }
