Tree: 12 decisions, 22 terminals (0.001s)
Tables: 0.169s; model: 0.004s
L1: 5 leaves; 302 postflop decisions; 21696 slots; 347136 storage bytes
Checkpoint 0: NashConv 2.409382810353; held 2.409382810353; auxiliary 6.115251736220; auxiliary held 6.115251736220; gains [1.4074428209431984, 1.001939989410022]; held gains [1.4074428209431995, 1.0019399894100225]; auxiliary gains [3.242883205121959, 2.872368531097835]; auxiliary held gains [3.2428832051219585, 2.8723685310978357]; evaluation 24.456669s
Iteration 250: wall 24.601565s; reaches 0.000243; t2 0.001341; t3 0.000000; k4 0.000006; update 0.000158; board preparation 0.000991; postflop 0.314310; evaluation 24.284417
Checkpoint 250: NashConv 0.005245416940; held 0.002075324402; auxiliary 1.579905999703; auxiliary held 1.579402269507; gains [0.002455602791944983, 0.0027898141484856837]; held gains [0.0018570593142914517, 0.00021826508788420212]; auxiliary gains [0.6752952940910538, 0.9046107056118584]; auxiliary held gains [0.6752568561899728, 0.9041454133171767]; evaluation 24.284417s
Iteration 500: wall 25.862705s; reaches 0.000253; t2 0.000943; t3 0.000000; k4 0.000004; update 0.000129; board preparation 0.001116; postflop 0.316210; evaluation 25.543952
Checkpoint 500: NashConv 0.003012743650; held -0.001567043468; auxiliary 1.660476397577; auxiliary held 1.660257314809; gains [0.0012645312305730322, 0.0017482124197744156]; held gains [0.0002386298725385351, -0.001805673340868539]; auxiliary gains [0.71344728195562, 0.9470291156212678]; auxiliary held gains [0.7134472819556199, 0.9468100328537878]; evaluation 25.543952s
Iteration 750: wall 24.837425s; reaches 0.000242; t2 0.001156; t3 0.000000; k4 0.000004; update 0.000125; board preparation 0.000800; postflop 0.323536; evaluation 24.511467
Checkpoint 750: NashConv 0.002565186626; held -0.001699091481; auxiliary 1.698382360295; auxiliary held 1.698204996782; gains [0.001129603229818199, 0.0014355833966425147]; held gains [0.00012674121778055714, -0.0018258326990636987]; auxiliary gains [0.7342626350798769, 0.9641197252146336]; auxiliary held gains [0.7342626350798767, 0.9639423617020666]; evaluation 24.511467s
Iteration 1000: wall 25.136659s; reaches 0.000236; t2 0.001378; t3 0.000000; k4 0.000005; update 0.000099; board preparation 0.000840; postflop 0.301028; evaluation 24.832967
Checkpoint 1000: NashConv 0.002139925601; held -0.002272860810; auxiliary 1.735765506876; auxiliary held 1.735416609625; gains [0.0009231014532683629, 0.0012168241477517605]; held gains [-0.00027690483512098074, -0.0019959559748863147]; auxiliary gains [0.7452084890109648, 0.990557017864803]; auxiliary held gains [0.7452084890109649, 0.9902081206136146]; evaluation 24.832967s
Iteration 1250: wall 25.077740s; reaches 0.000235; t2 0.000940; t3 0.000000; k4 0.000004; update 0.000107; board preparation 0.000931; postflop 0.321865; evaluation 24.753557
Checkpoint 1250: NashConv 0.002369407168; held -0.002279209017; auxiliary 1.749189083562; auxiliary held 1.748796960198; gains [0.0009311299346360727, 0.001438277233519726]; held gains [-0.00030561708770185034, -0.0019735919291631737]; auxiliary gains [0.7465214339965816, 1.002667649564996]; auxiliary held gains [0.7465214339965813, 1.0022755262016652]; evaluation 24.753557s
Iteration 1500: wall 25.111852s; reaches 0.000234; t2 0.001161; t3 0.000000; k4 0.000005; update 0.000087; board preparation 0.000828; postflop 0.323970; evaluation 24.785311
Checkpoint 1500: NashConv 0.002292624624; held -0.002630719198; auxiliary 1.759456160366; auxiliary held 1.759057706155; gains [0.0010573339189716771, 0.0012352907054732007]; held gains [-0.00019572878911507108, -0.0024349904089151983]; auxiliary gains [0.7469411303044156, 1.0125150300615253]; auxiliary held gains [0.7469411303044158, 1.0121165758501065]; evaluation 24.785311s
Iteration 1750: wall 24.694860s; reaches 0.000237; t2 0.001134; t3 0.000000; k4 0.000004; update 0.000079; board preparation 0.001094; postflop 0.317484; evaluation 24.374681
Checkpoint 1750: NashConv 0.002322776115; held -0.002522429728; auxiliary 1.768179318534; auxiliary held 1.767773308476; gains [0.0010632869303673423, 0.0012594891848558346]; held gains [-0.00011789324980438984, -0.0024045364777159177]; auxiliary gains [0.7493854978439565, 1.018793820690075]; auxiliary held gains [0.7493854978439558, 1.0183878106324626]; evaluation 24.374681s
Iteration 2000: wall 24.884576s; reaches 0.000271; t2 0.001307; t3 0.000000; k4 0.000006; update 0.000133; board preparation 0.000810; postflop 0.332369; evaluation 24.549556
Checkpoint 2000: NashConv 0.002354306685; held -0.002580120634; auxiliary 1.774447227040; auxiliary held 1.774022415724; gains [0.0010820903174741936, 0.0012722163672533177]; held gains [-0.0002593262073316144, -0.002320794426238681]; auxiliary gains [0.751282415845285, 1.0231648111948097]; auxiliary held gains [0.7512824158452861, 1.0227399998782987]; evaluation 24.549556s
Iterations: 2000; reached target: false; solve phases Timings { trunk: SolveTimings { reaches: 0.5702432000000004, t2: 2.354933599999997, t3: 0.000718799999999981, k4: 0.009686800000000067, update: 0.21303660000000016, evaluation: 222.09257739999998 }, board_preparation: 1.935880199999998, postflop: 639.9807413999989, evaluation_board_preparation: 0.0428758 }
