Tree: 12 decisions, 22 terminals (0.001s)
Tables: 0.162s; model: 0.003s
L1: 5 leaves; 302 postflop decisions; 21696 slots; 347136 storage bytes
Checkpoint 0: NashConv 2.409382810353; held 2.409382810353; auxiliary 6.115251736220; auxiliary held 6.115251736220; gains [1.4074428209431984, 1.001939989410022]; held gains [1.4074428209431995, 1.0019399894100225]; auxiliary gains [3.242883205121959, 2.872368531097835]; auxiliary held gains [3.2428832051219585, 2.8723685310978357]; evaluation 24.569783s
Iteration 250: wall 25.137030s; reaches 0.000300; t2 0.001211; t3 0.000000; k4 0.000004; update 0.000143; board preparation 0.000219; postflop 0.060847; evaluation 25.074224
Checkpoint 250: NashConv 0.012425783319; held 0.011424028814; auxiliary 1.375625855657; auxiliary held 1.375625855657; gains [0.004517319949543387, 0.007908463369365355]; held gains [0.004085422397362679, 0.007338606416910158]; auxiliary gains [0.5422633509030877, 0.8333625047543312]; auxiliary held gains [0.5422633509030881, 0.8333625047543303]; evaluation 25.074224s
Iteration 500: wall 24.505120s; reaches 0.000332; t2 0.001204; t3 0.000000; k4 0.000004; update 0.000103; board preparation 0.000262; postflop 0.060471; evaluation 24.442668
Checkpoint 500: NashConv 0.005662831474; held 0.003784994766; auxiliary 1.382816952380; auxiliary held 1.382458861428; gains [0.0018172505398814862, 0.003845580934430201]; held gains [0.001020082715657341, 0.0027649120501407817]; auxiliary gains [0.565594601430924, 0.8172223509486709]; auxiliary held gains [0.5655946014309238, 0.8168642599969937]; evaluation 24.442668s
Iteration 750: wall 24.433021s; reaches 0.000371; t2 0.001220; t3 0.000001; k4 0.000005; update 0.000157; board preparation 0.000234; postflop 0.067939; evaluation 24.363003
Checkpoint 750: NashConv 0.004752351734; held 0.002312192818; auxiliary 1.464447354779; auxiliary held 1.464160930332; gains [0.001883670269023835, 0.002868681464773426]; held gains [0.0009529784566409648, 0.0013592143618204426]; auxiliary gains [0.5983437031185621, 0.866103651660555]; auxiliary held gains [0.5983437031185621, 0.8658172272137907]; evaluation 24.363003s
Iteration 1000: wall 25.082836s; reaches 0.000317; t2 0.001189; t3 0.000000; k4 0.000004; update 0.000151; board preparation 0.000243; postflop 0.071399; evaluation 25.009450
Checkpoint 1000: NashConv 0.003900439880; held 0.000382997688; auxiliary 1.472568683449; auxiliary held 1.472187862383; gains [0.0014817275549492276, 0.002418712325187894]; held gains [0.000545788215454493, -0.00016279052774937491]; auxiliary gains [0.6043798944333338, 0.8681887890155666]; auxiliary held gains [0.6043798944333344, 0.8678079679492885]; evaluation 25.009450s
Iteration 1250: wall 25.153561s; reaches 0.000358; t2 0.000912; t3 0.000000; k4 0.000004; update 0.000124; board preparation 0.000202; postflop 0.069192; evaluation 25.082690
Checkpoint 1250: NashConv 0.003374924481; held 0.000054022675; auxiliary 1.495422574145; auxiliary held 1.495044222803; gains [0.0013690875476238956, 0.0020058369329563203]; held gains [-0.00010806344855341862, 0.00016208612329922031]; auxiliary gains [0.6161604677608705, 0.8792621063842593]; auxiliary held gains [0.6161604677608703, 0.8788837550425447]; evaluation 25.082690s
Iteration 1500: wall 24.465505s; reaches 0.000418; t2 0.000969; t3 0.000000; k4 0.000004; update 0.000111; board preparation 0.000227; postflop 0.063778; evaluation 24.399915
Checkpoint 1500: NashConv 0.003193687415; held -0.000367052365; auxiliary 1.509599251181; auxiliary held 1.509107039682; gains [0.0012529008924325527, 0.0019407865229821367]; held gains [4.34547861687222e-5, -0.0004105071513622535]; auxiliary gains [0.6249905291191507, 0.8846087220615713]; auxiliary held gains [0.6249905291191504, 0.884116510562424]; evaluation 24.399915s
Iteration 1750: wall 24.737381s; reaches 0.000622; t2 0.001191; t3 0.000000; k4 0.000004; update 0.000142; board preparation 0.000246; postflop 0.067246; evaluation 24.667858
Checkpoint 1750: NashConv 0.003376770939; held 0.000222428815; auxiliary 1.519122064896; auxiliary held 1.518881106780; gains [0.0013333410993668013, 0.0020434298393558134]; held gains [0.00021817103906815807, 4.257775531459063e-6]; auxiliary gains [0.6281846425628319, 0.8909374223332959]; auxiliary held gains [0.6281846425628324, 0.8906964642176314]; evaluation 24.667858s
Iteration 2000: wall 24.984910s; reaches 0.000362; t2 0.001246; t3 0.000000; k4 0.000004; update 0.000149; board preparation 0.000281; postflop 0.068696; evaluation 24.914078
Checkpoint 2000: NashConv 0.003008048364; held 0.000214162611; auxiliary 1.535968356264; auxiliary held 1.535711577818; gains [0.0013001579384425005, 0.0017078904252912919]; held gains [0.0003929672563563434, -0.00017880464575404167]; auxiliary gains [0.6335882769579586, 0.9023800793062932]; auxiliary held gains [0.633588276957959, 0.9021233008600265]; evaluation 24.914078s
Iterations: 2000; reached target: false; solve phases Timings { trunk: SolveTimings { reaches: 0.7140365999999999, t2: 2.4759590999999923, t3: 0.0006567999999999842, k4: 0.008513999999999992, update: 0.24950829999999982, evaluation: 222.5236706 }, board_preparation: 0.5700539000000008, postflop: 125.9530880000001, evaluation_board_preparation: 0.0417981 }
