Tree: 5466 decisions, 6131 terminals (0.067s)
Tables: 0.167s; model: 0.004s
Checkpoint 0: NashConv 16.253518395504; gains [2.5113353501453846, 2.42509798850833, 2.453835673497514, 3.151256202891145, 2.9940613615034137, 2.7179318189580672]; 74.090584s
Iteration 1: wall 11.483641s; reaches 0.285251; t2 0.220953; t3 1.468521; k4 9.345502; update 0.037928; evaluation 0.000000
Iteration 2: wall 7.618837s; reaches 0.080451; t2 0.183888; t3 0.787628; k4 6.392304; update 0.045741; evaluation 0.000000
Iteration 3: wall 9.556345s; reaches 0.077820; t2 0.168130; t3 0.807724; k4 8.335903; update 0.040873; evaluation 0.000000
Iteration 4: wall 11.079813s; reaches 0.074544; t2 0.168398; t3 0.753528; k4 9.921463; update 0.040327; evaluation 0.000000
Iteration 5: wall 11.181188s; reaches 0.076950; t2 0.171070; t3 0.633339; k4 10.131568; update 0.043285; evaluation 0.000000
Iteration 6: wall 12.672676s; reaches 0.078922; t2 0.173625; t3 0.620823; k4 11.625090; update 0.049129; evaluation 0.000000
Iteration 7: wall 12.356828s; reaches 0.074707; t2 0.176862; t3 0.596524; k4 11.336107; update 0.039565; evaluation 0.000000
Iteration 8: wall 14.576881s; reaches 0.081345; t2 0.178189; t3 0.629521; k4 13.504737; update 0.046369; evaluation 0.000000
Iteration 9: wall 15.040126s; reaches 0.069357; t2 0.171490; t3 0.590878; k4 14.054178; update 0.036246; evaluation 0.000000
Iteration 10: wall 15.176308s; reaches 0.066751; t2 0.164861; t3 0.543412; k4 14.239077; update 0.039374; evaluation 0.000000
Iteration 11: wall 15.768144s; reaches 0.064557; t2 0.152881; t3 0.507124; k4 14.886826; update 0.037646; evaluation 0.000000
Iteration 12: wall 16.753762s; reaches 0.083711; t2 0.227471; t3 0.590379; k4 15.662642; update 0.048941; evaluation 0.000000
Iteration 13: wall 16.796221s; reaches 0.068232; t2 0.151636; t3 0.546125; k4 15.863045; update 0.039472; evaluation 0.000000
Iteration 14: wall 15.939182s; reaches 0.061994; t2 0.153333; t3 0.467961; k4 15.107322; update 0.033628; evaluation 0.000000
Iteration 15: wall 15.921033s; reaches 0.164394; t2 0.169075; t3 0.559046; k4 14.860863; update 0.040266; evaluation 0.000000
Iteration 16: wall 15.592692s; reaches 0.114332; t2 0.173064; t3 0.649783; k4 14.498565; update 0.038656; evaluation 0.000000
Iteration 17: wall 15.103760s; reaches 0.070988; t2 0.161691; t3 0.483934; k4 14.238411; update 0.035803; evaluation 0.000000
Iteration 18: wall 14.760562s; reaches 0.060670; t2 0.140481; t3 0.468844; k4 13.944948; update 0.033362; evaluation 0.000000
Iteration 19: wall 15.455908s; reaches 0.069406; t2 0.159566; t3 0.478099; k4 14.577856; update 0.041352; evaluation 0.000000
Iteration 20: wall 85.034743s; reaches 0.059149; t2 0.138038; t3 0.434160; k4 13.940084; update 0.045199; evaluation 70.304966
Checkpoint 20: NashConv 0.095710415233; gains [0.01726087639046217, 0.028221259248629837, 0.022663725834020626, 0.010315654020914014, 0.008810765805488271, 0.008438133933940078]; 421.960366s
Iteration 21: wall 16.049833s; reaches 0.077701; t2 0.191849; t3 0.525214; k4 15.054069; update 0.046215; evaluation 0.000000
Iteration 22: wall 15.567561s; reaches 0.079329; t2 0.190436; t3 0.537339; k4 14.565746; update 0.050244; evaluation 0.000000
Iteration 23: wall 14.557686s; reaches 0.061620; t2 0.143888; t3 0.454853; k4 13.736674; update 0.035419; evaluation 0.000000
Iteration 24: wall 14.204734s; reaches 0.065167; t2 0.135943; t3 0.424121; k4 13.434297; update 0.034993; evaluation 0.000000
Iteration 25: wall 14.320143s; reaches 0.059221; t2 0.136413; t3 0.427380; k4 13.553511; update 0.035244; evaluation 0.000000
Iteration 26: wall 14.451252s; reaches 0.060429; t2 0.136025; t3 0.420426; k4 13.688918; update 0.035078; evaluation 0.000000
Iteration 27: wall 14.191593s; reaches 0.060874; t2 0.135433; t3 0.418288; k4 13.432217; update 0.035349; evaluation 0.000000
Iteration 28: wall 14.149425s; reaches 0.060681; t2 0.132502; t3 0.418681; k4 13.389974; update 0.034453; evaluation 0.000000
Iteration 29: wall 14.248295s; reaches 0.061289; t2 0.135290; t3 0.426368; k4 13.472778; update 0.034952; evaluation 0.000000
Iteration 30: wall 13.265146s; reaches 0.064047; t2 0.133529; t3 0.406198; k4 12.517879; update 0.034701; evaluation 0.000000
Iteration 31: wall 13.334469s; reaches 0.058936; t2 0.132993; t3 0.422487; k4 12.567906; update 0.038299; evaluation 0.000000
Iteration 32: wall 13.481964s; reaches 0.059001; t2 0.133941; t3 0.405739; k4 12.736350; update 0.034517; evaluation 0.000000
Iteration 33: wall 13.395359s; reaches 0.064203; t2 0.132520; t3 0.419256; k4 12.628212; update 0.036075; evaluation 0.000000
Iteration 34: wall 13.306659s; reaches 0.059644; t2 0.130987; t3 0.428227; k4 12.543439; update 0.034660; evaluation 0.000000
Iteration 35: wall 13.319824s; reaches 0.060644; t2 0.130420; t3 0.410310; k4 12.573175; update 0.033750; evaluation 0.000000
Iteration 36: wall 12.994586s; reaches 0.057591; t2 0.129448; t3 0.392516; k4 12.277933; update 0.032859; evaluation 0.000000
Iteration 37: wall 13.049956s; reaches 0.055106; t2 0.130392; t3 0.399919; k4 12.323738; update 0.034166; evaluation 0.000000
Iteration 38: wall 12.917720s; reaches 0.057675; t2 0.130548; t3 0.397460; k4 12.192063; update 0.035474; evaluation 0.000000
Iteration 39: wall 13.232764s; reaches 0.054960; t2 0.131156; t3 0.400938; k4 12.509979; update 0.032919; evaluation 0.000000
Iteration 40: wall 72.746155s; reaches 0.059512; t2 0.129179; t3 0.427234; k4 12.133121; update 0.044119; evaluation 59.839877
Checkpoint 40: NashConv 0.019975920510; gains [0.0038462227122069703, 0.005346732172527846, 0.005196667319324277, 0.0020064489239852157, 0.001703168701287755, 0.0018766806811667536]; 758.746912s
Iteration 41: wall 13.704454s; reaches 0.058994; t2 0.136822; t3 0.397123; k4 12.962635; update 0.036931; evaluation 0.000000
Iteration 42: wall 12.733251s; reaches 0.061783; t2 0.139119; t3 0.400812; k4 11.988212; update 0.034636; evaluation 0.000000
Iteration 43: wall 12.571653s; reaches 0.061850; t2 0.139444; t3 0.395737; k4 11.824392; update 0.034334; evaluation 0.000000
Iteration 44: wall 12.552274s; reaches 0.062401; t2 0.142770; t3 0.391731; k4 11.809803; update 0.034773; evaluation 0.000000
Iteration 45: wall 12.014248s; reaches 0.060034; t2 0.138645; t3 0.401214; k4 11.270388; update 0.033885; evaluation 0.000000
Iteration 46: wall 12.016239s; reaches 0.058265; t2 0.137744; t3 0.391914; k4 11.282612; update 0.034213; evaluation 0.000000
Iteration 47: wall 12.390716s; reaches 0.058967; t2 0.136189; t3 0.396843; k4 11.656611; update 0.033728; evaluation 0.000000
Iteration 48: wall 11.581968s; reaches 0.058295; t2 0.141454; t3 0.392014; k4 10.842354; update 0.034393; evaluation 0.000000
Iteration 49: wall 10.805267s; reaches 0.060508; t2 0.134950; t3 0.397411; k4 10.069770; update 0.034080; evaluation 0.000000
Iteration 50: wall 10.928451s; reaches 0.062506; t2 0.141442; t3 0.394714; k4 10.178052; update 0.036173; evaluation 0.000000
Iteration 51: wall 10.697314s; reaches 0.059108; t2 0.135890; t3 0.389986; k4 9.969216; update 0.033088; evaluation 0.000000
Iteration 52: wall 10.809553s; reaches 0.058196; t2 0.132352; t3 0.407791; k4 10.070148; update 0.034457; evaluation 0.000000
Iteration 53: wall 10.996928s; reaches 0.060860; t2 0.140252; t3 0.412547; k4 10.236113; update 0.034449; evaluation 0.000000
Iteration 54: wall 10.778266s; reaches 0.057438; t2 0.138426; t3 0.411092; k4 10.025258; update 0.034601; evaluation 0.000000
Iteration 55: wall 10.632818s; reaches 0.062187; t2 0.142307; t3 0.413757; k4 9.866797; update 0.033802; evaluation 0.000000
Iteration 56: wall 10.718075s; reaches 0.061340; t2 0.131387; t3 0.397609; k4 9.982383; update 0.033915; evaluation 0.000000
Iteration 57: wall 11.143163s; reaches 0.062980; t2 0.136615; t3 0.402602; k4 10.396190; update 0.034626; evaluation 0.000000
Iteration 58: wall 11.486928s; reaches 0.061585; t2 0.135706; t3 0.403947; k4 10.732608; update 0.036529; evaluation 0.000000
Iteration 59: wall 10.793519s; reaches 0.060428; t2 0.129210; t3 0.397625; k4 10.065971; update 0.033744; evaluation 0.000000
Iteration 60: wall 73.433948s; reaches 0.058268; t2 0.137149; t3 0.402856; k4 10.584207; update 0.046680; evaluation 62.095865
Checkpoint 60: NashConv 0.008221005862; gains [0.0015403275030998753, 0.002193187034028543, 0.002219732280491493, 0.0007695945515066999, 0.0007289378262835267, 0.0007692266662900071]; 1051.537343s
Iteration 61: wall 11.557465s; reaches 0.061056; t2 0.136305; t3 0.430449; k4 10.768992; update 0.036520; evaluation 0.000000
Iteration 62: wall 12.005748s; reaches 0.060043; t2 0.140384; t3 0.416511; k4 11.235022; update 0.036202; evaluation 0.000000
Iteration 63: wall 11.413921s; reaches 0.062339; t2 0.138980; t3 0.418397; k4 10.638317; update 0.036354; evaluation 0.000000
Iteration 64: wall 11.426720s; reaches 0.059950; t2 0.130015; t3 0.413714; k4 10.674094; update 0.035517; evaluation 0.000000
Iteration 65: wall 11.454928s; reaches 0.066324; t2 0.137452; t3 0.420189; k4 10.677274; update 0.036124; evaluation 0.000000
Iteration 66: wall 11.299902s; reaches 0.064367; t2 0.146201; t3 0.460287; k4 10.460336; update 0.040499; evaluation 0.000000
Iteration 67: wall 11.242058s; reaches 0.062994; t2 0.140852; t3 0.423457; k4 10.468099; update 0.038142; evaluation 0.000000
Iteration 68: wall 10.141216s; reaches 0.060799; t2 0.141148; t3 0.420520; k4 9.365786; update 0.040011; evaluation 0.000000
Iteration 69: wall 10.344807s; reaches 0.061650; t2 0.149915; t3 0.422860; k4 9.548905; update 0.038756; evaluation 0.000000
Iteration 70: wall 9.991220s; reaches 0.058868; t2 0.135236; t3 0.401670; k4 9.252902; update 0.035061; evaluation 0.000000
Iteration 71: wall 9.618728s; reaches 0.060272; t2 0.135389; t3 0.391908; k4 8.879823; update 0.038046; evaluation 0.000000
Iteration 72: wall 9.950450s; reaches 0.059407; t2 0.150437; t3 0.401730; k4 9.175696; update 0.038720; evaluation 0.000000
Iteration 73: wall 9.719672s; reaches 0.057849; t2 0.143443; t3 0.386413; k4 8.985644; update 0.034724; evaluation 0.000000
Iteration 74: wall 9.702319s; reaches 0.060240; t2 0.142808; t3 0.387547; k4 8.951247; update 0.038781; evaluation 0.000000
Iteration 75: wall 9.831716s; reaches 0.060947; t2 0.138546; t3 0.415383; k4 9.057090; update 0.039752; evaluation 0.000000
Iteration 76: wall 9.314060s; reaches 0.061964; t2 0.136645; t3 0.402475; k4 8.559772; update 0.034520; evaluation 0.000000
Iteration 77: wall 9.568891s; reaches 0.057375; t2 0.138116; t3 0.408945; k4 8.814330; update 0.035379; evaluation 0.000000
Iteration 78: wall 9.596309s; reaches 0.064627; t2 0.138947; t3 0.412755; k4 8.818296; update 0.035303; evaluation 0.000000
Iteration 79: wall 9.567919s; reaches 0.057806; t2 0.135614; t3 0.387107; k4 8.839415; update 0.035262; evaluation 0.000000
Iteration 80: wall 78.480314s; reaches 0.060058; t2 0.133789; t3 0.407367; k4 9.759066; update 0.047087; evaluation 67.957548
Checkpoint 80: NashConv 0.004456046046; gains [0.0007821787842757499, 0.001234908328059725, 0.001179202193139911, 0.00040778213143383146, 0.00043592947948556393, 0.0004160451291680828]; 1327.767008s
Iteration 81: wall 7.755722s; reaches 0.071754; t2 0.157564; t3 0.441181; k4 6.893802; update 0.048679; evaluation 0.000000
Iteration 82: wall 7.542015s; reaches 0.067550; t2 0.141834; t3 0.424841; k4 6.733542; update 0.041943; evaluation 0.000000
Iteration 83: wall 9.922054s; reaches 0.057966; t2 0.133014; t3 0.398254; k4 9.177119; update 0.038829; evaluation 0.000000
Iteration 84: wall 11.560315s; reaches 0.058599; t2 0.138850; t3 0.398744; k4 10.808058; update 0.040470; evaluation 0.000000
Iteration 85: wall 12.288522s; reaches 0.061382; t2 0.140218; t3 0.410093; k4 11.521745; update 0.039394; evaluation 0.000000
Iteration 86: wall 12.047054s; reaches 0.067646; t2 0.145335; t3 0.419805; k4 11.251645; update 0.042275; evaluation 0.000000
Iteration 87: wall 11.325976s; reaches 0.061590; t2 0.146062; t3 0.405532; k4 10.556047; update 0.037451; evaluation 0.000000
Iteration 88: wall 10.450156s; reaches 0.058798; t2 0.141579; t3 0.390554; k4 9.709193; update 0.035640; evaluation 0.000000
Iteration 89: wall 10.956453s; reaches 0.059535; t2 0.139751; t3 0.406639; k4 10.194593; update 0.039940; evaluation 0.000000
Iteration 90: wall 11.283181s; reaches 0.057742; t2 0.137611; t3 0.421070; k4 10.515068; update 0.036983; evaluation 0.000000
Iteration 91: wall 11.183230s; reaches 0.061876; t2 0.136674; t3 0.451484; k4 10.378895; update 0.038848; evaluation 0.000000
Iteration 92: wall 11.661227s; reaches 0.067817; t2 0.166630; t3 0.433844; k4 10.805818; update 0.047200; evaluation 0.000000
Iteration 93: wall 11.523413s; reaches 0.060615; t2 0.137470; t3 0.413936; k4 10.759492; update 0.038974; evaluation 0.000000
Iteration 94: wall 11.168226s; reaches 0.063818; t2 0.141594; t3 0.415117; k4 10.375097; update 0.048009; evaluation 0.000000
Iteration 95: wall 11.375728s; reaches 0.057020; t2 0.127452; t3 0.404110; k4 10.643684; update 0.037216; evaluation 0.000000
Iteration 96: wall 12.148073s; reaches 0.060098; t2 0.135273; t3 0.404121; k4 11.395852; update 0.038666; evaluation 0.000000
Iteration 97: wall 12.022991s; reaches 0.060842; t2 0.156463; t3 0.415464; k4 11.224962; update 0.040423; evaluation 0.000000
Iteration 98: wall 11.442946s; reaches 0.060116; t2 0.145702; t3 0.403183; k4 10.681553; update 0.038050; evaluation 0.000000
Iteration 99: wall 11.097936s; reaches 0.061252; t2 0.133830; t3 0.409272; k4 10.340795; update 0.036912; evaluation 0.000000
Iteration 100: wall 73.345221s; reaches 0.060372; t2 0.133375; t3 0.413737; k4 9.435070; update 0.047913; evaluation 63.138024
Checkpoint 100: NashConv 0.002861338645; gains [0.0004896141973186607, 0.0008001659327158406, 0.0007505609195137819, 0.00025903184956126146, 0.0002783871997302928, 0.0002835785462100421]; 1609.868654s
Iteration 101: wall 7.479386s; reaches 0.068053; t2 0.175460; t3 0.431220; k4 6.626538; update 0.045813; evaluation 0.000000
Iteration 102: wall 8.102718s; reaches 0.074563; t2 0.167975; t3 0.512975; k4 7.154552; update 0.050075; evaluation 0.000000
Iteration 103: wall 6.568794s; reaches 0.069018; t2 0.156615; t3 0.415588; k4 5.751012; update 0.038427; evaluation 0.000000
Iteration 104: wall 6.649148s; reaches 0.060919; t2 0.135301; t3 0.430613; k4 5.867790; update 0.037204; evaluation 0.000000
Iteration 105: wall 7.262651s; reaches 0.061924; t2 0.142782; t3 0.419832; k4 6.474725; update 0.039728; evaluation 0.000000
Iteration 106: wall 7.101968s; reaches 0.058370; t2 0.141004; t3 0.406444; k4 6.329730; update 0.041261; evaluation 0.000000
Iteration 107: wall 7.093898s; reaches 0.064775; t2 0.148242; t3 0.401777; k4 6.318365; update 0.040241; evaluation 0.000000
Iteration 108: wall 7.310447s; reaches 0.056742; t2 0.140133; t3 0.414980; k4 6.543996; update 0.039576; evaluation 0.000000
Iteration 109: wall 7.392825s; reaches 0.059297; t2 0.139781; t3 0.407320; k4 6.637751; update 0.035454; evaluation 0.000000
Iteration 110: wall 7.596578s; reaches 0.058392; t2 0.138671; t3 0.408001; k4 6.833186; update 0.039417; evaluation 0.000000
Iteration 111: wall 7.183640s; reaches 0.057822; t2 0.130732; t3 0.403596; k4 6.435797; update 0.042428; evaluation 0.000000
Iteration 112: wall 7.566351s; reaches 0.064469; t2 0.147325; t3 0.427874; k4 6.760222; update 0.042992; evaluation 0.000000
Iteration 113: wall 6.585775s; reaches 0.058602; t2 0.135700; t3 0.382693; k4 5.858422; update 0.036719; evaluation 0.000000
Iteration 114: wall 6.886267s; reaches 0.061347; t2 0.153869; t3 0.397536; k4 6.120726; update 0.036148; evaluation 0.000000
Iteration 115: wall 7.724896s; reaches 0.066856; t2 0.152053; t3 0.426883; k4 6.906881; update 0.046127; evaluation 0.000000
Iteration 116: wall 7.578971s; reaches 0.067645; t2 0.153960; t3 0.435947; k4 6.742396; update 0.049198; evaluation 0.000000
Iteration 117: wall 7.567901s; reaches 0.058601; t2 0.151060; t3 0.419814; k4 6.785323; update 0.034807; evaluation 0.000000
Iteration 118: wall 7.348983s; reaches 0.059586; t2 0.142108; t3 0.397915; k4 6.603391; update 0.035607; evaluation 0.000000
Iteration 119: wall 9.118543s; reaches 0.063571; t2 0.136256; t3 0.410626; k4 8.345125; update 0.038617; evaluation 0.000000
Iteration 120: wall 77.554208s; reaches 0.064140; t2 0.147618; t3 0.433532; k4 11.436621; update 0.052056; evaluation 65.297992
Checkpoint 120: NashConv 0.001976782645; gains [0.0003262886333904036, 0.0005656726261635547, 0.0005048769763800476, 0.00018571103150415158, 0.00019816723845099415, 0.00019606613898127956]; 1827.544251s
Iteration 121: wall 11.842990s; reaches 0.063121; t2 0.143013; t3 0.406346; k4 11.073971; update 0.036492; evaluation 0.000000
Iteration 122: wall 13.946910s; reaches 0.058853; t2 0.135704; t3 0.401626; k4 13.198922; update 0.036784; evaluation 0.000000
Iteration 123: wall 15.148323s; reaches 0.059450; t2 0.139542; t3 0.408214; k4 14.390460; update 0.036231; evaluation 0.000000
Iteration 124: wall 15.003051s; reaches 0.062223; t2 0.148760; t3 0.410115; k4 14.220331; update 0.042178; evaluation 0.000000
Iteration 125: wall 15.449482s; reaches 0.059207; t2 0.144125; t3 0.391281; k4 14.695844; update 0.041193; evaluation 0.000000
Iteration 126: wall 14.984763s; reaches 0.058679; t2 0.136354; t3 0.409348; k4 14.226135; update 0.038490; evaluation 0.000000
Iteration 127: wall 15.203103s; reaches 0.060006; t2 0.139360; t3 0.401176; k4 14.450203; update 0.037970; evaluation 0.000000
Iteration 128: wall 14.786972s; reaches 0.061953; t2 0.156754; t3 0.413041; k4 13.991011; update 0.039484; evaluation 0.000000
Iteration 129: wall 13.390352s; reaches 0.058427; t2 0.141086; t3 0.403723; k4 12.631233; update 0.036538; evaluation 0.000000
Iteration 130: wall 12.858005s; reaches 0.064719; t2 0.150046; t3 0.407960; k4 12.069760; update 0.040526; evaluation 0.000000
Iteration 131: wall 13.417716s; reaches 0.064036; t2 0.140176; t3 0.409430; k4 12.649464; update 0.037895; evaluation 0.000000
Iteration 132: wall 14.625761s; reaches 0.063128; t2 0.139593; t3 0.421279; k4 13.840673; update 0.039804; evaluation 0.000000
Iteration 133: wall 14.428585s; reaches 0.061920; t2 0.144311; t3 0.415339; k4 13.643158; update 0.036610; evaluation 0.000000
Iteration 134: wall 14.475072s; reaches 0.061169; t2 0.148961; t3 0.410905; k4 13.679312; update 0.038361; evaluation 0.000000
Iteration 135: wall 14.955386s; reaches 0.059004; t2 0.141949; t3 0.408616; k4 14.185658; update 0.038047; evaluation 0.000000
Iteration 136: wall 15.461161s; reaches 0.065712; t2 0.146491; t3 0.423156; k4 14.663624; update 0.043073; evaluation 0.000000
Iteration 137: wall 15.733409s; reaches 0.066825; t2 0.149616; t3 0.459531; k4 14.888305; update 0.041578; evaluation 0.000000
Iteration 138: wall 15.443351s; reaches 0.060927; t2 0.154136; t3 0.422702; k4 14.634247; update 0.038129; evaluation 0.000000
Iteration 139: wall 15.049304s; reaches 0.060475; t2 0.143743; t3 0.417474; k4 14.271753; update 0.036016; evaluation 0.000000
Iteration 140: wall 80.584508s; reaches 0.068898; t2 0.139256; t3 0.430080; k4 14.620338; update 0.049205; evaluation 65.152022
Checkpoint 140: NashConv 0.001453827846; gains [0.0002336918740560301, 0.0004222635206955483, 0.0003632489355394619, 0.0001400390549647773, 0.00014358886670312598, 0.00015099559412438956]; 2184.333711s
Iteration 141: wall 16.970817s; reaches 0.065219; t2 0.141124; t3 0.394978; k4 16.206426; update 0.040725; evaluation 0.000000
Iteration 142: wall 15.442986s; reaches 0.057236; t2 0.146893; t3 0.387753; k4 14.694758; update 0.037460; evaluation 0.000000
Iteration 143: wall 14.988089s; reaches 0.064813; t2 0.131735; t3 0.384797; k4 14.258976; update 0.035687; evaluation 0.000000
Iteration 144: wall 15.162643s; reaches 0.056524; t2 0.137739; t3 0.381465; k4 14.436171; update 0.033892; evaluation 0.000000
Iteration 145: wall 15.233367s; reaches 0.059686; t2 0.133329; t3 0.387711; k4 14.503207; update 0.034499; evaluation 0.000000
Iteration 146: wall 14.813225s; reaches 0.057217; t2 0.139651; t3 0.378595; k4 14.081938; update 0.033801; evaluation 0.000000
Iteration 147: wall 14.302833s; reaches 0.064111; t2 0.138733; t3 0.398068; k4 13.551367; update 0.035069; evaluation 0.000000
Iteration 148: wall 14.752869s; reaches 0.060947; t2 0.136878; t3 0.393163; k4 14.009698; update 0.036794; evaluation 0.000000
Iteration 149: wall 16.441765s; reaches 0.057239; t2 0.134857; t3 0.390191; k4 15.708157; update 0.038471; evaluation 0.000000
Iteration 150: wall 15.913557s; reaches 0.056033; t2 0.131987; t3 0.375089; k4 15.206259; update 0.033794; evaluation 0.000000
Iteration 151: wall 15.108809s; reaches 0.062442; t2 0.129811; t3 0.388674; k4 14.379153; update 0.037084; evaluation 0.000000
Iteration 152: wall 14.966803s; reaches 0.059124; t2 0.139681; t3 0.380420; k4 14.235401; update 0.036008; evaluation 0.000000
Iteration 153: wall 15.259645s; reaches 0.062104; t2 0.142971; t3 0.392318; k4 14.504181; update 0.036624; evaluation 0.000000
Iteration 154: wall 16.559931s; reaches 0.058327; t2 0.147440; t3 0.392429; k4 15.807431; update 0.036172; evaluation 0.000000
Iteration 155: wall 17.073333s; reaches 0.061795; t2 0.144328; t3 0.445305; k4 16.267565; update 0.037229; evaluation 0.000000
Iteration 156: wall 17.573463s; reaches 0.060687; t2 0.151696; t3 0.408310; k4 16.800414; update 0.036359; evaluation 0.000000
Iteration 157: wall 17.628414s; reaches 0.058302; t2 0.135935; t3 0.387405; k4 16.897204; update 0.037694; evaluation 0.000000
Iteration 158: wall 17.314850s; reaches 0.058178; t2 0.130048; t3 0.386780; k4 16.592065; update 0.037478; evaluation 0.000000
Iteration 159: wall 17.232463s; reaches 0.058286; t2 0.133076; t3 0.403288; k4 16.486526; update 0.035686; evaluation 0.000000
Iteration 160: wall 77.214077s; reaches 0.059580; t2 0.126770; t3 0.397494; k4 16.620173; update 0.046451; evaluation 59.849864
Checkpoint 160: NashConv 0.001131871348; gains [0.0001820458161634897, 0.0003244592950323033, 0.0002843014165283819, 0.00011055952642638478, 0.00011780641917555346, 0.00011269887437408144]; 2564.288331s
Iteration 161: wall 17.819866s; reaches 0.057673; t2 0.132847; t3 0.379938; k4 17.104735; update 0.036661; evaluation 0.000000
Iteration 162: wall 17.667798s; reaches 0.056335; t2 0.133713; t3 0.388085; k4 16.942631; update 0.035976; evaluation 0.000000
Iteration 163: wall 17.686832s; reaches 0.056764; t2 0.131091; t3 0.379330; k4 16.971552; update 0.036218; evaluation 0.000000
Iteration 164: wall 17.642920s; reaches 0.065935; t2 0.138461; t3 0.381379; k4 16.906710; update 0.034980; evaluation 0.000000
Iteration 165: wall 17.682296s; reaches 0.057401; t2 0.129718; t3 0.381055; k4 16.965868; update 0.038760; evaluation 0.000000
Iteration 166: wall 17.343509s; reaches 0.057556; t2 0.137830; t3 0.392116; k4 16.608710; update 0.035993; evaluation 0.000000
Iteration 167: wall 15.998881s; reaches 0.059761; t2 0.145497; t3 0.396569; k4 15.243128; update 0.040229; evaluation 0.000000
Iteration 168: wall 16.526410s; reaches 0.056628; t2 0.130686; t3 0.390092; k4 15.798679; update 0.037529; evaluation 0.000000
Iteration 169: wall 15.382580s; reaches 0.058413; t2 0.132270; t3 0.391909; k4 14.654494; update 0.037476; evaluation 0.000000
Iteration 170: wall 17.152830s; reaches 0.057639; t2 0.125667; t3 0.385486; k4 16.441953; update 0.034873; evaluation 0.000000
Iteration 171: wall 17.270512s; reaches 0.062259; t2 0.132995; t3 0.394160; k4 16.536260; update 0.035381; evaluation 0.000000
Iteration 172: wall 16.914899s; reaches 0.056818; t2 0.139294; t3 0.372450; k4 16.194392; update 0.035182; evaluation 0.000000
Iteration 173: wall 17.490331s; reaches 0.059259; t2 0.138337; t3 0.388567; k4 16.753747; update 0.037406; evaluation 0.000000
Iteration 174: wall 17.027325s; reaches 0.061041; t2 0.141905; t3 0.384178; k4 16.293511; update 0.035141; evaluation 0.000000
Iteration 175: wall 16.665565s; reaches 0.059828; t2 0.137110; t3 0.385616; k4 15.934029; update 0.039301; evaluation 0.000000
Iteration 176: wall 16.678737s; reaches 0.058309; t2 0.121991; t3 0.389571; k4 15.969425; update 0.036550; evaluation 0.000000
Iteration 177: wall 17.007032s; reaches 0.056082; t2 0.132788; t3 0.392657; k4 16.276102; update 0.039024; evaluation 0.000000
Iteration 178: wall 15.826577s; reaches 0.057898; t2 0.134598; t3 0.388827; k4 15.086202; update 0.041639; evaluation 0.000000
Iteration 179: wall 17.018189s; reaches 0.056537; t2 0.131700; t3 0.388407; k4 16.293625; update 0.035108; evaluation 0.000000
Iteration 180: wall 76.977210s; reaches 0.056409; t2 0.134486; t3 0.391522; k4 16.296740; update 0.044594; evaluation 59.941010
Checkpoint 180: NashConv 0.000936272085; gains [0.00016645213090979438, 0.00025188670455514317, 0.00022880593324561826, 8.923171680921826e-5, 9.840726640564235e-5, 0.00010148833262209334]; 2964.069921s
Iteration 181: wall 17.478386s; reaches 0.057639; t2 0.131338; t3 0.379167; k4 16.756338; update 0.037984; evaluation 0.000000
Iteration 182: wall 17.634471s; reaches 0.059106; t2 0.138193; t3 0.399859; k4 16.887780; update 0.035247; evaluation 0.000000
Iteration 183: wall 17.966535s; reaches 0.059885; t2 0.128598; t3 0.389171; k4 17.239650; update 0.038916; evaluation 0.000000
Iteration 184: wall 17.297103s; reaches 0.057804; t2 0.134474; t3 0.379013; k4 16.576241; update 0.034441; evaluation 0.000000
Iteration 185: wall 17.347130s; reaches 0.057389; t2 0.127199; t3 0.378839; k4 16.636608; update 0.038530; evaluation 0.000000
Iteration 186: wall 17.182778s; reaches 0.057901; t2 0.128192; t3 0.378279; k4 16.473980; update 0.034644; evaluation 0.000000
Iteration 187: wall 17.063556s; reaches 0.058279; t2 0.132494; t3 0.390603; k4 16.330108; update 0.038842; evaluation 0.000000
Iteration 188: wall 16.507236s; reaches 0.057975; t2 0.137860; t3 0.380544; k4 15.770953; update 0.041166; evaluation 0.000000
Iteration 189: wall 16.700117s; reaches 0.060913; t2 0.135831; t3 0.374615; k4 15.978842; update 0.036388; evaluation 0.000000
Iteration 190: wall 17.250428s; reaches 0.056065; t2 0.132985; t3 0.382082; k4 16.529665; update 0.036959; evaluation 0.000000
Iteration 191: wall 17.110104s; reaches 0.056359; t2 0.129834; t3 0.388875; k4 16.392309; update 0.034627; evaluation 0.000000
Iteration 192: wall 17.467166s; reaches 0.057873; t2 0.134344; t3 0.383671; k4 16.739118; update 0.038271; evaluation 0.000000
Iteration 193: wall 17.399639s; reaches 0.056889; t2 0.130530; t3 0.386144; k4 16.680070; update 0.034204; evaluation 0.000000
Iteration 194: wall 18.215587s; reaches 0.059770; t2 0.135326; t3 0.385792; k4 17.481400; update 0.038211; evaluation 0.000000
Iteration 195: wall 17.788897s; reaches 0.057843; t2 0.132274; t3 0.400526; k4 17.052324; update 0.035384; evaluation 0.000000
Iteration 196: wall 17.730043s; reaches 0.057382; t2 0.128076; t3 0.389273; k4 17.008032; update 0.036460; evaluation 0.000000
Iteration 197: wall 17.469968s; reaches 0.056074; t2 0.138832; t3 0.389901; k4 16.724565; update 0.041412; evaluation 0.000000
Iteration 198: wall 17.542079s; reaches 0.056633; t2 0.127167; t3 0.387382; k4 16.825011; update 0.036030; evaluation 0.000000
Iteration 199: wall 18.399077s; reaches 0.057679; t2 0.133860; t3 0.396479; k4 17.662116; update 0.034986; evaluation 0.000000
Iteration 200: wall 77.506761s; reaches 0.059381; t2 0.146476; t3 0.387059; k4 17.683547; update 0.043738; evaluation 59.067002
Checkpoint 200: NashConv 0.000777171766; gains [0.00013179582946837298, 0.00021139445653320377, 0.00019405685449980226, 7.341238105074144e-5, 8.333422498853216e-5, 8.317801913577949e-5]; 3373.127971s
Iterations: 200; reached target: false; solve phases SolveTimings { reaches: 12.701125600000013, t2: 28.483138099999998, t3: 85.6702290999999, k4: 2508.4494939000037, update: 7.652196399999995, evaluation: 706.7100435 }
