WARNING - POTENTIAL SECURITY BREACH!
The host key does not match the one Plink has cached for
this server:
  136.64.67.135 (port 22)
This means that either the server administrator has changed
the host key, or you have actually connected to another
computer pretending to be the server.
The new ssh-ed25519 key fingerprint is:
  ssh-ed25519 255 SHA256:DqO/AO09ZTm4UzZTqvEGdBANz10jGtejcAOMFgFnFnY
If you were expecting this change and trust the new key,
enter "y" to update Plink's cache and carry on connecting.
If you want to carry on connecting but without updating the
cache, enter "n".
If you want to abandon the connection completely, press
Return to cancel. Pressing Return is the ONLY guaranteed
safe choice.
Update cached key? (y/n, Return cancels connection, i for more info) Running as unit: solvers-r1-vm21-analyze2.service
Finished with result: success
Main processes terminated with: code=exited/status=0
Service runtime: 3.156s
CPU time consumed: 2.022s
Memory peak: 2.6M
Memory swap peak: 0B
