{
  "build": {
    "service_exit": 0,
    "service": "MainPID=0\nResult=success\nActiveState=inactive",
    "status": "completed",
    "stages": [
      {
        "name": "toolchain",
        "status": "completed",
        "started_at": "2026-09-27T07:20:21.443927+00:00",
        "ended_at": "2026-09-27T07:20:21.649559+00:00"
      },
      {
        "name": "build-baseline",
        "status": "completed",
        "started_at": "2026-09-27T07:20:21.960030+00:00",
        "ended_at": "2026-09-27T07:21:25.578165+00:00"
      },
      {
        "name": "tests-baseline",
        "status": "completed",
        "started_at": "2026-09-27T07:21:25.924491+00:00",
        "ended_at": "2026-09-27T07:24:01.227218+00:00"
      }
    ],
    "counts": {
      "completed": 3,
      "running": 0,
      "failed": 0,
      "skipped": 0,
      "pending": 0
    },
    "error": null,
    "wrapper_finish": {
      "exit_code": 0,
      "last_phase": "build",
      "ended_at": "2026-09-27T07:24:01.650069+00:00"
    }
  },
  "measure": {
    "service_exit": 0,
    "service": "MainPID=1957\nResult=success\nActiveState=active",
    "status": "running",
    "stages": [
      {
        "name": "smoke-narrow-w32-d2",
        "status": "completed",
        "started_at": "2026-09-27T07:29:33.117889+00:00",
        "ended_at": "2026-09-27T07:29:34.559409+00:00"
      },
      {
        "name": "smoke-narrow-w32-d1",
        "status": "completed",
        "started_at": "2026-09-27T07:29:36.085656+00:00",
        "ended_at": "2026-09-27T07:29:37.409515+00:00"
      },
      {
        "name": "canonical-narrow",
        "status": "completed",
        "started_at": "2026-09-27T07:29:38.932377+00:00",
        "ended_at": "2026-09-27T07:29:50.573897+00:00"
      },
      {
        "name": "canonical-expanded",
        "status": "completed",
        "started_at": "2026-09-27T07:29:53.553821+00:00",
        "ended_at": "2026-09-27T07:30:26.860323+00:00"
      },
      {
        "name": "narrow-r0-w16-d2",
        "status": "running",
        "started_at": "2026-09-27T07:30:36.756524+00:00",
        "ended_at": "2026-09-27T07:30:38.840558+00:00"
      }
    ],
    "counts": {
      "completed": 6,
      "running": 1,
      "failed": 0,
      "skipped": 0,
      "pending": 31
    },
    "error": null,
    "stage_stderr_tail": ""
  },
  "source_archive": {
    "bytes": 967265,
    "sha256": "83fc42a73c202a7754889fd6bcefe984ffd575d0883545dc13a9068be0f3691c"
  }
}
