{
  "build": {
    "service_exit": 0,
    "service": "MainPID=0\nResult=success\nActiveState=inactive",
    "status": "completed",
    "stages": [
      {
        "name": "toolchain",
        "status": "completed",
        "started_at": "2026-09-27T07:20:21.443927+00:00",
        "ended_at": "2026-09-27T07:20:21.649559+00:00"
      },
      {
        "name": "build-baseline",
        "status": "completed",
        "started_at": "2026-09-27T07:20:21.960030+00:00",
        "ended_at": "2026-09-27T07:21:25.578165+00:00"
      },
      {
        "name": "tests-baseline",
        "status": "completed",
        "started_at": "2026-09-27T07:21:25.924491+00:00",
        "ended_at": "2026-09-27T07:24:01.227218+00:00"
      }
    ],
    "counts": {
      "completed": 3,
      "running": 0,
      "failed": 0,
      "skipped": 0,
      "pending": 0
    },
    "error": null,
    "wrapper_finish": {
      "exit_code": 0,
      "last_phase": "build",
      "ended_at": "2026-09-27T07:24:01.650069+00:00"
    }
  },
  "measure": {
    "service_exit": 0,
    "service": "MainPID=1957\nResult=success\nActiveState=active",
    "status": "running",
    "stages": [
      {
        "name": "expanded-r0-w16-d1",
        "status": "completed",
        "started_at": "2026-09-27T07:31:44.742512+00:00",
        "ended_at": "2026-09-27T07:31:49.963225+00:00"
      },
      {
        "name": "expanded-r0-w32-d2",
        "status": "completed",
        "started_at": "2026-09-27T07:31:53.181342+00:00",
        "ended_at": "2026-09-27T07:31:58.313220+00:00"
      },
      {
        "name": "expanded-r0-w32-d1",
        "status": "completed",
        "started_at": "2026-09-27T07:32:01.531767+00:00",
        "ended_at": "2026-09-27T07:32:06.781451+00:00"
      },
      {
        "name": "expanded-r1-w32-d1",
        "status": "completed",
        "started_at": "2026-09-27T07:32:10.019082+00:00",
        "ended_at": "2026-09-27T07:32:15.267863+00:00"
      },
      {
        "name": "expanded-r1-w32-d2",
        "status": "running",
        "started_at": "2026-09-27T07:32:18.513618+00:00"
      }
    ],
    "counts": {
      "completed": 27,
      "running": 1,
      "failed": 0,
      "skipped": 0,
      "pending": 10
    },
    "error": null,
    "stage_stderr_tail": ""
  },
  "source_archive": {
    "bytes": 967265,
    "sha256": "83fc42a73c202a7754889fd6bcefe984ffd575d0883545dc13a9068be0f3691c"
  }
}
