    Checking libc v0.2.186
   Compiling proc-macro2 v1.0.106
    Checking serde_core v1.0.228
    Checking zmij v1.0.21
    Checking crossbeam-utils v0.8.21
    Checking rustix v1.1.4
    Checking anyhow v1.0.103
    Checking aya_poker v0.1.0
    Checking num-traits v0.2.19
    Checking crossbeam-epoch v0.9.18
   Compiling quote v1.0.46
   Compiling syn v2.0.118
    Checking crossbeam-deque v0.8.6
    Checking plotters v0.3.7
    Checking rayon-core v1.13.0
    Checking getrandom v0.2.17
    Checking getrandom v0.4.3
    Checking is-terminal v0.4.17
   Compiling jobserver v0.1.34
    Checking rand_core v0.6.4
    Checking rayon v1.12.0
   Compiling cc v1.2.65
    Checking tempfile v3.27.0
    Checking serde_json v1.0.150
   Compiling blake3 v1.8.5
   Compiling zstd-sys v2.0.16+zstd.1.5.7
   Compiling ring v0.17.14
   Compiling ring v0.16.20
   Compiling rustls v0.20.9
   Compiling serde_derive v1.0.228
   Compiling zerocopy-derive v0.8.52
   Compiling thiserror-impl v2.0.18
   Compiling clap_derive v4.6.1
    Checking thiserror v2.0.18
    Checking cobs v0.3.0
    Checking zerocopy v0.8.52
    Checking sct v0.7.1
    Checking webpki v0.22.4
    Checking clap v4.6.1
    Checking serde v1.0.228
    Checking nlh v0.1.0 (/home/PC_User/t24/crates/nlh)
    Checking toml_datetime v0.6.11
    Checking serde_spanned v0.6.9
    Checking runfiles v0.1.0 (/home/PC_User/t24/crates/runfiles)
    Checking heapless v0.7.17
    Checking tinytemplate v1.2.1
    Checking tiny_http v0.12.0
    Checking toml_edit v0.22.27
    Checking postcard v1.1.3
   Compiling zstd-safe v7.2.4
    Checking protocol v0.1.0 (/home/PC_User/t24/crates/protocol)
    Checking zstd v0.13.3
    Checking toml v0.8.23
    Checking ppv-lite86 v0.2.21
    Checking half v2.7.1
    Checking ciborium-ll v0.2.2
    Checking rand_chacha v0.3.1
    Checking ciborium v0.2.2
    Checking rand v0.8.6
    Checking criterion v0.5.1
    Checking economics v0.1.0 (/home/PC_User/t24/crates/economics)
    Checking hu-engine v0.1.0 (/home/PC_User/t24/crates/hu-engine)
    Checking daemon v0.1.0 (/home/PC_User/t24/crates/daemon)
    Checking spot v0.1.0 (/home/PC_User/t24/crates/spot)
    Checking hu-postflop v0.1.0 (/home/PC_User/t24/crates/hu-postflop)
    Checking mw-preflop v0.1.0 (/home/PC_User/t24/crates/mw-preflop)
    Checking cli v0.1.0 (/home/PC_User/t24/crates/cli)
    Finished `dev` profile [unoptimized + debuginfo] target(s) in 11.59s
