Tree: 5466 decisions, 6131 terminals (0.085s)
Tables: 0.175s; model: 0.004s
Checkpoint 0: NashConv 16.253518395504; gains [2.5113353501453846, 2.42509798850833, 2.453835673497514, 3.151256202891145, 2.9940613615034137, 2.7179318189580672]; 66.547003s
Iteration 1: wall 3.005639s; reaches 0.283944; t2 0.219316; t3 1.497572; k4 0.819848; update 0.046011; evaluation 0.000000
Iteration 2: wall 1.904854s; reaches 0.080594; t2 0.184542; t3 0.908881; k4 0.541537; update 0.048775; evaluation 0.000000
Iteration 3: wall 2.427527s; reaches 0.085818; t2 0.205183; t3 1.152119; k4 0.798797; update 0.044010; evaluation 0.000000
Iteration 4: wall 2.392867s; reaches 0.074649; t2 0.170823; t3 1.063629; k4 0.906074; update 0.046050; evaluation 0.000000
Iteration 5: wall 2.211144s; reaches 0.072675; t2 0.169575; t3 0.909457; k4 0.877348; update 0.044085; evaluation 0.000000
Iteration 6: wall 2.180606s; reaches 0.071970; t2 0.168402; t3 0.865444; k4 0.894385; update 0.042814; evaluation 0.000000
Iteration 7: wall 2.288035s; reaches 0.076608; t2 0.169833; t3 0.854056; k4 0.986992; update 0.055276; evaluation 0.000000
Iteration 8: wall 2.241591s; reaches 0.071448; t2 0.162100; t3 0.855483; k4 0.983838; update 0.039193; evaluation 0.000000
Iteration 9: wall 2.310909s; reaches 0.071968; t2 0.169523; t3 0.854731; k4 1.031510; update 0.042663; evaluation 0.000000
Iteration 10: wall 2.349757s; reaches 0.076843; t2 0.159813; t3 0.890350; k4 1.034244; update 0.052661; evaluation 0.000000
Iteration 11: wall 2.316447s; reaches 0.074626; t2 0.156219; t3 0.874444; k4 1.031042; update 0.049615; evaluation 0.000000
Iteration 12: wall 2.466301s; reaches 0.078663; t2 0.188659; t3 0.888102; k4 1.112146; update 0.059533; evaluation 0.000000
Iteration 13: wall 2.491546s; reaches 0.086180; t2 0.200693; t3 0.904104; k4 1.086024; update 0.050565; evaluation 0.000000
Iteration 14: wall 2.536561s; reaches 0.086439; t2 0.205444; t3 0.899109; k4 1.119443; update 0.061622; evaluation 0.000000
Iteration 15: wall 2.266748s; reaches 0.068087; t2 0.168617; t3 0.849212; k4 1.012688; update 0.042118; evaluation 0.000000
Iteration 16: wall 2.250708s; reaches 0.069752; t2 0.152921; t3 0.835115; k4 1.025882; update 0.039215; evaluation 0.000000
Iteration 17: wall 2.312641s; reaches 0.077879; t2 0.157131; t3 0.832342; k4 1.071489; update 0.041496; evaluation 0.000000
Iteration 18: wall 2.260201s; reaches 0.069823; t2 0.158254; t3 0.803152; k4 1.053377; update 0.040854; evaluation 0.000000
Iteration 19: wall 2.204697s; reaches 0.068421; t2 0.151745; t3 0.810324; k4 1.010809; update 0.043825; evaluation 0.000000
Iteration 20: wall 66.739006s; reaches 0.072090; t2 0.174699; t3 0.838360; k4 0.983177; update 0.048149; evaluation 64.486927
Checkpoint 20: NashConv 0.081988826017; gains [0.01563686123256433, 0.01940010758169658, 0.020709893935173807, 0.005790485146313543, 0.012164319441126559, 0.0082871586805974]; 177.706382s
Iteration 21: wall 2.367841s; reaches 0.074838; t2 0.163773; t3 0.838338; k4 1.105843; update 0.049221; evaluation 0.000000
Iteration 22: wall 2.394662s; reaches 0.080675; t2 0.157750; t3 0.898099; k4 1.074443; update 0.046219; evaluation 0.000000
Iteration 23: wall 2.292334s; reaches 0.069576; t2 0.157256; t3 0.832768; k4 1.051582; update 0.048771; evaluation 0.000000
Iteration 24: wall 2.249414s; reaches 0.072458; t2 0.165437; t3 0.798665; k4 1.030047; update 0.043094; evaluation 0.000000
Iteration 25: wall 2.211616s; reaches 0.070999; t2 0.159203; t3 0.792671; k4 0.999958; update 0.044003; evaluation 0.000000
Iteration 26: wall 2.274563s; reaches 0.075531; t2 0.155221; t3 0.826232; k4 1.033364; update 0.049494; evaluation 0.000000
Iteration 27: wall 2.315716s; reaches 0.076344; t2 0.155654; t3 0.832356; k4 1.064613; update 0.045019; evaluation 0.000000
Iteration 28: wall 2.283126s; reaches 0.074567; t2 0.175420; t3 0.815079; k4 1.020385; update 0.052726; evaluation 0.000000
Iteration 29: wall 2.274430s; reaches 0.069458; t2 0.149686; t3 0.817495; k4 1.054662; update 0.047784; evaluation 0.000000
Iteration 30: wall 2.245055s; reaches 0.071028; t2 0.150133; t3 0.792988; k4 1.053308; update 0.043617; evaluation 0.000000
Iteration 31: wall 2.273502s; reaches 0.072642; t2 0.147826; t3 0.839226; k4 1.035509; update 0.048126; evaluation 0.000000
Iteration 32: wall 2.286262s; reaches 0.074224; t2 0.155723; t3 0.831170; k4 1.048696; update 0.047135; evaluation 0.000000
Iteration 33: wall 2.303305s; reaches 0.068801; t2 0.166792; t3 0.855320; k4 1.035603; update 0.045485; evaluation 0.000000
Iteration 34: wall 2.335964s; reaches 0.082957; t2 0.165832; t3 0.806606; k4 1.066858; update 0.057020; evaluation 0.000000
Iteration 35: wall 2.221702s; reaches 0.072283; t2 0.145003; t3 0.811015; k4 1.012303; update 0.051156; evaluation 0.000000
Iteration 36: wall 2.247409s; reaches 0.070830; t2 0.156991; t3 0.815872; k4 1.015527; update 0.043176; evaluation 0.000000
Iteration 37: wall 2.180243s; reaches 0.072159; t2 0.154051; t3 0.784278; k4 0.997903; update 0.042548; evaluation 0.000000
Iteration 38: wall 2.161266s; reaches 0.074157; t2 0.159824; t3 0.756268; k4 1.001218; update 0.046196; evaluation 0.000000
Iteration 39: wall 2.185711s; reaches 0.074550; t2 0.150944; t3 0.809437; k4 0.990522; update 0.038957; evaluation 0.000000
Iteration 40: wall 72.013667s; reaches 0.069976; t2 0.152962; t3 0.767059; k4 1.024300; update 0.060449; evaluation 69.809808
Checkpoint 40: NashConv 0.017270473243; gains [0.0034266243881304614, 0.003986339070857464, 0.004692705609203013, 0.0013651847226598818, 0.0019802955170996894, 0.0018193239351002033]; 292.825462s
Iteration 41: wall 2.073291s; reaches 0.074799; t2 0.161105; t3 0.707034; k4 0.943293; update 0.046477; evaluation 0.000000
Iteration 42: wall 1.989488s; reaches 0.076160; t2 0.148741; t3 0.651951; k4 0.935642; update 0.045204; evaluation 0.000000
Iteration 43: wall 2.253410s; reaches 0.080003; t2 0.179989; t3 0.764428; k4 0.981263; update 0.073054; evaluation 0.000000
Iteration 44: wall 2.592539s; reaches 0.088936; t2 0.241132; t3 0.872168; k4 1.157761; update 0.064200; evaluation 0.000000
Iteration 45: wall 2.615518s; reaches 0.087457; t2 0.207636; t3 0.873101; k4 1.239107; update 0.058002; evaluation 0.000000
Iteration 46: wall 2.568616s; reaches 0.092124; t2 0.201713; t3 0.837114; k4 1.219644; update 0.057696; evaluation 0.000000
Iteration 47: wall 2.538449s; reaches 0.085545; t2 0.202146; t3 0.844982; k4 1.191550; update 0.051314; evaluation 0.000000
Iteration 48: wall 2.595606s; reaches 0.090524; t2 0.204770; t3 0.852277; k4 1.218668; update 0.061685; evaluation 0.000000
Iteration 49: wall 2.554589s; reaches 0.086835; t2 0.208843; t3 0.838954; k4 1.210200; update 0.057368; evaluation 0.000000
Iteration 50: wall 2.542259s; reaches 0.091870; t2 0.213388; t3 0.799119; k4 1.219515; update 0.058335; evaluation 0.000000
Iteration 51: wall 2.484714s; reaches 0.099434; t2 0.191467; t3 0.816184; k4 1.164517; update 0.058432; evaluation 0.000000
Iteration 52: wall 2.688593s; reaches 0.092748; t2 0.209226; t3 0.895561; k4 1.258889; update 0.061587; evaluation 0.000000
Iteration 53: wall 2.675245s; reaches 0.081853; t2 0.190774; t3 0.897041; k4 1.295602; update 0.056051; evaluation 0.000000
Iteration 54: wall 2.657615s; reaches 0.095220; t2 0.205646; t3 0.874861; k4 1.258340; update 0.061723; evaluation 0.000000
Iteration 55: wall 2.561995s; reaches 0.100144; t2 0.193513; t3 0.851125; k4 1.193753; update 0.061690; evaluation 0.000000
Iteration 56: wall 1.901715s; reaches 0.067773; t2 0.157502; t3 0.629317; k4 0.865127; update 0.040353; evaluation 0.000000
Iteration 57: wall 1.948314s; reaches 0.071580; t2 0.145681; t3 0.647005; k4 0.901172; update 0.047607; evaluation 0.000000
Iteration 58: wall 1.912807s; reaches 0.069069; t2 0.148349; t3 0.626127; k4 0.899866; update 0.042463; evaluation 0.000000
Iteration 59: wall 1.885022s; reaches 0.068744; t2 0.147116; t3 0.627150; k4 0.873131; update 0.041030; evaluation 0.000000
Iteration 60: wall 65.078309s; reaches 0.066369; t2 0.139895; t3 0.601515; k4 0.879305; update 0.060532; evaluation 63.210417
Checkpoint 60: NashConv 0.007064640723; gains [0.0013549589635981907, 0.0017302400331128676, 0.0019371931655728092, 0.0005374356746191133, 0.0007618006849643699, 0.0007430122013656754]; 402.944662s
Iteration 61: wall 1.931969s; reaches 0.074487; t2 0.152880; t3 0.627730; k4 0.886332; update 0.051900; evaluation 0.000000
Iteration 62: wall 1.974805s; reaches 0.073437; t2 0.145087; t3 0.646878; k4 0.918859; update 0.048420; evaluation 0.000000
Iteration 63: wall 2.034314s; reaches 0.082463; t2 0.160081; t3 0.654699; k4 0.928929; update 0.056067; evaluation 0.000000
Iteration 64: wall 1.924032s; reaches 0.071813; t2 0.143937; t3 0.616683; k4 0.915449; update 0.043575; evaluation 0.000000
Iteration 65: wall 2.009066s; reaches 0.084054; t2 0.151582; t3 0.641884; k4 0.932970; update 0.051368; evaluation 0.000000
Iteration 66: wall 1.884502s; reaches 0.077498; t2 0.141061; t3 0.628047; k4 0.862533; update 0.044336; evaluation 0.000000
Iteration 67: wall 2.023652s; reaches 0.081735; t2 0.151649; t3 0.653189; k4 0.935788; update 0.052061; evaluation 0.000000
Iteration 68: wall 1.986681s; reaches 0.071575; t2 0.146342; t3 0.679336; k4 0.913429; update 0.045612; evaluation 0.000000
Iteration 69: wall 1.925356s; reaches 0.066561; t2 0.151142; t3 0.633495; k4 0.902130; update 0.041957; evaluation 0.000000
Iteration 70: wall 1.983816s; reaches 0.068158; t2 0.145828; t3 0.662841; k4 0.921656; update 0.050608; evaluation 0.000000
Iteration 71: wall 1.999789s; reaches 0.076339; t2 0.161287; t3 0.645574; k4 0.930729; update 0.045053; evaluation 0.000000
Iteration 72: wall 1.969227s; reaches 0.068302; t2 0.143540; t3 0.676820; k4 0.908147; update 0.040269; evaluation 0.000000
Iteration 73: wall 2.032423s; reaches 0.075777; t2 0.151428; t3 0.693237; k4 0.927625; update 0.047965; evaluation 0.000000
Iteration 74: wall 1.996172s; reaches 0.068383; t2 0.147141; t3 0.679986; k4 0.910544; update 0.050063; evaluation 0.000000
Iteration 75: wall 2.079162s; reaches 0.072163; t2 0.151135; t3 0.721366; k4 0.938558; update 0.053598; evaluation 0.000000
Iteration 76: wall 1.999764s; reaches 0.070296; t2 0.152010; t3 0.660349; k4 0.937473; update 0.052468; evaluation 0.000000
Iteration 77: wall 2.004002s; reaches 0.067951; t2 0.141015; t3 0.676339; k4 0.937191; update 0.048026; evaluation 0.000000
Iteration 78: wall 1.997368s; reaches 0.072029; t2 0.141657; t3 0.645532; k4 0.969915; update 0.044431; evaluation 0.000000
Iteration 79: wall 2.044326s; reaches 0.073640; t2 0.146777; t3 0.698216; k4 0.938155; update 0.047696; evaluation 0.000000
Iteration 80: wall 71.293503s; reaches 0.077566; t2 0.166968; t3 0.726746; k4 1.024319; update 0.064171; evaluation 69.087149
Checkpoint 80: NashConv 0.003862947406; gains [0.0007108124524898563, 0.000993798195715101, 0.0010123059300576054, 0.00031435660873209426, 0.0004403101700034412, 0.0003913640493028031]; 512.039856s
Iteration 81: wall 2.302200s; reaches 0.078504; t2 0.168822; t3 0.772982; k4 1.061809; update 0.061768; evaluation 0.000000
Iteration 82: wall 2.095523s; reaches 0.073073; t2 0.150694; t3 0.691202; k4 0.997727; update 0.050099; evaluation 0.000000
Iteration 83: wall 1.972311s; reaches 0.068806; t2 0.138158; t3 0.672832; k4 0.926249; update 0.044957; evaluation 0.000000
Iteration 84: wall 1.936827s; reaches 0.065891; t2 0.143546; t3 0.645304; k4 0.916834; update 0.041351; evaluation 0.000000
Iteration 85: wall 1.921090s; reaches 0.070072; t2 0.135882; t3 0.642407; k4 0.904734; update 0.046183; evaluation 0.000000
Iteration 86: wall 1.921874s; reaches 0.076778; t2 0.153965; t3 0.622636; k4 0.896212; update 0.045991; evaluation 0.000000
Iteration 87: wall 1.983864s; reaches 0.067033; t2 0.155123; t3 0.665252; k4 0.912158; update 0.044528; evaluation 0.000000
Iteration 88: wall 1.935785s; reaches 0.076772; t2 0.146857; t3 0.627754; k4 0.911815; update 0.040591; evaluation 0.000000
Iteration 89: wall 2.017975s; reaches 0.080383; t2 0.162679; t3 0.637639; k4 0.943843; update 0.055616; evaluation 0.000000
Iteration 90: wall 2.034966s; reaches 0.076720; t2 0.162407; t3 0.646635; k4 0.948914; update 0.048913; evaluation 0.000000
Iteration 91: wall 1.996433s; reaches 0.071025; t2 0.154147; t3 0.652076; k4 0.937717; update 0.044554; evaluation 0.000000
Iteration 92: wall 1.954379s; reaches 0.072796; t2 0.142604; t3 0.643167; k4 0.913431; update 0.048801; evaluation 0.000000
Iteration 93: wall 1.954728s; reaches 0.074992; t2 0.142744; t3 0.647219; k4 0.912948; update 0.048134; evaluation 0.000000
Iteration 94: wall 1.987451s; reaches 0.073117; t2 0.156952; t3 0.653190; k4 0.920206; update 0.050236; evaluation 0.000000
Iteration 95: wall 1.957927s; reaches 0.072264; t2 0.152776; t3 0.647993; k4 0.898676; update 0.049714; evaluation 0.000000
Iteration 96: wall 2.025661s; reaches 0.068431; t2 0.155257; t3 0.663650; k4 0.972005; update 0.038698; evaluation 0.000000
Iteration 97: wall 1.984568s; reaches 0.067153; t2 0.144185; t3 0.669377; k4 0.934514; update 0.038550; evaluation 0.000000
Iteration 98: wall 1.960128s; reaches 0.072739; t2 0.149260; t3 0.648806; k4 0.917848; update 0.040916; evaluation 0.000000
Iteration 99: wall 1.971758s; reaches 0.075466; t2 0.150908; t3 0.629218; k4 0.931920; update 0.043897; evaluation 0.000000
Iteration 100: wall 68.980157s; reaches 0.071619; t2 0.142365; t3 0.645122; k4 0.912605; update 0.053713; evaluation 67.027296
Checkpoint 100: NashConv 0.002493846052; gains [0.00045412553503207387, 0.0006621686757267709, 0.0006257381381177818, 0.00021353854197943278, 0.0002676791743682072, 0.00027059598681196395]; 618.936969s
Iteration 101: wall 1.992748s; reaches 0.071356; t2 0.161828; t3 0.645321; k4 0.922037; update 0.053945; evaluation 0.000000
Iteration 102: wall 1.918718s; reaches 0.067071; t2 0.165399; t3 0.624352; k4 0.884109; update 0.040172; evaluation 0.000000
Iteration 103: wall 1.941581s; reaches 0.066901; t2 0.138996; t3 0.625549; k4 0.928307; update 0.050784; evaluation 0.000000
Iteration 104: wall 2.012631s; reaches 0.073669; t2 0.140543; t3 0.649716; k4 0.949280; update 0.063965; evaluation 0.000000
Iteration 105: wall 1.972170s; reaches 0.070835; t2 0.155887; t3 0.621053; k4 0.936304; update 0.046528; evaluation 0.000000
Iteration 106: wall 1.971680s; reaches 0.080914; t2 0.150299; t3 0.625724; k4 0.927123; update 0.044635; evaluation 0.000000
Iteration 107: wall 1.948970s; reaches 0.074340; t2 0.152509; t3 0.651632; k4 0.896455; update 0.043430; evaluation 0.000000
Iteration 108: wall 1.956621s; reaches 0.072398; t2 0.156594; t3 0.646826; k4 0.902687; update 0.039880; evaluation 0.000000
Iteration 109: wall 2.037815s; reaches 0.076330; t2 0.153651; t3 0.663141; k4 0.948865; update 0.056048; evaluation 0.000000
Iteration 110: wall 1.956839s; reaches 0.074105; t2 0.145007; t3 0.639653; k4 0.917216; update 0.047048; evaluation 0.000000
Iteration 111: wall 1.950876s; reaches 0.069969; t2 0.151731; t3 0.629746; k4 0.924990; update 0.045406; evaluation 0.000000
Iteration 112: wall 1.944320s; reaches 0.074486; t2 0.144497; t3 0.628791; k4 0.915565; update 0.048230; evaluation 0.000000
Iteration 113: wall 1.952926s; reaches 0.068428; t2 0.146754; t3 0.613876; k4 0.939725; update 0.045106; evaluation 0.000000
Iteration 114: wall 1.940977s; reaches 0.070107; t2 0.136869; t3 0.617919; k4 0.935385; update 0.049105; evaluation 0.000000
Iteration 115: wall 1.903856s; reaches 0.070372; t2 0.138432; t3 0.619260; k4 0.909089; update 0.042586; evaluation 0.000000
Iteration 116: wall 1.955755s; reaches 0.066977; t2 0.143320; t3 0.646132; k4 0.925601; update 0.041904; evaluation 0.000000
Iteration 117: wall 1.908626s; reaches 0.064641; t2 0.142080; t3 0.639054; k4 0.890433; update 0.046170; evaluation 0.000000
Iteration 118: wall 2.005511s; reaches 0.069025; t2 0.174628; t3 0.632924; k4 0.935969; update 0.052959; evaluation 0.000000
Iteration 119: wall 1.967707s; reaches 0.076572; t2 0.159095; t3 0.618813; k4 0.924307; update 0.051023; evaluation 0.000000
Iteration 120: wall 68.582948s; reaches 0.072258; t2 0.141511; t3 0.616352; k4 0.882990; update 0.053477; evaluation 66.686615
Checkpoint 120: NashConv 0.001759985799; gains [0.0003070329091753865, 0.0004792558565717975, 0.00044482560626762924, 0.00015475492758036669, 0.00018785394686471335, 0.00018626255221060317]; 724.761612s
Iteration 121: wall 1.889105s; reaches 0.069940; t2 0.144323; t3 0.614617; k4 0.877145; update 0.047486; evaluation 0.000000
Iteration 122: wall 1.942885s; reaches 0.073781; t2 0.145990; t3 0.617556; k4 0.921735; update 0.051911; evaluation 0.000000
Iteration 123: wall 1.926347s; reaches 0.069758; t2 0.151400; t3 0.628834; k4 0.904502; update 0.040153; evaluation 0.000000
Iteration 124: wall 1.978741s; reaches 0.073447; t2 0.150582; t3 0.630391; k4 0.941842; update 0.046721; evaluation 0.000000
Iteration 125: wall 2.487086s; reaches 0.148880; t2 0.173808; t3 0.764772; k4 1.208911; update 0.050134; evaluation 0.000000
Iteration 126: wall 2.806376s; reaches 0.112550; t2 0.268815; t3 0.842043; k4 1.314874; update 0.067716; evaluation 0.000000
Iteration 127: wall 2.274603s; reaches 0.081780; t2 0.188917; t3 0.704983; k4 1.072992; update 0.060943; evaluation 0.000000
Iteration 128: wall 2.307881s; reaches 0.076006; t2 0.198263; t3 0.726501; k4 1.082346; update 0.052182; evaluation 0.000000
Iteration 129: wall 2.148630s; reaches 0.077350; t2 0.158725; t3 0.688644; k4 1.016623; update 0.058806; evaluation 0.000000
Iteration 130: wall 1.904133s; reaches 0.069844; t2 0.147517; t3 0.614627; k4 0.898393; update 0.040607; evaluation 0.000000
Iteration 131: wall 1.875804s; reaches 0.071801; t2 0.151549; t3 0.606227; k4 0.877421; update 0.040961; evaluation 0.000000
Iteration 132: wall 1.938680s; reaches 0.071195; t2 0.158276; t3 0.621655; k4 0.918269; update 0.042557; evaluation 0.000000
Iteration 133: wall 1.921041s; reaches 0.071549; t2 0.152507; t3 0.616552; k4 0.892277; update 0.052057; evaluation 0.000000
Iteration 134: wall 1.909958s; reaches 0.081799; t2 0.140596; t3 0.629778; k4 0.878594; update 0.052041; evaluation 0.000000
Iteration 135: wall 1.948079s; reaches 0.069984; t2 0.156536; t3 0.627587; k4 0.924628; update 0.041847; evaluation 0.000000
Iteration 136: wall 1.955067s; reaches 0.064616; t2 0.149704; t3 0.638202; k4 0.923862; update 0.049438; evaluation 0.000000
Iteration 137: wall 1.929853s; reaches 0.069307; t2 0.147443; t3 0.610544; k4 0.921048; update 0.050557; evaluation 0.000000
Iteration 138: wall 1.890525s; reaches 0.067918; t2 0.151968; t3 0.599085; k4 0.893787; update 0.049092; evaluation 0.000000
Iteration 139: wall 1.955047s; reaches 0.066668; t2 0.139723; t3 0.644614; k4 0.936153; update 0.040772; evaluation 0.000000
Iteration 140: wall 68.719871s; reaches 0.069201; t2 0.143016; t3 0.633228; k4 0.913593; update 0.053248; evaluation 66.772271
Checkpoint 140: NashConv 0.001350933579; gains [0.00023988538689681538, 0.0003641660059562901, 0.0003358301316895851, 0.0001236001963229455, 0.00015699684084245769, 0.00013045501695703454]; 832.472560s
Iteration 141: wall 2.022660s; reaches 0.076205; t2 0.182772; t3 0.624589; k4 0.914637; update 0.058600; evaluation 0.000000
Iteration 142: wall 1.943087s; reaches 0.066130; t2 0.145971; t3 0.623201; k4 0.936742; update 0.043336; evaluation 0.000000
Iteration 143: wall 1.962685s; reaches 0.074408; t2 0.158625; t3 0.610686; k4 0.930644; update 0.041324; evaluation 0.000000
Iteration 144: wall 1.984349s; reaches 0.067945; t2 0.147650; t3 0.631965; k4 0.959057; update 0.039957; evaluation 0.000000
Iteration 145: wall 1.914190s; reaches 0.072995; t2 0.154651; t3 0.605459; k4 0.909223; update 0.044116; evaluation 0.000000
Iteration 146: wall 1.877646s; reaches 0.068039; t2 0.142711; t3 0.587678; k4 0.893910; update 0.054006; evaluation 0.000000
Iteration 147: wall 1.899201s; reaches 0.067233; t2 0.150972; t3 0.610103; k4 0.887200; update 0.050898; evaluation 0.000000
Iteration 148: wall 1.932439s; reaches 0.071876; t2 0.152499; t3 0.613939; k4 0.902470; update 0.049585; evaluation 0.000000
Iteration 149: wall 1.905606s; reaches 0.069534; t2 0.156411; t3 0.607035; k4 0.892454; update 0.046463; evaluation 0.000000
Iteration 150: wall 2.123516s; reaches 0.068550; t2 0.166951; t3 0.714363; k4 0.973720; update 0.052076; evaluation 0.000000
Iteration 151: wall 1.981518s; reaches 0.079414; t2 0.164947; t3 0.624159; k4 0.916588; update 0.053401; evaluation 0.000000
Iteration 152: wall 1.963997s; reaches 0.074056; t2 0.143136; t3 0.624681; k4 0.943348; update 0.045293; evaluation 0.000000
Iteration 153: wall 2.089636s; reaches 0.085346; t2 0.150314; t3 0.629465; k4 1.006932; update 0.062201; evaluation 0.000000
Iteration 154: wall 1.912020s; reaches 0.073005; t2 0.150623; t3 0.606064; k4 0.893018; update 0.055572; evaluation 0.000000
Iteration 155: wall 1.832967s; reaches 0.063501; t2 0.140820; t3 0.589833; k4 0.870452; update 0.045972; evaluation 0.000000
Iteration 156: wall 1.855789s; reaches 0.073603; t2 0.142399; t3 0.588620; k4 0.862962; update 0.047830; evaluation 0.000000
Iteration 157: wall 1.800998s; reaches 0.067359; t2 0.148325; t3 0.559170; k4 0.852223; update 0.045427; evaluation 0.000000
Iteration 158: wall 1.791466s; reaches 0.064804; t2 0.147869; t3 0.583258; k4 0.816420; update 0.048248; evaluation 0.000000
Iteration 159: wall 1.901730s; reaches 0.070213; t2 0.137617; t3 0.596772; k4 0.932783; update 0.045899; evaluation 0.000000
Iteration 160: wall 78.471894s; reaches 0.069789; t2 0.146409; t3 0.602028; k4 0.938178; update 0.053438; evaluation 76.537337
Checkpoint 160: NashConv 0.001077218435; gains [0.00019917204120772913, 0.00028368852355170615, 0.00025439992590561844, 9.66333934212249e-5, 0.00012898818280586422, 0.00011433636789334733]; 947.641297s
Iteration 161: wall 3.884300s; reaches 0.497899; t2 0.318631; t3 1.143501; k4 1.656771; update 0.102327; evaluation 0.000000
Iteration 162: wall 2.916722s; reaches 0.184739; t2 0.337301; t3 0.817830; k4 1.224315; update 0.075148; evaluation 0.000000
Iteration 163: wall 2.662582s; reaches 0.185494; t2 0.226837; t3 0.761738; k4 1.109188; update 0.095082; evaluation 0.000000
Iteration 164: wall 2.519164s; reaches 0.173509; t2 0.290507; t3 0.743075; k4 1.042568; update 0.057660; evaluation 0.000000
Iteration 165: wall 2.546768s; reaches 0.152017; t2 0.270941; t3 0.770169; k4 1.090562; update 0.076476; evaluation 0.000000
Iteration 166: wall 2.610717s; reaches 0.155149; t2 0.278506; t3 0.799004; k4 1.122733; update 0.076505; evaluation 0.000000
Iteration 167: wall 3.583554s; reaches 0.524514; t2 0.250562; t3 1.115595; k4 1.438874; update 0.061969; evaluation 0.000000
Iteration 168: wall 3.157472s; reaches 0.299443; t2 0.186007; t3 0.982137; k4 1.447796; update 0.052630; evaluation 0.000000
Iteration 169: wall 2.876632s; reaches 0.151070; t2 0.308459; t3 0.992069; k4 1.151228; update 0.057152; evaluation 0.000000
Iteration 170: wall 2.774206s; reaches 0.108836; t2 0.280420; t3 0.821865; k4 1.232945; update 0.073922; evaluation 0.000000
Iteration 171: wall 2.697068s; reaches 0.128282; t2 0.226351; t3 0.847107; k4 1.223653; update 0.078224; evaluation 0.000000
Iteration 172: wall 2.767798s; reaches 0.169905; t2 0.239925; t3 0.836382; k4 1.239145; update 0.090279; evaluation 0.000000
Iteration 173: wall 2.751700s; reaches 0.153601; t2 0.252803; t3 0.856789; k4 1.210343; update 0.070153; evaluation 0.000000
Iteration 174: wall 3.807242s; reaches 0.468296; t2 0.297850; t3 1.026369; k4 1.752865; update 0.074546; evaluation 0.000000
Iteration 175: wall 2.736771s; reaches 0.131680; t2 0.274765; t3 0.778197; k4 1.269514; update 0.052998; evaluation 0.000000
Iteration 176: wall 2.544358s; reaches 0.134970; t2 0.243915; t3 0.757454; k4 1.134061; update 0.065677; evaluation 0.000000
Iteration 177: wall 2.524602s; reaches 0.120396; t2 0.268133; t3 0.766739; k4 1.121491; update 0.069584; evaluation 0.000000
Iteration 178: wall 2.655881s; reaches 0.087367; t2 0.285630; t3 0.788149; k4 1.138498; update 0.094129; evaluation 0.000000
Iteration 179: wall 3.594489s; reaches 0.403095; t2 0.282483; t3 0.989107; k4 1.636415; update 0.078061; evaluation 0.000000
Iteration 180: wall 71.689313s; reaches 0.135345; t2 0.286195; t3 0.875751; k4 1.054229; update 0.086587; evaluation 69.036853
Checkpoint 180: NashConv 0.000897460699; gains [0.00017106991301574226, 0.00023417599992467397, 0.00020616015938290655, 7.758020530469756e-5, 0.00011049343832351954, 9.798098348094697e-5]; 1074.943697s
Iteration 181: wall 1.887878s; reaches 0.071918; t2 0.153449; t3 0.575220; k4 0.892501; update 0.055905; evaluation 0.000000
Iteration 182: wall 1.871801s; reaches 0.068366; t2 0.146776; t3 0.586859; k4 0.895510; update 0.042113; evaluation 0.000000
Iteration 183: wall 1.896104s; reaches 0.072295; t2 0.158424; t3 0.585301; k4 0.889925; update 0.051839; evaluation 0.000000
Iteration 184: wall 1.811804s; reaches 0.076635; t2 0.154355; t3 0.549841; k4 0.865350; update 0.039934; evaluation 0.000000
Iteration 185: wall 1.849168s; reaches 0.072768; t2 0.160496; t3 0.590809; k4 0.856473; update 0.038681; evaluation 0.000000
Iteration 186: wall 1.782837s; reaches 0.064535; t2 0.144621; t3 0.585988; k4 0.821262; update 0.040374; evaluation 0.000000
Iteration 187: wall 1.809989s; reaches 0.063764; t2 0.147639; t3 0.591666; k4 0.834098; update 0.046369; evaluation 0.000000
Iteration 188: wall 1.905728s; reaches 0.067337; t2 0.148068; t3 0.605493; k4 0.899729; update 0.049848; evaluation 0.000000
Iteration 189: wall 1.835029s; reaches 0.069008; t2 0.146875; t3 0.584928; k4 0.870642; update 0.041874; evaluation 0.000000
Iteration 190: wall 1.897547s; reaches 0.071790; t2 0.148421; t3 0.611760; k4 0.890350; update 0.048289; evaluation 0.000000
Iteration 191: wall 1.982998s; reaches 0.075719; t2 0.145429; t3 0.624269; k4 0.951180; update 0.052096; evaluation 0.000000
Iteration 192: wall 2.011390s; reaches 0.088661; t2 0.173141; t3 0.615709; k4 0.935326; update 0.058880; evaluation 0.000000
Iteration 193: wall 2.542676s; reaches 0.139324; t2 0.208772; t3 0.809113; k4 1.183917; update 0.055324; evaluation 0.000000
Iteration 194: wall 4.781029s; reaches 0.681949; t2 0.266644; t3 1.433680; k4 2.112308; update 0.058459; evaluation 0.000000
Iteration 195: wall 4.811085s; reaches 0.670241; t2 0.302488; t3 1.401311; k4 2.166105; update 0.094217; evaluation 0.000000
Iteration 196: wall 4.599459s; reaches 0.740263; t2 0.258669; t3 1.539358; k4 1.749805; update 0.101119; evaluation 0.000000
Iteration 197: wall 4.757617s; reaches 0.580958; t2 0.263741; t3 1.582367; k4 1.968345; update 0.138796; evaluation 0.000000
Iteration 198: wall 4.409696s; reaches 0.573948; t2 0.277988; t3 1.450621; k4 1.760983; update 0.074111; evaluation 0.000000
Iteration 199: wall 4.390827s; reaches 0.643939; t2 0.283035; t3 1.315748; k4 1.857698; update 0.093432; evaluation 0.000000
Iteration 200: wall 65.371464s; reaches 0.083182; t2 0.176948; t3 0.609812; k4 0.933486; update 0.060906; evaluation 63.331663
Checkpoint 200: NashConv 0.000783512493; gains [0.00015149832975652755, 0.0002059014501144263, 0.0001736715333944261, 7.442188993948828e-5, 9.295421215881061e-5, 8.506507781637362e-5]; 1193.150772s
Iterations: 200; reached target: false; solve phases SolveTimings { reaches: 21.53591680000001, t2: 34.86264619999997, t3: 149.27557119999986, k4: 204.7971103000003, update: 10.57733170000001, evaluation: 742.5117245 }
