Tree: 5466 decisions, 6131 terminals (0.068s)
Tables: 0.192s; model: 0.004s
Checkpoint 0: NashConv 16.253518395504; gains [2.5113353501453846, 2.42509798850833, 2.453835673497514, 3.151256202891145, 2.9940613615034137, 2.7179318189580672]; 67.803453s
Iteration 1: wall 3.641683s; reaches 0.291919; t2 0.205421; t3 1.479195; k4 1.494899; update 0.043933; evaluation 0.000000
Iteration 2: wall 2.142527s; reaches 0.078628; t2 0.181654; t3 0.818236; k4 0.884811; update 0.049125; evaluation 0.000000
Iteration 3: wall 2.591713s; reaches 0.083341; t2 0.191396; t3 0.898243; k4 1.213834; update 0.048641; evaluation 0.000000
Iteration 4: wall 2.665069s; reaches 0.081540; t2 0.179914; t3 0.800559; k4 1.412876; update 0.053748; evaluation 0.000000
Iteration 5: wall 2.702703s; reaches 0.079463; t2 0.189245; t3 0.729665; k4 1.515758; update 0.049423; evaluation 0.000000
Iteration 6: wall 2.537765s; reaches 0.077405; t2 0.175999; t3 0.630385; k4 1.463004; update 0.044070; evaluation 0.000000
Iteration 7: wall 2.672768s; reaches 0.068503; t2 0.161035; t3 0.625447; k4 1.650320; update 0.041846; evaluation 0.000000
Iteration 8: wall 2.871509s; reaches 0.081182; t2 0.162535; t3 0.649431; k4 1.797179; update 0.049309; evaluation 0.000000
Iteration 9: wall 2.975014s; reaches 0.081935; t2 0.182102; t3 0.644139; k4 1.884375; update 0.048780; evaluation 0.000000
Iteration 10: wall 2.939251s; reaches 0.066783; t2 0.168196; t3 0.622476; k4 1.917310; update 0.036621; evaluation 0.000000
Iteration 11: wall 2.935105s; reaches 0.078770; t2 0.162194; t3 0.584776; k4 1.940497; update 0.043381; evaluation 0.000000
Iteration 12: wall 2.966029s; reaches 0.078258; t2 0.160635; t3 0.601949; k4 1.943189; update 0.048169; evaluation 0.000000
Iteration 13: wall 3.053590s; reaches 0.074975; t2 0.165908; t3 0.621480; k4 2.018815; update 0.044812; evaluation 0.000000
Iteration 14: wall 3.071940s; reaches 0.085832; t2 0.161571; t3 0.604429; k4 2.021877; update 0.055447; evaluation 0.000000
Iteration 15: wall 2.957454s; reaches 0.080021; t2 0.164029; t3 0.557445; k4 1.964345; update 0.051057; evaluation 0.000000
Iteration 16: wall 3.086461s; reaches 0.090624; t2 0.188865; t3 0.538546; k4 2.039480; update 0.062230; evaluation 0.000000
Iteration 17: wall 3.066394s; reaches 0.081017; t2 0.167299; t3 0.564603; k4 2.044262; update 0.054838; evaluation 0.000000
Iteration 18: wall 2.965191s; reaches 0.068431; t2 0.156581; t3 0.562615; k4 1.999308; update 0.050429; evaluation 0.000000
Iteration 19: wall 3.003328s; reaches 0.077108; t2 0.150578; t3 0.572595; k4 2.007180; update 0.059708; evaluation 0.000000
Iteration 20: wall 71.280386s; reaches 0.072088; t2 0.156533; t3 0.545196; k4 2.020877; update 0.059797; evaluation 68.273038
Checkpoint 20: NashConv 0.087245902631; gains [0.017176730243115557, 0.02150193026016206, 0.021721256195903815, 0.009619269060131802, 0.008568069710437429, 0.008658647160754124]; 193.930634s
Iteration 21: wall 2.984722s; reaches 0.075387; t2 0.174657; t3 0.555985; k4 1.994708; update 0.047871; evaluation 0.000000
Iteration 22: wall 3.027368s; reaches 0.079296; t2 0.163286; t3 0.568335; k4 2.023525; update 0.049278; evaluation 0.000000
Iteration 23: wall 2.913814s; reaches 0.072840; t2 0.147481; t3 0.544932; k4 1.971334; update 0.046346; evaluation 0.000000
Iteration 24: wall 3.696852s; reaches 0.188206; t2 0.191578; t3 0.651823; k4 2.449356; update 0.056859; evaluation 0.000000
Iteration 25: wall 3.756800s; reaches 0.104557; t2 0.230557; t3 0.640968; k4 2.518415; update 0.069815; evaluation 0.000000
Iteration 26: wall 3.357685s; reaches 0.081598; t2 0.189571; t3 0.607521; k4 2.257381; update 0.067206; evaluation 0.000000
Iteration 27: wall 3.037557s; reaches 0.071549; t2 0.163726; t3 0.565940; k4 2.033079; update 0.055115; evaluation 0.000000
Iteration 28: wall 2.854672s; reaches 0.074928; t2 0.149548; t3 0.544576; k4 1.913976; update 0.043415; evaluation 0.000000
Iteration 29: wall 2.879153s; reaches 0.069324; t2 0.147975; t3 0.553843; k4 1.934346; update 0.043203; evaluation 0.000000
Iteration 30: wall 2.938435s; reaches 0.069143; t2 0.151941; t3 0.566207; k4 1.968652; update 0.047419; evaluation 0.000000
Iteration 31: wall 3.022066s; reaches 0.075926; t2 0.162169; t3 0.567009; k4 2.013281; update 0.055366; evaluation 0.000000
Iteration 32: wall 2.994888s; reaches 0.071062; t2 0.176458; t3 0.539791; k4 2.019137; update 0.044483; evaluation 0.000000
Iteration 33: wall 2.981133s; reaches 0.074225; t2 0.148557; t3 0.562241; k4 2.008486; update 0.048260; evaluation 0.000000
Iteration 34: wall 2.929150s; reaches 0.067854; t2 0.171946; t3 0.553150; k4 1.951862; update 0.053302; evaluation 0.000000
Iteration 35: wall 2.959627s; reaches 0.081797; t2 0.151693; t3 0.543201; k4 1.976007; update 0.064239; evaluation 0.000000
Iteration 36: wall 2.984996s; reaches 0.072514; t2 0.171749; t3 0.546440; k4 1.985016; update 0.059151; evaluation 0.000000
Iteration 37: wall 2.999242s; reaches 0.071166; t2 0.144872; t3 0.547504; k4 2.051789; update 0.051697; evaluation 0.000000
Iteration 38: wall 2.895961s; reaches 0.081682; t2 0.164347; t3 0.543613; k4 1.906062; update 0.057991; evaluation 0.000000
Iteration 39: wall 2.870657s; reaches 0.073556; t2 0.148549; t3 0.543538; k4 1.931788; update 0.041222; evaluation 0.000000
Iteration 40: wall 71.099739s; reaches 0.077820; t2 0.155137; t3 0.560274; k4 2.017091; update 0.056188; evaluation 68.092145
Checkpoint 40: NashConv 0.017999079513; gains [0.0037492756225344648, 0.004213734003734898, 0.004732018684744654, 0.0018457280648926239, 0.0015904653891084947, 0.0018678577482329206]; 323.116272s
Iteration 41: wall 2.837206s; reaches 0.075392; t2 0.160051; t3 0.529139; k4 1.883102; update 0.046094; evaluation 0.000000
Iteration 42: wall 2.902556s; reaches 0.075409; t2 0.142060; t3 0.533799; k4 1.978157; update 0.040739; evaluation 0.000000
Iteration 43: wall 2.782906s; reaches 0.070572; t2 0.136825; t3 0.526763; k4 1.868242; update 0.053527; evaluation 0.000000
Iteration 44: wall 2.786208s; reaches 0.085574; t2 0.161596; t3 0.516608; k4 1.828111; update 0.054579; evaluation 0.000000
Iteration 45: wall 2.870395s; reaches 0.070725; t2 0.154057; t3 0.553100; k4 1.907679; update 0.047925; evaluation 0.000000
Iteration 46: wall 2.827120s; reaches 0.071721; t2 0.148810; t3 0.528596; k4 1.884207; update 0.049425; evaluation 0.000000
Iteration 47: wall 2.740268s; reaches 0.073535; t2 0.162927; t3 0.511721; k4 1.811404; update 0.040173; evaluation 0.000000
Iteration 48: wall 2.772145s; reaches 0.070767; t2 0.148695; t3 0.528403; k4 1.853828; update 0.042684; evaluation 0.000000
Iteration 49: wall 2.768142s; reaches 0.070655; t2 0.158375; t3 0.533005; k4 1.834544; update 0.047024; evaluation 0.000000
Iteration 50: wall 2.734259s; reaches 0.075388; t2 0.140876; t3 0.530746; k4 1.821797; update 0.040936; evaluation 0.000000
Iteration 51: wall 2.742713s; reaches 0.067495; t2 0.153710; t3 0.526487; k4 1.813308; update 0.041696; evaluation 0.000000
Iteration 52: wall 2.954382s; reaches 0.070228; t2 0.156142; t3 0.573219; k4 1.968681; update 0.049347; evaluation 0.000000
Iteration 53: wall 2.861604s; reaches 0.064054; t2 0.151921; t3 0.564060; k4 1.911094; update 0.043269; evaluation 0.000000
Iteration 54: wall 2.915971s; reaches 0.074873; t2 0.156280; t3 0.537564; k4 1.958299; update 0.044386; evaluation 0.000000
Iteration 55: wall 2.850774s; reaches 0.084535; t2 0.179997; t3 0.528573; k4 1.866317; update 0.046721; evaluation 0.000000
Iteration 56: wall 2.718244s; reaches 0.068181; t2 0.141688; t3 0.527665; k4 1.810427; update 0.042884; evaluation 0.000000
Iteration 57: wall 2.788706s; reaches 0.069862; t2 0.137995; t3 0.520472; k4 1.895013; update 0.044893; evaluation 0.000000
Iteration 58: wall 2.791496s; reaches 0.078331; t2 0.143504; t3 0.523139; k4 1.866525; update 0.050264; evaluation 0.000000
Iteration 59: wall 2.797230s; reaches 0.069127; t2 0.154333; t3 0.535639; k4 1.856297; update 0.048210; evaluation 0.000000
Iteration 60: wall 73.124462s; reaches 0.070779; t2 0.141853; t3 0.539790; k4 1.810276; update 0.055396; evaluation 70.369400
Checkpoint 60: NashConv 0.007356817425; gains [0.0014835228318536842, 0.0018127223821584326, 0.0019274057321679028, 0.0006983669622976918, 0.0006597896617842325, 0.0007750098546262935]; 449.684351s
Iteration 61: wall 2.698619s; reaches 0.088133; t2 0.146129; t3 0.506990; k4 1.770497; update 0.051012; evaluation 0.000000
Iteration 62: wall 2.783234s; reaches 0.074067; t2 0.145149; t3 0.522324; k4 1.847472; update 0.056811; evaluation 0.000000
Iteration 63: wall 2.708582s; reaches 0.075563; t2 0.145635; t3 0.508940; k4 1.801556; update 0.050043; evaluation 0.000000
Iteration 64: wall 2.724271s; reaches 0.068839; t2 0.143828; t3 0.524178; k4 1.809615; update 0.045184; evaluation 0.000000
Iteration 65: wall 2.765208s; reaches 0.069010; t2 0.147496; t3 0.531756; k4 1.844480; update 0.047487; evaluation 0.000000
Iteration 66: wall 2.702353s; reaches 0.067307; t2 0.147041; t3 0.506852; k4 1.799935; update 0.049884; evaluation 0.000000
Iteration 67: wall 2.740044s; reaches 0.066292; t2 0.158517; t3 0.525058; k4 1.813074; update 0.046570; evaluation 0.000000
Iteration 68: wall 2.758211s; reaches 0.072778; t2 0.153296; t3 0.515046; k4 1.841997; update 0.042325; evaluation 0.000000
Iteration 69: wall 2.752894s; reaches 0.069756; t2 0.152410; t3 0.510076; k4 1.842541; update 0.046490; evaluation 0.000000
Iteration 70: wall 2.690580s; reaches 0.065161; t2 0.144074; t3 0.523465; k4 1.789785; update 0.042347; evaluation 0.000000
Iteration 71: wall 2.730081s; reaches 0.074673; t2 0.142306; t3 0.519186; k4 1.820150; update 0.044748; evaluation 0.000000
Iteration 72: wall 2.801972s; reaches 0.068326; t2 0.151361; t3 0.518938; k4 1.883217; update 0.045394; evaluation 0.000000
Iteration 73: wall 2.718634s; reaches 0.067943; t2 0.141451; t3 0.513203; k4 1.816688; update 0.050633; evaluation 0.000000
Iteration 74: wall 2.704922s; reaches 0.067014; t2 0.147339; t3 0.504039; k4 1.817746; update 0.043140; evaluation 0.000000
Iteration 75: wall 2.698569s; reaches 0.067402; t2 0.135914; t3 0.499614; k4 1.826807; update 0.046379; evaluation 0.000000
Iteration 76: wall 2.697420s; reaches 0.066543; t2 0.143732; t3 0.517241; k4 1.791222; update 0.046833; evaluation 0.000000
Iteration 77: wall 2.660183s; reaches 0.064653; t2 0.148953; t3 0.490088; k4 1.780318; update 0.043253; evaluation 0.000000
Iteration 78: wall 2.707705s; reaches 0.071210; t2 0.143119; t3 0.500687; k4 1.808104; update 0.047401; evaluation 0.000000
Iteration 79: wall 2.731243s; reaches 0.067658; t2 0.153647; t3 0.491484; k4 1.847054; update 0.044273; evaluation 0.000000
Iteration 80: wall 69.563944s; reaches 0.071052; t2 0.149233; t3 0.486389; k4 1.813386; update 0.066550; evaluation 66.846701
Checkpoint 80: NashConv 0.003978592141; gains [0.0007599958703128074, 0.0010154712002914956, 0.0010220243288316666, 0.00038875192377102463, 0.0004010090699441693, 0.00039133974747966593]; 571.024375s
Iteration 81: wall 2.716603s; reaches 0.081801; t2 0.171983; t3 0.506529; k4 1.764581; update 0.044650; evaluation 0.000000
Iteration 82: wall 2.716454s; reaches 0.076236; t2 0.143360; t3 0.499023; k4 1.812665; update 0.049369; evaluation 0.000000
Iteration 83: wall 2.954991s; reaches 0.082964; t2 0.173184; t3 0.523423; k4 1.965332; update 0.056244; evaluation 0.000000
Iteration 84: wall 2.651373s; reaches 0.065804; t2 0.151000; t3 0.489228; k4 1.769445; update 0.047096; evaluation 0.000000
Iteration 85: wall 2.637288s; reaches 0.071292; t2 0.146673; t3 0.486708; k4 1.764002; update 0.040316; evaluation 0.000000
Iteration 86: wall 2.820812s; reaches 0.072630; t2 0.168579; t3 0.517839; k4 1.857236; update 0.044924; evaluation 0.000000
Iteration 87: wall 2.668132s; reaches 0.070102; t2 0.160639; t3 0.496171; k4 1.752850; update 0.051239; evaluation 0.000000
Iteration 88: wall 2.769403s; reaches 0.074314; t2 0.153042; t3 0.517865; k4 1.830771; update 0.053043; evaluation 0.000000
Iteration 89: wall 2.797530s; reaches 0.078068; t2 0.159382; t3 0.517436; k4 1.834104; update 0.055327; evaluation 0.000000
Iteration 90: wall 4.394462s; reaches 0.623470; t2 0.210821; t3 0.899541; k4 2.389432; update 0.088241; evaluation 0.000000
Iteration 91: wall 3.883326s; reaches 0.166179; t2 0.314812; t3 0.681412; k4 2.340846; update 0.113678; evaluation 0.000000
Iteration 92: wall 3.785498s; reaches 0.138368; t2 0.331923; t3 0.709754; k4 2.284484; update 0.097190; evaluation 0.000000
Iteration 93: wall 3.678261s; reaches 0.145938; t2 0.309596; t3 0.661473; k4 2.268253; update 0.092244; evaluation 0.000000
Iteration 94: wall 4.278948s; reaches 0.170416; t2 0.320533; t3 0.833142; k4 2.614442; update 0.084381; evaluation 0.000000
Iteration 95: wall 4.333402s; reaches 0.154307; t2 0.317771; t3 0.800969; k4 2.712734; update 0.076156; evaluation 0.000000
Iteration 96: wall 3.648434s; reaches 0.148542; t2 0.278700; t3 0.669140; k4 2.237209; update 0.082303; evaluation 0.000000
Iteration 97: wall 3.660558s; reaches 0.193384; t2 0.330153; t3 0.611476; k4 2.236312; update 0.068698; evaluation 0.000000
Iteration 98: wall 3.748526s; reaches 0.165589; t2 0.295867; t3 0.677750; k4 2.289798; update 0.088768; evaluation 0.000000
Iteration 99: wall 4.890118s; reaches 0.342640; t2 0.322385; t3 0.887830; k4 3.022996; update 0.068983; evaluation 0.000000
Iteration 100: wall 87.201332s; reaches 0.166867; t2 0.302476; t3 0.681955; k4 2.301497; update 0.105453; evaluation 83.389199
Checkpoint 100: NashConv 0.002558259530; gains [0.00048548645469714824, 0.0006701884823187287, 0.0006347540011890085, 0.00025564870306059306, 0.00023585230883377273, 0.0002763295803970278]; 723.261183s
Iteration 101: wall 4.933325s; reaches 0.360906; t2 0.381006; t3 0.960826; k4 2.850408; update 0.075425; evaluation 0.000000
Iteration 102: wall 3.727019s; reaches 0.124501; t2 0.317947; t3 0.686296; k4 2.307023; update 0.103009; evaluation 0.000000
Iteration 103: wall 3.683348s; reaches 0.138041; t2 0.304468; t3 0.635095; k4 2.263553; update 0.063666; evaluation 0.000000
Iteration 104: wall 3.468199s; reaches 0.126596; t2 0.234287; t3 0.650413; k4 2.169277; update 0.058517; evaluation 0.000000
Iteration 105: wall 4.446389s; reaches 0.391525; t2 0.294017; t3 0.863020; k4 2.655052; update 0.066601; evaluation 0.000000
Iteration 106: wall 2.623203s; reaches 0.067335; t2 0.158679; t3 0.490550; k4 1.727570; update 0.043021; evaluation 0.000000
Iteration 107: wall 2.491591s; reaches 0.064436; t2 0.133739; t3 0.481736; k4 1.653783; update 0.045155; evaluation 0.000000
Iteration 108: wall 2.463879s; reaches 0.059906; t2 0.139002; t3 0.452043; k4 1.647565; update 0.043666; evaluation 0.000000
Iteration 109: wall 2.503403s; reaches 0.075283; t2 0.143504; t3 0.466603; k4 1.655562; update 0.041905; evaluation 0.000000
Iteration 110: wall 2.547499s; reaches 0.066779; t2 0.134576; t3 0.481730; k4 1.702075; update 0.042383; evaluation 0.000000
Iteration 111: wall 2.566177s; reaches 0.069545; t2 0.139866; t3 0.475466; k4 1.703410; update 0.046878; evaluation 0.000000
Iteration 112: wall 2.547923s; reaches 0.068856; t2 0.136437; t3 0.486232; k4 1.693237; update 0.043559; evaluation 0.000000
Iteration 113: wall 2.693641s; reaches 0.081694; t2 0.161903; t3 0.496004; k4 1.738523; update 0.056212; evaluation 0.000000
Iteration 114: wall 2.531180s; reaches 0.067397; t2 0.145085; t3 0.466013; k4 1.669832; update 0.045471; evaluation 0.000000
Iteration 115: wall 2.630059s; reaches 0.082407; t2 0.159740; t3 0.502206; k4 1.685139; update 0.054593; evaluation 0.000000
Iteration 116: wall 2.753169s; reaches 0.077671; t2 0.167086; t3 0.509198; k4 1.790135; update 0.054982; evaluation 0.000000
Iteration 117: wall 2.642788s; reaches 0.072642; t2 0.158661; t3 0.493277; k4 1.722234; update 0.053709; evaluation 0.000000
Iteration 118: wall 2.670691s; reaches 0.076496; t2 0.163101; t3 0.486708; k4 1.753951; update 0.043786; evaluation 0.000000
Iteration 119: wall 2.527654s; reaches 0.075805; t2 0.134309; t3 0.463392; k4 1.671961; update 0.054481; evaluation 0.000000
Iteration 120: wall 127.689473s; reaches 0.078805; t2 0.150838; t3 0.505321; k4 1.753177; update 0.061895; evaluation 124.993582
Checkpoint 120: NashConv 0.001811344251; gains [0.00032562517325004925, 0.0004887823754096965, 0.0004344200596650971, 0.0001818740256651491, 0.00018034211073149342, 0.0002003005058481]; 907.402974s
Iteration 121: wall 6.754759s; reaches 1.017171; t2 0.301199; t3 1.225388; k4 3.984507; update 0.058781; evaluation 0.000000
Iteration 122: wall 5.488105s; reaches 0.540842; t2 0.222478; t3 1.108478; k4 3.353864; update 0.072738; evaluation 0.000000
Iteration 123: wall 5.649089s; reaches 0.754807; t2 0.362650; t3 1.150164; k4 3.117199; update 0.071109; evaluation 0.000000
Iteration 124: wall 4.833255s; reaches 0.438042; t2 0.227812; t3 0.947172; k4 2.951489; update 0.070506; evaluation 0.000000
Iteration 125: wall 6.024633s; reaches 0.766074; t2 0.304370; t3 1.143762; k4 3.495674; update 0.107608; evaluation 0.000000
Iteration 126: wall 5.014350s; reaches 0.547269; t2 0.245175; t3 0.842005; k4 3.101217; update 0.077706; evaluation 0.000000
Iteration 127: wall 4.955246s; reaches 0.343919; t2 0.249699; t3 0.973676; k4 3.122684; update 0.061417; evaluation 0.000000
Iteration 128: wall 4.550373s; reaches 0.253121; t2 0.336941; t3 0.864886; k4 2.852190; update 0.068984; evaluation 0.000000
Iteration 129: wall 4.876431s; reaches 0.284734; t2 0.321501; t3 0.843420; k4 3.123426; update 0.099248; evaluation 0.000000
Iteration 130: wall 5.682032s; reaches 0.415864; t2 0.240611; t3 1.152319; k4 3.602985; update 0.092288; evaluation 0.000000
Iteration 131: wall 6.756619s; reaches 0.871522; t2 0.265823; t3 1.224619; k4 4.165589; update 0.054778; evaluation 0.000000
Iteration 132: wall 7.237639s; reaches 1.079362; t2 0.255112; t3 1.450205; k4 4.233646; update 0.057268; evaluation 0.000000
Iteration 133: wall 6.878568s; reaches 0.833458; t2 0.280721; t3 1.499355; k4 4.032784; update 0.061131; evaluation 0.000000
Iteration 134: wall 6.958365s; reaches 0.979837; t2 0.255834; t3 1.433612; k4 4.072248; update 0.057522; evaluation 0.000000
Iteration 135: wall 6.946142s; reaches 0.971817; t2 0.277324; t3 1.422450; k4 4.048667; update 0.060106; evaluation 0.000000
Iteration 136: wall 6.770884s; reaches 0.946645; t2 0.234087; t3 1.408468; k4 3.969164; update 0.056272; evaluation 0.000000
Iteration 137: wall 6.511858s; reaches 0.960931; t2 0.259796; t3 1.281776; k4 3.786556; update 0.053761; evaluation 0.000000
Iteration 138: wall 6.734199s; reaches 1.034627; t2 0.276003; t3 1.339490; k4 3.852415; update 0.058884; evaluation 0.000000
Iteration 139: wall 6.662179s; reaches 0.900213; t2 0.300358; t3 1.347769; k4 3.893196; update 0.056119; evaluation 0.000000
Iteration 140: wall 92.270964s; reaches 0.862626; t2 0.257694; t3 1.482224; k4 3.870094; update 0.068119; evaluation 85.565945
Checkpoint 140: NashConv 0.001348077535; gains [0.00024016117339339949, 0.000367512868075931, 0.0003250272003791632, 0.00013855926706210497, 0.00012938341961828137, 0.00014743360605327938]; 1114.959417s
Iteration 141: wall 2.389710s; reaches 0.073425; t2 0.146538; t3 0.448086; k4 1.556890; update 0.046340; evaluation 0.000000
Iteration 142: wall 2.375587s; reaches 0.062044; t2 0.132956; t3 0.428666; k4 1.583706; update 0.049046; evaluation 0.000000
Iteration 143: wall 2.476997s; reaches 0.070184; t2 0.154172; t3 0.440493; k4 1.615141; update 0.049985; evaluation 0.000000
Iteration 144: wall 2.476237s; reaches 0.070584; t2 0.155501; t3 0.465922; k4 1.597558; update 0.045412; evaluation 0.000000
Iteration 145: wall 2.529384s; reaches 0.074351; t2 0.155907; t3 0.469434; k4 1.634772; update 0.048588; evaluation 0.000000
Iteration 146: wall 2.591864s; reaches 0.081537; t2 0.153387; t3 0.463847; k4 1.698581; update 0.057893; evaluation 0.000000
Iteration 147: wall 2.543882s; reaches 0.074504; t2 0.145556; t3 0.475732; k4 1.675905; update 0.044297; evaluation 0.000000
Iteration 148: wall 2.610248s; reaches 0.065751; t2 0.155191; t3 0.471994; k4 1.720382; update 0.051951; evaluation 0.000000
Iteration 149: wall 2.706839s; reaches 0.077735; t2 0.174696; t3 0.496612; k4 1.771717; update 0.047579; evaluation 0.000000
Iteration 150: wall 2.673271s; reaches 0.072067; t2 0.141933; t3 0.495384; k4 1.780723; update 0.044122; evaluation 0.000000
Iteration 151: wall 2.704880s; reaches 0.069355; t2 0.145134; t3 0.500112; k4 1.804137; update 0.050218; evaluation 0.000000
Iteration 152: wall 2.623674s; reaches 0.071455; t2 0.143966; t3 0.465863; k4 1.757746; update 0.050540; evaluation 0.000000
Iteration 153: wall 2.635641s; reaches 0.074852; t2 0.143518; t3 0.484447; k4 1.754055; update 0.046154; evaluation 0.000000
Iteration 154: wall 2.639396s; reaches 0.068390; t2 0.146913; t3 0.491487; k4 1.753253; update 0.051021; evaluation 0.000000
Iteration 155: wall 2.570203s; reaches 0.073047; t2 0.145378; t3 0.483541; k4 1.688050; update 0.047994; evaluation 0.000000
Iteration 156: wall 2.580740s; reaches 0.066889; t2 0.147048; t3 0.478203; k4 1.710587; update 0.046057; evaluation 0.000000
Iteration 157: wall 2.597746s; reaches 0.068833; t2 0.140286; t3 0.481183; k4 1.738858; update 0.042211; evaluation 0.000000
Iteration 158: wall 2.617138s; reaches 0.067840; t2 0.141848; t3 0.475953; k4 1.751352; update 0.049990; evaluation 0.000000
Iteration 159: wall 2.590124s; reaches 0.070485; t2 0.142067; t3 0.484049; k4 1.729916; update 0.040403; evaluation 0.000000
Iteration 160: wall 70.433924s; reaches 0.072308; t2 0.137151; t3 0.460887; k4 1.711842; update 0.060772; evaluation 67.861739
Checkpoint 160: NashConv 0.001081728774; gains [0.00018696394327727406, 0.0002919897113539405, 0.00025108916789345903, 0.00011460812231793571, 0.00011398959513909956, 0.00012308823403418823]; 1234.328215s
Iteration 161: wall 3.021200s; reaches 0.077766; t2 0.155526; t3 0.545330; k4 2.029930; update 0.061015; evaluation 0.000000
Iteration 162: wall 2.809443s; reaches 0.070492; t2 0.144911; t3 0.511577; k4 1.908817; update 0.041792; evaluation 0.000000
Iteration 163: wall 2.557781s; reaches 0.065025; t2 0.134685; t3 0.469413; k4 1.708679; update 0.052678; evaluation 0.000000
Iteration 164: wall 2.672522s; reaches 0.070384; t2 0.149756; t3 0.497516; k4 1.772228; update 0.045306; evaluation 0.000000
Iteration 165: wall 2.583819s; reaches 0.069451; t2 0.137463; t3 0.473731; k4 1.724678; update 0.048268; evaluation 0.000000
Iteration 166: wall 2.581721s; reaches 0.069480; t2 0.146624; t3 0.477223; k4 1.705966; update 0.044583; evaluation 0.000000
Iteration 167: wall 2.573165s; reaches 0.071784; t2 0.142834; t3 0.471732; k4 1.704853; update 0.052069; evaluation 0.000000
Iteration 168: wall 2.676876s; reaches 0.081397; t2 0.187970; t3 0.494131; k4 1.699640; update 0.050549; evaluation 0.000000
Iteration 169: wall 2.478464s; reaches 0.067601; t2 0.151724; t3 0.471466; k4 1.605875; update 0.045542; evaluation 0.000000
Iteration 170: wall 2.642931s; reaches 0.079389; t2 0.179273; t3 0.476215; k4 1.685028; update 0.058931; evaluation 0.000000
Iteration 171: wall 2.414167s; reaches 0.072213; t2 0.144652; t3 0.454797; k4 1.563388; update 0.049565; evaluation 0.000000
Iteration 172: wall 2.650383s; reaches 0.067114; t2 0.146180; t3 0.493667; k4 1.757427; update 0.050849; evaluation 0.000000
Iteration 173: wall 2.627532s; reaches 0.083005; t2 0.141341; t3 0.470394; k4 1.749911; update 0.045245; evaluation 0.000000
Iteration 174: wall 2.695708s; reaches 0.071508; t2 0.161047; t3 0.485595; k4 1.773962; update 0.048898; evaluation 0.000000
Iteration 175: wall 2.571675s; reaches 0.069412; t2 0.143849; t3 0.479868; k4 1.696947; update 0.049644; evaluation 0.000000
Iteration 176: wall 2.480500s; reaches 0.067933; t2 0.142464; t3 0.486573; k4 1.594626; update 0.050656; evaluation 0.000000
Iteration 177: wall 2.549388s; reaches 0.074400; t2 0.143368; t3 0.489755; k4 1.653609; update 0.047668; evaluation 0.000000
Iteration 178: wall 2.365992s; reaches 0.067480; t2 0.135380; t3 0.456124; k4 1.540297; update 0.041500; evaluation 0.000000
Iteration 179: wall 2.514556s; reaches 0.072693; t2 0.138374; t3 0.470021; k4 1.663264; update 0.046878; evaluation 0.000000
Iteration 180: wall 69.646654s; reaches 0.066238; t2 0.147825; t3 0.460933; k4 1.616811; update 0.055548; evaluation 67.162642
Checkpoint 180: NashConv 0.000881114652; gains [0.00016119227324473684, 0.00022598705632662086, 0.0002072573700842295, 8.887791285733249e-5, 9.250858136318485e-5, 0.00010529145804070994]; 1353.443984s
Iteration 181: wall 2.584901s; reaches 0.073970; t2 0.146394; t3 0.473034; k4 1.692563; update 0.052468; evaluation 0.000000
Iteration 182: wall 2.433002s; reaches 0.066067; t2 0.141220; t3 0.460180; k4 1.579714; update 0.048968; evaluation 0.000000
Iteration 183: wall 2.712535s; reaches 0.069696; t2 0.159405; t3 0.511896; k4 1.783443; update 0.051441; evaluation 0.000000
Iteration 184: wall 2.613842s; reaches 0.068808; t2 0.147349; t3 0.472873; k4 1.739379; update 0.043922; evaluation 0.000000
Iteration 185: wall 2.614193s; reaches 0.070504; t2 0.143463; t3 0.468952; k4 1.757879; update 0.045201; evaluation 0.000000
Iteration 186: wall 2.643436s; reaches 0.066275; t2 0.136810; t3 0.479027; k4 1.783773; update 0.046124; evaluation 0.000000
Iteration 187: wall 2.638292s; reaches 0.063062; t2 0.139575; t3 0.471141; k4 1.791568; update 0.046794; evaluation 0.000000
Iteration 188: wall 2.638416s; reaches 0.065391; t2 0.151683; t3 0.474380; k4 1.772368; update 0.044362; evaluation 0.000000
Iteration 189: wall 2.652034s; reaches 0.069405; t2 0.141144; t3 0.480755; k4 1.780531; update 0.049087; evaluation 0.000000
Iteration 190: wall 2.635809s; reaches 0.066715; t2 0.145068; t3 0.473797; k4 1.766992; update 0.048015; evaluation 0.000000
Iteration 191: wall 3.492346s; reaches 0.127861; t2 0.199227; t3 0.649019; k4 2.284894; update 0.074076; evaluation 0.000000
Iteration 192: wall 3.334598s; reaches 0.084754; t2 0.207028; t3 0.564226; k4 2.232753; update 0.068688; evaluation 0.000000
Iteration 193: wall 3.000453s; reaches 0.075821; t2 0.172383; t3 0.522932; k4 2.012580; update 0.060443; evaluation 0.000000
Iteration 194: wall 2.873292s; reaches 0.083811; t2 0.155223; t3 0.509444; k4 1.931505; update 0.050198; evaluation 0.000000
Iteration 195: wall 2.698435s; reaches 0.069356; t2 0.149825; t3 0.467607; k4 1.821143; update 0.046648; evaluation 0.000000
Iteration 196: wall 2.669988s; reaches 0.067212; t2 0.134971; t3 0.487686; k4 1.807717; update 0.045079; evaluation 0.000000
Iteration 197: wall 2.550624s; reaches 0.072762; t2 0.137410; t3 0.479146; k4 1.682208; update 0.043117; evaluation 0.000000
Iteration 198: wall 2.640050s; reaches 0.066488; t2 0.137697; t3 0.487957; k4 1.773984; update 0.045992; evaluation 0.000000
Iteration 199: wall 2.559450s; reaches 0.073859; t2 0.145183; t3 0.466386; k4 1.684580; update 0.050238; evaluation 0.000000
Iteration 200: wall 120.348551s; reaches 0.072927; t2 0.155027; t3 0.465040; k4 1.580865; update 0.053464; evaluation 117.888701
Checkpoint 200: NashConv 0.000746401911; gains [0.00013285656117378863, 0.0002008428190195255, 0.00017056260751910357, 7.145047388146253e-5, 7.787496013186845e-5, 9.281448908349255e-5]; 1525.779345s
Iterations: 200; reached target: false; solve phases SolveTimings { reaches: 30.726400799999993, t2: 35.676607600000025, t3: 122.66780889999971, k4: 407.8960395000002, update: 10.784361100000005, evaluation: 888.2212102999999 }
