{
  "build": {
    "service_exit": 0,
    "service": "MainPID=0\nResult=success\nActiveState=inactive",
    "status": "completed",
    "stages": [
      {
        "name": "perf-preflight-build",
        "status": "completed",
        "started_at": "2026-09-27T08:37:20.350496+00:00",
        "ended_at": "2026-09-27T08:37:25.047939+00:00"
      },
      {
        "name": "toolchain",
        "status": "completed",
        "started_at": "2026-09-27T08:37:26.106679+00:00",
        "ended_at": "2026-09-27T08:37:26.355720+00:00"
      },
      {
        "name": "build-baseline",
        "status": "completed",
        "started_at": "2026-09-27T08:37:27.486484+00:00",
        "ended_at": "2026-09-27T08:39:00.662373+00:00"
      },
      {
        "name": "tests-baseline",
        "status": "completed",
        "started_at": "2026-09-27T08:39:01.794383+00:00",
        "ended_at": "2026-09-27T08:42:53.057786+00:00"
      }
    ],
    "counts": {
      "completed": 4,
      "running": 0,
      "failed": 0,
      "skipped": 0,
      "pending": 0
    },
    "error": null,
    "wrapper_finish": {
      "exit_code": 0,
      "last_phase": "build",
      "ended_at": "2026-09-27T08:42:54.256932+00:00"
    }
  },
  "measure": {
    "service_exit": 0,
    "service": "MainPID=0\nResult=success\nActiveState=inactive"
  },
  "source_archive": {
    "bytes": 967619,
    "sha256": "42d70a15c6457a6c38831b8fa159437f6fd5b9587931d49c8ad6e8d325dd6c5d"
  }
}
