2026-10-07T23:05:44.5133032+09:00 cpu=21 busy=
2026-10-07T23:05:55.0582123+09:00 cpu=95 busy=
2026-10-07T23:06:05.3878015+09:00 cpu=94 busy=
2026-10-07T23:06:15.6088321+09:00 cpu=92 busy=
2026-10-07T23:06:25.6328418+09:00 cpu=26 busy=
2026-10-07T23:06:36.1265871+09:00 cpu=93 busy=
2026-10-07T23:06:46.7586148+09:00 cpu=93 busy=
2026-10-07T23:06:57.3764503+09:00 cpu=93 busy=
2026-10-07T23:07:07.7906684+09:00 cpu=100 busy=
2026-10-07T23:07:18.4592717+09:00 cpu=93 busy=
2026-10-07T23:07:29.0300839+09:00 cpu=88 busy=
2026-10-07T23:07:39.7252426+09:00 cpu=94 busy=
2026-10-07T23:07:50.0653671+09:00 cpu=94 busy=
2026-10-07T23:08:00.9844912+09:00 cpu=90 busy=
2026-10-07T23:08:11.7574611+09:00 cpu=95 busy=
2026-10-07T23:08:21.8442385+09:00 cpu=25 busy=
2026-10-07T23:08:31.9891751+09:00 cpu=93 busy=
2026-10-07T23:08:42.1025815+09:00 cpu=93 busy=
2026-10-07T23:08:52.7976443+09:00 cpu=94 busy=
2026-10-07T23:09:03.0555423+09:00 cpu=94 busy=
2026-10-07T23:09:13.8066883+09:00 cpu=95 busy=
2026-10-07T23:09:24.4531834+09:00 cpu=94 busy=
2026-10-07T23:09:34.4804199+09:00 cpu=27 busy=
2026-10-07T23:09:45.1001175+09:00 cpu=93 busy=
2026-10-07T23:09:55.7034176+09:00 cpu=92 busy=
2026-10-07T23:10:05.8218842+09:00 cpu=92 busy=
2026-10-07T23:10:15.8676398+09:00 cpu=23 busy=
2026-10-07T23:10:26.5527528+09:00 cpu=94 busy=
2026-10-07T23:10:36.8167988+09:00 cpu=99 busy=
2026-10-07T23:10:46.9869438+09:00 cpu=92 busy=
2026-10-07T23:10:57.3722205+09:00 cpu=92 busy=
2026-10-07T23:11:07.6761390+09:00 cpu=87 busy=
2026-10-07T23:11:18.7627383+09:00 cpu=93 busy=
2026-10-07T23:11:28.9063134+09:00 cpu=92 busy=
2026-10-07T23:11:38.9409755+09:00 cpu=65 busy=
2026-10-07T23:11:49.0686570+09:00 cpu=90 busy=
2026-10-07T23:11:59.1082910+09:00 cpu=78 busy=
2026-10-07T23:12:09.2433280+09:00 cpu=92 busy=
2026-10-07T23:12:19.4411519+09:00 cpu=90 busy=
2026-10-07T23:12:29.5541326+09:00 cpu=94 busy=
2026-10-07T23:12:39.9017860+09:00 cpu=87 busy=
2026-10-07T23:12:50.4379843+09:00 cpu=96 busy=
2026-10-07T23:13:00.4904544+09:00 cpu=88 busy=
2026-10-07T23:13:10.5254854+09:00 cpu=20 busy=
2026-10-07T23:13:20.5536142+09:00 cpu=92 busy=
2026-10-07T23:13:31.0262858+09:00 cpu=90 busy=
2026-10-07T23:13:41.2366817+09:00 cpu=89 busy=
2026-10-07T23:13:51.7852215+09:00 cpu=93 busy=
2026-10-07T23:14:02.0991881+09:00 cpu=94 busy=
2026-10-07T23:14:12.2214011+09:00 cpu=93 busy=
2026-10-07T23:14:22.4016683+09:00 cpu=93 busy=
2026-10-07T23:14:32.4235691+09:00 cpu=19 busy=
2026-10-07T23:14:42.8226263+09:00 cpu=92 busy=
2026-10-07T23:14:53.4335007+09:00 cpu=92 busy=
2026-10-07T23:15:03.7281897+09:00 cpu=86 busy=
2026-10-07T23:15:14.3332111+09:00 cpu=90 busy=
2026-10-07T23:15:24.3639083+09:00 cpu=93 busy=
2026-10-07T23:15:34.8745713+09:00 cpu=91 busy=
2026-10-07T23:15:44.9732000+09:00 cpu=93 busy=
2026-10-07T23:15:56.0898707+09:00 cpu=100 busy=
2026-10-07T23:16:07.2714337+09:00 cpu=100 busy=
2026-10-07T23:16:18.1932947+09:00 cpu=100 busy=
2026-10-07T23:16:29.9218200+09:00 cpu=100 busy=
2026-10-07T23:16:41.1780766+09:00 cpu=100 busy=
2026-10-07T23:16:51.3020137+09:00 cpu=86 busy=
2026-10-07T23:17:01.5206670+09:00 cpu=83 busy=
2026-10-07T23:17:13.0242352+09:00 cpu=96 busy=
2026-10-07T23:17:24.1016563+09:00 cpu=100 busy=
2026-10-07T23:17:36.2209198+09:00 cpu=100 busy=
2026-10-07T23:17:47.4118738+09:00 cpu=100 busy=
2026-10-07T23:17:58.3989958+09:00 cpu=100 busy=
2026-10-07T23:18:08.4394320+09:00 cpu=48 busy=
2026-10-07T23:18:18.5433252+09:00 cpu=86 busy=
2026-10-07T23:18:28.7853068+09:00 cpu=85 busy=
2026-10-07T23:18:39.1771918+09:00 cpu=90 busy=
2026-10-07T23:18:50.2832770+09:00 cpu=100 busy=
2026-10-07T23:19:01.4689224+09:00 cpu=100 busy=
2026-10-07T23:19:12.5207537+09:00 cpu=100 busy=
2026-10-07T23:19:23.6192799+09:00 cpu=100 busy=
2026-10-07T23:19:34.3670176+09:00 cpu=47 busy=
2026-10-07T23:19:44.6865244+09:00 cpu=85 busy=
2026-10-07T23:19:54.7903857+09:00 cpu=86 busy=
2026-10-07T23:20:05.1345318+09:00 cpu=89 busy=
2026-10-07T23:20:16.1522903+09:00 cpu=100 busy=
2026-10-07T23:20:27.2270907+09:00 cpu=100 busy=
2026-10-07T23:20:38.3592156+09:00 cpu=100 busy=
2026-10-07T23:20:49.4796155+09:00 cpu=100 busy=
2026-10-07T23:21:00.3052799+09:00 cpu=82 busy=
2026-10-07T23:21:10.5261699+09:00 cpu=84 busy=
2026-10-07T23:21:20.7489769+09:00 cpu=84 busy=
2026-10-07T23:21:32.6567725+09:00 cpu=100 busy=
2026-10-07T23:21:43.8042062+09:00 cpu=100 busy=
2026-10-07T23:21:54.8834202+09:00 cpu=100 busy=
2026-10-07T23:22:05.9430096+09:00 cpu=100 busy=
2026-10-07T23:22:17.5817988+09:00 cpu=100 busy=
2026-10-07T23:22:28.1074388+09:00 cpu=93 busy=
2026-10-07T23:22:38.2820781+09:00 cpu=95 busy=
2026-10-07T23:22:48.3468775+09:00 cpu=95 busy=
2026-10-07T23:22:58.8081073+09:00 cpu=89 busy=
2026-10-07T23:23:09.3865846+09:00 cpu=96 busy=
2026-10-07T23:23:20.6873552+09:00 cpu=100 busy=
2026-10-07T23:23:31.8516587+09:00 cpu=100 busy=
2026-10-07T23:23:43.0021684+09:00 cpu=100 busy=
2026-10-07T23:23:53.9096577+09:00 cpu=100 busy=
2026-10-07T23:24:05.0396090+09:00 cpu=100 busy=
2026-10-07T23:24:15.0880097+09:00 cpu=23 busy=
2026-10-07T23:24:25.1155556+09:00 cpu=16 busy=
2026-10-07T23:24:35.1407193+09:00 cpu=18 busy=
2026-10-07T23:24:45.1652935+09:00 cpu=14 busy=
2026-10-07T23:24:55.1956944+09:00 cpu=16 busy=
2026-10-07T23:25:05.2233142+09:00 cpu=16 busy=
2026-10-07T23:25:15.2669853+09:00 cpu=25 busy=cargo,rustc
2026-10-07T23:25:25.3087110+09:00 cpu=23 busy=cargo,rustc
2026-10-07T23:25:35.3470273+09:00 cpu=25 busy=cargo,rustc
2026-10-07T23:25:45.3672608+09:00 cpu=24 busy=cargo,rustc
2026-10-07T23:25:55.4042354+09:00 cpu=59 busy=cargo,rustc
2026-10-07T23:26:05.4285468+09:00 cpu=24 busy=cargo,rustc
2026-10-07T23:26:15.8096940+09:00 cpu=94 busy=
2026-10-07T23:26:25.8631814+09:00 cpu=72 busy=
2026-10-07T23:26:35.9359064+09:00 cpu=86 busy=
2026-10-07T23:26:45.9861358+09:00 cpu=79 busy=
2026-10-07T23:26:56.0382149+09:00 cpu=39 busy=
2026-10-07T23:27:07.1502697+09:00 cpu=100 busy=
2026-10-07T23:27:18.4688809+09:00 cpu=100 busy=
2026-10-07T23:27:29.6062156+09:00 cpu=100 busy=
2026-10-07T23:27:40.6730072+09:00 cpu=100 busy=
2026-10-07T23:27:51.8499979+09:00 cpu=100 busy=
2026-10-07T23:28:02.1500339+09:00 cpu=97 busy=
2026-10-07T23:28:12.3450630+09:00 cpu=93 busy=
2026-10-07T23:28:22.4706762+09:00 cpu=90 busy=
2026-10-07T23:28:33.0604418+09:00 cpu=100 busy=
2026-10-07T23:28:44.3389598+09:00 cpu=100 busy=
2026-10-07T23:28:55.5307881+09:00 cpu=100 busy=
2026-10-07T23:29:06.7350895+09:00 cpu=100 busy=
2026-10-07T23:29:17.6186037+09:00 cpu=100 busy=
2026-10-07T23:29:27.9309661+09:00 cpu=84 busy=
2026-10-07T23:29:37.9740315+09:00 cpu=16 busy=
2026-10-07T23:29:48.0065175+09:00 cpu=16 busy=
2026-10-07T23:29:58.3914041+09:00 cpu=92 busy=
2026-10-07T23:30:08.5454662+09:00 cpu=92 busy=
2026-10-07T23:30:18.6436247+09:00 cpu=86 busy=
2026-10-07T23:30:28.8832523+09:00 cpu=91 busy=
2026-10-07T23:30:39.0885044+09:00 cpu=91 busy=
2026-10-07T23:30:49.4255391+09:00 cpu=86 busy=
2026-10-07T23:30:59.6607438+09:00 cpu=92 busy=
2026-10-07T23:31:10.0279788+09:00 cpu=92 busy=
2026-10-07T23:31:20.5259801+09:00 cpu=89 busy=
2026-10-07T23:31:30.5750901+09:00 cpu=92 busy=
2026-10-07T23:31:40.6920828+09:00 cpu=88 busy=
2026-10-07T23:31:51.1257171+09:00 cpu=86 busy=
2026-10-07T23:32:01.6360386+09:00 cpu=89 busy=
2026-10-07T23:32:11.8982555+09:00 cpu=84 busy=
2026-10-07T23:32:22.0666867+09:00 cpu=91 busy=
2026-10-07T23:32:32.6150329+09:00 cpu=91 busy=
2026-10-07T23:32:42.7065085+09:00 cpu=89 busy=
2026-10-07T23:32:52.8200011+09:00 cpu=88 busy=
2026-10-07T23:33:02.8503535+09:00 cpu=21 busy=
2026-10-07T23:33:12.8840716+09:00 cpu=17 busy=
2026-10-07T23:33:22.9271498+09:00 cpu=20 busy=cargo,cargo
2026-10-07T23:33:32.9526090+09:00 cpu=41 busy=cargo,rustc,rustc
2026-10-07T23:33:42.9883400+09:00 cpu=28 busy=cargo,rustc,rustc
2026-10-07T23:33:53.0247355+09:00 cpu=30 busy=cargo,rustc,rustc
2026-10-07T23:34:03.0601270+09:00 cpu=37 busy=cargo,rustc,rustc
2026-10-07T23:34:13.1009005+09:00 cpu=30 busy=cargo,rustc,rustc
2026-10-07T23:34:23.5893406+09:00 cpu=100 busy=cargo,rustc,rustc,rustc,rustc,rustc,rustc,rustc
2026-10-07T23:34:33.8041080+09:00 cpu=100 busy=cargo,rustc,rustc,rustc,rustc,rustc
2026-10-07T23:34:43.8635435+09:00 cpu=28 busy=cargo,rustc,rustc
2026-10-07T23:34:53.8989280+09:00 cpu=21 busy=cargo,rustc
2026-10-07T23:35:03.9306642+09:00 cpu=24 busy=cargo,rustc
2026-10-07T23:35:13.9710824+09:00 cpu=24 busy=cargo,rustc
2026-10-07T23:35:24.0006406+09:00 cpu=20 busy=cargo,rustc
2026-10-07T23:35:34.0228855+09:00 cpu=24 busy=cargo,rustc
2026-10-07T23:35:44.0610045+09:00 cpu=22 busy=cargo,rustc
2026-10-07T23:35:54.0950866+09:00 cpu=22 busy=cargo,rustc
2026-10-07T23:36:04.1251869+09:00 cpu=26 busy=cargo,rustc
2026-10-07T23:36:14.1558230+09:00 cpu=23 busy=cargo,rustc
2026-10-07T23:36:24.1843525+09:00 cpu=22 busy=cargo,rustc
2026-10-07T23:36:34.2083208+09:00 cpu=22 busy=cargo,rustc
2026-10-07T23:36:44.7244345+09:00 cpu=100 busy=cargo
2026-10-07T23:36:54.7671727+09:00 cpu=92 busy=cargo
2026-10-07T23:37:04.7994856+09:00 cpu=16 busy=
2026-10-07T23:37:14.8330046+09:00 cpu=15 busy=
2026-10-07T23:37:24.8759033+09:00 cpu=14 busy=
2026-10-07T23:37:34.8972208+09:00 cpu=18 busy=
2026-10-07T23:37:44.9325309+09:00 cpu=14 busy=
2026-10-07T23:37:54.9673222+09:00 cpu=25 busy=
2026-10-07T23:38:04.9994224+09:00 cpu=21 busy=
2026-10-07T23:38:15.3963698+09:00 cpu=87 busy=
2026-10-07T23:38:25.4559754+09:00 cpu=78 busy=
2026-10-07T23:38:35.9080580+09:00 cpu=83 busy=
2026-10-07T23:38:46.4253951+09:00 cpu=94 busy=
2026-10-07T23:38:56.4646090+09:00 cpu=80 busy=
2026-10-07T23:39:06.4949444+09:00 cpu=14 busy=
