{"phase":"build","status":"started"}
{"event":"allocation_counts","schema":"r1-phase-allocation/v1","phase":"build","alloc_calls":2786336,"alloc_requested_bytes":69129611,"alloc_failed_calls":0,"alloc_zeroed_calls":3,"alloc_zeroed_requested_bytes":6,"alloc_zeroed_failed_calls":0,"realloc_calls":597065,"realloc_requested_new_bytes":138035534,"realloc_old_layout_bytes":68352607,"realloc_failed_calls":0,"dealloc_calls":2785050,"dealloc_layout_bytes":97854219}
{"phase":"build","status":"completed"}
{"phase":"solver_allocation","status":"started"}
{"event":"allocation_counts","schema":"r1-phase-allocation/v1","phase":"solver_allocation","alloc_calls":1,"alloc_requested_bytes":32,"alloc_failed_calls":0,"alloc_zeroed_calls":2,"alloc_zeroed_requested_bytes":81414144,"alloc_zeroed_failed_calls":0,"realloc_calls":0,"realloc_requested_new_bytes":0,"realloc_old_layout_bytes":0,"realloc_failed_calls":0,"dealloc_calls":0,"dealloc_layout_bytes":0}
{"phase":"solver_allocation","status":"completed"}
{"phase":"cfr","status":"started"}
{"event":"allocation_counts","schema":"r1-phase-allocation/v1","phase":"cfr","alloc_calls":224709,"alloc_requested_bytes":55292200,"alloc_failed_calls":0,"alloc_zeroed_calls":0,"alloc_zeroed_requested_bytes":0,"alloc_zeroed_failed_calls":0,"realloc_calls":30277,"realloc_requested_new_bytes":10101384,"realloc_old_layout_bytes":5047888,"realloc_failed_calls":0,"dealloc_calls":224692,"dealloc_layout_bytes":60316544}
{"phase":"cfr","status":"completed"}
{"phase":"state_write","status":"started"}
{"event":"allocation_counts","schema":"r1-phase-allocation/v1","phase":"state_write","alloc_calls":3,"alloc_requested_bytes":16712,"alloc_failed_calls":0,"alloc_zeroed_calls":0,"alloc_zeroed_requested_bytes":0,"alloc_zeroed_failed_calls":0,"realloc_calls":1,"realloc_requested_new_bytes":204,"realloc_old_layout_bytes":102,"realloc_failed_calls":0,"dealloc_calls":3,"dealloc_layout_bytes":16814}
{"phase":"state_write","status":"completed"}
{"phase":"ev_p0","status":"started"}
{"event":"allocation_counts","schema":"r1-phase-allocation/v1","phase":"ev_p0","alloc_calls":30337,"alloc_requested_bytes":7123060,"alloc_failed_calls":0,"alloc_zeroed_calls":0,"alloc_zeroed_requested_bytes":0,"alloc_zeroed_failed_calls":0,"realloc_calls":7505,"realloc_requested_new_bytes":2718240,"realloc_old_layout_bytes":1359120,"realloc_failed_calls":0,"dealloc_calls":30337,"dealloc_layout_bytes":8482180}
{"phase":"ev_p0","status":"completed"}
{"phase":"ev_p1","status":"started"}
{"event":"allocation_counts","schema":"r1-phase-allocation/v1","phase":"ev_p1","alloc_calls":32571,"alloc_requested_bytes":7236124,"alloc_failed_calls":0,"alloc_zeroed_calls":0,"alloc_zeroed_requested_bytes":0,"alloc_zeroed_failed_calls":0,"realloc_calls":4789,"realloc_requested_new_bytes":1425888,"realloc_old_layout_bytes":712944,"realloc_failed_calls":0,"dealloc_calls":32571,"dealloc_layout_bytes":7949068}
{"phase":"ev_p1","status":"completed"}
{"phase":"br_p0","status":"started"}
{"event":"allocation_counts","schema":"r1-phase-allocation/v1","phase":"br_p0","alloc_calls":28335,"alloc_requested_bytes":6610044,"alloc_failed_calls":0,"alloc_zeroed_calls":0,"alloc_zeroed_requested_bytes":0,"alloc_zeroed_failed_calls":0,"realloc_calls":4739,"realloc_requested_new_bytes":1403808,"realloc_old_layout_bytes":701904,"realloc_failed_calls":0,"dealloc_calls":28335,"dealloc_layout_bytes":7311948}
{"phase":"br_p0","status":"completed"}
{"phase":"br_p1","status":"started"}
{"event":"allocation_counts","schema":"r1-phase-allocation/v1","phase":"br_p1","alloc_calls":31942,"alloc_requested_bytes":7059924,"alloc_failed_calls":0,"alloc_zeroed_calls":0,"alloc_zeroed_requested_bytes":0,"alloc_zeroed_failed_calls":0,"realloc_calls":4836,"realloc_requested_new_bytes":1434912,"realloc_old_layout_bytes":717456,"realloc_failed_calls":0,"dealloc_calls":31942,"dealloc_layout_bytes":7777380}
{"phase":"br_p1","status":"completed"}
{"phase":"exploitability","status":"started"}
{"event":"allocation_counts","schema":"r1-phase-allocation/v1","phase":"exploitability","alloc_calls":93324,"alloc_requested_bytes":21264460,"alloc_failed_calls":0,"alloc_zeroed_calls":0,"alloc_zeroed_requested_bytes":0,"alloc_zeroed_failed_calls":0,"realloc_calls":17601,"realloc_requested_new_bytes":5720832,"realloc_old_layout_bytes":2860416,"realloc_failed_calls":0,"dealloc_calls":93324,"dealloc_layout_bytes":24124876}
{"phase":"exploitability","status":"completed"}
{"phase":"probe","status":"completed"}
