{"phase":"build","status":"started"}
{"event":"allocation_counts","schema":"r1-phase-allocation/v1","phase":"build","alloc_calls":2786336,"alloc_requested_bytes":70390795,"alloc_failed_calls":0,"alloc_zeroed_calls":3,"alloc_zeroed_requested_bytes":6,"alloc_zeroed_failed_calls":0,"realloc_calls":599424,"realloc_requested_new_bytes":141652942,"realloc_old_layout_bytes":70161311,"realloc_failed_calls":0,"dealloc_calls":2785050,"dealloc_layout_bytes":99662707}
{"phase":"build","status":"completed"}
{"phase":"solver_allocation","status":"started"}
{"event":"allocation_counts","schema":"r1-phase-allocation/v1","phase":"solver_allocation","alloc_calls":1,"alloc_requested_bytes":32,"alloc_failed_calls":0,"alloc_zeroed_calls":2,"alloc_zeroed_requested_bytes":283677408,"alloc_zeroed_failed_calls":0,"realloc_calls":0,"realloc_requested_new_bytes":0,"realloc_old_layout_bytes":0,"realloc_failed_calls":0,"dealloc_calls":0,"dealloc_layout_bytes":0}
{"phase":"solver_allocation","status":"completed"}
{"phase":"cfr","status":"started"}
{"event":"allocation_counts","schema":"r1-phase-allocation/v1","phase":"cfr","alloc_calls":215277,"alloc_requested_bytes":127251604,"alloc_failed_calls":0,"alloc_zeroed_calls":0,"alloc_zeroed_requested_bytes":0,"alloc_zeroed_failed_calls":0,"realloc_calls":28535,"realloc_requested_new_bytes":22739776,"realloc_old_layout_bytes":11347068,"realloc_failed_calls":0,"dealloc_calls":215260,"dealloc_layout_bytes":138526136}
{"phase":"cfr","status":"completed"}
{"phase":"state_write","status":"started"}
{"event":"allocation_counts","schema":"r1-phase-allocation/v1","phase":"state_write","alloc_calls":3,"alloc_requested_bytes":16718,"alloc_failed_calls":0,"alloc_zeroed_calls":0,"alloc_zeroed_requested_bytes":0,"alloc_zeroed_failed_calls":0,"realloc_calls":1,"realloc_requested_new_bytes":208,"realloc_old_layout_bytes":104,"realloc_failed_calls":0,"dealloc_calls":3,"dealloc_layout_bytes":16822}
{"phase":"state_write","status":"completed"}
{"phase":"ev_p0","status":"started"}
{"event":"allocation_counts","schema":"r1-phase-allocation/v1","phase":"ev_p0","alloc_calls":30381,"alloc_requested_bytes":18190808,"alloc_failed_calls":0,"alloc_zeroed_calls":0,"alloc_zeroed_requested_bytes":0,"alloc_zeroed_failed_calls":0,"realloc_calls":4800,"realloc_requested_new_bytes":3581440,"realloc_old_layout_bytes":1790720,"realloc_failed_calls":0,"dealloc_calls":30381,"dealloc_layout_bytes":19981528}
{"phase":"ev_p0","status":"completed"}
{"phase":"ev_p1","status":"started"}
{"event":"allocation_counts","schema":"r1-phase-allocation/v1","phase":"ev_p1","alloc_calls":34338,"alloc_requested_bytes":21613028,"alloc_failed_calls":0,"alloc_zeroed_calls":0,"alloc_zeroed_requested_bytes":0,"alloc_zeroed_failed_calls":0,"realloc_calls":8907,"realloc_requested_new_bytes":10797920,"realloc_old_layout_bytes":5162728,"realloc_failed_calls":0,"dealloc_calls":34338,"dealloc_layout_bytes":27248220}
{"phase":"ev_p1","status":"completed"}
{"phase":"br_p0","status":"started"}
{"event":"allocation_counts","schema":"r1-phase-allocation/v1","phase":"br_p0","alloc_calls":28565,"alloc_requested_bytes":17294832,"alloc_failed_calls":0,"alloc_zeroed_calls":0,"alloc_zeroed_requested_bytes":0,"alloc_zeroed_failed_calls":0,"realloc_calls":4808,"realloc_requested_new_bytes":3606016,"realloc_old_layout_bytes":1803008,"realloc_failed_calls":0,"dealloc_calls":28565,"dealloc_layout_bytes":19097840}
{"phase":"br_p0","status":"completed"}
{"phase":"br_p1","status":"started"}
{"event":"allocation_counts","schema":"r1-phase-allocation/v1","phase":"br_p1","alloc_calls":31807,"alloc_requested_bytes":19504136,"alloc_failed_calls":0,"alloc_zeroed_calls":0,"alloc_zeroed_requested_bytes":0,"alloc_zeroed_failed_calls":0,"realloc_calls":4803,"realloc_requested_new_bytes":3596096,"realloc_old_layout_bytes":1798048,"realloc_failed_calls":0,"dealloc_calls":31807,"dealloc_layout_bytes":21302184}
{"phase":"br_p1","status":"completed"}
{"phase":"exploitability","status":"started"}
{"event":"allocation_counts","schema":"r1-phase-allocation/v1","phase":"exploitability","alloc_calls":89969,"alloc_requested_bytes":54529276,"alloc_failed_calls":0,"alloc_zeroed_calls":0,"alloc_zeroed_requested_bytes":0,"alloc_zeroed_failed_calls":0,"realloc_calls":14264,"realloc_requested_new_bytes":10683648,"realloc_old_layout_bytes":5341824,"realloc_failed_calls":0,"dealloc_calls":89969,"dealloc_layout_bytes":59871100}
{"phase":"exploitability","status":"completed"}
{"phase":"probe","status":"completed"}
