Tree: 12 decisions, 22 terminals (0.002s)
Tables: 0.364s; model: 0.005s
L1: 5 leaves; 302 postflop decisions; 21696 slots; 347136 storage bytes
Checkpoint 0: NashConv 2.409382810353; held 2.409382810353; auxiliary 6.115251736220; auxiliary held 6.115251736220; gains [1.407442820943207, 1.0019399894100145]; held gains [1.4074428209432082, 1.0019399894100154]; auxiliary gains [3.242883205121859, 2.87236853109781]; auxiliary held gains [3.24288320512186, 2.8723685310978118]; evaluation 17.559723s
Iteration 250: wall 16.631317s; reaches 0.000309; t2 0.001526; t3 0.000000; k4 0.000005; update 0.000088; board preparation 0.001177; postflop 0.309186; evaluation 16.318921
Checkpoint 250: NashConv 0.005565380660; held 0.003466388855; auxiliary 1.509278665141; auxiliary held 1.508888903190; gains [0.002397819294062159, 0.003167561365775007]; held gains [0.0020849313665727287, 0.0013814574886175032]; auxiliary gains [0.6228101584152173, 0.8864685067255909]; auxiliary held gains [0.6228101584152171, 0.8860787447747396]; evaluation 16.318921s
Iteration 500: wall 16.450568s; reaches 0.000273; t2 0.001242; t3 0.000000; k4 0.000004; update 0.000079; board preparation 0.000821; postflop 0.052478; evaluation 16.395578
Checkpoint 500: NashConv 0.003513113442; held -0.000262568432; auxiliary 1.589970141585; auxiliary held 1.589688498960; gains [0.0016298496896230141, 0.0018832637522688891]; held gains [0.0007801415156505863, -0.0010427099472561825]; auxiliary gains [0.6654938351553283, 0.9244763064300097]; auxiliary held gains [0.6654938351553286, 0.9241946638048252]; evaluation 16.395578s
Iteration 750: wall 108.613362s; reaches 0.000754; t2 0.002307; t3 0.000000; k4 0.000005; update 0.000113; board preparation 0.000567; postflop 0.306515; evaluation 108.302980
Checkpoint 750: NashConv 0.002542970846; held -0.001309695270; auxiliary 1.635300468265; auxiliary held 1.635084698170; gains [0.0011356650557300396, 0.0014073057906828501]; held gains [0.00013497744519262375, -0.0014446727153888152]; auxiliary gains [0.6889156735681106, 0.9463847946964552]; auxiliary held gains [0.6889156735681105, 0.9461690246018484]; evaluation 108.302980s
Iteration 1000: wall 15.922885s; reaches 0.000315; t2 0.001322; t3 0.000000; k4 0.000005; update 0.000082; board preparation 0.000601; postflop 0.285661; evaluation 15.634750
Checkpoint 1000: NashConv 0.002438600652; held -0.001737804195; auxiliary 1.655395334144; auxiliary held 1.655048358016; gains [0.0011124623294567412, 0.0013261383222413492]; held gains [3.588617211933501e-5, -0.0017736903674176636]; auxiliary gains [0.690491338986857, 0.9649039951572203]; auxiliary held gains [0.6904913389868568, 0.9645570190295387]; evaluation 15.634750s
Iteration 1250: wall 16.589077s; reaches 0.000226; t2 0.001558; t3 0.000000; k4 0.000006; update 0.000075; board preparation 0.000555; postflop 0.050098; evaluation 16.536440
Checkpoint 1250: NashConv 0.002418692421; held -0.002058880336; auxiliary 1.665628319041; auxiliary held 1.665186600712; gains [0.0010175693493674545, 0.00140112307129521]; held gains [6.82277718114313e-5, -0.002127108108214107]; auxiliary gains [0.6952073227104573, 0.9704209963306811]; auxiliary held gains [0.6952073227104574, 0.9699792780011038]; evaluation 16.536440s
Iteration 1500: wall 17.011833s; reaches 0.000272; t2 0.001785; t3 0.000000; k4 0.000006; update 0.000109; board preparation 0.000546; postflop 0.300629; evaluation 16.708380
Checkpoint 1500: NashConv 0.002411996185; held -0.002227377132; auxiliary 1.685939151850; auxiliary held 1.685611986780; gains [0.001001612784290111, 0.0014103834004645655]; held gains [-0.00023418292818340458, -0.001993194203590041]; auxiliary gains [0.6987341557012052, 0.9872049961485381]; auxiliary held gains [0.6987341557012048, 0.9868778310790794]; evaluation 16.708380s
Iteration 1750: wall 16.572959s; reaches 0.000414; t2 0.000950; t3 0.000000; k4 0.000003; update 0.000069; board preparation 0.000563; postflop 0.064896; evaluation 16.505964
Checkpoint 1750: NashConv 0.002378924338; held -0.002236808653; auxiliary 1.710211588485; auxiliary held 1.709759568469; gains [0.0011047705255576093, 0.0012741538127687968]; held gains [-0.0001400557185089607, -0.0020967529343571684]; auxiliary gains [0.712652775750048, 0.9975588127345212]; auxiliary held gains [0.7126527757500485, 0.9971067927192611]; evaluation 16.505964s
Iteration 2000: wall 16.499616s; reaches 0.000270; t2 0.001491; t3 0.000000; k4 0.000006; update 0.000057; board preparation 0.000533; postflop 0.048849; evaluation 16.448292
Checkpoint 2000: NashConv 0.002526823472; held -0.001984028387; auxiliary 1.719210605029; auxiliary held 1.718801711119; gains [0.0011132038424272878, 0.0014136196293621645]; held gains [-2.4574260158727323e-7, -0.0019837826446198747]; auxiliary gains [0.7175160585058376, 1.0016945465234002]; auxiliary held gains [0.7175160585058378, 1.001285652613349]; evaluation 16.448292s
Iterations: 2000; reached target: false; solve phases Timings { trunk: SolveTimings { reaches: 2.046205600000002, t2: 4.163196699999995, t3: 0.000620699999999979, k4: 0.01219010000000008, update: 0.4350520999999996, evaluation: 240.41102729999997 }, board_preparation: 4.888695099999995, postflop: 318.89320740000034, evaluation_board_preparation: 0.0795833 }
