{"phase":"build","status":"started"}
{"event":"allocation_counts","schema":"r1-phase-allocation/v1","phase":"build","alloc_calls":2786336,"alloc_requested_bytes":70390795,"alloc_failed_calls":0,"alloc_zeroed_calls":3,"alloc_zeroed_requested_bytes":6,"alloc_zeroed_failed_calls":0,"realloc_calls":599424,"realloc_requested_new_bytes":141652942,"realloc_old_layout_bytes":70161311,"realloc_failed_calls":0,"dealloc_calls":2785050,"dealloc_layout_bytes":99662707}
{"phase":"build","status":"completed"}
{"phase":"solver_allocation","status":"started"}
{"event":"allocation_counts","schema":"r1-phase-allocation/v1","phase":"solver_allocation","alloc_calls":1,"alloc_requested_bytes":32,"alloc_failed_calls":0,"alloc_zeroed_calls":2,"alloc_zeroed_requested_bytes":283677408,"alloc_zeroed_failed_calls":0,"realloc_calls":0,"realloc_requested_new_bytes":0,"realloc_old_layout_bytes":0,"realloc_failed_calls":0,"dealloc_calls":0,"dealloc_layout_bytes":0}
{"phase":"solver_allocation","status":"completed"}
{"phase":"cfr","status":"started"}
{"event":"allocation_counts","schema":"r1-phase-allocation/v1","phase":"cfr","alloc_calls":49,"alloc_requested_bytes":24120,"alloc_failed_calls":0,"alloc_zeroed_calls":0,"alloc_zeroed_requested_bytes":0,"alloc_zeroed_failed_calls":0,"realloc_calls":53,"realloc_requested_new_bytes":75112,"realloc_old_layout_bytes":34596,"realloc_failed_calls":0,"dealloc_calls":8,"dealloc_layout_bytes":3568}
{"phase":"cfr","status":"completed"}
{"phase":"state_write","status":"started"}
{"event":"allocation_counts","schema":"r1-phase-allocation/v1","phase":"state_write","alloc_calls":3,"alloc_requested_bytes":16718,"alloc_failed_calls":0,"alloc_zeroed_calls":0,"alloc_zeroed_requested_bytes":0,"alloc_zeroed_failed_calls":0,"realloc_calls":1,"realloc_requested_new_bytes":208,"realloc_old_layout_bytes":104,"realloc_failed_calls":0,"dealloc_calls":3,"dealloc_layout_bytes":16822}
{"phase":"state_write","status":"completed"}
{"phase":"ev_p0","status":"started"}
{"event":"allocation_counts","schema":"r1-phase-allocation/v1","phase":"ev_p0","alloc_calls":24,"alloc_requested_bytes":13844,"alloc_failed_calls":0,"alloc_zeroed_calls":0,"alloc_zeroed_requested_bytes":0,"alloc_zeroed_failed_calls":0,"realloc_calls":25,"realloc_requested_new_bytes":32120,"realloc_old_layout_bytes":15720,"realloc_failed_calls":0,"dealloc_calls":24,"dealloc_layout_bytes":30244}
{"phase":"ev_p0","status":"completed"}
{"phase":"ev_p1","status":"started"}
{"event":"allocation_counts","schema":"r1-phase-allocation/v1","phase":"ev_p1","alloc_calls":27,"alloc_requested_bytes":18596,"alloc_failed_calls":0,"alloc_zeroed_calls":0,"alloc_zeroed_requested_bytes":0,"alloc_zeroed_failed_calls":0,"realloc_calls":28,"realloc_requested_new_bytes":45456,"realloc_old_layout_bytes":21632,"realloc_failed_calls":0,"dealloc_calls":27,"dealloc_layout_bytes":42420}
{"phase":"ev_p1","status":"completed"}
{"phase":"br_p0","status":"started"}
{"event":"allocation_counts","schema":"r1-phase-allocation/v1","phase":"br_p0","alloc_calls":23,"alloc_requested_bytes":13340,"alloc_failed_calls":0,"alloc_zeroed_calls":0,"alloc_zeroed_requested_bytes":0,"alloc_zeroed_failed_calls":0,"realloc_calls":25,"realloc_requested_new_bytes":32120,"realloc_old_layout_bytes":15720,"realloc_failed_calls":0,"dealloc_calls":23,"dealloc_layout_bytes":29740}
{"phase":"br_p0","status":"completed"}
{"phase":"br_p1","status":"started"}
{"event":"allocation_counts","schema":"r1-phase-allocation/v1","phase":"br_p1","alloc_calls":27,"alloc_requested_bytes":16540,"alloc_failed_calls":0,"alloc_zeroed_calls":0,"alloc_zeroed_requested_bytes":0,"alloc_zeroed_failed_calls":0,"realloc_calls":20,"realloc_requested_new_bytes":25912,"realloc_old_layout_bytes":11860,"realloc_failed_calls":0,"dealloc_calls":27,"dealloc_layout_bytes":30592}
{"phase":"br_p1","status":"completed"}
{"phase":"exploitability","status":"started"}
{"event":"allocation_counts","schema":"r1-phase-allocation/v1","phase":"exploitability","alloc_calls":74,"alloc_requested_bytes":43724,"alloc_failed_calls":0,"alloc_zeroed_calls":0,"alloc_zeroed_requested_bytes":0,"alloc_zeroed_failed_calls":0,"realloc_calls":70,"realloc_requested_new_bytes":90152,"realloc_old_layout_bytes":43300,"realloc_failed_calls":0,"dealloc_calls":74,"dealloc_layout_bytes":90576}
{"phase":"exploitability","status":"completed"}
{"phase":"probe","status":"completed"}
