tree: nodes=393 terminals=261 rank_tables=1 storage=4.0 MiB (f32) / 2.0 MiB (i16)
game=postflop schedule=dcfr iterations=1000
iter=      10 expl_p0=7.918e1 expl_p1=1.223e2 nash_conv=2.015e2
iter=      20 expl_p0=6.976e1 expl_p1=3.711e1 nash_conv=1.069e2
iter=      30 expl_p0=5.445e1 expl_p1=3.412e1 nash_conv=8.857e1
iter=      40 expl_p0=3.069e1 expl_p1=2.161e1 nash_conv=5.230e1
iter=      50 expl_p0=2.185e1 expl_p1=1.571e1 nash_conv=3.756e1
iter=      60 expl_p0=1.312e1 expl_p1=9.497e0 nash_conv=2.262e1
iter=      70 expl_p0=1.287e1 expl_p1=1.271e1 nash_conv=2.559e1
iter=      80 expl_p0=9.527e0 expl_p1=6.912e0 nash_conv=1.644e1
iter=      90 expl_p0=8.096e0 expl_p1=5.880e0 nash_conv=1.398e1
iter=     100 expl_p0=7.060e0 expl_p1=4.989e0 nash_conv=1.205e1
iter=     110 expl_p0=6.394e0 expl_p1=4.464e0 nash_conv=1.086e1
iter=     120 expl_p0=6.067e0 expl_p1=4.239e0 nash_conv=1.031e1
iter=     130 expl_p0=5.912e0 expl_p1=4.168e0 nash_conv=1.008e1
iter=     140 expl_p0=4.789e0 expl_p1=3.794e0 nash_conv=8.583e0
iter=     150 expl_p0=4.230e0 expl_p1=3.528e0 nash_conv=7.757e0
iter=     160 expl_p0=3.863e0 expl_p1=3.194e0 nash_conv=7.057e0
iter=     170 expl_p0=3.584e0 expl_p1=3.045e0 nash_conv=6.629e0
iter=     180 expl_p0=3.372e0 expl_p1=2.706e0 nash_conv=6.077e0
iter=     190 expl_p0=3.075e0 expl_p1=2.423e0 nash_conv=5.498e0
iter=     200 expl_p0=2.837e0 expl_p1=2.202e0 nash_conv=5.039e0
iter=     210 expl_p0=2.678e0 expl_p1=2.064e0 nash_conv=4.742e0
iter=     220 expl_p0=2.585e0 expl_p1=1.921e0 nash_conv=4.506e0
iter=     230 expl_p0=2.486e0 expl_p1=1.785e0 nash_conv=4.271e0
iter=     240 expl_p0=2.386e0 expl_p1=1.646e0 nash_conv=4.032e0
iter=     250 expl_p0=2.305e0 expl_p1=1.536e0 nash_conv=3.841e0
iter=     260 expl_p0=2.706e0 expl_p1=1.904e0 nash_conv=4.611e0
iter=     270 expl_p0=2.379e0 expl_p1=1.707e0 nash_conv=4.086e0
iter=     280 expl_p0=2.199e0 expl_p1=1.507e0 nash_conv=3.705e0
iter=     290 expl_p0=2.069e0 expl_p1=1.398e0 nash_conv=3.467e0
iter=     300 expl_p0=1.940e0 expl_p1=1.413e0 nash_conv=3.353e0
iter=     310 expl_p0=1.824e0 expl_p1=1.443e0 nash_conv=3.267e0
iter=     320 expl_p0=1.718e0 expl_p1=1.416e0 nash_conv=3.134e0
iter=     330 expl_p0=1.616e0 expl_p1=1.384e0 nash_conv=3.000e0
iter=     340 expl_p0=1.524e0 expl_p1=1.347e0 nash_conv=2.871e0
iter=     350 expl_p0=1.438e0 expl_p1=1.276e0 nash_conv=2.714e0
iter=     360 expl_p0=1.363e0 expl_p1=1.196e0 nash_conv=2.559e0
iter=     370 expl_p0=1.288e0 expl_p1=1.116e0 nash_conv=2.404e0
iter=     380 expl_p0=1.218e0 expl_p1=1.048e0 nash_conv=2.267e0
iter=     390 expl_p0=1.156e0 expl_p1=9.853e-1 nash_conv=2.142e0
iter=     400 expl_p0=1.097e0 expl_p1=9.460e-1 nash_conv=2.043e0
iter=     410 expl_p0=1.036e0 expl_p1=9.208e-1 nash_conv=1.957e0
iter=     420 expl_p0=9.736e-1 expl_p1=9.013e-1 nash_conv=1.875e0
iter=     430 expl_p0=9.126e-1 expl_p1=8.864e-1 nash_conv=1.799e0
iter=     440 expl_p0=8.562e-1 expl_p1=8.637e-1 nash_conv=1.720e0
iter=     450 expl_p0=8.083e-1 expl_p1=8.375e-1 nash_conv=1.646e0
iter=     460 expl_p0=7.683e-1 expl_p1=8.112e-1 nash_conv=1.580e0
iter=     470 expl_p0=7.326e-1 expl_p1=7.858e-1 nash_conv=1.518e0
iter=     480 expl_p0=7.016e-1 expl_p1=7.674e-1 nash_conv=1.469e0
iter=     490 expl_p0=6.764e-1 expl_p1=7.459e-1 nash_conv=1.422e0
iter=     500 expl_p0=6.554e-1 expl_p1=7.199e-1 nash_conv=1.375e0
iter=     510 expl_p0=6.373e-1 expl_p1=6.926e-1 nash_conv=1.330e0
iter=     520 expl_p0=6.209e-1 expl_p1=6.628e-1 nash_conv=1.284e0
iter=     530 expl_p0=6.060e-1 expl_p1=6.332e-1 nash_conv=1.239e0
iter=     540 expl_p0=5.932e-1 expl_p1=6.061e-1 nash_conv=1.199e0
iter=     550 expl_p0=5.826e-1 expl_p1=5.778e-1 nash_conv=1.160e0
iter=     560 expl_p0=5.700e-1 expl_p1=5.518e-1 nash_conv=1.122e0
iter=     570 expl_p0=5.556e-1 expl_p1=5.260e-1 nash_conv=1.082e0
iter=     580 expl_p0=5.416e-1 expl_p1=4.997e-1 nash_conv=1.041e0
iter=     590 expl_p0=5.281e-1 expl_p1=4.739e-1 nash_conv=1.002e0
iter=     600 expl_p0=5.183e-1 expl_p1=4.511e-1 nash_conv=9.694e-1
iter=     610 expl_p0=5.093e-1 expl_p1=4.286e-1 nash_conv=9.378e-1
iter=     620 expl_p0=5.012e-1 expl_p1=4.078e-1 nash_conv=9.091e-1
iter=     630 expl_p0=4.932e-1 expl_p1=3.903e-1 nash_conv=8.835e-1
iter=     640 expl_p0=4.862e-1 expl_p1=3.757e-1 nash_conv=8.619e-1
iter=     650 expl_p0=4.778e-1 expl_p1=3.618e-1 nash_conv=8.396e-1
iter=     660 expl_p0=4.689e-1 expl_p1=3.483e-1 nash_conv=8.172e-1
iter=     670 expl_p0=4.589e-1 expl_p1=3.357e-1 nash_conv=7.947e-1
iter=     680 expl_p0=4.477e-1 expl_p1=3.235e-1 nash_conv=7.712e-1
iter=     690 expl_p0=4.369e-1 expl_p1=3.147e-1 nash_conv=7.516e-1
iter=     700 expl_p0=4.270e-1 expl_p1=3.072e-1 nash_conv=7.342e-1
iter=     710 expl_p0=4.189e-1 expl_p1=2.997e-1 nash_conv=7.187e-1
iter=     720 expl_p0=4.113e-1 expl_p1=2.928e-1 nash_conv=7.041e-1
iter=     730 expl_p0=4.032e-1 expl_p1=2.869e-1 nash_conv=6.901e-1
iter=     740 expl_p0=3.955e-1 expl_p1=2.820e-1 nash_conv=6.775e-1
iter=     750 expl_p0=3.871e-1 expl_p1=2.777e-1 nash_conv=6.648e-1
iter=     760 expl_p0=3.789e-1 expl_p1=2.769e-1 nash_conv=6.558e-1
iter=     770 expl_p0=3.714e-1 expl_p1=2.764e-1 nash_conv=6.478e-1
iter=     780 expl_p0=3.639e-1 expl_p1=2.731e-1 nash_conv=6.370e-1
iter=     790 expl_p0=3.569e-1 expl_p1=2.689e-1 nash_conv=6.258e-1
iter=     800 expl_p0=3.512e-1 expl_p1=2.655e-1 nash_conv=6.167e-1
iter=     810 expl_p0=3.448e-1 expl_p1=2.637e-1 nash_conv=6.085e-1
iter=     820 expl_p0=3.392e-1 expl_p1=2.617e-1 nash_conv=6.010e-1
iter=     830 expl_p0=3.338e-1 expl_p1=2.590e-1 nash_conv=5.927e-1
iter=     840 expl_p0=3.274e-1 expl_p1=2.561e-1 nash_conv=5.835e-1
iter=     850 expl_p0=3.205e-1 expl_p1=2.527e-1 nash_conv=5.732e-1
iter=     860 expl_p0=3.140e-1 expl_p1=2.489e-1 nash_conv=5.629e-1
iter=     870 expl_p0=3.065e-1 expl_p1=2.446e-1 nash_conv=5.510e-1
iter=     880 expl_p0=2.995e-1 expl_p1=2.399e-1 nash_conv=5.394e-1
iter=     890 expl_p0=2.929e-1 expl_p1=2.350e-1 nash_conv=5.278e-1
iter=     900 expl_p0=2.868e-1 expl_p1=2.299e-1 nash_conv=5.166e-1
iter=     910 expl_p0=2.817e-1 expl_p1=2.245e-1 nash_conv=5.062e-1
iter=     920 expl_p0=2.774e-1 expl_p1=2.194e-1 nash_conv=4.968e-1
iter=     930 expl_p0=2.732e-1 expl_p1=2.149e-1 nash_conv=4.881e-1
iter=     940 expl_p0=2.687e-1 expl_p1=2.125e-1 nash_conv=4.812e-1
iter=     950 expl_p0=2.647e-1 expl_p1=2.093e-1 nash_conv=4.740e-1
iter=     960 expl_p0=2.613e-1 expl_p1=2.054e-1 nash_conv=4.667e-1
iter=     970 expl_p0=2.588e-1 expl_p1=2.003e-1 nash_conv=4.591e-1
iter=     980 expl_p0=2.567e-1 expl_p1=1.953e-1 nash_conv=4.520e-1
iter=     990 expl_p0=2.547e-1 expl_p1=1.905e-1 nash_conv=4.452e-1
iter=    1000 expl_p0=2.526e-1 expl_p1=1.862e-1 nash_conv=4.389e-1
done: iterations=1000 wall=19.19s ev_p0=234.647010 ev_p1=272.519264 nash_conv=4.389e-1
sol: wrote /opt/r1/diagnostic-002-vm07/run/solution.sol (267.9 KB, 132 blocks, mode=Full)
