[
  {
    "endTime": "2026-09-27T22:36:11.872-07:00",
    "id": "1709433124684055125",
    "insertTime": "2026-09-27T22:35:54.720-07:00",
    "kind": "compute#operation",
    "name": "operation-1790573753917-65c84708be096-efd93cdd-360ce8a9",
    "operationType": "insert",
    "progress": 100,
    "selfLink": "https://www.googleapis.com/compute/v1/projects/solvers-abstraction-20260723/zones/us-central1-b/operations/operation-1790573753917-65c84708be096-efd93cdd-360ce8a9",
    "startTime": "2026-09-27T22:35:54.760-07:00",
    "status": "DONE",
    "targetId": "715936786015339093",
    "targetLink": "https://www.googleapis.com/compute/v1/projects/solvers-abstraction-20260723/zones/us-central1-b/instances/solvers-r1-20260928-21",
    "user": "hi089697@gmail.com",
    "warnings": [
      {
        "code": "DISK_SIZE_LARGER_THAN_IMAGE_SIZE",
        "data": [
          {
            "key": "disk_size_gb",
            "value": "20"
          },
          {
            "key": "image_size_gb",
            "value": "10"
          }
        ],
        "message": "Disk size: '20 GB' is larger than image size: '10 GB'. You might need to resize the root repartition manually if the operating system does not support automatic resizing. See https://cloud.google.com/compute/docs/disks/add-persistent-disk#resize_pd for details."
      }
    ],
    "zone": "https://www.googleapis.com/compute/v1/projects/solvers-abstraction-20260723/zones/us-central1-b"
  },
  {
    "endTime": "2026-09-27T22:50:03.641-07:00",
    "id": "8084453838051098935",
    "insertTime": "2026-09-27T22:49:12.233-07:00",
    "kind": "compute#operation",
    "name": "operation-1790574552110-65c84a01f542e-2ac56432-203f006d",
    "operationType": "stop",
    "progress": 100,
    "selfLink": "https://www.googleapis.com/compute/v1/projects/solvers-abstraction-20260723/zones/us-central1-b/operations/operation-1790574552110-65c84a01f542e-2ac56432-203f006d",
    "startTime": "2026-09-27T22:49:12.245-07:00",
    "status": "DONE",
    "targetId": "715936786015339093",
    "targetLink": "https://www.googleapis.com/compute/v1/projects/solvers-abstraction-20260723/zones/us-central1-b/instances/solvers-r1-20260928-21",
    "user": "hi089697@gmail.com",
    "zone": "https://www.googleapis.com/compute/v1/projects/solvers-abstraction-20260723/zones/us-central1-b"
  },
  {
    "endTime": "2026-09-27T22:50:37.950-07:00",
    "id": "4159296751088942786",
    "insertTime": "2026-09-27T22:50:37.669-07:00",
    "kind": "compute#operation",
    "name": "operation-1790574637263-65c84a532a8b3-97ef8410-f6652039",
    "operationType": "setMachineType",
    "progress": 100,
    "selfLink": "https://www.googleapis.com/compute/v1/projects/solvers-abstraction-20260723/zones/us-central1-b/operations/operation-1790574637263-65c84a532a8b3-97ef8410-f6652039",
    "startTime": "2026-09-27T22:50:37.711-07:00",
    "status": "DONE",
    "targetId": "715936786015339093",
    "targetLink": "https://www.googleapis.com/compute/v1/projects/solvers-abstraction-20260723/zones/us-central1-b/instances/solvers-r1-20260928-21",
    "user": "hi089697@gmail.com",
    "zone": "https://www.googleapis.com/compute/v1/projects/solvers-abstraction-20260723/zones/us-central1-b"
  },
  {
    "endTime": "2026-09-27T22:50:59.736-07:00",
    "id": "1944653266417073836",
    "insertTime": "2026-09-27T22:50:59.434-07:00",
    "kind": "compute#operation",
    "name": "operation-1790574659163-65c84a680d71d-6c0415ad-88eed887",
    "operationType": "setScheduling",
    "progress": 100,
    "selfLink": "https://www.googleapis.com/compute/v1/projects/solvers-abstraction-20260723/zones/us-central1-b/operations/operation-1790574659163-65c84a680d71d-6c0415ad-88eed887",
    "startTime": "2026-09-27T22:50:59.451-07:00",
    "status": "DONE",
    "targetId": "715936786015339093",
    "targetLink": "https://www.googleapis.com/compute/v1/projects/solvers-abstraction-20260723/zones/us-central1-b/instances/solvers-r1-20260928-21",
    "user": "hi089697@gmail.com",
    "zone": "https://www.googleapis.com/compute/v1/projects/solvers-abstraction-20260723/zones/us-central1-b"
  },
  {
    "endTime": "2026-09-27T22:51:35.060-07:00",
    "id": "5904192451347201719",
    "insertTime": "2026-09-27T22:51:20.741-07:00",
    "kind": "compute#operation",
    "name": "operation-1790574680445-65c84a7c5936c-1727f5c4-e3c43385",
    "operationType": "start",
    "progress": 100,
    "selfLink": "https://www.googleapis.com/compute/v1/projects/solvers-abstraction-20260723/zones/us-central1-b/operations/operation-1790574680445-65c84a7c5936c-1727f5c4-e3c43385",
    "startTime": "2026-09-27T22:51:20.761-07:00",
    "status": "DONE",
    "targetId": "715936786015339093",
    "targetLink": "https://www.googleapis.com/compute/v1/projects/solvers-abstraction-20260723/zones/us-central1-b/instances/solvers-r1-20260928-21",
    "user": "hi089697@gmail.com",
    "zone": "https://www.googleapis.com/compute/v1/projects/solvers-abstraction-20260723/zones/us-central1-b"
  },
  {
    "endTime": "2026-09-27T22:56:38.588-07:00",
    "id": "7520752179453869966",
    "insertTime": "2026-09-27T22:55:45.504-07:00",
    "kind": "compute#operation",
    "name": "operation-1790574945266-65c84b78e6aaf-76f474b1-6ce46da2",
    "operationType": "stop",
    "progress": 100,
    "selfLink": "https://www.googleapis.com/compute/v1/projects/solvers-abstraction-20260723/zones/us-central1-b/operations/operation-1790574945266-65c84b78e6aaf-76f474b1-6ce46da2",
    "startTime": "2026-09-27T22:55:45.516-07:00",
    "status": "DONE",
    "targetId": "715936786015339093",
    "targetLink": "https://www.googleapis.com/compute/v1/projects/solvers-abstraction-20260723/zones/us-central1-b/instances/solvers-r1-20260928-21",
    "user": "hi089697@gmail.com",
    "zone": "https://www.googleapis.com/compute/v1/projects/solvers-abstraction-20260723/zones/us-central1-b"
  },
  {
    "endTime": "2026-09-27T22:57:12.579-07:00",
    "id": "3449419642963476311",
    "insertTime": "2026-09-27T22:57:12.302-07:00",
    "kind": "compute#operation",
    "name": "operation-1790575032000-65c84bcb9e15a-66be8131-edb9d6e2",
    "operationType": "setMachineType",
    "progress": 100,
    "selfLink": "https://www.googleapis.com/compute/v1/projects/solvers-abstraction-20260723/zones/us-central1-b/operations/operation-1790575032000-65c84bcb9e15a-66be8131-edb9d6e2",
    "startTime": "2026-09-27T22:57:12.368-07:00",
    "status": "DONE",
    "targetId": "715936786015339093",
    "targetLink": "https://www.googleapis.com/compute/v1/projects/solvers-abstraction-20260723/zones/us-central1-b/instances/solvers-r1-20260928-21",
    "user": "hi089697@gmail.com",
    "zone": "https://www.googleapis.com/compute/v1/projects/solvers-abstraction-20260723/zones/us-central1-b"
  },
  {
    "endTime": "2026-09-27T22:57:30.350-07:00",
    "id": "7831997447098842917",
    "insertTime": "2026-09-27T22:57:30.179-07:00",
    "kind": "compute#operation",
    "name": "operation-1790575049879-65c84bdcab0f5-650cf455-553cd908",
    "operationType": "setScheduling",
    "progress": 100,
    "selfLink": "https://www.googleapis.com/compute/v1/projects/solvers-abstraction-20260723/zones/us-central1-b/operations/operation-1790575049879-65c84bdcab0f5-650cf455-553cd908",
    "startTime": "2026-09-27T22:57:30.200-07:00",
    "status": "DONE",
    "targetId": "715936786015339093",
    "targetLink": "https://www.googleapis.com/compute/v1/projects/solvers-abstraction-20260723/zones/us-central1-b/instances/solvers-r1-20260928-21",
    "user": "hi089697@gmail.com",
    "zone": "https://www.googleapis.com/compute/v1/projects/solvers-abstraction-20260723/zones/us-central1-b"
  },
  {
    "endTime": "2026-09-27T22:58:01.569-07:00",
    "id": "310307254103949104",
    "insertTime": "2026-09-27T22:57:51.682-07:00",
    "kind": "compute#operation",
    "name": "operation-1790575071339-65c84bf122483-2424dd36-7fe6acd9",
    "operationType": "start",
    "progress": 100,
    "selfLink": "https://www.googleapis.com/compute/v1/projects/solvers-abstraction-20260723/zones/us-central1-b/operations/operation-1790575071339-65c84bf122483-2424dd36-7fe6acd9",
    "startTime": "2026-09-27T22:57:51.713-07:00",
    "status": "DONE",
    "targetId": "715936786015339093",
    "targetLink": "https://www.googleapis.com/compute/v1/projects/solvers-abstraction-20260723/zones/us-central1-b/instances/solvers-r1-20260928-21",
    "user": "hi089697@gmail.com",
    "zone": "https://www.googleapis.com/compute/v1/projects/solvers-abstraction-20260723/zones/us-central1-b"
  },
  {
    "endTime": "2026-09-27T23:03:21.409-07:00",
    "id": "8559285004022561816",
    "insertTime": "2026-09-27T23:02:31.445-07:00",
    "kind": "compute#operation",
    "name": "operation-1790575351261-65c84cfc169b8-31032aa3-148c0f71",
    "operationType": "delete",
    "progress": 100,
    "selfLink": "https://www.googleapis.com/compute/v1/projects/solvers-abstraction-20260723/zones/us-central1-b/operations/operation-1790575351261-65c84cfc169b8-31032aa3-148c0f71",
    "startTime": "2026-09-27T23:02:31.464-07:00",
    "status": "DONE",
    "targetId": "715936786015339093",
    "targetLink": "https://www.googleapis.com/compute/v1/projects/solvers-abstraction-20260723/zones/us-central1-b/instances/solvers-r1-20260928-21",
    "user": "hi089697@gmail.com",
    "zone": "https://www.googleapis.com/compute/v1/projects/solvers-abstraction-20260723/zones/us-central1-b"
  }
]
