2026-10-07T08:02:00.3979143+09:00 cpu=100 busy=l0_eval
2026-10-07T08:02:10.9621883+09:00 cpu=100 busy=l0_eval
2026-10-07T08:02:21.5526486+09:00 cpu=100 busy=l0_eval
2026-10-07T08:02:32.3490155+09:00 cpu=100 busy=l0_eval
2026-10-07T08:02:43.3707775+09:00 cpu=100 busy=l0_eval
2026-10-07T08:02:53.4280551+09:00 cpu=16 busy=
2026-10-07T08:03:03.9521688+09:00 cpu=100 busy=
2026-10-07T08:03:14.3464801+09:00 cpu=100 busy=
2026-10-07T08:03:25.0058260+09:00 cpu=100 busy=
2026-10-07T08:03:35.5574293+09:00 cpu=100 busy=
2026-10-07T08:03:46.2219802+09:00 cpu=100 busy=
2026-10-07T08:03:56.7686375+09:00 cpu=100 busy=
2026-10-07T08:04:07.3426316+09:00 cpu=100 busy=
2026-10-07T08:04:17.3896342+09:00 cpu=76 busy=
2026-10-07T08:04:27.4344894+09:00 cpu=75 busy=
2026-10-07T08:04:37.4715506+09:00 cpu=58 busy=
2026-10-07T08:04:47.5314326+09:00 cpu=60 busy=
2026-10-07T08:04:57.5538000+09:00 cpu=58 busy=
2026-10-07T08:05:07.5902496+09:00 cpu=57 busy=
2026-10-07T08:05:17.6144877+09:00 cpu=62 busy=
2026-10-07T08:05:27.6491984+09:00 cpu=61 busy=
2026-10-07T08:05:37.7043519+09:00 cpu=80 busy=cargo
2026-10-07T08:05:47.7293377+09:00 cpu=62 busy=cargo
2026-10-07T08:05:57.7721717+09:00 cpu=61 busy=cargo
2026-10-07T08:06:07.8136982+09:00 cpu=55 busy=cargo
2026-10-07T08:06:17.8471558+09:00 cpu=44 busy=cargo
2026-10-07T08:06:27.8913358+09:00 cpu=67 busy=cargo
2026-10-07T08:06:37.9422921+09:00 cpu=74 busy=cargo
2026-10-07T08:06:47.9764796+09:00 cpu=71 busy=cargo
2026-10-07T08:06:58.0363906+09:00 cpu=87 busy=cargo
2026-10-07T08:07:08.0740094+09:00 cpu=74 busy=cargo
2026-10-07T08:07:18.1133368+09:00 cpu=45 busy=cargo
2026-10-07T08:07:29.2946559+09:00 cpu=100 busy=cargo
2026-10-07T08:07:39.3453818+09:00 cpu=45 busy=cargo
2026-10-07T08:07:49.3837364+09:00 cpu=54 busy=cargo
2026-10-07T08:07:59.4205609+09:00 cpu=63 busy=cargo
2026-10-07T08:08:09.4436817+09:00 cpu=37 busy=
2026-10-07T08:08:19.4674925+09:00 cpu=61 busy=
2026-10-07T08:08:29.5064318+09:00 cpu=63 busy=
2026-10-07T08:08:39.5304088+09:00 cpu=46 busy=
2026-10-07T08:08:50.4786580+09:00 cpu=100 busy=
2026-10-07T08:09:00.7719356+09:00 cpu=100 busy=
2026-10-07T08:09:10.9448641+09:00 cpu=100 busy=
2026-10-07T08:09:21.7890289+09:00 cpu=100 busy=cargo,cargo
2026-10-07T08:09:32.5184116+09:00 cpu=100 busy=cargo,cargo,rustc,rustc,rustc,rustc
2026-10-07T08:09:43.0840191+09:00 cpu=100 busy=cargo,cargo,rustc,rustc,rustc
2026-10-07T08:09:53.8048663+09:00 cpu=100 busy=cargo,cargo,rustc,rustc
2026-10-07T08:10:03.8714400+09:00 cpu=80 busy=cargo,cargo,rustc,rustc,rustc
2026-10-07T08:10:13.9030675+09:00 cpu=83 busy=cargo,cargo,rustc
2026-10-07T08:10:23.9539431+09:00 cpu=83 busy=cargo,cargo
2026-10-07T08:10:33.9832208+09:00 cpu=46 busy=
2026-10-07T08:10:44.0190332+09:00 cpu=44 busy=
2026-10-07T08:10:54.0492251+09:00 cpu=44 busy=
2026-10-07T08:11:04.0866379+09:00 cpu=43 busy=
2026-10-07T08:11:14.1102177+09:00 cpu=43 busy=
2026-10-07T08:11:24.1557855+09:00 cpu=45 busy=
2026-10-07T08:11:34.1773120+09:00 cpu=58 busy=
2026-10-07T08:11:44.2250849+09:00 cpu=45 busy=
2026-10-07T08:11:54.2541354+09:00 cpu=43 busy=
2026-10-07T08:12:04.2781319+09:00 cpu=42 busy=
2026-10-07T08:12:14.3310038+09:00 cpu=65 busy=
2026-10-07T08:12:24.3905128+09:00 cpu=63 busy=
2026-10-07T08:12:34.4289625+09:00 cpu=47 busy=
2026-10-07T08:12:44.4690525+09:00 cpu=45 busy=
2026-10-07T08:12:54.5029809+09:00 cpu=55 busy=
2026-10-07T08:13:04.5881408+09:00 cpu=41 busy=
2026-10-07T08:13:14.6276226+09:00 cpu=45 busy=
2026-10-07T08:13:24.6620593+09:00 cpu=55 busy=
2026-10-07T08:13:34.7036482+09:00 cpu=45 busy=
2026-10-07T08:13:44.7332146+09:00 cpu=41 busy=
2026-10-07T08:13:54.7676909+09:00 cpu=42 busy=
2026-10-07T08:14:04.8065585+09:00 cpu=37 busy=
2026-10-07T08:14:14.8754083+09:00 cpu=42 busy=
2026-10-07T08:14:24.9167205+09:00 cpu=45 busy=
2026-10-07T08:14:34.9601346+09:00 cpu=46 busy=
2026-10-07T08:14:45.0587791+09:00 cpu=100 busy=
2026-10-07T08:14:55.5359560+09:00 cpu=100 busy=
2026-10-07T08:15:05.8049186+09:00 cpu=100 busy=
2026-10-07T08:15:16.5712197+09:00 cpu=100 busy=
2026-10-07T08:15:27.2917127+09:00 cpu=100 busy=
2026-10-07T08:15:37.3384675+09:00 cpu=40 busy=
2026-10-07T08:15:47.3760483+09:00 cpu=42 busy=
2026-10-07T08:15:57.4015007+09:00 cpu=44 busy=
2026-10-07T08:16:07.4367513+09:00 cpu=44 busy=
2026-10-07T08:16:17.4625435+09:00 cpu=53 busy=
2026-10-07T08:16:27.4927024+09:00 cpu=44 busy=
2026-10-07T08:16:37.5679066+09:00 cpu=46 busy=
2026-10-07T08:16:47.5977458+09:00 cpu=42 busy=
2026-10-07T08:16:57.6345402+09:00 cpu=47 busy=
2026-10-07T08:17:07.6622494+09:00 cpu=51 busy=
2026-10-07T08:17:17.6937906+09:00 cpu=47 busy=
2026-10-07T08:17:27.7235757+09:00 cpu=56 busy=
2026-10-07T08:17:37.7507695+09:00 cpu=45 busy=
2026-10-07T08:17:47.7854943+09:00 cpu=50 busy=
2026-10-07T08:17:57.8181299+09:00 cpu=63 busy=
2026-10-07T08:18:07.8352385+09:00 cpu=46 busy=
2026-10-07T08:18:17.8636735+09:00 cpu=53 busy=
2026-10-07T08:18:27.9054889+09:00 cpu=59 busy=
2026-10-07T08:18:37.9383435+09:00 cpu=52 busy=
2026-10-07T08:18:47.9583573+09:00 cpu=46 busy=
2026-10-07T08:18:57.9882874+09:00 cpu=67 busy=
2026-10-07T08:19:08.0180885+09:00 cpu=48 busy=
2026-10-07T08:19:18.0562629+09:00 cpu=43 busy=
2026-10-07T08:19:28.7884403+09:00 cpu=88 busy=
2026-10-07T08:19:39.1952549+09:00 cpu=100 busy=
2026-10-07T08:19:49.8523246+09:00 cpu=100 busy=
2026-10-07T08:20:00.4646186+09:00 cpu=100 busy=
2026-10-07T08:20:10.7297859+09:00 cpu=100 busy=
2026-10-07T08:20:21.5205123+09:00 cpu=100 busy=
2026-10-07T08:20:31.5743213+09:00 cpu=65 busy=
2026-10-07T08:20:41.6092796+09:00 cpu=58 busy=
2026-10-07T08:20:51.6475841+09:00 cpu=50 busy=
2026-10-07T08:21:01.6808662+09:00 cpu=68 busy=
2026-10-07T08:21:11.7243578+09:00 cpu=45 busy=
2026-10-07T08:21:21.7594040+09:00 cpu=60 busy=
2026-10-07T08:21:31.8038051+09:00 cpu=78 busy=
2026-10-07T08:21:41.8367363+09:00 cpu=56 busy=
2026-10-07T08:21:51.8734852+09:00 cpu=65 busy=
2026-10-07T08:22:01.9072771+09:00 cpu=65 busy=
2026-10-07T08:22:11.9326923+09:00 cpu=60 busy=
2026-10-07T08:22:21.9750038+09:00 cpu=58 busy=
2026-10-07T08:22:32.0152358+09:00 cpu=68 busy=
2026-10-07T08:22:42.0439061+09:00 cpu=58 busy=
2026-10-07T08:22:52.0760347+09:00 cpu=60 busy=
2026-10-07T08:23:02.1068295+09:00 cpu=83 busy=
2026-10-07T08:23:12.1450604+09:00 cpu=69 busy=
2026-10-07T08:23:22.1872349+09:00 cpu=61 busy=
2026-10-07T08:23:32.2308661+09:00 cpu=73 busy=
2026-10-07T08:23:42.2783559+09:00 cpu=60 busy=
2026-10-07T08:23:52.3210212+09:00 cpu=65 busy=
2026-10-07T08:24:02.5257916+09:00 cpu=100 busy=
2026-10-07T08:24:12.7591672+09:00 cpu=100 busy=
2026-10-07T08:24:23.0462496+09:00 cpu=100 busy=
2026-10-07T08:24:33.8903002+09:00 cpu=100 busy=
2026-10-07T08:24:44.6351053+09:00 cpu=100 busy=
2026-10-07T08:24:55.1791515+09:00 cpu=100 busy=
2026-10-07T08:25:05.2280503+09:00 cpu=98 busy=
2026-10-07T08:25:15.3167526+09:00 cpu=95 busy=
2026-10-07T08:25:25.3418940+09:00 cpu=48 busy=
2026-10-07T08:25:35.3785839+09:00 cpu=60 busy=
2026-10-07T08:25:45.4103146+09:00 cpu=55 busy=
2026-10-07T08:25:55.4440364+09:00 cpu=52 busy=
2026-10-07T08:26:05.4807254+09:00 cpu=65 busy=
2026-10-07T08:26:15.5224906+09:00 cpu=67 busy=
2026-10-07T08:26:25.5554538+09:00 cpu=60 busy=
2026-10-07T08:26:35.5831616+09:00 cpu=61 busy=
2026-10-07T08:26:45.6083285+09:00 cpu=61 busy=
2026-10-07T08:26:55.6497462+09:00 cpu=78 busy=
2026-10-07T08:27:05.6968466+09:00 cpu=63 busy=
2026-10-07T08:27:15.7356265+09:00 cpu=58 busy=
2026-10-07T08:27:25.7760823+09:00 cpu=61 busy=
2026-10-07T08:27:35.8526355+09:00 cpu=65 busy=
2026-10-07T08:27:45.8836493+09:00 cpu=56 busy=
2026-10-07T08:27:55.9045308+09:00 cpu=56 busy=
2026-10-07T08:28:05.9468408+09:00 cpu=60 busy=
2026-10-07T08:28:15.9924023+09:00 cpu=61 busy=
2026-10-07T08:28:26.0246573+09:00 cpu=56 busy=
2026-10-07T08:28:36.0706644+09:00 cpu=66 busy=
2026-10-07T08:28:46.5105060+09:00 cpu=87 busy=
2026-10-07T08:28:56.6821770+09:00 cpu=100 busy=
2026-10-07T08:29:07.0630211+09:00 cpu=100 busy=
2026-10-07T08:29:17.2748784+09:00 cpu=100 busy=
2026-10-07T08:29:27.6390605+09:00 cpu=100 busy=
2026-10-07T08:29:38.0237949+09:00 cpu=100 busy=
2026-10-07T08:29:48.0748968+09:00 cpu=92 busy=
2026-10-07T08:29:58.1382250+09:00 cpu=91 busy=
2026-10-07T08:30:08.2490726+09:00 cpu=98 busy=
2026-10-07T08:30:18.3056333+09:00 cpu=86 busy=
2026-10-07T08:30:28.4038848+09:00 cpu=88 busy=
2026-10-07T08:30:38.4695137+09:00 cpu=91 busy=
2026-10-07T08:30:48.5210542+09:00 cpu=90 busy=
2026-10-07T08:30:58.5589278+09:00 cpu=90 busy=
2026-10-07T08:31:08.6100499+09:00 cpu=92 busy=
2026-10-07T08:31:18.6490450+09:00 cpu=87 busy=
2026-10-07T08:31:28.7035448+09:00 cpu=92 busy=
2026-10-07T08:31:38.8091547+09:00 cpu=95 busy=
2026-10-07T08:31:48.8543721+09:00 cpu=86 busy=
2026-10-07T08:31:58.8826326+09:00 cpu=83 busy=
2026-10-07T08:32:08.9470631+09:00 cpu=65 busy=
2026-10-07T08:32:18.9953647+09:00 cpu=58 busy=
2026-10-07T08:32:29.0910953+09:00 cpu=100 busy=
2026-10-07T08:32:39.2885372+09:00 cpu=100 busy=
2026-10-07T08:32:49.4074501+09:00 cpu=100 busy=
2026-10-07T08:32:59.5315693+09:00 cpu=100 busy=
2026-10-07T08:33:09.9215026+09:00 cpu=100 busy=
2026-10-07T08:33:20.1829951+09:00 cpu=100 busy=
2026-10-07T08:33:30.2234325+09:00 cpu=56 busy=
2026-10-07T08:33:40.2594948+09:00 cpu=49 busy=
2026-10-07T08:33:50.2963212+09:00 cpu=60 busy=
2026-10-07T08:34:00.3264045+09:00 cpu=48 busy=
2026-10-07T08:34:10.3717374+09:00 cpu=55 busy=
2026-10-07T08:34:20.3983748+09:00 cpu=47 busy=
2026-10-07T08:34:30.4307131+09:00 cpu=46 busy=
2026-10-07T08:34:40.4618295+09:00 cpu=47 busy=
2026-10-07T08:34:50.5079836+09:00 cpu=50 busy=
2026-10-07T08:35:00.5438223+09:00 cpu=48 busy=
2026-10-07T08:35:10.5735485+09:00 cpu=49 busy=
2026-10-07T08:35:20.6131221+09:00 cpu=45 busy=
2026-10-07T08:35:30.6520917+09:00 cpu=45 busy=
2026-10-07T08:35:40.6861057+09:00 cpu=51 busy=
2026-10-07T08:35:50.7186435+09:00 cpu=48 busy=
2026-10-07T08:36:00.7388506+09:00 cpu=54 busy=
2026-10-07T08:36:10.7785639+09:00 cpu=50 busy=
2026-10-07T08:36:20.8185991+09:00 cpu=46 busy=
2026-10-07T08:36:30.8521492+09:00 cpu=44 busy=
2026-10-07T08:36:40.8910983+09:00 cpu=67 busy=
2026-10-07T08:36:50.9158678+09:00 cpu=48 busy=
2026-10-07T08:37:00.9406697+09:00 cpu=47 busy=
2026-10-07T08:37:10.9834264+09:00 cpu=45 busy=
2026-10-07T08:37:21.0259104+09:00 cpu=47 busy=
2026-10-07T08:37:31.0570354+09:00 cpu=45 busy=
2026-10-07T08:37:41.1027309+09:00 cpu=45 busy=
2026-10-07T08:37:51.1484938+09:00 cpu=43 busy=
2026-10-07T08:38:01.2013716+09:00 cpu=47 busy=
2026-10-07T08:38:11.2346984+09:00 cpu=53 busy=
2026-10-07T08:38:21.3508290+09:00 cpu=100 busy=
2026-10-07T08:38:31.4641258+09:00 cpu=100 busy=
2026-10-07T08:38:41.6892673+09:00 cpu=100 busy=
2026-10-07T08:38:51.8361449+09:00 cpu=100 busy=
2026-10-07T08:39:02.2644746+09:00 cpu=100 busy=
2026-10-07T08:39:12.3257471+09:00 cpu=100 busy=
2026-10-07T08:39:22.3694309+09:00 cpu=40 busy=
2026-10-07T08:39:32.3980478+09:00 cpu=45 busy=
2026-10-07T08:39:42.4230185+09:00 cpu=42 busy=
2026-10-07T08:39:52.4481738+09:00 cpu=32 busy=
2026-10-07T08:40:02.4768355+09:00 cpu=43 busy=
2026-10-07T08:40:12.5033460+09:00 cpu=37 busy=
2026-10-07T08:40:22.5312587+09:00 cpu=33 busy=
2026-10-07T08:40:32.5603794+09:00 cpu=43 busy=
2026-10-07T08:40:42.5939339+09:00 cpu=35 busy=
2026-10-07T08:40:52.6211497+09:00 cpu=34 busy=
2026-10-07T08:41:02.6600406+09:00 cpu=42 busy=
2026-10-07T08:41:12.6911131+09:00 cpu=42 busy=
2026-10-07T08:41:22.7104467+09:00 cpu=43 busy=
2026-10-07T08:41:32.7525714+09:00 cpu=44 busy=
2026-10-07T08:41:42.7904447+09:00 cpu=36 busy=
2026-10-07T08:41:52.8200062+09:00 cpu=39 busy=
2026-10-07T08:42:02.8510955+09:00 cpu=47 busy=
2026-10-07T08:42:12.8879776+09:00 cpu=40 busy=
2026-10-07T08:42:22.9128474+09:00 cpu=45 busy=
2026-10-07T08:42:32.9562436+09:00 cpu=56 busy=
2026-10-07T08:42:42.9879887+09:00 cpu=44 busy=
2026-10-07T08:42:53.0272926+09:00 cpu=39 busy=
2026-10-07T08:43:03.0564091+09:00 cpu=48 busy=
2026-10-07T08:43:13.0867719+09:00 cpu=39 busy=
2026-10-07T08:43:23.1150925+09:00 cpu=50 busy=
2026-10-07T08:43:33.1385393+09:00 cpu=39 busy=
2026-10-07T08:43:43.1778167+09:00 cpu=39 busy=
2026-10-07T08:43:53.2094764+09:00 cpu=38 busy=
2026-10-07T08:44:03.2347195+09:00 cpu=44 busy=
2026-10-07T08:44:13.2769496+09:00 cpu=45 busy=
2026-10-07T08:44:23.3229987+09:00 cpu=44 busy=
2026-10-07T08:44:33.3547190+09:00 cpu=43 busy=
2026-10-07T08:44:43.7778809+09:00 cpu=86 busy=
2026-10-07T08:44:53.8441292+09:00 cpu=100 busy=
2026-10-07T08:45:03.9153950+09:00 cpu=100 busy=
2026-10-07T08:45:14.1048931+09:00 cpu=100 busy=
2026-10-07T08:45:24.2600817+09:00 cpu=100 busy=
2026-10-07T08:45:34.3383896+09:00 cpu=100 busy=
2026-10-07T08:45:44.3723610+09:00 cpu=37 busy=
2026-10-07T08:45:54.4142193+09:00 cpu=36 busy=
2026-10-07T08:46:04.4505642+09:00 cpu=46 busy=
2026-10-07T08:46:14.4937536+09:00 cpu=33 busy=
2026-10-07T08:46:24.5331651+09:00 cpu=36 busy=
2026-10-07T08:46:34.5640869+09:00 cpu=39 busy=
2026-10-07T08:46:44.6022198+09:00 cpu=36 busy=
2026-10-07T08:46:54.6409781+09:00 cpu=39 busy=
2026-10-07T08:47:04.6862972+09:00 cpu=41 busy=
2026-10-07T08:47:14.7184999+09:00 cpu=36 busy=
2026-10-07T08:47:24.7471330+09:00 cpu=36 busy=
2026-10-07T08:47:34.7729534+09:00 cpu=44 busy=
2026-10-07T08:47:44.8168568+09:00 cpu=36 busy=
2026-10-07T08:47:54.8496574+09:00 cpu=38 busy=
2026-10-07T08:48:04.8901979+09:00 cpu=42 busy=
2026-10-07T08:48:14.9245614+09:00 cpu=36 busy=
2026-10-07T08:48:24.9612579+09:00 cpu=38 busy=
2026-10-07T08:48:35.0073254+09:00 cpu=50 busy=
2026-10-07T08:48:45.0379755+09:00 cpu=38 busy=
2026-10-07T08:48:55.0810957+09:00 cpu=41 busy=
2026-10-07T08:49:05.1234153+09:00 cpu=42 busy=
2026-10-07T08:49:15.1630815+09:00 cpu=37 busy=
2026-10-07T08:49:25.1880268+09:00 cpu=38 busy=
2026-10-07T08:49:35.2398495+09:00 cpu=44 busy=
2026-10-07T08:49:45.2707585+09:00 cpu=36 busy=
2026-10-07T08:49:55.2998508+09:00 cpu=38 busy=
2026-10-07T08:50:05.3315982+09:00 cpu=43 busy=
2026-10-07T08:50:15.3651668+09:00 cpu=35 busy=
2026-10-07T08:50:25.4000590+09:00 cpu=39 busy=
2026-10-07T08:50:35.4499566+09:00 cpu=43 busy=
2026-10-07T08:50:45.4779403+09:00 cpu=36 busy=
2026-10-07T08:50:55.5010996+09:00 cpu=41 busy=
2026-10-07T08:51:05.5381580+09:00 cpu=43 busy=
2026-10-07T08:51:15.6050809+09:00 cpu=43 busy=
2026-10-07T08:51:25.6546639+09:00 cpu=99 busy=
2026-10-07T08:51:35.8060963+09:00 cpu=100 busy=
2026-10-07T08:51:46.0499928+09:00 cpu=100 busy=
2026-10-07T08:51:56.2876443+09:00 cpu=100 busy=
2026-10-07T08:52:06.5410349+09:00 cpu=100 busy=
2026-10-07T08:52:16.7309340+09:00 cpu=100 busy=
2026-10-07T08:52:26.7624732+09:00 cpu=40 busy=
2026-10-07T08:52:36.8082547+09:00 cpu=41 busy=
2026-10-07T08:52:46.8484049+09:00 cpu=42 busy=
2026-10-07T08:52:56.8779357+09:00 cpu=41 busy=
2026-10-07T08:53:06.9133334+09:00 cpu=42 busy=
2026-10-07T08:53:16.9431090+09:00 cpu=37 busy=
2026-10-07T08:53:26.9731268+09:00 cpu=39 busy=
2026-10-07T08:53:37.0199873+09:00 cpu=44 busy=
2026-10-07T08:53:47.0624172+09:00 cpu=42 busy=
2026-10-07T08:53:57.0891963+09:00 cpu=41 busy=
2026-10-07T08:54:07.1213987+09:00 cpu=44 busy=
2026-10-07T08:54:17.1444582+09:00 cpu=39 busy=
2026-10-07T08:54:27.1770439+09:00 cpu=40 busy=
2026-10-07T08:54:37.2087952+09:00 cpu=42 busy=
2026-10-07T08:54:47.2478779+09:00 cpu=39 busy=
2026-10-07T08:54:57.2953732+09:00 cpu=40 busy=
2026-10-07T08:55:07.3286801+09:00 cpu=46 busy=
2026-10-07T08:55:17.3582747+09:00 cpu=37 busy=
2026-10-07T08:55:27.3930808+09:00 cpu=40 busy=
2026-10-07T08:55:37.4401712+09:00 cpu=48 busy=
2026-10-07T08:55:47.4752982+09:00 cpu=42 busy=
2026-10-07T08:55:57.5036850+09:00 cpu=43 busy=
2026-10-07T08:56:07.5470689+09:00 cpu=44 busy=
2026-10-07T08:56:17.5870953+09:00 cpu=40 busy=
2026-10-07T08:56:27.6079814+09:00 cpu=38 busy=
2026-10-07T08:56:37.6455026+09:00 cpu=48 busy=
2026-10-07T08:56:47.6943890+09:00 cpu=40 busy=
2026-10-07T08:56:57.7161635+09:00 cpu=40 busy=
2026-10-07T08:57:07.7569508+09:00 cpu=50 busy=
2026-10-07T08:57:17.7944958+09:00 cpu=35 busy=
2026-10-07T08:57:27.8281860+09:00 cpu=44 busy=
2026-10-07T08:57:37.8618764+09:00 cpu=47 busy=
2026-10-07T08:57:47.8961354+09:00 cpu=38 busy=
2026-10-07T08:57:57.9328145+09:00 cpu=39 busy=
2026-10-07T08:58:07.9730459+09:00 cpu=44 busy=
2026-10-07T08:58:18.0180291+09:00 cpu=99 busy=
2026-10-07T08:58:28.1244374+09:00 cpu=100 busy=
2026-10-07T08:58:38.3070972+09:00 cpu=100 busy=
2026-10-07T08:58:48.4690433+09:00 cpu=100 busy=
2026-10-07T08:58:58.6164359+09:00 cpu=100 busy=
2026-10-07T08:59:08.7522576+09:00 cpu=93 busy=
2026-10-07T08:59:18.7815990+09:00 cpu=6 busy=
2026-10-07T08:59:28.8181302+09:00 cpu=4 busy=
2026-10-07T08:59:38.8511506+09:00 cpu=12 busy=
2026-10-07T08:59:48.8679892+09:00 cpu=4 busy=
2026-10-07T08:59:58.8897730+09:00 cpu=7 busy=
2026-10-07T09:24:02.9004974+09:00 cpu=10 busy=
2026-10-07T09:24:12.9443909+09:00 cpu=8 busy=
2026-10-07T09:24:22.9814392+09:00 cpu=11 busy=
2026-10-07T09:24:32.9993594+09:00 cpu=11 busy=
2026-10-07T09:24:43.0350859+09:00 cpu=8 busy=
2026-10-07T09:24:53.0514071+09:00 cpu=4 busy=
2026-10-07T09:25:03.0827328+09:00 cpu=5 busy=
2026-10-07T09:25:13.1081473+09:00 cpu=7 busy=
2026-10-07T09:25:23.1293844+09:00 cpu=5 busy=
2026-10-07T09:25:33.1555459+09:00 cpu=6 busy=
2026-10-07T09:25:43.1884488+09:00 cpu=4 busy=
2026-10-07T09:25:53.2201620+09:00 cpu=5 busy=
2026-10-07T09:26:03.2375413+09:00 cpu=4 busy=
2026-10-07T09:26:13.2685008+09:00 cpu=4 busy=
2026-10-07T09:26:23.3105772+09:00 cpu=9 busy=
2026-10-07T09:26:33.3436529+09:00 cpu=16 busy=
2026-10-07T09:26:43.3787455+09:00 cpu=7 busy=
2026-10-07T09:26:53.4024874+09:00 cpu=14 busy=
2026-10-07T09:27:03.4361709+09:00 cpu=14 busy=
2026-10-07T09:27:13.4681513+09:00 cpu=16 busy=
2026-10-07T09:27:23.4991658+09:00 cpu=7 busy=
2026-10-07T09:27:33.5274571+09:00 cpu=9 busy=
2026-10-07T09:27:43.5523055+09:00 cpu=7 busy=
2026-10-07T09:27:53.9180708+09:00 cpu=100 busy=
2026-10-07T09:28:04.3672880+09:00 cpu=98 busy=
2026-10-07T09:28:14.8019907+09:00 cpu=96 busy=
2026-10-07T09:28:25.0910712+09:00 cpu=100 busy=
2026-10-07T09:28:35.1674806+09:00 cpu=92 busy=
2026-10-07T09:28:45.4435399+09:00 cpu=100 busy=
2026-10-07T09:28:55.6113545+09:00 cpu=83 busy=
2026-10-07T09:29:05.9429879+09:00 cpu=100 busy=
2026-10-07T09:29:16.3046996+09:00 cpu=98 busy=
2026-10-07T09:29:26.4195897+09:00 cpu=100 busy=
2026-10-07T09:29:37.0521311+09:00 cpu=100 busy=
2026-10-07T09:29:47.3315981+09:00 cpu=100 busy=
2026-10-07T09:29:57.7342922+09:00 cpu=100 busy=
2026-10-07T09:30:07.9723889+09:00 cpu=100 busy=
2026-10-07T09:30:18.4812793+09:00 cpu=100 busy=
2026-10-07T09:30:28.6381282+09:00 cpu=100 busy=
2026-10-07T09:30:39.3021041+09:00 cpu=100 busy=
2026-10-07T09:30:49.9470383+09:00 cpu=80 busy=
2026-10-07T09:31:00.1427132+09:00 cpu=100 busy=
2026-10-07T09:31:10.2961285+09:00 cpu=100 busy=
2026-10-07T09:31:20.4646923+09:00 cpu=100 busy=
2026-10-07T09:31:31.0207579+09:00 cpu=100 busy=
2026-10-07T09:31:41.1425160+09:00 cpu=100 busy=
2026-10-07T09:31:51.5869371+09:00 cpu=97 busy=
2026-10-07T09:32:01.7307218+09:00 cpu=58 busy=
2026-10-07T09:32:11.8620363+09:00 cpu=100 busy=
2026-10-07T09:32:21.9979379+09:00 cpu=98 busy=
2026-10-07T09:32:32.1094319+09:00 cpu=100 busy=
2026-10-07T09:32:42.2366291+09:00 cpu=87 busy=
2026-10-07T09:32:52.6137982+09:00 cpu=86 busy=
2026-10-07T09:33:03.1461001+09:00 cpu=100 busy=
2026-10-07T09:33:13.7059527+09:00 cpu=100 busy=
2026-10-07T09:33:23.8110455+09:00 cpu=99 busy=
2026-10-07T09:33:33.8622045+09:00 cpu=98 busy=
2026-10-07T09:33:43.9205499+09:00 cpu=98 busy=
2026-10-07T09:33:53.9867501+09:00 cpu=99 busy=
2026-10-07T09:34:04.0410020+09:00 cpu=96 busy=
2026-10-07T09:34:14.0844173+09:00 cpu=98 busy=
2026-10-07T09:34:24.1420427+09:00 cpu=97 busy=
2026-10-07T09:34:34.2029440+09:00 cpu=98 busy=
2026-10-07T09:34:44.2424783+09:00 cpu=98 busy=
2026-10-07T09:34:54.2905841+09:00 cpu=97 busy=
2026-10-07T09:35:04.3332953+09:00 cpu=97 busy=
2026-10-07T09:35:14.5744561+09:00 cpu=100 busy=
2026-10-07T09:35:25.0226778+09:00 cpu=100 busy=
2026-10-07T09:35:35.1333437+09:00 cpu=100 busy=
2026-10-07T09:35:45.3157210+09:00 cpu=100 busy=
2026-10-07T09:35:55.6813170+09:00 cpu=94 busy=
2026-10-07T09:36:06.0937249+09:00 cpu=100 busy=
2026-10-07T09:36:16.2436360+09:00 cpu=100 busy=
2026-10-07T09:36:26.5492651+09:00 cpu=100 busy=
2026-10-07T09:36:37.0433067+09:00 cpu=100 busy=
2026-10-07T09:36:47.4416800+09:00 cpu=100 busy=
2026-10-07T09:36:57.9272236+09:00 cpu=100 busy=
2026-10-07T09:37:08.3894772+09:00 cpu=100 busy=
2026-10-07T09:37:18.9001774+09:00 cpu=100 busy=
2026-10-07T09:37:29.4371339+09:00 cpu=100 busy=
2026-10-07T09:37:39.9936021+09:00 cpu=100 busy=
2026-10-07T09:37:50.7716476+09:00 cpu=94 busy=
2026-10-07T09:38:00.8113317+09:00 cpu=94 busy=
2026-10-07T09:38:10.8499690+09:00 cpu=93 busy=
2026-10-07T09:38:20.8995381+09:00 cpu=92 busy=
2026-10-07T09:38:30.9486257+09:00 cpu=76 busy=
2026-10-07T09:38:40.9810482+09:00 cpu=92 busy=
2026-10-07T09:38:51.0169317+09:00 cpu=92 busy=
2026-10-07T09:39:01.0610242+09:00 cpu=93 busy=
2026-10-07T09:39:11.0989680+09:00 cpu=94 busy=
2026-10-07T09:39:21.1439989+09:00 cpu=91 busy=
2026-10-07T09:39:31.3185683+09:00 cpu=71 busy=
2026-10-07T09:39:41.3809022+09:00 cpu=91 busy=
2026-10-07T09:39:51.4299627+09:00 cpu=94 busy=
2026-10-07T09:40:01.4720549+09:00 cpu=94 busy=
2026-10-07T09:40:11.5160114+09:00 cpu=94 busy=
2026-10-07T09:40:21.5531297+09:00 cpu=91 busy=
2026-10-07T09:40:31.5925393+09:00 cpu=89 busy=
2026-10-07T09:40:41.6299292+09:00 cpu=90 busy=
2026-10-07T09:40:51.6566643+09:00 cpu=88 busy=
2026-10-07T09:41:01.7027597+09:00 cpu=89 busy=
2026-10-07T09:41:11.7643879+09:00 cpu=87 busy=
2026-10-07T09:41:21.7927339+09:00 cpu=86 busy=
2026-10-07T09:41:31.8293619+09:00 cpu=90 busy=
2026-10-07T09:41:41.9282496+09:00 cpu=100 busy=
2026-10-07T09:41:52.0016393+09:00 cpu=93 busy=
2026-10-07T09:42:02.0455926+09:00 cpu=91 busy=
2026-10-07T09:42:12.0990556+09:00 cpu=93 busy=
2026-10-07T09:42:22.2035627+09:00 cpu=96 busy=
2026-10-07T09:42:32.2527113+09:00 cpu=93 busy=
2026-10-07T09:42:42.3179756+09:00 cpu=90 busy=
2026-10-07T09:42:52.4414477+09:00 cpu=100 busy=
2026-10-07T09:43:02.6513039+09:00 cpu=100 busy=
2026-10-07T09:43:12.9859373+09:00 cpu=100 busy=
2026-10-07T09:43:23.1608648+09:00 cpu=100 busy=
2026-10-07T09:43:33.4670555+09:00 cpu=100 busy=
2026-10-07T09:43:44.0166745+09:00 cpu=100 busy=
2026-10-07T09:43:54.0688843+09:00 cpu=56 busy=
2026-10-07T09:44:04.1017127+09:00 cpu=44 busy=
2026-10-07T09:44:14.1297472+09:00 cpu=51 busy=
2026-10-07T09:44:24.2220419+09:00 cpu=44 busy=
2026-10-07T09:44:34.3353008+09:00 cpu=58 busy=
2026-10-07T09:44:44.3746385+09:00 cpu=50 busy=
2026-10-07T09:44:54.4019284+09:00 cpu=46 busy=
2026-10-07T09:45:04.4273365+09:00 cpu=49 busy=
2026-10-07T09:45:14.4704818+09:00 cpu=43 busy=
2026-10-07T09:45:24.5020719+09:00 cpu=43 busy=
2026-10-07T09:45:34.5335152+09:00 cpu=40 busy=
2026-10-07T09:45:44.5672336+09:00 cpu=43 busy=
2026-10-07T09:45:54.6338614+09:00 cpu=47 busy=
2026-10-07T09:46:04.6643685+09:00 cpu=35 busy=
2026-10-07T09:46:14.6812388+09:00 cpu=45 busy=
2026-10-07T09:46:24.7199242+09:00 cpu=41 busy=
2026-10-07T09:46:34.7376512+09:00 cpu=36 busy=
2026-10-07T09:46:44.7705451+09:00 cpu=50 busy=
2026-10-07T09:46:54.8133588+09:00 cpu=43 busy=
2026-10-07T09:47:04.8497207+09:00 cpu=44 busy=
2026-10-07T09:47:14.8770074+09:00 cpu=37 busy=
2026-10-07T09:47:24.9087318+09:00 cpu=34 busy=
2026-10-07T09:47:34.9302472+09:00 cpu=38 busy=
2026-10-07T09:47:44.9641391+09:00 cpu=45 busy=
2026-10-07T09:47:55.0009411+09:00 cpu=34 busy=
2026-10-07T09:48:05.0430423+09:00 cpu=42 busy=
2026-10-07T09:48:15.0735711+09:00 cpu=42 busy=
2026-10-07T09:48:25.6355123+09:00 cpu=100 busy=
2026-10-07T09:48:35.7119296+09:00 cpu=98 busy=
2026-10-07T09:48:45.7710972+09:00 cpu=100 busy=
2026-10-07T09:48:55.8439002+09:00 cpu=100 busy=
2026-10-07T09:49:05.9197281+09:00 cpu=99 busy=
2026-10-07T09:49:15.9813604+09:00 cpu=99 busy=
2026-10-07T09:49:26.0570665+09:00 cpu=98 busy=
2026-10-07T09:49:36.1706883+09:00 cpu=99 busy=
2026-10-07T09:49:46.2194658+09:00 cpu=99 busy=
2026-10-07T09:49:56.2920644+09:00 cpu=99 busy=
2026-10-07T09:50:06.3472701+09:00 cpu=98 busy=
2026-10-07T09:50:16.3872554+09:00 cpu=24 busy=
2026-10-07T09:50:26.4158361+09:00 cpu=5 busy=
2026-10-07T09:50:36.4370437+09:00 cpu=13 busy=
2026-10-07T09:50:46.4713440+09:00 cpu=12 busy=
2026-10-07T09:50:56.4959144+09:00 cpu=5 busy=
2026-10-07T10:14:01.9384844+09:00 cpu=17 busy=cargo,rustc
2026-10-07T10:14:11.9626331+09:00 cpu=13 busy=cargo,rustc
2026-10-07T10:14:21.9904323+09:00 cpu=16 busy=cargo,rustc
2026-10-07T10:14:32.0239465+09:00 cpu=13 busy=cargo,rustc
2026-10-07T10:14:42.0479330+09:00 cpu=14 busy=cargo,rustc
2026-10-07T10:14:52.0674426+09:00 cpu=10 busy=
2026-10-07T10:15:02.0834763+09:00 cpu=10 busy=
2026-10-07T10:15:12.6582347+09:00 cpu=100 busy=
2026-10-07T10:15:23.0423118+09:00 cpu=100 busy=
2026-10-07T10:15:33.4807406+09:00 cpu=99 busy=
2026-10-07T10:15:43.8640251+09:00 cpu=94 busy=
2026-10-07T10:15:54.4041204+09:00 cpu=100 busy=
2026-10-07T10:16:04.9592831+09:00 cpu=94 busy=
2026-10-07T10:16:15.1485813+09:00 cpu=100 busy=
2026-10-07T10:16:25.3467338+09:00 cpu=100 busy=
2026-10-07T10:16:35.9420657+09:00 cpu=100 busy=
2026-10-07T10:16:46.5408824+09:00 cpu=100 busy=
2026-10-07T10:16:57.1425596+09:00 cpu=100 busy=
2026-10-07T10:17:07.6493850+09:00 cpu=100 busy=
2026-10-07T10:17:18.2952546+09:00 cpu=100 busy=
2026-10-07T10:17:28.8769457+09:00 cpu=100 busy=
2026-10-07T10:17:39.5200389+09:00 cpu=100 busy=
2026-10-07T10:17:49.5604994+09:00 cpu=50 busy=
2026-10-07T10:18:00.0844876+09:00 cpu=100 busy=
2026-10-07T10:18:10.6419315+09:00 cpu=100 busy=
2026-10-07T10:18:21.2351512+09:00 cpu=100 busy=
2026-10-07T10:18:31.8215083+09:00 cpu=86 busy=
2026-10-07T10:18:42.3305800+09:00 cpu=100 busy=
2026-10-07T10:18:52.8664195+09:00 cpu=100 busy=
2026-10-07T10:19:03.4276380+09:00 cpu=100 busy=
2026-10-07T10:19:13.8856500+09:00 cpu=84 busy=
2026-10-07T10:19:24.4330154+09:00 cpu=100 busy=
2026-10-07T10:19:34.9968971+09:00 cpu=71 busy=
2026-10-07T10:19:45.4472918+09:00 cpu=100 busy=
2026-10-07T10:19:55.9455099+09:00 cpu=100 busy=
2026-10-07T10:20:06.2216909+09:00 cpu=100 busy=
2026-10-07T10:20:16.7122335+09:00 cpu=100 busy=
2026-10-07T10:20:27.3405163+09:00 cpu=100 busy=
2026-10-07T10:20:37.7742184+09:00 cpu=100 busy=
2026-10-07T10:20:48.4226278+09:00 cpu=100 busy=
2026-10-07T10:20:59.0065220+09:00 cpu=100 busy=
2026-10-07T10:21:09.4189421+09:00 cpu=100 busy=
2026-10-07T10:21:19.4600175+09:00 cpu=15 busy=
2026-10-07T10:21:29.9269582+09:00 cpu=93 busy=
2026-10-07T10:21:40.4075189+09:00 cpu=87 busy=
2026-10-07T10:21:50.6510242+09:00 cpu=91 busy=
2026-10-07T10:22:01.0993934+09:00 cpu=94 busy=
2026-10-07T10:22:11.2777745+09:00 cpu=93 busy=
2026-10-07T10:22:21.3296091+09:00 cpu=90 busy=
2026-10-07T10:22:31.3620391+09:00 cpu=92 busy=
2026-10-07T10:22:41.8216284+09:00 cpu=93 busy=
2026-10-07T10:22:52.3310405+09:00 cpu=93 busy=
2026-10-07T10:23:02.4773722+09:00 cpu=100 busy=
2026-10-07T10:23:12.7285361+09:00 cpu=94 busy=
2026-10-07T10:23:23.2257993+09:00 cpu=93 busy=
2026-10-07T10:23:33.4627163+09:00 cpu=94 busy=
2026-10-07T10:23:43.5434284+09:00 cpu=93 busy=
2026-10-07T10:23:54.0816803+09:00 cpu=93 busy=
2026-10-07T10:24:04.5794167+09:00 cpu=92 busy=
2026-10-07T10:24:14.9731494+09:00 cpu=92 busy=
2026-10-07T10:24:25.1345095+09:00 cpu=98 busy=
2026-10-07T10:24:35.6940520+09:00 cpu=95 busy=
2026-10-07T10:24:46.2324464+09:00 cpu=100 busy=
2026-10-07T10:24:56.8138600+09:00 cpu=100 busy=
2026-10-07T10:25:07.3807233+09:00 cpu=100 busy=
2026-10-07T10:25:17.8282068+09:00 cpu=100 busy=
2026-10-07T10:25:28.4589271+09:00 cpu=100 busy=
2026-10-07T10:25:38.8463440+09:00 cpu=100 busy=
2026-10-07T10:25:49.0982085+09:00 cpu=82 busy=
2026-10-07T10:25:59.5909886+09:00 cpu=86 busy=
2026-10-07T10:26:09.6843588+09:00 cpu=96 busy=
2026-10-07T10:26:20.1006356+09:00 cpu=86 busy=
2026-10-07T10:26:30.4002567+09:00 cpu=84 busy=
2026-10-07T10:26:40.5836752+09:00 cpu=99 busy=
2026-10-07T10:26:50.7499512+09:00 cpu=100 busy=
2026-10-07T10:27:01.0425352+09:00 cpu=98 busy=
2026-10-07T10:27:11.4346046+09:00 cpu=84 busy=
2026-10-07T10:27:21.5620149+09:00 cpu=91 busy=
2026-10-07T10:27:31.6837756+09:00 cpu=87 busy=
2026-10-07T10:27:42.1298094+09:00 cpu=100 busy=
2026-10-07T10:27:52.5693549+09:00 cpu=83 busy=
2026-10-07T10:28:02.9888640+09:00 cpu=100 busy=
2026-10-07T10:28:13.5601713+09:00 cpu=85 busy=
2026-10-07T10:28:23.8744190+09:00 cpu=100 busy=
2026-10-07T10:28:34.1178885+09:00 cpu=100 busy=
2026-10-07T10:28:44.3622496+09:00 cpu=82 busy=
2026-10-07T10:28:54.8873191+09:00 cpu=85 busy=
2026-10-07T10:29:05.0408117+09:00 cpu=98 busy=
2026-10-07T10:29:15.5772254+09:00 cpu=86 busy=
2026-10-07T10:29:25.9878776+09:00 cpu=100 busy=
2026-10-07T10:29:36.3726684+09:00 cpu=84 busy=
2026-10-07T10:29:46.9720671+09:00 cpu=85 busy=
2026-10-07T10:29:57.4137040+09:00 cpu=85 busy=
2026-10-07T10:30:07.8339542+09:00 cpu=100 busy=
2026-10-07T10:30:17.9988122+09:00 cpu=86 busy=
2026-10-07T10:30:28.5186292+09:00 cpu=82 busy=
2026-10-07T10:30:38.8656501+09:00 cpu=84 busy=
2026-10-07T10:30:49.2368830+09:00 cpu=98 busy=
2026-10-07T10:30:59.8133132+09:00 cpu=42 busy=
2026-10-07T10:31:10.4631779+09:00 cpu=100 busy=
2026-10-07T10:31:20.6023679+09:00 cpu=100 busy=
2026-10-07T10:31:31.1566929+09:00 cpu=100 busy=
2026-10-07T10:31:41.6369903+09:00 cpu=100 busy=
2026-10-07T10:31:52.3454773+09:00 cpu=100 busy=
2026-10-07T10:32:02.5319161+09:00 cpu=100 busy=
2026-10-07T10:32:13.0705831+09:00 cpu=100 busy=
2026-10-07T10:32:23.6079134+09:00 cpu=100 busy=
2026-10-07T10:32:34.1936443+09:00 cpu=100 busy=
2026-10-07T10:32:44.2286331+09:00 cpu=7 busy=
2026-10-07T10:32:54.2606410+09:00 cpu=7 busy=
