Postflop menus solved in L0 Checkdown mode.
Tree: 5466 decisions, 6131 terminals (0.101s)
Tables: 0.239s; model: 0.010s
Checkpoint 0: NashConv 16.253518395504; gains [2.5113353501453846, 2.42509798850833, 2.453835673497514, 3.151256202891145, 2.9940613615034137, 2.7179318189580672]; 72.524153s
Iteration 10: wall 5.877403s; reaches 0.069513; t2 0.155385; t3 0.560318; k4 4.920663; update 0.043391; evaluation 0.000000
Iteration 20: wall 6.979191s; reaches 0.110601; t2 0.267862; t3 0.635940; k4 5.654589; update 0.074186; evaluation 0.000000
Iteration 30: wall 6.136290s; reaches 0.077862; t2 0.163249; t3 0.478777; k4 5.225166; update 0.047041; evaluation 0.000000
Iteration 40: wall 5.954628s; reaches 0.077659; t2 0.152469; t3 0.470252; k4 5.051813; update 0.057656; evaluation 0.000000
Iteration 50: wall 74.522131s; reaches 0.069704; t2 0.145886; t3 0.436937; k4 4.817436; update 0.068362; evaluation 68.836885
Checkpoint 50: NashConv 0.012151676296; gains [0.0023614536221432947, 0.0031165252422989675, 0.0032261676131052353, 0.0011873910658862924, 0.001055963805504198, 0.00120417494715519]; 444.563226s
Iteration 60: wall 5.743520s; reaches 0.088736; t2 0.200121; t3 0.458263; k4 4.763887; update 0.067730; evaluation 0.000000
Iteration 70: wall 5.852238s; reaches 0.079866; t2 0.186876; t3 0.476183; k4 4.896933; update 0.051131; evaluation 0.000000
Iteration 80: wall 6.016918s; reaches 0.078421; t2 0.159959; t3 0.459219; k4 5.109979; update 0.068935; evaluation 0.000000
Iteration 90: wall 5.749952s; reaches 0.071939; t2 0.180119; t3 0.463298; k4 4.838027; update 0.048495; evaluation 0.000000
Iteration 100: wall 75.410554s; reaches 0.072684; t2 0.153824; t3 0.455971; k4 4.822791; update 0.061087; evaluation 69.691180
Checkpoint 100: NashConv 0.002861338645; gains [0.0004896141973186607, 0.0008001659327158406, 0.0007505609195137819, 0.00025903184956126146, 0.0002783871997302928, 0.0002835785462100421]; 813.149508s
Iteration 110: wall 6.340359s; reaches 0.079117; t2 0.177969; t3 0.525058; k4 5.313554; update 0.056841; evaluation 0.000000
Iteration 120: wall 5.611477s; reaches 0.073283; t2 0.191642; t3 0.471996; k4 4.666517; update 0.043817; evaluation 0.000000
Iteration 130: wall 5.358731s; reaches 0.070173; t2 0.173280; t3 0.469911; k4 4.429359; update 0.054773; evaluation 0.000000
Iteration 140: wall 6.132691s; reaches 0.094982; t2 0.208501; t3 0.495520; k4 5.039109; update 0.076702; evaluation 0.000000
Iteration 150: wall 77.164104s; reaches 0.089831; t2 0.231189; t3 0.501368; k4 5.639021; update 0.099929; evaluation 70.394086
Checkpoint 150: NashConv 0.001270022061; gains [0.00020250685200351448, 0.00036663438862208353, 0.00032076226049232437, 0.00012420125241560664, 0.00012822175715331008, 0.00012769554981598152]; 1197.893409s
Iteration 160: wall 5.946215s; reaches 0.080270; t2 0.161000; t3 0.461602; k4 5.020268; update 0.065310; evaluation 0.000000
Iteration 170: wall 5.904630s; reaches 0.082011; t2 0.177532; t3 0.460458; k4 4.976082; update 0.055105; evaluation 0.000000
Iteration 180: wall 6.376131s; reaches 0.086886; t2 0.233716; t3 0.494069; k4 5.305979; update 0.068812; evaluation 0.000000
memory allocation of 3884296 bytes failed
note: run with `RUST_BACKTRACE=1` environment variable to display a backtrace
