{
  "metrics": {
    "sent": {
      "available": true,
      "points": 36,
      "observed_sum": "133433063",
      "first_start": "2026-09-27T03:51:00.001Z",
      "last_end": "2026-09-27T04:29:00Z",
      "internal_gaps_over_1ms": [
        {
          "from": "2026-09-27T03:55:00Z",
          "to": "2026-09-27T03:56:00.001Z",
          "seconds": "60.001",
          "missing_usage": null
        },
        {
          "from": "2026-09-27T04:17:00Z",
          "to": "2026-09-27T04:18:00.001Z",
          "seconds": "60.001",
          "missing_usage": null
        }
      ],
      "unobserved_usage": null,
      "created_to_first_seconds": "2.038",
      "last_to_delete_seconds": "22.259"
    },
    "uptime": {
      "available": true,
      "points": 36,
      "observed_sum": "2020.027999999999969",
      "first_start": "2026-09-27T03:51:00.001Z",
      "last_end": "2026-09-27T04:29:00Z",
      "internal_gaps_over_1ms": [
        {
          "from": "2026-09-27T03:55:00Z",
          "to": "2026-09-27T03:56:00.001Z",
          "seconds": "60.001",
          "missing_usage": null
        },
        {
          "from": "2026-09-27T04:17:00Z",
          "to": "2026-09-27T04:18:00.001Z",
          "seconds": "60.001",
          "missing_usage": null
        }
      ],
      "unobserved_usage": null,
      "created_to_first_seconds": "2.038",
      "last_to_delete_seconds": "22.259"
    }
  },
  "rounded_lifetime_minutes": 40,
  "modeled_total_usd": "2.199853333333333333333333333",
  "proposal": {
    "available": true,
    "hold_usd": "2.5",
    "restore_usd": "0.5",
    "margin_above_modeled_total_usd": "0.300146666666666666666666667",
    "original_uncertainty_reserve_preserved_usd": "1",
    "applied": false
  }
}
