seconds private_gb peak_commit_gb page_faults
0.2 0.001 0.001 2245
1.4 0.021 0.021 7511
2.6 0.780 0.780 293770
3.8 1.158 1.158 451760
5.0 1.218 1.218 469076
6.3 1.233 1.233 470417
7.5 1.234 1.234 471029
8.7 1.241 1.241 473614
10.0 1.249 1.249 474585
11.2 1.253 1.253 475634
12.4 1.258 1.258 476942
13.7 1.262 1.262 477745
14.9 1.264 1.264 478378
16.1 1.266 1.266 478698
17.3 1.266 1.266 478747
18.6 1.266 1.266 479014
19.8 1.266 1.266 479101
21.0 1.266 1.266 479173
22.3 1.268 1.268 479759
23.5 1.269 1.269 479904
24.8 1.270 1.270 480214
26.0 1.270 1.270 480226
27.2 1.272 1.272 480692
28.4 1.272 1.272 480753
29.7 1.272 1.272 480761
30.9 1.273 1.273 480975
32.1 1.273 1.273 481055
33.3 1.274 1.274 481325
34.6 1.274 1.274 481415
35.9 1.275 1.275 481437
37.1 1.275 1.275 481586
38.3 1.277 1.277 482309
39.6 1.278 1.278 482536
40.8 1.282 1.282 483475
42.0 1.282 1.282 483707
43.3 1.284 1.284 484035
44.5 1.284 1.284 484147
45.7 1.285 1.285 484314
47.0 1.285 1.285 484323
48.2 1.285 1.285 484369
49.4 1.285 1.285 484386
50.7 1.285 1.285 484392
51.9 1.285 1.285 484413
53.1 1.285 1.285 484440
54.3 1.285 1.285 484451
55.6 1.285 1.285 484475
56.8 1.285 1.286 484506
58.0 1.286 1.286 484522
59.2 1.286 1.286 484526
60.5 1.286 1.286 484535
61.7 1.286 1.286 484543
62.9 1.286 1.286 484544
64.2 1.286 1.286 484550
65.4 1.286 1.286 484556
66.6 1.286 1.286 484570
67.9 1.286 1.286 484570
69.1 1.286 1.286 484577
70.3 1.286 1.286 484743
71.6 1.287 1.287 484758
72.8 1.287 1.287 484914
74.1 1.287 1.287 484916
75.3 1.287 1.287 484984
76.5 1.287 1.287 484984
77.7 1.287 1.287 484984
79.0 1.287 1.287 485000
80.2 1.287 1.287 485009
81.4 1.288 1.288 485052
82.6 1.288 1.288 485088
83.9 1.288 1.288 485088
85.1 1.288 1.288 485107
86.3 1.288 1.288 485303
87.6 1.288 1.288 485314
88.8 1.288 1.288 485316
90.1 1.289 1.289 485474
91.3 1.289 1.289 485502
92.6 1.289 1.289 485511
93.8 1.289 1.289 485521
95.0 1.289 1.289 485529
96.2 1.289 1.289 485536
97.5 1.289 1.289 485539
98.7 1.289 1.289 485559
100.0 1.289 1.289 485566
101.2 1.289 1.289 485576
102.5 1.289 1.289 485596
103.7 1.289 1.289 485597
104.9 1.289 1.289 485599
106.2 1.289 1.289 485601
107.5 1.289 1.289 485602
108.7 1.289 1.289 485606
109.9 1.289 1.289 485606
111.2 1.289 1.289 485724
112.4 1.290 1.290 485844
113.7 1.290 1.290 485844
114.9 1.290 1.290 485849
116.1 1.290 1.290 485850
117.4 1.290 1.290 485850
118.6 1.290 1.290 485858
119.9 1.290 1.290 485858
121.1 1.290 1.290 486017
122.3 1.290 1.290 486017
123.6 1.290 1.290 486017
124.8 1.290 1.290 486018
126.1 1.290 1.290 486023
127.3 1.290 1.290 486023
128.6 1.290 1.290 486023
129.8 1.104 1.306 521835
