seconds private_gb peak_commit_gb page_faults
0.2 0.001 0.001 2354
1.4 0.022 0.022 7620
2.6 0.771 0.771 292994
3.9 1.154 1.154 451120
5.1 1.198 1.201 470125
6.3 1.204 1.215 482441
7.5 1.210 1.222 490440
8.7 1.211 1.222 505761
10.0 1.215 1.226 522249
11.2 1.225 1.229 537878
12.5 1.219 1.230 553404
13.7 1.221 1.232 569046
15.0 1.222 1.233 577050
16.2 1.224 1.235 592787
17.4 1.226 1.238 608354
18.6 1.227 1.239 623674
19.9 1.238 1.242 639408
21.1 1.230 1.242 654546
22.3 1.230 1.242 669859
23.6 1.231 1.243 685121
24.8 1.239 1.243 700236
26.0 1.240 1.244 715802
27.3 1.232 1.244 730816
28.5 1.232 1.244 745935
29.7 1.232 1.244 753544
31.0 1.232 1.244 768727
32.2 1.240 1.244 783777
33.5 1.240 1.244 799053
34.7 1.233 1.245 806962
35.9 1.234 1.246 822155
37.2 1.234 1.246 837278
38.4 1.238 1.246 853641
39.7 1.238 1.250 861193
40.9 1.238 1.250 876238
42.1 1.241 1.250 884415
43.4 1.242 1.254 899971
44.6 1.242 1.254 907522
45.9 1.243 1.254 922750
47.1 1.243 1.254 937946
48.3 1.243 1.254 945607
49.5 1.243 1.254 960632
50.8 1.243 1.254 975758
52.0 1.243 1.254 991035
53.3 1.243 1.254 1006051
54.5 1.243 1.254 1021167
55.7 1.243 1.254 1028810
57.0 1.243 1.255 1043977
58.2 1.243 1.255 1059020
59.4 1.243 1.255 1074207
60.6 1.252 1.256 1089628
61.9 1.244 1.256 1104693
63.1 1.244 1.256 1119893
64.3 1.244 1.256 1127555
65.6 1.244 1.256 1142587
66.8 1.244 1.256 1157708
68.0 1.252 1.256 1172985
69.2 1.244 1.256 1180492
70.5 1.244 1.256 1195550
71.7 1.244 1.256 1210749
73.0 1.245 1.256 1226054
74.2 1.245 1.256 1238408
75.4 1.245 1.256 1253518
76.6 1.245 1.256 1263960
77.9 1.252 1.256 1278989
79.1 1.252 1.256 1294103
80.4 1.245 1.256 1309384
81.6 1.245 1.256 1316892
82.8 1.245 1.256 1331937
84.0 1.245 1.256 1347134
85.3 1.245 1.256 1362307
86.5 1.245 1.256 1369815
87.8 1.245 1.256 1384955
89.0 1.245 1.256 1392595
90.3 1.253 1.257 1407762
91.5 1.245 1.257 1415261
92.7 1.245 1.257 1430373
94.0 1.245 1.257 1445645
95.2 1.245 1.257 1453152
96.4 1.245 1.257 1468187
97.7 1.245 1.257 1483373
98.9 1.245 1.257 1491025
100.1 1.245 1.257 1506042
101.3 1.253 1.257 1521157
102.6 1.245 1.257 1536428
103.8 1.245 1.257 1543941
105.0 1.253 1.257 1559004
106.3 1.245 1.257 1574206
107.5 1.245 1.257 1581876
108.8 1.253 1.257 1596883
110.0 1.253 1.257 1611993
111.3 1.245 1.257 1627262
112.5 1.253 1.257 1634776
113.7 1.245 1.257 1649815
115.0 1.245 1.257 1657399
116.2 1.245 1.257 1672675
117.4 1.245 1.257 1680186
118.6 1.245 1.257 1695221
119.9 1.245 1.257 1710417
121.1 1.245 1.257 1718140
122.3 1.245 1.257 1733184
123.6 1.245 1.257 1748300
124.8 1.245 1.257 1755909
126.0 1.253 1.257 1771069
127.3 1.245 1.257 1778577
128.5 1.245 1.257 1793705
129.7 1.253 1.257 1808975
131.0 1.245 1.257 1816483
132.2 1.245 1.257 1831563
