seconds private_gb peak_commit_gb page_faults
0.3 0.001 0.001 1998
1.4 0.021 0.021 7436
2.6 0.777 0.777 295045
3.9 1.157 1.157 451475
5.1 1.211 1.211 465112
6.3 1.228 1.228 469714
7.6 1.232 1.232 470220
8.8 1.235 1.235 470907
10.0 1.242 1.242 473136
11.3 1.246 1.246 473938
12.5 1.248 1.248 474911
13.8 1.253 1.253 475841
15.0 1.255 1.255 476441
16.2 1.260 1.260 477264
17.5 1.262 1.262 477764
18.7 1.263 1.263 478057
20.0 1.263 1.263 478122
21.2 1.264 1.264 478396
22.4 1.266 1.266 478874
23.7 1.266 1.266 478944
24.9 1.266 1.266 479184
26.1 1.267 1.267 479277
27.4 1.267 1.267 479401
28.6 1.268 1.268 479601
29.9 1.269 1.269 480371
31.1 1.272 1.272 480440
32.3 1.273 1.273 480778
33.6 1.273 1.273 480900
34.9 1.274 1.274 481276
36.1 1.276 1.276 481466
37.4 1.276 1.276 481705
38.6 1.277 1.277 482006
39.9 1.278 1.278 482310
41.1 1.280 1.280 482649
42.3 1.280 1.280 482692
43.6 1.282 1.282 483194
44.9 1.286 1.286 484370
46.1 1.286 1.286 484380
47.3 1.286 1.286 484389
48.6 1.286 1.286 484412
49.9 1.286 1.286 484428
51.1 1.286 1.286 484433
52.4 1.286 1.286 484458
53.6 1.286 1.286 484477
54.8 1.287 1.287 484611
56.1 1.287 1.287 484701
57.3 1.287 1.287 484706
58.6 1.287 1.287 484747
59.8 1.287 1.287 484749
61.1 1.287 1.287 484796
62.3 1.290 1.290 485154
63.6 1.290 1.290 485290
64.9 1.291 1.291 485432
66.1 1.291 1.291 485461
67.4 1.291 1.291 485529
68.6 1.291 1.291 485641
69.9 1.291 1.291 485645
71.1 1.291 1.291 485654
72.4 1.291 1.291 485654
73.6 1.291 1.291 485654
74.9 1.291 1.291 485700
76.1 1.291 1.291 485722
77.4 1.291 1.291 485734
78.7 1.291 1.291 485752
79.9 1.291 1.291 485761
81.2 1.291 1.291 485783
82.4 1.291 1.291 485790
83.7 1.291 1.291 485801
84.9 1.291 1.291 485838
86.2 1.291 1.291 485838
87.5 1.291 1.291 485838
88.7 1.291 1.291 485859
90.0 1.291 1.291 485861
91.2 1.291 1.291 485861
92.5 1.291 1.291 485869
93.7 1.291 1.291 485869
94.9 1.291 1.291 485873
96.2 1.291 1.291 485874
97.4 1.291 1.291 485874
98.6 1.291 1.291 485889
99.9 1.291 1.291 485890
101.1 1.291 1.291 485898
102.4 1.291 1.291 485904
103.6 1.291 1.291 485918
104.8 1.291 1.291 485919
106.1 1.291 1.291 485937
107.3 1.291 1.291 485937
108.5 1.291 1.291 486030
109.8 1.291 1.291 486031
111.0 1.291 1.291 486031
112.3 1.291 1.291 486031
113.5 1.291 1.291 486034
114.7 1.291 1.291 486048
116.0 1.291 1.291 486048
117.2 1.291 1.291 486048
118.4 1.291 1.291 486048
119.7 1.291 1.291 486050
120.9 1.291 1.291 486062
122.1 1.292 1.292 486152
123.4 1.292 1.292 486154
124.6 1.292 1.292 486154
125.9 1.292 1.292 486154
127.1 1.292 1.292 486156
128.3 1.292 1.292 486156
129.6 1.292 1.292 486156
130.8 1.292 1.292 486156
132.1 1.292 1.292 486167
133.3 1.292 1.292 486169
134.6 1.292 1.292 486171
135.8 1.292 1.292 486171
137.1 1.292 1.292 486179
138.3 1.292 1.292 486184
139.6 1.292 1.292 486187
140.9 1.292 1.292 486187
142.1 1.292 1.292 486187
143.3 1.292 1.292 486187
144.6 1.292 1.292 486187
145.8 1.293 1.293 486503
147.0 1.293 1.293 486505
148.3 1.293 1.293 486508
149.5 1.293 1.293 486509
150.8 1.293 1.293 486509
152.0 1.293 1.293 486527
153.3 1.293 1.293 486534
154.5 1.293 1.293 486534
155.7 1.293 1.293 486535
157.0 1.293 1.293 486535
158.3 1.293 1.293 486535
159.5 1.293 1.293 486539
160.7 1.293 1.293 486539
162.0 1.293 1.293 486541
163.2 1.293 1.293 486543
164.5 1.293 1.293 486543
165.7 1.293 1.293 486543
167.0 1.293 1.293 486543
168.2 1.293 1.293 486543
169.5 1.293 1.293 486555
170.8 1.293 1.293 486556
172.0 1.293 1.293 486556
173.2 1.293 1.293 486556
174.5 1.294 1.294 486902
175.8 1.294 1.294 486902
177.0 1.295 1.295 487105
178.3 1.296 1.296 487379
179.5 1.296 1.296 487379
180.8 1.296 1.296 487379
182.0 1.296 1.296 487379
183.3 1.296 1.296 487379
184.5 1.296 1.296 487379
185.7 1.296 1.296 487379
187.0 1.296 1.296 487388
188.2 1.296 1.296 487388
189.5 1.296 1.296 487388
190.7 1.296 1.296 487388
191.9 1.296 1.296 487398
193.2 1.296 1.296 487398
194.4 1.296 1.296 487398
195.7 1.296 1.296 487412
196.9 1.296 1.296 487412
198.1 1.296 1.296 487412
199.4 1.296 1.296 487412
200.6 1.296 1.296 487412
201.8 1.296 1.296 487412
203.1 1.296 1.296 487412
204.3 1.296 1.296 487421
205.5 1.296 1.296 487421
206.7 1.296 1.296 487421
208.0 1.296 1.296 487421
209.2 1.296 1.296 487421
210.5 1.296 1.296 487421
211.7 1.296 1.296 487421
212.9 1.296 1.296 487421
214.2 1.296 1.296 487421
215.4 1.296 1.296 487421
216.6 1.296 1.296 487421
217.9 1.296 1.296 487421
219.1 1.296 1.296 487421
220.3 1.296 1.296 487421
221.6 1.296 1.296 487421
222.8 1.296 1.296 487425
224.0 1.296 1.296 487426
225.3 1.296 1.296 487426
226.5 1.296 1.296 487426
227.7 1.296 1.296 487426
228.9 1.296 1.296 487426
230.2 1.296 1.296 487426
231.4 1.296 1.296 487426
232.6 1.296 1.296 487426
233.9 1.296 1.296 487426
235.1 1.296 1.296 487428
236.3 1.296 1.296 487428
237.6 1.296 1.296 487428
238.8 1.296 1.296 487428
240.1 1.296 1.296 487428
241.3 1.296 1.296 487440
242.5 1.296 1.296 487462
243.8 1.296 1.296 487462
245.0 1.296 1.296 487462
246.2 1.296 1.296 487462
247.5 1.296 1.296 487510
248.7 1.297 1.297 487616
250.0 1.297 1.297 487647
251.2 1.297 1.297 487647
252.4 1.297 1.297 487647
253.7 1.297 1.297 487647
254.9 1.297 1.297 487678
256.1 1.297 1.297 487678
257.4 1.297 1.297 487690
258.6 1.297 1.297 487696
259.8 1.298 1.298 487763
261.1 1.299 1.299 487942
262.3 1.299 1.299 488005
263.5 1.299 1.299 488005
264.8 1.299 1.299 488026
266.0 1.299 1.299 488027
267.3 1.299 1.299 488027
268.5 1.299 1.299 488027
269.8 1.299 1.299 488027
271.0 1.299 1.299 488027
272.2 1.299 1.299 488027
273.5 1.299 1.299 488028
274.7 1.299 1.299 488030
276.0 1.299 1.299 488030
277.2 1.299 1.299 488030
278.4 1.299 1.299 488030
279.7 1.299 1.299 488030
280.9 1.299 1.299 488030
282.1 1.299 1.299 488030
283.4 1.299 1.299 488030
284.6 1.299 1.299 488030
285.9 1.299 1.299 488030
287.1 1.299 1.299 488030
288.3 1.299 1.299 488030
289.6 1.299 1.299 488030
290.8 1.299 1.299 488030
292.0 1.299 1.299 488030
293.3 1.299 1.299 488030
294.5 1.299 1.299 488030
295.8 1.299 1.299 488030
297.0 1.299 1.299 488040
298.2 1.299 1.299 488040
299.5 1.299 1.299 488044
300.7 1.299 1.299 488075
301.9 1.299 1.299 488077
303.2 1.299 1.299 488078
304.4 1.299 1.299 488078
305.7 1.299 1.299 488078
306.9 1.299 1.299 488078
308.1 1.299 1.299 488078
309.4 1.299 1.299 488078
310.6 1.299 1.299 488078
311.9 1.299 1.299 488078
313.1 1.299 1.299 488078
314.3 1.299 1.299 488078
315.6 1.299 1.299 488078
316.8 1.299 1.299 488078
318.1 1.299 1.299 488078
319.3 1.299 1.299 488078
320.6 1.299 1.299 488078
321.8 1.299 1.299 488078
323.1 1.299 1.299 488078
324.3 1.299 1.299 488078
325.5 1.299 1.299 488078
326.8 1.299 1.299 488078
328.0 1.299 1.299 488078
329.3 1.299 1.299 488078
330.5 1.299 1.299 488078
331.8 1.299 1.299 488078
333.0 1.299 1.299 488078
334.2 1.299 1.299 488078
335.5 1.299 1.299 488078
336.7 1.299 1.299 488078
338.0 1.299 1.299 488078
339.2 1.299 1.299 488078
340.5 1.299 1.299 488078
341.7 1.299 1.299 488078
343.0 1.299 1.299 488078
344.2 1.299 1.299 488078
345.4 1.299 1.299 488078
346.7 1.299 1.299 488078
347.9 1.299 1.299 488078
349.1 1.299 1.299 488078
350.4 1.299 1.299 488078
351.6 1.299 1.299 488123
352.9 1.299 1.299 488123
354.1 1.299 1.299 488123
355.3 1.299 1.299 488123
356.6 1.299 1.299 488130
357.8 1.299 1.299 488130
359.1 1.299 1.299 488131
360.3 1.299 1.299 488131
361.5 1.299 1.299 488131
362.8 1.299 1.299 488131
364.0 1.299 1.299 488131
365.2 1.299 1.299 488131
366.5 1.299 1.299 488131
367.7 1.299 1.299 488131
368.9 1.299 1.299 488133
370.2 1.299 1.299 488138
371.4 1.299 1.299 488138
372.7 1.299 1.299 488138
373.9 1.299 1.299 488138
375.1 1.299 1.299 488138
376.4 1.299 1.299 488138
377.6 1.299 1.299 488138
378.8 1.299 1.299 488138
380.0 1.299 1.299 488138
381.3 1.299 1.299 488144
382.5 1.299 1.299 488144
383.8 1.299 1.299 488144
385.0 1.299 1.299 488145
386.2 1.299 1.299 488145
387.5 1.299 1.299 488145
388.7 1.299 1.299 488146
389.9 1.299 1.299 488146
391.2 1.299 1.299 488151
392.4 1.299 1.299 488151
393.6 1.299 1.299 488169
394.9 1.299 1.299 488174
396.1 1.299 1.299 488174
397.4 1.299 1.299 488174
398.6 1.299 1.299 488174
399.9 1.299 1.299 488174
401.1 1.299 1.299 488174
402.3 1.299 1.299 488176
403.6 1.299 1.299 488176
404.8 1.299 1.299 488176
406.1 1.299 1.299 488176
407.3 1.299 1.299 488176
408.5 1.299 1.299 488176
409.8 1.299 1.299 488187
411.0 1.299 1.299 488187
412.3 1.299 1.299 488187
413.5 1.299 1.299 488187
414.8 1.299 1.299 488187
416.0 1.299 1.299 488187
417.3 1.299 1.299 488187
418.5 1.299 1.299 488198
419.8 1.299 1.299 488198
421.0 1.299 1.299 488198
422.2 1.299 1.299 488198
423.5 1.299 1.299 488198
424.7 1.299 1.299 488198
426.0 1.299 1.299 488198
427.2 1.299 1.299 488198
428.4 1.299 1.299 488198
429.7 1.299 1.299 488198
430.9 1.299 1.299 488198
432.2 1.299 1.299 488198
433.4 1.299 1.299 488198
434.7 1.299 1.299 488198
435.9 1.299 1.299 488198
437.2 1.299 1.299 488198
438.4 1.299 1.299 488198
439.6 1.299 1.299 488198
440.9 1.299 1.299 488198
442.1 1.299 1.299 488198
443.3 1.299 1.299 488198
444.6 1.299 1.299 488198
445.8 1.299 1.299 488198
447.0 1.299 1.299 488198
448.3 1.299 1.299 488198
449.5 1.299 1.299 488199
450.7 1.299 1.299 488199
452.0 1.299 1.299 488199
453.2 1.299 1.299 488199
454.4 1.299 1.299 488199
455.7 1.299 1.299 488199
456.9 1.299 1.299 488199
458.1 1.299 1.299 488199
459.4 1.299 1.299 488199
460.6 1.299 1.299 488199
461.9 1.299 1.299 488199
463.1 1.299 1.299 488199
464.3 1.299 1.299 488199
465.6 1.299 1.299 488199
466.8 1.299 1.299 488199
468.1 1.299 1.299 488199
469.3 1.299 1.299 488199
470.6 1.299 1.299 488199
471.8 1.299 1.299 488199
473.1 1.299 1.299 488199
474.3 1.299 1.299 488199
475.6 1.299 1.299 488199
476.8 1.299 1.299 488199
478.1 1.299 1.299 488199
479.3 1.299 1.299 488199
480.5 1.299 1.299 488199
481.8 1.299 1.299 488199
483.0 1.299 1.299 488199
484.2 1.299 1.299 488199
485.5 1.299 1.299 488199
486.7 1.299 1.299 488199
488.0 1.299 1.299 488199
489.2 1.299 1.299 488199
490.4 1.299 1.299 488199
491.7 1.299 1.299 488199
492.9 1.299 1.299 488199
494.2 1.299 1.299 488199
495.4 1.299 1.299 488199
496.7 1.299 1.299 488210
497.9 1.299 1.299 488210
499.2 1.299 1.299 488210
500.5 1.299 1.299 488210
501.7 1.299 1.299 488210
503.0 1.299 1.299 488210
504.2 1.299 1.299 488210
505.5 1.299 1.299 488210
506.7 1.299 1.299 488210
508.0 1.299 1.299 488210
509.2 1.299 1.299 488221
510.5 1.299 1.299 488221
511.7 1.299 1.299 488221
513.0 1.299 1.299 488221
514.2 1.299 1.299 488221
515.4 1.299 1.299 488221
516.7 1.299 1.299 488221
517.9 1.299 1.299 488221
519.2 1.299 1.299 488221
520.4 1.299 1.299 488221
521.7 1.299 1.299 488221
523.0 1.299 1.299 488221
524.2 1.299 1.299 488221
525.4 1.299 1.299 488221
526.7 1.299 1.299 488221
527.9 1.299 1.299 488221
529.2 1.299 1.299 488221
530.4 1.299 1.299 488221
531.7 1.299 1.299 488221
532.9 1.299 1.299 488221
534.2 1.299 1.299 488221
535.4 1.299 1.299 488221
536.7 1.299 1.299 488221
537.9 1.299 1.299 488221
539.2 1.299 1.299 488221
540.4 1.299 1.299 488221
541.7 1.299 1.299 488221
542.9 1.299 1.299 488221
544.2 1.299 1.299 488221
545.4 1.299 1.299 488221
546.7 1.299 1.299 488221
548.0 1.299 1.299 488221
549.2 1.299 1.299 488221
550.5 1.299 1.299 488221
551.8 1.299 1.299 488221
553.0 1.299 1.299 488221
554.3 1.299 1.299 488221
555.5 1.299 1.299 488221
556.7 1.299 1.299 488221
558.0 1.299 1.299 488221
559.2 1.299 1.299 488221
560.5 1.299 1.299 488221
561.7 1.299 1.299 488221
562.9 1.299 1.299 488221
564.2 1.299 1.299 488221
565.4 1.299 1.299 488221
566.7 1.299 1.299 488221
567.9 1.299 1.299 488221
569.2 1.299 1.299 488221
570.4 1.299 1.299 488221
571.7 1.299 1.299 488221
572.9 1.299 1.299 488221
574.1 1.299 1.299 488221
575.4 1.299 1.299 488221
576.6 1.299 1.299 488221
577.8 1.299 1.299 488221
579.1 1.299 1.299 488221
580.3 1.299 1.299 488221
581.6 1.299 1.299 488221
582.8 1.299 1.299 488221
584.0 1.299 1.299 488221
585.3 1.299 1.299 488221
586.5 1.299 1.299 488221
587.7 1.299 1.299 488221
589.0 1.299 1.299 488221
590.2 1.299 1.299 488221
591.4 1.299 1.299 488221
592.7 1.299 1.299 488221
593.9 1.299 1.299 488221
595.1 1.299 1.299 488221
596.4 1.299 1.299 488221
597.6 1.299 1.299 488221
598.8 1.299 1.299 488221
600.0 1.299 1.299 488221
601.3 1.299 1.299 488226
602.5 1.299 1.299 488226
603.7 1.299 1.299 488226
605.0 1.299 1.299 488226
606.2 1.299 1.299 488226
607.4 1.299 1.299 488226
608.6 1.299 1.299 488226
609.9 1.299 1.299 488226
611.1 1.299 1.299 488248
612.4 1.299 1.299 488248
613.6 1.299 1.299 488248
614.8 1.299 1.299 488248
616.1 1.299 1.299 488248
617.3 1.299 1.299 488248
618.6 1.299 1.299 488248
619.7 0.457 1.312 488248
