   Compiling libc v0.2.186
   Compiling proc-macro2 v1.0.106
   Compiling quote v1.0.46
   Compiling unicode-ident v1.0.24
   Compiling serde_core v1.0.228
    Checking cfg-if v1.0.4
   Compiling serde v1.0.228
   Compiling shlex v2.0.1
   Compiling find-msvc-tools v0.1.9
    Checking fastrand v2.4.1
   Compiling zerocopy v0.8.52
    Checking once_cell v1.21.4
   Compiling quickdiv v0.1.1
   Compiling zmij v1.0.21
   Compiling thiserror v2.0.18
   Compiling serde_json v1.0.150
    Checking memchr v2.8.2
    Checking itoa v1.0.18
   Compiling getrandom v0.4.3
   Compiling crossbeam-utils v0.8.21
   Compiling rustix v1.1.4
    Checking bitflags v2.13.0
    Checking linux-raw-sys v0.12.1
   Compiling rayon-core v1.13.0
    Checking either v1.16.0
    Checking constant_time_eq v0.4.2
    Checking arrayref v0.3.9
    Checking arrayvec v0.7.8
    Checking cpufeatures v0.3.0
    Checking hashbrown v0.17.1
    Checking equivalent v1.0.2
   Compiling pkg-config v0.3.33
   Compiling aya_base v0.1.0
    Checking utf8parse v0.2.2
    Checking winnow v0.7.15
    Checking toml_write v0.1.2
   Compiling semver v1.0.28
    Checking colorchoice v1.0.5
    Checking anstyle v1.0.14
    Checking anstyle-query v1.1.5
    Checking anstyle-parse v1.0.0
    Checking is_terminal_polyfill v1.70.2
   Compiling anyhow v1.0.103
    Checking strsim v0.11.1
    Checking clap_lex v1.1.0
    Checking scopeguard v1.2.0
   Compiling heck v0.5.0
   Compiling miniphf v0.1.0
   Compiling zstd-safe v7.2.4
    Checking byteorder v1.5.0
    Checking stable_deref_trait v1.2.1
    Checking lock_api v0.4.14
   Compiling autocfg v1.5.1
    Checking plotters-backend v0.3.7
    Checking ciborium-io v0.2.2
    Checking regex-syntax v0.8.11
    Checking itertools v0.10.5
    Checking same-file v1.0.6
    Checking cast v0.3.0
    Checking anes v0.1.6
    Checking oorandom v11.1.5
   Compiling aya_codegen v0.1.0
    Checking anstream v1.0.0
    Checking rustc-hash v2.1.3
    Checking cfr-ref v0.1.0 (/home/PC_User/t26f/crates/cfr-ref)
    Checking untrusted v0.9.0
   Compiling rustc_version v0.4.1
    Checking untrusted v0.7.1
    Checking hash32 v0.2.1
    Checking spin v0.5.2
    Checking walkdir v2.5.0
   Compiling rustls v0.20.9
    Checking base64 v0.13.1
    Checking log v0.4.33
    Checking ascii v1.1.0
    Checking zeroize v1.9.0
    Checking chunked_transfer v1.5.0
    Checking spin v0.9.8
    Checking httpdate v1.0.3
    Checking plotters-svg v0.3.7
    Checking clap_builder v4.6.0
   Compiling num-traits v0.2.19
   Compiling heapless v0.7.17
    Checking crossbeam-epoch v0.9.18
    Checking rustls-pemfile v0.2.1
    Checking indexmap v2.14.0
   Compiling aya_poker v0.1.0
    Checking crossbeam-deque v0.8.6
   Compiling syn v2.0.118
    Checking getrandom v0.2.17
    Checking is-terminal v0.4.17
    Checking regex-automata v0.4.14
   Compiling jobserver v0.1.34
    Checking rayon v1.12.0
    Checking rand_core v0.6.4
    Checking plotters v0.3.7
    Checking criterion-plot v0.5.0
   Compiling cc v1.2.65
    Checking tempfile v3.27.0
    Checking regex v1.12.4
   Compiling blake3 v1.8.5
   Compiling zstd-sys v2.0.16+zstd.1.5.7
   Compiling ring v0.17.14
   Compiling ring v0.16.20
   Compiling serde_derive v1.0.228
   Compiling zerocopy-derive v0.8.52
   Compiling thiserror-impl v2.0.18
   Compiling clap_derive v4.6.1
    Checking cobs v0.3.0
    Checking webpki v0.22.4
    Checking sct v0.7.1
    Checking clap v4.6.1
    Checking toml_datetime v0.6.11
    Checking serde_spanned v0.6.9
    Checking runfiles v0.1.0 (/home/PC_User/t26f/crates/runfiles)
    Checking tinytemplate v1.2.1
    Checking toml_edit v0.22.27
    Checking postcard v1.1.3
    Checking protocol v0.1.0 (/home/PC_User/t26f/crates/protocol)
    Checking zstd v0.13.3
    Checking tiny_http v0.12.0
    Checking toml v0.8.23
    Checking ppv-lite86 v0.2.21
    Checking half v2.7.1
    Checking ciborium-ll v0.2.2
    Checking rand_chacha v0.3.1
    Checking ciborium v0.2.2
    Checking rand v0.8.6
    Checking nlh v0.1.0 (/home/PC_User/t26f/crates/nlh)
    Checking criterion v0.5.1
    Checking daemon v0.1.0 (/home/PC_User/t26f/crates/daemon)
    Checking economics v0.1.0 (/home/PC_User/t26f/crates/economics)
    Checking hu-engine v0.1.0 (/home/PC_User/t26f/crates/hu-engine)
    Checking spot v0.1.0 (/home/PC_User/t26f/crates/spot)
    Checking hu-postflop v0.1.0 (/home/PC_User/t26f/crates/hu-postflop)
    Checking mw-preflop v0.1.0 (/home/PC_User/t26f/crates/mw-preflop)
    Checking cli v0.1.0 (/home/PC_User/t26f/crates/cli)
    Finished `dev` profile [unoptimized + debuginfo] target(s) in 12.70s
