{
  "schema": "solvers.research.hu-saved-profile-audit/v1",
  "artifact": {
    "path": "/opt/r1/candidate-v3/runs/r1-paired-current/turn-3-candidate/run/solution.sol",
    "blake3": "817d787de82414fe849692c67df8da48d18ee1a14c2f0d86bb6244a15c5dab37",
    "bytes": 24921,
    "config_blake3": "ed7063d8134ffe4efb925229674c1a7ce25c676a6565eb7f4d9042b2b9b95fb1",
    "format_version": 3,
    "mode": "full",
    "iterations": 100,
    "source_storage": "f32",
    "stored_nodes": 580,
    "node_count": 1305
  },
  "threads": 8,
  "par_chance_depth": 2,
  "par_min_children": 12,
  "pot_chips": 20,
  "effective_stack_chips": 60,
  "rake": {
    "kind": "none"
  },
  "utility": {
    "kind": "chip-ev"
  },
  "zero_sum_terminal_utility": true,
  "value_basis": "subgame_start_utility",
  "ev_offset": [
    10.0,
    10.0
  ],
  "pre_save_metadata": {
    "iterations": 100,
    "expl": [
      0.014560711236647705,
      0.014267273891119814
    ],
    "ev": [
      18.791926466388468,
      1.208072568163459
    ],
    "nash_conv": 0.02882798512776752,
    "storage": "f32",
    "wall_secs": 1.773600488
  },
  "recomputed": {
    "profile": "stored_quantized",
    "ev": [
      18.791926937338747,
      1.2080722855932926
    ],
    "br": [
      18.80648516431267,
      1.2223522986894775
    ],
    "gains": [
      0.014558226973921506,
      0.014280013096184874
    ],
    "nash_conv": 0.02883824007010638
  },
  "input_hash_secs": 0.00023851,
  "load_secs": 0.038190488,
  "eval_secs": 0.027364398
}
