{"phase":"build","status":"started"}
{"event":"allocation_counts","schema":"r1-phase-allocation/v1","phase":"build","alloc_calls":2786336,"alloc_requested_bytes":69129611,"alloc_failed_calls":0,"alloc_zeroed_calls":3,"alloc_zeroed_requested_bytes":6,"alloc_zeroed_failed_calls":0,"realloc_calls":597065,"realloc_requested_new_bytes":138035534,"realloc_old_layout_bytes":68352607,"realloc_failed_calls":0,"dealloc_calls":2785050,"dealloc_layout_bytes":97854219}
{"phase":"build","status":"completed"}
{"phase":"solver_allocation","status":"started"}
{"event":"allocation_counts","schema":"r1-phase-allocation/v1","phase":"solver_allocation","alloc_calls":1,"alloc_requested_bytes":32,"alloc_failed_calls":0,"alloc_zeroed_calls":2,"alloc_zeroed_requested_bytes":81414144,"alloc_zeroed_failed_calls":0,"realloc_calls":0,"realloc_requested_new_bytes":0,"realloc_old_layout_bytes":0,"realloc_failed_calls":0,"dealloc_calls":0,"dealloc_layout_bytes":0}
{"phase":"solver_allocation","status":"completed"}
{"phase":"cfr","status":"started"}
{"event":"allocation_counts","schema":"r1-phase-allocation/v1","phase":"cfr","alloc_calls":408484,"alloc_requested_bytes":75661664,"alloc_failed_calls":0,"alloc_zeroed_calls":0,"alloc_zeroed_requested_bytes":0,"alloc_zeroed_failed_calls":0,"realloc_calls":295524,"realloc_requested_new_bytes":102203656,"realloc_old_layout_bytes":50679752,"realloc_failed_calls":0,"dealloc_calls":408468,"dealloc_layout_bytes":127181368}
{"phase":"cfr","status":"completed"}
{"phase":"state_write","status":"started"}
{"event":"allocation_counts","schema":"r1-phase-allocation/v1","phase":"state_write","alloc_calls":3,"alloc_requested_bytes":16721,"alloc_failed_calls":0,"alloc_zeroed_calls":0,"alloc_zeroed_requested_bytes":0,"alloc_zeroed_failed_calls":0,"realloc_calls":1,"realloc_requested_new_bytes":210,"realloc_old_layout_bytes":105,"realloc_failed_calls":0,"dealloc_calls":3,"dealloc_layout_bytes":16826}
{"phase":"state_write","status":"completed"}
{"phase":"ev_p0","status":"started"}
{"event":"allocation_counts","schema":"r1-phase-allocation/v1","phase":"ev_p0","alloc_calls":80353,"alloc_requested_bytes":15621612,"alloc_failed_calls":0,"alloc_zeroed_calls":0,"alloc_zeroed_requested_bytes":0,"alloc_zeroed_failed_calls":0,"realloc_calls":38856,"realloc_requested_new_bytes":14897280,"realloc_old_layout_bytes":7448640,"realloc_failed_calls":0,"dealloc_calls":80353,"dealloc_layout_bytes":23070252}
{"phase":"ev_p0","status":"completed"}
{"phase":"ev_p1","status":"started"}
{"event":"allocation_counts","schema":"r1-phase-allocation/v1","phase":"ev_p1","alloc_calls":81617,"alloc_requested_bytes":13832180,"alloc_failed_calls":0,"alloc_zeroed_calls":0,"alloc_zeroed_requested_bytes":0,"alloc_zeroed_failed_calls":0,"realloc_calls":60685,"realloc_requested_new_bytes":22253664,"realloc_old_layout_bytes":11057472,"realloc_failed_calls":0,"dealloc_calls":81617,"dealloc_layout_bytes":25028372}
{"phase":"ev_p1","status":"completed"}
{"phase":"br_p0","status":"started"}
{"event":"allocation_counts","schema":"r1-phase-allocation/v1","phase":"br_p0","alloc_calls":77976,"alloc_requested_bytes":15048332,"alloc_failed_calls":0,"alloc_zeroed_calls":0,"alloc_zeroed_requested_bytes":0,"alloc_zeroed_failed_calls":0,"realloc_calls":37487,"realloc_requested_new_bytes":14205648,"realloc_old_layout_bytes":7102824,"realloc_failed_calls":0,"dealloc_calls":77976,"dealloc_layout_bytes":22151156}
{"phase":"br_p0","status":"completed"}
{"phase":"br_p1","status":"started"}
{"event":"allocation_counts","schema":"r1-phase-allocation/v1","phase":"br_p1","alloc_calls":80489,"alloc_requested_bytes":13575084,"alloc_failed_calls":0,"alloc_zeroed_calls":0,"alloc_zeroed_requested_bytes":0,"alloc_zeroed_failed_calls":0,"realloc_calls":60720,"realloc_requested_new_bytes":22272128,"realloc_old_layout_bytes":11066024,"realloc_failed_calls":0,"dealloc_calls":80489,"dealloc_layout_bytes":24781188}
{"phase":"br_p1","status":"completed"}
{"phase":"exploitability","status":"started"}
{"event":"allocation_counts","schema":"r1-phase-allocation/v1","phase":"exploitability","alloc_calls":237779,"alloc_requested_bytes":44062196,"alloc_failed_calls":0,"alloc_zeroed_calls":0,"alloc_zeroed_requested_bytes":0,"alloc_zeroed_failed_calls":0,"realloc_calls":136636,"realloc_requested_new_bytes":51212992,"realloc_old_layout_bytes":25535368,"realloc_failed_calls":0,"dealloc_calls":237779,"dealloc_layout_bytes":69739820}
{"phase":"exploitability","status":"completed"}
{"phase":"probe","status":"completed"}
