warning: no stop target: runs until max_iterations or max_time
	Command being timed: "/home/PC_User/base/target/release/solvers solve /home/PC_User/cfg/flop_srp1_cli.toml --out /tmp/cli_flop1_base --threads 16"
	User time (seconds): 348.32
	System time (seconds): 93.35
	Percent of CPU this job got: 222%
	Elapsed (wall clock) time (h:mm:ss or m:ss): 3:18.16
	Average shared text size (kbytes): 0
	Average unshared data size (kbytes): 0
	Average stack size (kbytes): 0
	Average total size (kbytes): 0
	Maximum resident set size (kbytes): 29046632
	Average resident set size (kbytes): 0
	Major (requiring I/O) page faults: 0
	Minor (reclaiming a frame) page faults: 5383839
	Voluntary context switches: 772145
	Involuntary context switches: 1261
	Swaps: 0
	File system inputs: 0
	File system outputs: 13102448
	Socket messages sent: 0
	Socket messages received: 0
	Signals delivered: 0
	Page size (bytes): 4096
	Exit status: 0
rebuilding tree from embedded config...
tree rebuilt in 0.64s (829242 nodes)
rebuilding tree from embedded config...
tree rebuilt in 0.65s (829242 nodes)
rebuilding tree from embedded config...
tree rebuilt in 0.65s (829242 nodes)
