warning: no stop target: runs until max_iterations or max_time
	Command being timed: "/home/PC_User/new/target/release/solvers solve /home/PC_User/cfg/flop_srp1_cli.toml --out /tmp/cli_flop1_new --threads 16"
	User time (seconds): 68.20
	System time (seconds): 25.52
	Percent of CPU this job got: 169%
	Elapsed (wall clock) time (h:mm:ss or m:ss): 0:55.39
	Average shared text size (kbytes): 0
	Average unshared data size (kbytes): 0
	Average stack size (kbytes): 0
	Average total size (kbytes): 0
	Maximum resident set size (kbytes): 10694400
	Average resident set size (kbytes): 0
	Major (requiring I/O) page faults: 0
	Minor (reclaiming a frame) page faults: 1832531
	Voluntary context switches: 346207
	Involuntary context switches: 368
	Swaps: 0
	File system inputs: 0
	File system outputs: 3555112
	Socket messages sent: 0
	Socket messages received: 0
	Signals delivered: 0
	Page size (bytes): 4096
	Exit status: 0
rebuilding tree from embedded config...
tree rebuilt in 0.69s (829242 nodes)
rebuilding tree from embedded config...
tree rebuilt in 0.69s (829242 nodes)
rebuilding tree from embedded config...
tree rebuilt in 0.69s (829242 nodes)
