+ rustc -Vv
rustc 1.97.0 (2d8144b78 2026-07-07)
binary: rustc
commit-hash: 2d8144b7880597b6e6d3dfd63a9a9efae3f533d3
commit-date: 2026-07-07
host: x86_64-unknown-linux-gnu
release: 1.97.0
LLVM version: 22.1.6
+ cargo -V
cargo 1.97.0 (c980f4866 2026-06-30)
+ uname -a
Linux solvers-r1-20260925-06 7.0.0-1011-gcp #11~24.04.1-Ubuntu SMP PREEMPT Tue Aug 11 20:14:48 UTC 2026 x86_64 x86_64 x86_64 GNU/Linux
+ lscpu
Architecture:                            x86_64
CPU op-mode(s):                          32-bit, 64-bit
Address sizes:                           48 bits physical, 48 bits virtual
Byte Order:                              Little Endian
CPU(s):                                  8
On-line CPU(s) list:                     0-7
Vendor ID:                               AuthenticAMD
BIOS Vendor ID:                          Google
Model name:                              AMD EPYC 7B12
BIOS Model name:                           CPU @ 2.0GHz
BIOS CPU family:                         1
CPU family:                              23
Model:                                   49
Thread(s) per core:                      2
Core(s) per socket:                      4
Socket(s):                               1
Stepping:                                0
BogoMIPS:                                4499.99
Flags:                                   fpu vme de pse tsc msr pae mce cx8 apic sep mtrr pge mca cmov pat pse36 clflush mmx fxsr sse sse2 ht syscall nx mmxext fxsr_opt pdpe1gb rdtscp lm constant_tsc rep_good nopl xtopology nonstop_tsc cpuid extd_apicid tsc_known_freq pni pclmulqdq ssse3 fma cx16 sse4_1 sse4_2 x2apic movbe popcnt aes xsave avx f16c rdrand hypervisor lahf_lm cmp_legacy cr8_legacy abm sse4a misalignsse 3dnowprefetch osvw topoext ssbd ibrs ibpb stibp vmmcall fsgsbase tsc_adjust bmi1 avx2 smep bmi2 rdseed adx smap clflushopt clwb sha_ni xsaveopt xsavec xgetbv1 clzero xsaveerptr arat umip rdpid
Hypervisor vendor:                       KVM
Virtualization type:                     full
L1d cache:                               128 KiB (4 instances)
L1i cache:                               128 KiB (4 instances)
L2 cache:                                2 MiB (4 instances)
L3 cache:                                16 MiB (1 instance)
NUMA node(s):                            1
NUMA node0 CPU(s):                       0-7
Vulnerability Gather data sampling:      Not affected
Vulnerability Ghostwrite:                Not affected
Vulnerability Indirect target selection: Not affected
Vulnerability Itlb multihit:             Not affected
Vulnerability L1tf:                      Not affected
Vulnerability Mds:                       Not affected
Vulnerability Meltdown:                  Not affected
Vulnerability Mmio stale data:           Not affected
Vulnerability Old microcode:             Not affected
Vulnerability Reg file data sampling:    Not affected
Vulnerability Retbleed:                  Mitigation; untrained return thunk; SMT enabled with STIBP protection
Vulnerability Spec rstack overflow:      Mitigation; Safe RET
Vulnerability Spec store bypass:         Mitigation; Speculative Store Bypass disabled via prctl
Vulnerability Spectre v1:                Mitigation; usercopy/swapgs barriers and __user pointer sanitization
Vulnerability Spectre v2:                Mitigation; Retpolines; IBPB conditional; STIBP always-on; RSB filling; PBRSB-eIBRS Not affected; BHI Not affected
Vulnerability Srbds:                     Not affected
Vulnerability Tsa:                       Not affected
Vulnerability Tsx async abort:           Not affected
Vulnerability Vmscape:                   Not affected
+ sha256sum Cargo.lock .cargo/config.toml /opt/r1/candidate-v3-source.tar.gz
a8658dd63e76d22e313be59599d59c28fe0778d7cb86127a6b339114b1372fe1  Cargo.lock
144d563007668a15d8bacbadd5b026b3ce346a0e57fa7e73ea8235346090cd21  .cargo/config.toml
ac5d493a129cd97be9322598867fa3ab5795ba6d3241a93e2719beaa2dd89970  /opt/r1/candidate-v3-source.tar.gz
+ /usr/bin/time -v cargo build --locked --release -p cli --bin solvers
   Compiling cards v0.1.0 (/opt/r1/candidate-v3/crates/cards)
   Compiling hand-index v0.1.0 (/opt/r1/candidate-v3/crates/hand-index)
   Compiling engine v0.1.0 (/opt/r1/candidate-v3/crates/engine)
   Compiling abstraction v0.1.0 (/opt/r1/candidate-v3/crates/abstraction)
   Compiling game v0.1.0 (/opt/r1/candidate-v3/crates/game)
   Compiling formats v0.1.0 (/opt/r1/candidate-v3/crates/formats)
   Compiling multiway v0.1.0 (/opt/r1/candidate-v3/crates/multiway)
   Compiling holdem v0.1.0 (/opt/r1/candidate-v3/crates/holdem)
   Compiling preflop v0.1.0 (/opt/r1/candidate-v3/crates/preflop)
   Compiling cli v0.1.0 (/opt/r1/candidate-v3/crates/cli)
    Finished `release` profile [optimized] target(s) in 1m 37s
	Command being timed: "cargo build --locked --release -p cli --bin solvers"
	User time (seconds): 138.39
	System time (seconds): 3.94
	Percent of CPU this job got: 145%
	Elapsed (wall clock) time (h:mm:ss or m:ss): 1:37.55
	Average shared text size (kbytes): 0
	Average unshared data size (kbytes): 0
	Average stack size (kbytes): 0
	Average total size (kbytes): 0
	Maximum resident set size (kbytes): 903944
	Average resident set size (kbytes): 0
	Major (requiring I/O) page faults: 32
	Minor (reclaiming a frame) page faults: 1093577
	Voluntary context switches: 1818
	Involuntary context switches: 578
	Swaps: 0
	File system inputs: 0
	File system outputs: 266896
	Socket messages sent: 0
	Socket messages received: 0
	Signals delivered: 0
	Page size (bytes): 4096
	Exit status: 0
+ sha256sum /opt/r1/target/candidate-v3/release/solvers
a74e873ba0629c072884edf344ca41fb6ccd291d0a869f4d5e9b75f9dfbb0521  /opt/r1/target/candidate-v3/release/solvers
+ date -u --iso-8601=seconds
2026-09-25T18:04:20+00:00
