tree: nodes=22107 terminals=14280 rank_tables=48 storage=15.6 MiB (f32) / 7.9 MiB (i16) / 11.8 MiB (i16-f32avg)
memory estimate: 163.6 MiB (f32) / 159.7 MiB (i16) / 163.6 MiB (i16-f32avg)
iter=      10 expl_p0=7.771e0 expl_p1=5.911e0 nash_conv=1.368e1
iter=      20 expl_p0=4.017e0 expl_p1=2.936e0 nash_conv=6.954e0
iter=      30 expl_p0=2.043e0 expl_p1=1.552e0 nash_conv=3.595e0
iter=      40 expl_p0=1.222e0 expl_p1=1.011e0 nash_conv=2.233e0
iter=      50 expl_p0=7.033e-1 expl_p1=5.986e-1 nash_conv=1.302e0
iter=      60 expl_p0=4.559e-1 expl_p1=4.071e-1 nash_conv=8.630e-1
iter=      70 expl_p0=3.285e-1 expl_p1=2.830e-1 nash_conv=6.116e-1
iter=      80 expl_p0=2.576e-1 expl_p1=2.033e-1 nash_conv=4.608e-1
iter=      90 expl_p0=2.071e-1 expl_p1=1.630e-1 nash_conv=3.701e-1
iter=     100 expl_p0=1.752e-1 expl_p1=1.295e-1 nash_conv=3.047e-1
iter=     110 expl_p0=1.419e-1 expl_p1=1.107e-1 nash_conv=2.525e-1
iter=     120 expl_p0=1.173e-1 expl_p1=8.376e-2 nash_conv=2.010e-1
iter=     130 expl_p0=1.145e-1 expl_p1=7.362e-2 nash_conv=1.881e-1
iter=     140 expl_p0=9.471e-2 expl_p1=6.218e-2 nash_conv=1.569e-1
iter=     150 expl_p0=7.811e-2 expl_p1=5.171e-2 nash_conv=1.298e-1
iter=     160 expl_p0=6.852e-2 expl_p1=4.542e-2 nash_conv=1.139e-1
iter=     170 expl_p0=5.866e-2 expl_p1=3.901e-2 nash_conv=9.767e-2
iter=     180 expl_p0=4.880e-2 expl_p1=3.372e-2 nash_conv=8.252e-2
iter=     190 expl_p0=4.208e-2 expl_p1=3.009e-2 nash_conv=7.216e-2
iter=     200 expl_p0=3.875e-2 expl_p1=2.597e-2 nash_conv=6.472e-2
iter=     210 expl_p0=3.655e-2 expl_p1=2.316e-2 nash_conv=5.971e-2
iter=     220 expl_p0=3.356e-2 expl_p1=2.141e-2 nash_conv=5.496e-2
iter=     230 expl_p0=2.910e-2 expl_p1=1.926e-2 nash_conv=4.836e-2
iter=     240 expl_p0=2.627e-2 expl_p1=1.746e-2 nash_conv=4.373e-2
done: iterations=240 wall=1.14s ev_p0=7.681223 ev_p1=12.799487 nash_conv=4.373e-2
sol: wrote C:\Users\PC_User\orca\workspaces\solvers\p1-i16-kernels\runs\i16-kernels\final\solve_c_turn2_i16-f32avg_new\solution.sol (5.30 MB, 7802 blocks, mode=Full)
