{"phase":"build","status":"started"}
{"event":"allocation_counts","schema":"r1-phase-allocation/v1","phase":"build","alloc_calls":2786336,"alloc_requested_bytes":69129611,"alloc_failed_calls":0,"alloc_zeroed_calls":3,"alloc_zeroed_requested_bytes":6,"alloc_zeroed_failed_calls":0,"realloc_calls":597065,"realloc_requested_new_bytes":138035534,"realloc_old_layout_bytes":68352607,"realloc_failed_calls":0,"dealloc_calls":2785050,"dealloc_layout_bytes":97854219}
{"phase":"build","status":"completed"}
{"phase":"solver_allocation","status":"started"}
{"event":"allocation_counts","schema":"r1-phase-allocation/v1","phase":"solver_allocation","alloc_calls":1,"alloc_requested_bytes":32,"alloc_failed_calls":0,"alloc_zeroed_calls":2,"alloc_zeroed_requested_bytes":81414144,"alloc_zeroed_failed_calls":0,"realloc_calls":0,"realloc_requested_new_bytes":0,"realloc_old_layout_bytes":0,"realloc_failed_calls":0,"dealloc_calls":0,"dealloc_layout_bytes":0}
{"phase":"solver_allocation","status":"completed"}
{"phase":"cfr","status":"started"}
{"event":"allocation_counts","schema":"r1-phase-allocation/v1","phase":"cfr","alloc_calls":223499,"alloc_requested_bytes":55064328,"alloc_failed_calls":0,"alloc_zeroed_calls":0,"alloc_zeroed_requested_bytes":0,"alloc_zeroed_failed_calls":0,"realloc_calls":29901,"realloc_requested_new_bytes":9964584,"realloc_old_layout_bytes":4979488,"realloc_failed_calls":0,"dealloc_calls":223482,"dealloc_layout_bytes":60020272}
{"phase":"cfr","status":"completed"}
{"phase":"state_write","status":"started"}
{"event":"allocation_counts","schema":"r1-phase-allocation/v1","phase":"state_write","alloc_calls":3,"alloc_requested_bytes":16649,"alloc_failed_calls":0,"alloc_zeroed_calls":0,"alloc_zeroed_requested_bytes":0,"alloc_zeroed_failed_calls":0,"realloc_calls":1,"realloc_requested_new_bytes":162,"realloc_old_layout_bytes":81,"realloc_failed_calls":0,"dealloc_calls":3,"dealloc_layout_bytes":16730}
{"phase":"state_write","status":"completed"}
{"phase":"ev_p0","status":"started"}
{"event":"allocation_counts","schema":"r1-phase-allocation/v1","phase":"ev_p0","alloc_calls":28134,"alloc_requested_bytes":6675476,"alloc_failed_calls":0,"alloc_zeroed_calls":73552,"alloc_zeroed_requested_bytes":21625632,"alloc_zeroed_failed_calls":0,"realloc_calls":4725,"realloc_requested_new_bytes":1401120,"realloc_old_layout_bytes":700560,"realloc_failed_calls":0,"dealloc_calls":101686,"dealloc_layout_bytes":29001668}
{"phase":"ev_p0","status":"completed"}
{"phase":"ev_p1","status":"started"}
{"event":"allocation_counts","schema":"r1-phase-allocation/v1","phase":"ev_p1","alloc_calls":32731,"alloc_requested_bytes":7230764,"alloc_failed_calls":0,"alloc_zeroed_calls":73552,"alloc_zeroed_requested_bytes":19081440,"alloc_zeroed_failed_calls":0,"realloc_calls":4988,"realloc_requested_new_bytes":1482432,"realloc_old_layout_bytes":741216,"realloc_failed_calls":0,"dealloc_calls":106283,"dealloc_layout_bytes":27053420}
{"phase":"ev_p1","status":"completed"}
{"phase":"br_p0","status":"started"}
{"event":"allocation_counts","schema":"r1-phase-allocation/v1","phase":"br_p0","alloc_calls":29035,"alloc_requested_bytes":6788908,"alloc_failed_calls":0,"alloc_zeroed_calls":0,"alloc_zeroed_requested_bytes":0,"alloc_zeroed_failed_calls":0,"realloc_calls":4881,"realloc_requested_new_bytes":1447872,"realloc_old_layout_bytes":723936,"realloc_failed_calls":0,"dealloc_calls":29035,"dealloc_layout_bytes":7512844}
{"phase":"br_p0","status":"completed"}
{"phase":"br_p1","status":"started"}
{"event":"allocation_counts","schema":"r1-phase-allocation/v1","phase":"br_p1","alloc_calls":33045,"alloc_requested_bytes":7352748,"alloc_failed_calls":0,"alloc_zeroed_calls":0,"alloc_zeroed_requested_bytes":0,"alloc_zeroed_failed_calls":0,"realloc_calls":5002,"realloc_requested_new_bytes":1483584,"realloc_old_layout_bytes":741792,"realloc_failed_calls":0,"dealloc_calls":33045,"dealloc_layout_bytes":8094540}
{"phase":"br_p1","status":"completed"}
{"phase":"exploitability","status":"started"}
{"event":"allocation_counts","schema":"r1-phase-allocation/v1","phase":"exploitability","alloc_calls":91516,"alloc_requested_bytes":20890476,"alloc_failed_calls":0,"alloc_zeroed_calls":73552,"alloc_zeroed_requested_bytes":21625632,"alloc_zeroed_failed_calls":0,"realloc_calls":14915,"realloc_requested_new_bytes":4428000,"realloc_old_layout_bytes":2214000,"realloc_failed_calls":0,"dealloc_calls":165068,"dealloc_layout_bytes":44730108}
{"phase":"exploitability","status":"completed"}
{"phase":"probe","status":"completed"}
