Postflop menus solved in L0 Checkdown mode.
Tree: 6845 decisions, 7801 terminals (0.780s)
Tables: 0.169s; model: 0.003s
Checkpoint 0: NashConv 65.930791699558; gains [11.045244316328478, 10.425357905366312, 9.834242322965528, 11.349533058217352, 11.568740422302646, 11.707673674377773]; 74.321778s
Iteration 10: wall 2.067683s; reaches 0.086455; t2 0.050331; t3 0.730017; k4 1.115386; update 0.061000; evaluation 0.000000
Iteration 20: wall 2.306510s; reaches 0.102887; t2 0.055517; t3 0.874547; k4 1.187524; update 0.057527; evaluation 0.000000
Iteration 30: wall 1.975248s; reaches 0.090744; t2 0.048696; t3 0.632245; k4 1.136255; update 0.044756; evaluation 0.000000
Iteration 40: wall 2.151798s; reaches 0.094191; t2 0.052356; t3 0.685356; k4 1.239591; update 0.055861; evaluation 0.000000
Iteration 50: wall 2.035414s; reaches 0.091169; t2 0.049638; t3 0.592114; k4 1.222794; update 0.055917; evaluation 0.000000
Iteration 60: wall 1.795108s; reaches 0.083443; t2 0.046025; t3 0.538967; k4 1.054881; update 0.049797; evaluation 0.000000
Iteration 70: wall 1.804156s; reaches 0.087682; t2 0.048627; t3 0.526794; k4 1.065669; update 0.052699; evaluation 0.000000
Iteration 80: wall 1.781466s; reaches 0.088351; t2 0.057139; t3 0.500559; k4 1.055612; update 0.055422; evaluation 0.000000
Iteration 90: wall 1.762318s; reaches 0.093069; t2 0.050609; t3 0.471168; k4 1.061137; update 0.060666; evaluation 0.000000
Iteration 100: wall 71.349669s; reaches 0.093201; t2 0.048158; t3 0.447572; k4 1.013916; update 0.061225; evaluation 69.663162
Checkpoint 100: NashConv 0.023333891604; gains [0.003885166611245633, 0.002571575734526932, 0.00511629216765952, 0.0038602152962048802, 0.005919209025639055, 0.001981432769015551]; 340.936592s
Iteration 110: wall 1.646067s; reaches 0.081269; t2 0.047930; t3 0.437240; k4 1.004383; update 0.053078; evaluation 0.000000
Iteration 120: wall 1.568294s; reaches 0.077591; t2 0.047304; t3 0.422777; k4 0.953315; update 0.044211; evaluation 0.000000
Iteration 130: wall 1.556900s; reaches 0.072240; t2 0.043326; t3 0.412718; k4 0.964129; update 0.042612; evaluation 0.000000
Iteration 140: wall 1.622910s; reaches 0.073436; t2 0.045886; t3 0.428207; k4 0.999967; update 0.052853; evaluation 0.000000
Iteration 150: wall 1.560613s; reaches 0.080117; t2 0.046463; t3 0.406456; k4 0.961246; update 0.044681; evaluation 0.000000
Iteration 160: wall 1.579194s; reaches 0.078772; t2 0.048605; t3 0.415461; k4 0.968399; update 0.045303; evaluation 0.000000
Iteration 170: wall 1.575545s; reaches 0.078914; t2 0.047040; t3 0.412336; k4 0.971719; update 0.043726; evaluation 0.000000
Iteration 180: wall 1.581905s; reaches 0.080623; t2 0.048124; t3 0.404669; k4 0.978891; update 0.046581; evaluation 0.000000
Iteration 190: wall 1.642355s; reaches 0.076849; t2 0.051489; t3 0.415271; k4 1.020563; update 0.053612; evaluation 0.000000
Iteration 200: wall 70.082661s; reaches 0.079204; t2 0.053277; t3 0.402452; k4 1.005578; update 0.069902; evaluation 68.448271
Checkpoint 200: NashConv 0.005501272656; gains [0.000967528906895776, 0.0006296474860390533, 0.0011955979251648818, 0.0007153569344417327, 0.0015238818886301464, 0.00046925951474856287]; 570.168275s
Iteration 210: wall 1.486621s; reaches 0.075958; t2 0.046970; t3 0.394445; k4 0.897806; update 0.049430; evaluation 0.000000
Iteration 220: wall 1.731222s; reaches 0.085584; t2 0.053344; t3 0.421735; k4 1.083968; update 0.061934; evaluation 0.000000
Iteration 230: wall 1.640035s; reaches 0.080866; t2 0.054378; t3 0.426138; k4 0.992750; update 0.061124; evaluation 0.000000
Iteration 240: wall 1.571991s; reaches 0.079514; t2 0.050321; t3 0.399696; k4 0.973913; update 0.045692; evaluation 0.000000
Iteration 250: wall 1.572443s; reaches 0.078827; t2 0.052067; t3 0.396862; k4 0.974677; update 0.047181; evaluation 0.000000
Iteration 260: wall 1.590777s; reaches 0.082042; t2 0.050053; t3 0.396946; k4 0.991253; update 0.046878; evaluation 0.000000
Iteration 270: wall 1.570205s; reaches 0.081421; t2 0.045691; t3 0.402719; k4 0.968830; update 0.048868; evaluation 0.000000
Iteration 280: wall 1.681337s; reaches 0.085376; t2 0.053372; t3 0.420335; k4 1.036957; update 0.060805; evaluation 0.000000
Iteration 290: wall 1.602543s; reaches 0.082954; t2 0.053287; t3 0.401871; k4 0.986730; update 0.054731; evaluation 0.000000
Iteration 300: wall 68.899776s; reaches 0.076364; t2 0.049225; t3 0.428166; k4 0.991286; update 0.058874; evaluation 67.273228
Checkpoint 300: NashConv 0.002571981260; gains [0.00044516220060858425, 0.0002921478122472343, 0.0005830071313331353, 0.0003185267303753847, 0.0007226909438803469, 0.00021044644200413076]; 797.605615s
Iteration 310: wall 1.587048s; reaches 0.081827; t2 0.046790; t3 0.404221; k4 0.981797; update 0.049939; evaluation 0.000000
Iteration 320: wall 1.539139s; reaches 0.079021; t2 0.048206; t3 0.411969; k4 0.926217; update 0.050590; evaluation 0.000000
Iteration 330: wall 1.481905s; reaches 0.074861; t2 0.046756; t3 0.390759; k4 0.893844; update 0.053083; evaluation 0.000000
Iteration 340: wall 1.483273s; reaches 0.072694; t2 0.049846; t3 0.395926; k4 0.894344; update 0.047857; evaluation 0.000000
Iteration 350: wall 1.574976s; reaches 0.081624; t2 0.047556; t3 0.406965; k4 0.969447; update 0.047010; evaluation 0.000000
Iteration 360: wall 1.463685s; reaches 0.072408; t2 0.049240; t3 0.367720; k4 0.904592; update 0.048641; evaluation 0.000000
Iteration 370: wall 1.381830s; reaches 0.070999; t2 0.044509; t3 0.366387; k4 0.836102; update 0.042433; evaluation 0.000000
Iteration 380: wall 1.388218s; reaches 0.073356; t2 0.047091; t3 0.354173; k4 0.847321; update 0.044380; evaluation 0.000000
Iteration 390: wall 1.597446s; reaches 0.076733; t2 0.053296; t3 0.385747; k4 1.009791; update 0.048564; evaluation 0.000000
Iteration 400: wall 64.850998s; reaches 0.069210; t2 0.043187; t3 0.360358; k4 0.889154; update 0.057941; evaluation 63.409271
Checkpoint 400: NashConv 0.001502841016; gains [0.00026948861048589623, 0.00016586808165547362, 0.000337348160394102, 0.00019406611646199945, 0.0004079877805561738, 0.00012808226641995712]; 1012.429699s
Iteration 410: wall 1.551684s; reaches 0.076344; t2 0.052980; t3 0.381918; k4 0.960413; update 0.056663; evaluation 0.000000
Iteration 420: wall 1.527994s; reaches 0.082527; t2 0.048545; t3 0.372064; k4 0.953334; update 0.045617; evaluation 0.000000
Iteration 430: wall 1.513383s; reaches 0.079906; t2 0.048918; t3 0.398551; k4 0.908136; update 0.054007; evaluation 0.000000
Iteration 440: wall 1.596946s; reaches 0.076622; t2 0.053882; t3 0.377042; k4 1.005802; update 0.058893; evaluation 0.000000
Iteration 450: wall 1.483704s; reaches 0.073005; t2 0.047537; t3 0.381508; k4 0.909438; update 0.050379; evaluation 0.000000
Iteration 460: wall 1.472653s; reaches 0.074772; t2 0.044574; t3 0.394968; k4 0.887374; update 0.049100; evaluation 0.000000
Iteration 470: wall 1.402938s; reaches 0.068871; t2 0.047114; t3 0.362168; k4 0.855711; update 0.045265; evaluation 0.000000
Iteration 480: wall 1.391972s; reaches 0.070866; t2 0.044986; t3 0.367967; k4 0.837402; update 0.049024; evaluation 0.000000
Iteration 490: wall 1.458061s; reaches 0.078282; t2 0.046324; t3 0.352509; k4 0.911027; update 0.048625; evaluation 0.000000
Iteration 500: wall 64.786595s; reaches 0.073727; t2 0.046175; t3 0.362741; k4 0.827983; update 0.051964; evaluation 63.401585
Checkpoint 500: NashConv 0.001012870178; gains [0.0001726123133509172, 0.00011338162044077782, 0.00022912066387237306, 0.00013568032756038073, 0.0002622672335282211, 9.980801950487672e-5]; 1224.471563s
Iterations: 500; reached target: false; solve phases SolveTimings { reaches: 40.641636900000044, t2: 24.68912330000003, t3: 222.7648146, k4: 492.6576465999993, update: 25.578737300000004, evaluation: 406.4899156 }
