Tree: 6845 decisions, 7801 terminals (1.991s)
Tables: 0.198s; model: 0.004s
L1: 304 leaves; 20748 postflop decisions; 1500800 slots; 24012800 storage bytes
Checkpoint 0: NashConv 66.292658069568; held 66.292655379267; auxiliary 73.147066552885; auxiliary held 73.145859846970; gains [11.180454561773105, 10.372061474272238, 9.826474899300813, 11.454264016129912, 11.683542156658003, 11.775860961433814]; held gains [11.180454561773107, 10.372061436744858, 9.826472721516833, 11.454263731135931, 11.683541966662002, 11.775860961433814]; auxiliary gains [12.05739153734789, 11.806423015010557, 12.060345880102728, 12.294824831070315, 12.653003267085486, 12.275078022267921]; auxiliary held gains [12.057366325158622, 11.806385803657978, 12.060211457769961, 12.294660331769471, 12.65217227489876, 12.275063653715197]; evaluation 163.887202s
Iteration 10: wall 4.768300s; reaches 0.082617; t2 0.193035; t3 0.797018; k4 0.992830; update 0.052367; board preparation 0.000518; postflop 2.627240; evaluation 0.000000
Iteration 20: wall 4.710777s; reaches 0.104035; t2 0.196918; t3 0.634424; k4 0.914966; update 0.059860; board preparation 0.000551; postflop 2.776202; evaluation 0.000000
Iteration 30: wall 5.379623s; reaches 0.108358; t2 0.234392; t3 0.701343; k4 1.102550; update 0.068987; board preparation 0.000666; postflop 3.137230; evaluation 0.000000
Iteration 40: wall 4.562221s; reaches 0.082852; t2 0.196499; t3 0.548065; k4 0.917945; update 0.050148; board preparation 0.000571; postflop 2.743548; evaluation 0.000000
Iteration 50: wall 4.560482s; reaches 0.084302; t2 0.211690; t3 0.499214; k4 0.946254; update 0.065281; board preparation 0.000761; postflop 2.727662; evaluation 0.000000
Iteration 60: wall 4.398198s; reaches 0.089587; t2 0.185796; t3 0.455412; k4 0.868553; update 0.055927; board preparation 0.000596; postflop 2.718256; evaluation 0.000000
Iteration 70: wall 4.586178s; reaches 0.093083; t2 0.234549; t3 0.461982; k4 0.865070; update 0.066029; board preparation 0.000586; postflop 2.839572; evaluation 0.000000
Iteration 80: wall 4.041751s; reaches 0.072059; t2 0.163648; t3 0.395070; k4 0.741713; update 0.048157; board preparation 0.000525; postflop 2.599308; evaluation 0.000000
Iteration 90: wall 4.057987s; reaches 0.079548; t2 0.194644; t3 0.389493; k4 0.719773; update 0.055493; board preparation 0.000529; postflop 2.595536; evaluation 0.000000
Iteration 100: wall 3.988867s; reaches 0.072320; t2 0.163849; t3 0.361492; k4 0.685964; update 0.048041; board preparation 0.000581; postflop 2.634032; evaluation 0.000000
Iteration 110: wall 3.995218s; reaches 0.073047; t2 0.179321; t3 0.372852; k4 0.692917; update 0.050421; board preparation 0.000603; postflop 2.602769; evaluation 0.000000
Iteration 120: wall 3.869667s; reaches 0.072030; t2 0.167065; t3 0.344494; k4 0.708996; update 0.048229; board preparation 0.000396; postflop 2.506215; evaluation 0.000000
Iteration 130: wall 3.975605s; reaches 0.074219; t2 0.176953; t3 0.346245; k4 0.693435; update 0.047561; board preparation 0.000680; postflop 2.605770; evaluation 0.000000
Iteration 140: wall 4.172972s; reaches 0.091163; t2 0.195104; t3 0.374293; k4 0.754454; update 0.061940; board preparation 0.000564; postflop 2.658250; evaluation 0.000000
Iteration 150: wall 4.040374s; reaches 0.085660; t2 0.184680; t3 0.360758; k4 0.726224; update 0.059642; board preparation 0.000585; postflop 2.598484; evaluation 0.000000
Iteration 160: wall 3.946806s; reaches 0.076602; t2 0.159302; t3 0.362338; k4 0.702560; update 0.046920; board preparation 0.000598; postflop 2.576868; evaluation 0.000000
Iteration 170: wall 3.888586s; reaches 0.077213; t2 0.161189; t3 0.344594; k4 0.672242; update 0.050338; board preparation 0.000553; postflop 2.554388; evaluation 0.000000
Iteration 180: wall 3.800982s; reaches 0.068670; t2 0.155809; t3 0.352552; k4 0.656536; update 0.046974; board preparation 0.000534; postflop 2.497750; evaluation 0.000000
Iteration 190: wall 3.799064s; reaches 0.071004; t2 0.164733; t3 0.343369; k4 0.663875; update 0.049536; board preparation 0.000570; postflop 2.483149; evaluation 0.000000
Iteration 200: wall 3.841071s; reaches 0.068637; t2 0.178899; t3 0.350189; k4 0.692875; update 0.048946; board preparation 0.000605; postflop 2.477750; evaluation 0.000000
Iteration 210: wall 3.929715s; reaches 0.076985; t2 0.173850; t3 0.346566; k4 0.711707; update 0.054039; board preparation 0.000627; postflop 2.540327; evaluation 0.000000
Iteration 220: wall 4.052521s; reaches 0.083144; t2 0.176511; t3 0.369741; k4 0.706008; update 0.059252; board preparation 0.000563; postflop 2.626603; evaluation 0.000000
Iteration 230: wall 4.199678s; reaches 0.087718; t2 0.195856; t3 0.349129; k4 0.731845; update 0.059970; board preparation 0.000516; postflop 2.750403; evaluation 0.000000
Iteration 240: wall 3.733226s; reaches 0.069079; t2 0.165310; t3 0.331591; k4 0.631406; update 0.049927; board preparation 0.000518; postflop 2.462453; evaluation 0.000000
Iteration 250: wall 156.000756s; reaches 0.076525; t2 0.174589; t3 0.331971; k4 0.652905; update 0.059360; board preparation 0.000584; postflop 2.497492; evaluation 152.130837
Checkpoint 250: NashConv 0.041102894990; held 0.018019740670; auxiliary 16.740312416082; auxiliary held 16.733856087194; gains [0.0046614363546655935, 0.0074330766465616205, 0.009190731335078861, 0.005101200767937936, 0.0056226914808462924, 0.009093758404947277]; held gains [0.0009578498896049142, 0.004222203313825668, 0.003440561955552257, 0.002530194590575449, 0.0025412900144533013, 0.004327640905977703]; auxiliary gains [2.532103156837092, 2.85730614833804, 2.803505359707945, 2.88394939180219, 2.871971631468177, 2.7914767279288144]; auxiliary held gains [2.5316543148110124, 2.8569422154045734, 2.7983273493941394, 2.8838251933370618, 2.871811191234553, 2.7912958230123692]; evaluation 152.130837s
Iteration 260: wall 4.230360s; reaches 0.083232; t2 0.224150; t3 0.371148; k4 0.704872; update 0.067883; board preparation 0.000625; postflop 2.744725; evaluation 0.000000
Iteration 270: wall 4.111281s; reaches 0.083981; t2 0.188480; t3 0.346821; k4 0.663788; update 0.074073; board preparation 0.000639; postflop 2.728136; evaluation 0.000000
Iteration 280: wall 3.680937s; reaches 0.069939; t2 0.172500; t3 0.320188; k4 0.609954; update 0.046051; board preparation 0.000579; postflop 2.438957; evaluation 0.000000
Iteration 290: wall 4.195867s; reaches 0.087346; t2 0.216655; t3 0.360665; k4 0.727026; update 0.071855; board preparation 0.000584; postflop 2.706075; evaluation 0.000000
Iteration 300: wall 3.814971s; reaches 0.070502; t2 0.167726; t3 0.329045; k4 0.665289; update 0.053246; board preparation 0.000606; postflop 2.504170; evaluation 0.000000
Iteration 310: wall 3.617237s; reaches 0.070170; t2 0.167041; t3 0.320094; k4 0.610679; update 0.045156; board preparation 0.000571; postflop 2.380672; evaluation 0.000000
Iteration 320: wall 3.657353s; reaches 0.068441; t2 0.156676; t3 0.326060; k4 0.609276; update 0.051806; board preparation 0.000557; postflop 2.421668; evaluation 0.000000
Iteration 330: wall 3.797216s; reaches 0.076534; t2 0.156680; t3 0.342271; k4 0.667569; update 0.048437; board preparation 0.000583; postflop 2.482310; evaluation 0.000000
Iteration 340: wall 3.994566s; reaches 0.084609; t2 0.171547; t3 0.356481; k4 0.695349; update 0.052356; board preparation 0.000562; postflop 2.610016; evaluation 0.000000
Iteration 350: wall 3.748289s; reaches 0.073261; t2 0.148919; t3 0.316986; k4 0.660410; update 0.048799; board preparation 0.000546; postflop 2.477854; evaluation 0.000000
Iteration 360: wall 3.637845s; reaches 0.067087; t2 0.152141; t3 0.322899; k4 0.620301; update 0.046211; board preparation 0.000551; postflop 2.407321; evaluation 0.000000
Iteration 370: wall 3.938541s; reaches 0.078462; t2 0.168738; t3 0.339393; k4 0.701887; update 0.051974; board preparation 0.000641; postflop 2.574131; evaluation 0.000000
Iteration 380: wall 4.112857s; reaches 0.083405; t2 0.199873; t3 0.366299; k4 0.757830; update 0.068930; board preparation 0.000621; postflop 2.609570; evaluation 0.000000
Iteration 390: wall 3.876571s; reaches 0.078716; t2 0.178024; t3 0.338239; k4 0.661973; update 0.053828; board preparation 0.001042; postflop 2.540976; evaluation 0.000000
Iteration 400: wall 3.639804s; reaches 0.075400; t2 0.152794; t3 0.324315; k4 0.648754; update 0.051096; board preparation 0.000572; postflop 2.363894; evaluation 0.000000
Iteration 410: wall 3.768618s; reaches 0.071718; t2 0.153271; t3 0.308192; k4 0.629988; update 0.046729; board preparation 0.000551; postflop 2.535873; evaluation 0.000000
Iteration 420: wall 3.729360s; reaches 0.068158; t2 0.165397; t3 0.319980; k4 0.615146; update 0.054882; board preparation 0.000601; postflop 2.482869; evaluation 0.000000
Iteration 430: wall 3.586633s; reaches 0.075931; t2 0.156017; t3 0.310385; k4 0.554372; update 0.048469; board preparation 0.000560; postflop 2.418345; evaluation 0.000000
Iteration 440: wall 3.945121s; reaches 0.077779; t2 0.182300; t3 0.350799; k4 0.627104; update 0.059351; board preparation 0.000718; postflop 2.621510; evaluation 0.000000
Iteration 450: wall 3.639627s; reaches 0.072246; t2 0.153299; t3 0.302459; k4 0.555342; update 0.050823; board preparation 0.000589; postflop 2.482788; evaluation 0.000000
Iteration 460: wall 3.453212s; reaches 0.069322; t2 0.158009; t3 0.303624; k4 0.518623; update 0.044316; board preparation 0.000537; postflop 2.336920; evaluation 0.000000
Iteration 470: wall 3.541316s; reaches 0.069878; t2 0.160808; t3 0.313706; k4 0.551095; update 0.047071; board preparation 0.000576; postflop 2.374547; evaluation 0.000000
Iteration 480: wall 3.730981s; reaches 0.069882; t2 0.155713; t3 0.336752; k4 0.614237; update 0.051089; board preparation 0.000612; postflop 2.480157; evaluation 0.000000
Iteration 490: wall 3.839558s; reaches 0.076535; t2 0.162666; t3 0.325962; k4 0.631319; update 0.052111; board preparation 0.000588; postflop 2.566116; evaluation 0.000000
Iteration 500: wall 158.922494s; reaches 0.071383; t2 0.149034; t3 0.312700; k4 0.571181; update 0.047116; board preparation 0.000586; postflop 2.369950; evaluation 155.314115
Checkpoint 500: NashConv 0.019673863753; held -0.004577762861; auxiliary 18.456218520453; auxiliary held 18.451913990245; gains [0.0022682427149642304, 0.004046918695193358, 0.00506792849019877, 0.002446123317819654, 0.0025615291130985374, 0.0032831214213581705]; held gains [-0.0016209183397574711, 0.0009390649696075504, -0.0007139804779030534, -0.0003949521780677104, -0.0009420528588460902, -0.0018449239763030645]; auxiliary gains [2.7497653734727954, 3.1707916939129035, 3.0276951647708814, 3.2429946528886786, 3.158971262724658, 3.106000372683135]; auxiliary held gains [2.7494544517633646, 3.170582659152113, 3.024391080576997, 3.242873312020958, 3.158831044211154, 3.1057814425201875]; evaluation 155.314115s
Iteration 510: wall 3.962872s; reaches 0.074170; t2 0.172184; t3 0.338155; k4 0.647230; update 0.062383; board preparation 0.000553; postflop 2.643642; evaluation 0.000000
Iteration 520: wall 3.807413s; reaches 0.081045; t2 0.168496; t3 0.324403; k4 0.654043; update 0.053596; board preparation 0.000602; postflop 2.502915; evaluation 0.000000
Iteration 530: wall 3.653538s; reaches 0.075637; t2 0.165307; t3 0.320129; k4 0.637270; update 0.054999; board preparation 0.000617; postflop 2.374573; evaluation 0.000000
Iteration 540: wall 3.614038s; reaches 0.068146; t2 0.158907; t3 0.322726; k4 0.599310; update 0.046858; board preparation 0.000548; postflop 2.394727; evaluation 0.000000
Iteration 550: wall 3.780601s; reaches 0.079755; t2 0.167446; t3 0.324264; k4 0.641433; update 0.055584; board preparation 0.000582; postflop 2.488180; evaluation 0.000000
Iteration 560: wall 3.702491s; reaches 0.072627; t2 0.164500; t3 0.331194; k4 0.631307; update 0.053437; board preparation 0.000534; postflop 2.425190; evaluation 0.000000
Iteration 570: wall 3.722232s; reaches 0.079147; t2 0.190685; t3 0.318052; k4 0.637326; update 0.061344; board preparation 0.000552; postflop 2.410961; evaluation 0.000000
Iteration 580: wall 3.663902s; reaches 0.068455; t2 0.160957; t3 0.315159; k4 0.616710; update 0.049848; board preparation 0.000567; postflop 2.429164; evaluation 0.000000
Iteration 590: wall 3.477564s; reaches 0.068719; t2 0.154052; t3 0.297233; k4 0.580694; update 0.049219; board preparation 0.000563; postflop 2.304303; evaluation 0.000000
Iteration 600: wall 3.480009s; reaches 0.067406; t2 0.156700; t3 0.304005; k4 0.593270; update 0.045390; board preparation 0.000552; postflop 2.290808; evaluation 0.000000
Iteration 610: wall 3.476081s; reaches 0.067975; t2 0.168958; t3 0.303910; k4 0.572797; update 0.046727; board preparation 0.000580; postflop 2.292011; evaluation 0.000000
Iteration 620: wall 3.446594s; reaches 0.070383; t2 0.153641; t3 0.302080; k4 0.595789; update 0.046661; board preparation 0.000542; postflop 2.254917; evaluation 0.000000
Iteration 630: wall 3.499172s; reaches 0.080250; t2 0.175059; t3 0.312573; k4 0.589365; update 0.055009; board preparation 0.000571; postflop 2.262391; evaluation 0.000000
Iteration 640: wall 3.384580s; reaches 0.071090; t2 0.149891; t3 0.302211; k4 0.565976; update 0.046352; board preparation 0.000544; postflop 2.226733; evaluation 0.000000
Iteration 650: wall 3.473173s; reaches 0.072328; t2 0.160733; t3 0.309853; k4 0.584776; update 0.051066; board preparation 0.000570; postflop 2.271602; evaluation 0.000000
Iteration 660: wall 3.414363s; reaches 0.068387; t2 0.149183; t3 0.304471; k4 0.569464; update 0.050578; board preparation 0.000623; postflop 2.249731; evaluation 0.000000
Iteration 670: wall 3.474975s; reaches 0.064963; t2 0.153363; t3 0.315836; k4 0.586103; update 0.045268; board preparation 0.000541; postflop 2.286774; evaluation 0.000000
Iteration 680: wall 3.469025s; reaches 0.071708; t2 0.157114; t3 0.293058; k4 0.579056; update 0.049850; board preparation 0.000599; postflop 2.294628; evaluation 0.000000
Iteration 690: wall 3.383344s; reaches 0.070120; t2 0.154356; t3 0.299173; k4 0.559361; update 0.051787; board preparation 0.000615; postflop 2.225356; evaluation 0.000000
Iteration 700: wall 3.404657s; reaches 0.063776; t2 0.157357; t3 0.301204; k4 0.572650; update 0.045424; board preparation 0.000562; postflop 2.240838; evaluation 0.000000
Iteration 710: wall 3.520266s; reaches 0.069392; t2 0.155533; t3 0.311400; k4 0.601905; update 0.053647; board preparation 0.000594; postflop 2.303226; evaluation 0.000000
Iteration 720: wall 3.385292s; reaches 0.064854; t2 0.145935; t3 0.300186; k4 0.588331; update 0.046037; board preparation 0.000572; postflop 2.218167; evaluation 0.000000
Iteration 730: wall 3.715043s; reaches 0.073614; t2 0.165266; t3 0.343777; k4 0.638012; update 0.054691; board preparation 0.000697; postflop 2.414523; evaluation 0.000000
Iteration 740: wall 4.409508s; reaches 0.101753; t2 0.247510; t3 0.376068; k4 0.784932; update 0.074037; board preparation 0.001700; postflop 2.790311; evaluation 0.000000
Iteration 750: wall 158.236851s; reaches 0.073505; t2 0.182079; t3 0.322287; k4 0.644151; update 0.059930; board preparation 0.000618; postflop 2.412972; evaluation 154.460486
Checkpoint 750: NashConv 0.015696978902; held -0.009656387427; auxiliary 19.438453893385; auxiliary held 19.434762602279; gains [0.001884981200651975, 0.0033564442663261973, 0.0037803894616791345, 0.0020281927556868445, 0.0022542971873245055, 0.002392674030463393]; held gains [-0.0021752469875553626, -0.00012166388818948826, -0.001998331952001886, -0.001009406662269778, -0.0017800860613993441, -0.002571651875497627]; auxiliary gains [2.914693571336959, 3.3571313224722124, 3.1637894689655632, 3.4093297086858625, 3.3152912037571487, 3.278218618167314]; auxiliary held gains [2.914360309576634, 3.356956699737701, 3.161180912372, 3.4091196599386713, 3.315124117969823, 3.278020902684009]; evaluation 154.460486s
Iteration 760: wall 3.883530s; reaches 0.071948; t2 0.177505; t3 0.320576; k4 0.659686; update 0.059651; board preparation 0.000568; postflop 2.569085; evaluation 0.000000
Iteration 770: wall 4.024892s; reaches 0.085114; t2 0.192759; t3 0.343507; k4 0.723708; update 0.069291; board preparation 0.000556; postflop 2.583510; evaluation 0.000000
Iteration 780: wall 3.618632s; reaches 0.075184; t2 0.157562; t3 0.315968; k4 0.625257; update 0.047362; board preparation 0.000752; postflop 2.374241; evaluation 0.000000
Iteration 790: wall 3.704756s; reaches 0.072988; t2 0.150862; t3 0.327703; k4 0.636107; update 0.057632; board preparation 0.000647; postflop 2.437264; evaluation 0.000000
Iteration 800: wall 3.516664s; reaches 0.071086; t2 0.162646; t3 0.316711; k4 0.600283; update 0.049507; board preparation 0.000707; postflop 2.292142; evaluation 0.000000
Iteration 810: wall 3.583200s; reaches 0.068109; t2 0.151718; t3 0.316281; k4 0.617817; update 0.047855; board preparation 0.000572; postflop 2.357561; evaluation 0.000000
Iteration 820: wall 3.545542s; reaches 0.077540; t2 0.162327; t3 0.300837; k4 0.606295; update 0.058359; board preparation 0.000565; postflop 2.316278; evaluation 0.000000
Iteration 830: wall 3.420999s; reaches 0.070253; t2 0.159743; t3 0.296275; k4 0.573355; update 0.052021; board preparation 0.000508; postflop 2.246631; evaluation 0.000000
Iteration 840: wall 3.380739s; reaches 0.066132; t2 0.149496; t3 0.305927; k4 0.572092; update 0.045787; board preparation 0.000384; postflop 2.219355; evaluation 0.000000
Iteration 850: wall 3.439703s; reaches 0.075593; t2 0.162985; t3 0.309470; k4 0.567317; update 0.050493; board preparation 0.000643; postflop 2.248823; evaluation 0.000000
Iteration 860: wall 3.413557s; reaches 0.064802; t2 0.148535; t3 0.301597; k4 0.545457; update 0.044721; board preparation 0.000576; postflop 2.286228; evaluation 0.000000
Iteration 870: wall 3.340220s; reaches 0.072243; t2 0.153514; t3 0.297609; k4 0.528705; update 0.049447; board preparation 0.000536; postflop 2.216073; evaluation 0.000000
Iteration 880: wall 3.386139s; reaches 0.067059; t2 0.149713; t3 0.305023; k4 0.563824; update 0.048377; board preparation 0.000571; postflop 2.229368; evaluation 0.000000
Iteration 890: wall 3.328372s; reaches 0.067225; t2 0.149429; t3 0.295464; k4 0.538658; update 0.046372; board preparation 0.000568; postflop 2.208718; evaluation 0.000000
Iteration 900: wall 3.720514s; reaches 0.078011; t2 0.201736; t3 0.328449; k4 0.609099; update 0.059265; board preparation 0.000693; postflop 2.416890; evaluation 0.000000
Iteration 910: wall 3.576228s; reaches 0.076680; t2 0.167878; t3 0.354353; k4 0.590217; update 0.056828; board preparation 0.000582; postflop 2.306589; evaluation 0.000000
Iteration 920: wall 3.654845s; reaches 0.075006; t2 0.176307; t3 0.327201; k4 0.598668; update 0.060222; board preparation 0.000573; postflop 2.392953; evaluation 0.000000
Iteration 930: wall 3.584955s; reaches 0.073989; t2 0.151963; t3 0.327229; k4 0.583306; update 0.051312; board preparation 0.000604; postflop 2.373945; evaluation 0.000000
Iteration 940: wall 3.910556s; reaches 0.078125; t2 0.187806; t3 0.331737; k4 0.670120; update 0.060816; board preparation 0.000606; postflop 2.556299; evaluation 0.000000
Iteration 950: wall 3.825900s; reaches 0.080138; t2 0.183386; t3 0.343001; k4 0.618563; update 0.053892; board preparation 0.000595; postflop 2.522131; evaluation 0.000000
Iteration 960: wall 3.891689s; reaches 0.084000; t2 0.185510; t3 0.360504; k4 0.641125; update 0.065897; board preparation 0.000614; postflop 2.527652; evaluation 0.000000
Iteration 970: wall 3.559061s; reaches 0.070081; t2 0.173778; t3 0.323219; k4 0.612815; update 0.053228; board preparation 0.000847; postflop 2.298995; evaluation 0.000000
Iteration 980: wall 3.440514s; reaches 0.071994; t2 0.150443; t3 0.304338; k4 0.569365; update 0.051144; board preparation 0.000623; postflop 2.269686; evaluation 0.000000
Iteration 990: wall 3.597092s; reaches 0.076635; t2 0.195147; t3 0.318765; k4 0.588594; update 0.057700; board preparation 0.000573; postflop 2.334545; evaluation 0.000000
Iteration 1000: wall 155.449096s; reaches 0.077504; t2 0.197512; t3 0.351297; k4 0.659832; update 0.064217; board preparation 0.000618; postflop 2.455933; evaluation 151.565693
Checkpoint 1000: NashConv 0.013396702020; held -0.012688934641; auxiliary 19.877689985501; auxiliary held 19.873855528815; gains [0.0020078986595964965, 0.0026039945618589466, 0.0031829729473003, 0.0017572237965669674, 0.001934466115919381, 0.0019101459386768327]; held gains [-0.002161589386276655, -0.0008339061936080416, -0.002749246385122195, -0.001534189839251153, -0.0019724351659051176, -0.003437567670925387]; auxiliary gains [2.9874643182795646, 3.422839155017639, 3.1844409290981868, 3.5210016049938897, 3.3930673434061625, 3.368876634705752]; auxiliary held gains [2.987184925122473, 3.4226510119387275, 3.181507311889611, 3.5208479265072024, 3.392914635668862, 3.3687497176882117]; evaluation 151.565693s
Iteration 1010: wall 3.274997s; reaches 0.066401; t2 0.146104; t3 0.304538; k4 0.524426; update 0.044948; board preparation 0.000561; postflop 2.166002; evaluation 0.000000
Iteration 1020: wall 3.350822s; reaches 0.064296; t2 0.159814; t3 0.308077; k4 0.544366; update 0.045266; board preparation 0.000622; postflop 2.205484; evaluation 0.000000
Iteration 1030: wall 3.784730s; reaches 0.077991; t2 0.196629; t3 0.333428; k4 0.626276; update 0.055285; board preparation 0.001300; postflop 2.468714; evaluation 0.000000
Iteration 1040: wall 3.774897s; reaches 0.090592; t2 0.175819; t3 0.343606; k4 0.606607; update 0.057344; board preparation 0.000630; postflop 2.475308; evaluation 0.000000
Iteration 1050: wall 3.511395s; reaches 0.068442; t2 0.153806; t3 0.320228; k4 0.588142; update 0.053938; board preparation 0.000715; postflop 2.303459; evaluation 0.000000
Iteration 1060: wall 3.561109s; reaches 0.069981; t2 0.173002; t3 0.318977; k4 0.613824; update 0.050956; board preparation 0.000701; postflop 2.310157; evaluation 0.000000
Iteration 1070: wall 3.437956s; reaches 0.069172; t2 0.166897; t3 0.308599; k4 0.556844; update 0.048764; board preparation 0.000575; postflop 2.262762; evaluation 0.000000
Iteration 1080: wall 3.883788s; reaches 0.085650; t2 0.205170; t3 0.333926; k4 0.672385; update 0.068917; board preparation 0.000800; postflop 2.489687; evaluation 0.000000
Iteration 1090: wall 3.979623s; reaches 0.081260; t2 0.191381; t3 0.346171; k4 0.738369; update 0.058423; board preparation 0.000884; postflop 2.536568; evaluation 0.000000
Iteration 1100: wall 3.768677s; reaches 0.077651; t2 0.179328; t3 0.339690; k4 0.639565; update 0.054765; board preparation 0.000583; postflop 2.452835; evaluation 0.000000
Iteration 1110: wall 3.803212s; reaches 0.077525; t2 0.165805; t3 0.350994; k4 0.678045; update 0.055698; board preparation 0.000620; postflop 2.451252; evaluation 0.000000
Iteration 1120: wall 3.629115s; reaches 0.077078; t2 0.175359; t3 0.320574; k4 0.573618; update 0.060285; board preparation 0.000799; postflop 2.396486; evaluation 0.000000
Iteration 1130: wall 3.425821s; reaches 0.067047; t2 0.149103; t3 0.324581; k4 0.562587; update 0.049821; board preparation 0.000559; postflop 2.250412; evaluation 0.000000
Iteration 1140: wall 3.434168s; reaches 0.074164; t2 0.156993; t3 0.305395; k4 0.572538; update 0.045957; board preparation 0.000617; postflop 2.255930; evaluation 0.000000
Iteration 1150: wall 3.696818s; reaches 0.082828; t2 0.185504; t3 0.314509; k4 0.633976; update 0.060710; board preparation 0.000639; postflop 2.393328; evaluation 0.000000
Iteration 1160: wall 3.760915s; reaches 0.077429; t2 0.193415; t3 0.336855; k4 0.628853; update 0.058510; board preparation 0.000698; postflop 2.439313; evaluation 0.000000
Iteration 1170: wall 3.748693s; reaches 0.075021; t2 0.165309; t3 0.348050; k4 0.612005; update 0.062128; board preparation 0.000666; postflop 2.459761; evaluation 0.000000
Iteration 1180: wall 3.795460s; reaches 0.084146; t2 0.186760; t3 0.340980; k4 0.654574; update 0.062005; board preparation 0.000572; postflop 2.441115; evaluation 0.000000
Iteration 1190: wall 3.687828s; reaches 0.080957; t2 0.160758; t3 0.336506; k4 0.602947; update 0.053273; board preparation 0.000609; postflop 2.429782; evaluation 0.000000
Iteration 1200: wall 3.834201s; reaches 0.095091; t2 0.195159; t3 0.333026; k4 0.638010; update 0.060263; board preparation 0.000606; postflop 2.486850; evaluation 0.000000
Iteration 1210: wall 3.794863s; reaches 0.073597; t2 0.190535; t3 0.330196; k4 0.624531; update 0.062344; board preparation 0.000553; postflop 2.488969; evaluation 0.000000
Iteration 1220: wall 3.467843s; reaches 0.070935; t2 0.170857; t3 0.317759; k4 0.567067; update 0.046787; board preparation 0.000584; postflop 2.271814; evaluation 0.000000
Iteration 1230: wall 3.400123s; reaches 0.070128; t2 0.158108; t3 0.307857; k4 0.538475; update 0.055324; board preparation 0.000594; postflop 2.247136; evaluation 0.000000
Iteration 1240: wall 3.371548s; reaches 0.067441; t2 0.149506; t3 0.307164; k4 0.549390; update 0.045314; board preparation 0.000572; postflop 2.229218; evaluation 0.000000
Iteration 1250: wall 164.948015s; reaches 0.066559; t2 0.159189; t3 0.316314; k4 0.561938; update 0.050897; board preparation 0.000572; postflop 2.276258; evaluation 161.436980
Checkpoint 1250: NashConv 0.012075408237; held -0.014952631343; auxiliary 20.277921858998; auxiliary held 20.274358819628; gains [0.0016001807333737295, 0.0022573105454015696, 0.0030953810917951907, 0.0016703201356275121, 0.0018680214877288825, 0.0015841942430869227]; held gains [-0.0029329181211354416, -0.0011708875941232044, -0.0028484371460741342, -0.0017036030980342454, -0.002379922403108331, -0.003916862980972338]; auxiliary gains [3.0695361905178666, 3.4661306543964785, 3.2372332195074236, 3.5985236071797013, 3.474497474559917, 3.4320007128369183]; auxiliary held gains [3.069256701798821, 3.465963928017023, 3.2346038546318168, 3.5982735600380362, 3.4743313713943196, 3.4319294037479557]; evaluation 161.436980s
Iteration 1260: wall 3.237839s; reaches 0.063463; t2 0.142029; t3 0.307589; k4 0.511097; update 0.045321; board preparation 0.000596; postflop 2.146296; evaluation 0.000000
Iteration 1270: wall 3.317752s; reaches 0.072274; t2 0.156275; t3 0.289035; k4 0.514473; update 0.046033; board preparation 0.000595; postflop 2.217322; evaluation 0.000000
Iteration 1280: wall 3.334102s; reaches 0.066795; t2 0.150142; t3 0.308858; k4 0.514782; update 0.045142; board preparation 0.000566; postflop 2.226862; evaluation 0.000000
Iteration 1290: wall 5.395475s; reaches 0.250724; t2 0.308017; t3 0.569300; k4 0.973241; update 0.103247; board preparation 0.000625; postflop 3.151812; evaluation 0.000000
Iteration 1300: wall 3.518105s; reaches 0.069106; t2 0.162466; t3 0.308429; k4 0.539583; update 0.051111; board preparation 0.000394; postflop 2.360876; evaluation 0.000000
Iteration 1310: wall 3.208734s; reaches 0.062396; t2 0.150513; t3 0.293783; k4 0.496757; update 0.043928; board preparation 0.000514; postflop 2.139327; evaluation 0.000000
Iteration 1320: wall 3.185262s; reaches 0.067972; t2 0.148811; t3 0.289361; k4 0.482721; update 0.049079; board preparation 0.000544; postflop 2.125432; evaluation 0.000000
Iteration 1330: wall 3.222061s; reaches 0.072523; t2 0.145334; t3 0.304081; k4 0.498244; update 0.045553; board preparation 0.000571; postflop 2.134203; evaluation 0.000000
Iteration 1340: wall 3.240699s; reaches 0.074368; t2 0.161965; t3 0.281740; k4 0.488149; update 0.048146; board preparation 0.000644; postflop 2.162380; evaluation 0.000000
Iteration 1350: wall 3.265046s; reaches 0.065619; t2 0.150419; t3 0.295971; k4 0.494106; update 0.050780; board preparation 0.000590; postflop 2.185631; evaluation 0.000000
Iteration 1360: wall 3.409918s; reaches 0.068111; t2 0.161398; t3 0.309868; k4 0.547496; update 0.051438; board preparation 0.000554; postflop 2.247958; evaluation 0.000000
Iteration 1370: wall 3.356973s; reaches 0.072295; t2 0.171529; t3 0.291151; k4 0.521457; update 0.053337; board preparation 0.000540; postflop 2.223278; evaluation 0.000000
Iteration 1380: wall 3.724724s; reaches 0.073420; t2 0.188633; t3 0.318326; k4 0.557829; update 0.060095; board preparation 0.000585; postflop 2.500564; evaluation 0.000000
Iteration 1390: wall 3.294820s; reaches 0.069988; t2 0.145188; t3 0.298343; k4 0.494950; update 0.045861; board preparation 0.000549; postflop 2.219319; evaluation 0.000000
Iteration 1400: wall 3.254829s; reaches 0.066141; t2 0.158354; t3 0.298218; k4 0.506309; update 0.045655; board preparation 0.000601; postflop 2.157368; evaluation 0.000000
Iteration 1410: wall 3.471451s; reaches 0.072472; t2 0.172787; t3 0.309675; k4 0.533031; update 0.053901; board preparation 0.000630; postflop 2.304819; evaluation 0.000000
Iteration 1420: wall 3.422356s; reaches 0.072080; t2 0.169143; t3 0.315307; k4 0.521134; update 0.052436; board preparation 0.000718; postflop 2.267638; evaluation 0.000000
Iteration 1430: wall 3.524168s; reaches 0.081302; t2 0.165700; t3 0.312568; k4 0.537538; update 0.058895; board preparation 0.000448; postflop 2.342964; evaluation 0.000000
Iteration 1440: wall 3.450878s; reaches 0.069948; t2 0.155751; t3 0.298952; k4 0.516201; update 0.052305; board preparation 0.000587; postflop 2.334430; evaluation 0.000000
Iteration 1450: wall 3.506572s; reaches 0.068365; t2 0.151832; t3 0.314728; k4 0.536655; update 0.053580; board preparation 0.000576; postflop 2.357994; evaluation 0.000000
Iteration 1460: wall 3.460065s; reaches 0.073388; t2 0.159511; t3 0.327104; k4 0.533509; update 0.051827; board preparation 0.000521; postflop 2.291477; evaluation 0.000000
Iteration 1470: wall 3.538202s; reaches 0.080575; t2 0.170931; t3 0.315547; k4 0.528987; update 0.057507; board preparation 0.000660; postflop 2.361082; evaluation 0.000000
Iteration 1480: wall 3.413751s; reaches 0.073486; t2 0.151694; t3 0.299758; k4 0.514423; update 0.047786; board preparation 0.000583; postflop 2.302543; evaluation 0.000000
Iteration 1490: wall 3.527191s; reaches 0.072057; t2 0.171502; t3 0.311255; k4 0.553909; update 0.049981; board preparation 0.000881; postflop 2.343220; evaluation 0.000000
Iteration 1500: wall 145.680667s; reaches 0.066769; t2 0.151952; t3 0.284989; k4 0.495927; update 0.045464; board preparation 0.000674; postflop 2.134313; evaluation 142.435629
Checkpoint 1500: NashConv 0.011364310465; held -0.015991707871; auxiliary 20.530159146092; auxiliary held 20.526536434371; gains [0.0015864575096878886, 0.0020594701961497708, 0.0028870473946347452, 0.0015056173741998524, 0.0017339809093084302, 0.0015917370814840237]; held gains [-0.0033348276402480337, -0.001332617807891484, -0.003015385524512193, -0.0017513597415925522, -0.002423590254699376, -0.004133926902289503]; auxiliary gains [3.1277551807547583, 3.5099007906761472, 3.269133377139596, 3.6302648740712975, 3.5159395371222133, 3.4771653863280494]; auxiliary held gains [3.1275233921727406, 3.5097984724750466, 3.266217121298752, 3.6301087851457554, 3.5158038296471723, 3.4770848336313906]; evaluation 142.435629s
Iteration 1510: wall 3.205213s; reaches 0.066740; t2 0.140742; t3 0.294339; k4 0.486000; update 0.044469; board preparation 0.000539; postflop 2.151200; evaluation 0.000000
Iteration 1520: wall 3.181900s; reaches 0.068319; t2 0.149419; t3 0.295015; k4 0.467506; update 0.046072; board preparation 0.000497; postflop 2.133041; evaluation 0.000000
Iteration 1530: wall 3.157197s; reaches 0.069559; t2 0.149366; t3 0.300246; k4 0.467754; update 0.049510; board preparation 0.000606; postflop 2.097496; evaluation 0.000000
Iteration 1540: wall 3.189447s; reaches 0.065973; t2 0.156829; t3 0.284214; k4 0.476380; update 0.049726; board preparation 0.000649; postflop 2.132783; evaluation 0.000000
Iteration 1550: wall 3.162827s; reaches 0.066654; t2 0.144182; t3 0.289791; k4 0.460865; update 0.047005; board preparation 0.000510; postflop 2.132201; evaluation 0.000000
Iteration 1560: wall 3.158429s; reaches 0.065324; t2 0.151881; t3 0.287199; k4 0.466395; update 0.047103; board preparation 0.000526; postflop 2.117563; evaluation 0.000000
Iteration 1570: wall 3.189671s; reaches 0.071140; t2 0.162670; t3 0.295984; k4 0.465099; update 0.049527; board preparation 0.000545; postflop 2.121824; evaluation 0.000000
Iteration 1580: wall 3.139492s; reaches 0.068096; t2 0.145667; t3 0.297254; k4 0.461652; update 0.046261; board preparation 0.000565; postflop 2.098945; evaluation 0.000000
Iteration 1590: wall 3.076679s; reaches 0.066097; t2 0.146408; t3 0.286363; k4 0.458722; update 0.047386; board preparation 0.000555; postflop 2.049564; evaluation 0.000000
Iteration 1600: wall 3.162304s; reaches 0.068830; t2 0.146388; t3 0.288206; k4 0.473766; update 0.047451; board preparation 0.000555; postflop 2.114831; evaluation 0.000000
Iteration 1610: wall 3.153218s; reaches 0.066941; t2 0.157017; t3 0.293100; k4 0.464934; update 0.045643; board preparation 0.000554; postflop 2.102380; evaluation 0.000000
Iteration 1620: wall 3.214918s; reaches 0.066360; t2 0.149036; t3 0.308876; k4 0.476687; update 0.047377; board preparation 0.000572; postflop 2.143939; evaluation 0.000000
Iteration 1630: wall 3.209669s; reaches 0.067295; t2 0.146072; t3 0.301623; k4 0.465702; update 0.045656; board preparation 0.000505; postflop 2.160479; evaluation 0.000000
Iteration 1640: wall 3.159137s; reaches 0.071531; t2 0.149395; t3 0.293634; k4 0.479645; update 0.046366; board preparation 0.000544; postflop 2.095459; evaluation 0.000000
Iteration 1650: wall 3.150951s; reaches 0.063929; t2 0.154361; t3 0.285600; k4 0.472087; update 0.045443; board preparation 0.000728; postflop 2.107562; evaluation 0.000000
Iteration 1660: wall 3.175616s; reaches 0.064200; t2 0.152156; t3 0.290157; k4 0.467938; update 0.045232; board preparation 0.000564; postflop 2.132222; evaluation 0.000000
Iteration 1670: wall 3.216832s; reaches 0.066853; t2 0.156389; t3 0.296188; k4 0.480379; update 0.045226; board preparation 0.000579; postflop 2.147448; evaluation 0.000000
Iteration 1680: wall 3.140963s; reaches 0.064104; t2 0.143848; t3 0.285036; k4 0.467140; update 0.044543; board preparation 0.000521; postflop 2.115020; evaluation 0.000000
Iteration 1690: wall 3.137792s; reaches 0.066452; t2 0.155514; t3 0.290688; k4 0.478955; update 0.044471; board preparation 0.000545; postflop 2.077586; evaluation 0.000000
Iteration 1700: wall 3.160028s; reaches 0.074002; t2 0.154271; t3 0.290334; k4 0.482130; update 0.045799; board preparation 0.000571; postflop 2.089944; evaluation 0.000000
Iteration 1710: wall 3.161342s; reaches 0.065830; t2 0.151868; t3 0.289344; k4 0.477539; update 0.044992; board preparation 0.000592; postflop 2.108555; evaluation 0.000000
Iteration 1720: wall 3.228962s; reaches 0.068550; t2 0.157734; t3 0.306207; k4 0.492924; update 0.046286; board preparation 0.000568; postflop 2.135242; evaluation 0.000000
Iteration 1730: wall 3.163905s; reaches 0.068372; t2 0.144623; t3 0.295526; k4 0.472272; update 0.046067; board preparation 0.000513; postflop 2.114655; evaluation 0.000000
Iteration 1740: wall 3.264576s; reaches 0.065369; t2 0.149902; t3 0.318105; k4 0.483432; update 0.044522; board preparation 0.000548; postflop 2.181766; evaluation 0.000000
Iteration 1750: wall 145.412528s; reaches 0.069309; t2 0.147243; t3 0.283918; k4 0.470768; update 0.048592; board preparation 0.000612; postflop 2.147512; evaluation 142.169362
Checkpoint 1750: NashConv 0.011567063843; held -0.015023564890; auxiliary 20.836090733084; auxiliary held 20.831940352887; gains [0.001785043645734119, 0.00198883972485836, 0.002961653404622955, 0.0016547522910107942, 0.0016235401877927325, 0.0015532345894076482]; held gains [-0.0023199585203303452, -0.001329873395213288, -0.00305845015618722, -0.0014913671140920487, -0.0025979838816508616, -0.004225931822083265]; auxiliary gains [3.1990400521782085, 3.5727701477211244, 3.3134549357751135, 3.641542156206088, 3.5677235845329522, 3.5415598566709914]; auxiliary held gains [3.1989029021574815, 3.5726842820704943, 3.310032166742669, 3.641334430390807, 3.567509323883691, 3.5414772476420593]; evaluation 142.169362s
Iteration 1760: wall 3.179121s; reaches 0.065738; t2 0.144330; t3 0.285355; k4 0.480104; update 0.046430; board preparation 0.000588; postflop 2.134717; evaluation 0.000000
Iteration 1770: wall 3.163467s; reaches 0.066188; t2 0.147193; t3 0.294267; k4 0.460566; update 0.043940; board preparation 0.000639; postflop 2.129284; evaluation 0.000000
Iteration 1780: wall 3.154365s; reaches 0.065355; t2 0.146683; t3 0.289958; k4 0.451144; update 0.045391; board preparation 0.000568; postflop 2.132851; evaluation 0.000000
Iteration 1790: wall 3.205252s; reaches 0.066755; t2 0.141700; t3 0.296884; k4 0.468251; update 0.048270; board preparation 0.000551; postflop 2.161919; evaluation 0.000000
Iteration 1800: wall 3.209285s; reaches 0.065651; t2 0.158660; t3 0.280227; k4 0.490067; update 0.047314; board preparation 0.000552; postflop 2.143300; evaluation 0.000000
Iteration 1810: wall 3.201468s; reaches 0.067822; t2 0.145785; t3 0.293464; k4 0.481764; update 0.045092; board preparation 0.000429; postflop 2.144598; evaluation 0.000000
Iteration 1820: wall 3.172055s; reaches 0.065444; t2 0.147438; t3 0.294797; k4 0.485433; update 0.045210; board preparation 0.000568; postflop 2.111915; evaluation 0.000000
Iteration 1830: wall 3.147323s; reaches 0.064983; t2 0.148103; t3 0.280854; k4 0.468010; update 0.051745; board preparation 0.000572; postflop 2.111230; evaluation 0.000000
Iteration 1840: wall 3.171185s; reaches 0.062920; t2 0.149273; t3 0.287974; k4 0.475482; update 0.044155; board preparation 0.000488; postflop 2.129708; evaluation 0.000000
Iteration 1850: wall 3.271049s; reaches 0.066836; t2 0.166200; t3 0.299722; k4 0.477025; update 0.047462; board preparation 0.000579; postflop 2.188471; evaluation 0.000000
Iteration 1860: wall 3.145027s; reaches 0.065544; t2 0.149466; t3 0.289769; k4 0.464755; update 0.050471; board preparation 0.000530; postflop 2.099099; evaluation 0.000000
Iteration 1870: wall 3.145532s; reaches 0.061893; t2 0.151119; t3 0.295783; k4 0.458647; update 0.043661; board preparation 0.000532; postflop 2.112240; evaluation 0.000000
Iteration 1880: wall 3.126035s; reaches 0.070839; t2 0.146313; t3 0.284576; k4 0.452799; update 0.045408; board preparation 0.000720; postflop 2.102463; evaluation 0.000000
Iteration 1890: wall 3.094437s; reaches 0.064463; t2 0.147807; t3 0.280910; k4 0.442978; update 0.047002; board preparation 0.000606; postflop 2.088259; evaluation 0.000000
Iteration 1900: wall 3.079764s; reaches 0.064894; t2 0.144618; t3 0.281869; k4 0.438097; update 0.045324; board preparation 0.000571; postflop 2.082274; evaluation 0.000000
Iteration 1910: wall 3.111945s; reaches 0.064057; t2 0.147829; t3 0.282720; k4 0.449683; update 0.045470; board preparation 0.000396; postflop 2.098444; evaluation 0.000000
Iteration 1920: wall 3.070401s; reaches 0.067107; t2 0.148963; t3 0.282189; k4 0.444567; update 0.043416; board preparation 0.000593; postflop 2.061389; evaluation 0.000000
Iteration 1930: wall 3.116479s; reaches 0.068534; t2 0.148800; t3 0.285731; k4 0.458326; update 0.049139; board preparation 0.000568; postflop 2.083887; evaluation 0.000000
Iteration 1940: wall 3.144228s; reaches 0.068513; t2 0.146881; t3 0.286074; k4 0.461245; update 0.049411; board preparation 0.000510; postflop 2.107940; evaluation 0.000000
Iteration 1950: wall 3.213695s; reaches 0.069191; t2 0.157971; t3 0.299209; k4 0.476236; update 0.047175; board preparation 0.000521; postflop 2.139193; evaluation 0.000000
Iteration 1960: wall 3.096655s; reaches 0.062692; t2 0.161456; t3 0.288137; k4 0.460578; update 0.045638; board preparation 0.000568; postflop 2.051280; evaluation 0.000000
Iteration 1970: wall 3.215552s; reaches 0.066836; t2 0.155593; t3 0.289129; k4 0.478529; update 0.054735; board preparation 0.000563; postflop 2.144029; evaluation 0.000000
Iteration 1980: wall 3.341493s; reaches 0.072331; t2 0.187191; t3 0.299881; k4 0.514161; update 0.058075; board preparation 0.000608; postflop 2.185004; evaluation 0.000000
Iteration 1990: wall 3.246816s; reaches 0.069729; t2 0.150372; t3 0.315479; k4 0.492156; update 0.046575; board preparation 0.000588; postflop 2.150832; evaluation 0.000000
Iteration 2000: wall 155.509087s; reaches 0.072412; t2 0.152111; t3 0.295480; k4 0.499549; update 0.049376; board preparation 0.000583; postflop 2.162893; evaluation 152.201070
Checkpoint 2000: NashConv 0.011136321031; held -0.015935509591; auxiliary 20.927482101408; auxiliary held 20.923031823935; gains [0.0016904417560420493, 0.0019452700606626405, 0.0027014132662809276, 0.0016935854394874994, 0.001593734883761494, 0.0015118756243240605]; held gains [-0.002904494711059108, -0.0018086226607007816, -0.0029615457536392165, -0.00135510689694264, -0.0026879347329463454, -0.00421780483550617]; auxiliary gains [3.2344991735676003, 3.574797100004996, 3.3185652257582428, 3.637115807075377, 3.5995140209876433, 3.562990774014292]; auxiliary held gains [3.234348275290224, 3.574658127208334, 3.3148812637899723, 3.6369216401265243, 3.5993057590323807, 3.562916758487191]; evaluation 152.201070s
Iterations: 2000; reached target: false; solve phases Timings { trunk: SolveTimings { reaches: 148.50175080000014, t2: 332.53434859999953, t3: 653.7891767000019, k4: 1177.2069264999955, update: 102.98905430000059, evaluation: 1375.6013735 }, board_preparation: 1.2768539000000003, postflop: 4706.2364889000055, evaluation_board_preparation: 0.0113322 }
