Tree: 5466 decisions, 6131 terminals (0.111s)
Tables: 0.159s; model: 0.004s
L1: 186 leaves; 8052 postflop decisions; 555648 slots; 8890368 storage bytes
Checkpoint 0: NashConv 16.262811905726; held 16.262811024522; auxiliary 16.642617708082; auxiliary held 16.642596890492; gains [2.524733619903827, 2.414753740293347, 2.449939474590204, 3.152253650059986, 2.9963973578714374, 2.7247340630072427]; held gains [2.5247336199038277, 2.414753326742705, 2.4499390069367997, 3.1522536500599836, 2.996397357871438, 2.7247340630072414]; auxiliary gains [2.573776366323257, 2.526917846510918, 2.5367468986034054, 3.1893392244444914, 3.041708893118236, 2.774128479081597]; auxiliary held gains [2.5737688745479077, 2.5269153280984584, 2.5367435614141653, 3.1893373399521447, 3.0417065384458173, 2.774125248033868]; evaluation 109.794204s
Iteration 10: wall 3.053908s; reaches 0.080075; t2 0.172416; t3 0.635347; k4 0.758635; update 0.050090; board preparation 0.000685; postflop 1.202876; evaluation 0.000000
Iteration 20: wall 2.590332s; reaches 0.058018; t2 0.145073; t3 0.507236; k4 0.620586; update 0.040651; board preparation 0.000549; postflop 1.100700; evaluation 0.000000
Iteration 30: wall 2.700545s; reaches 0.059042; t2 0.149356; t3 0.500342; k4 0.699531; update 0.037695; board preparation 0.000620; postflop 1.128565; evaluation 0.000000
Iteration 40: wall 2.622178s; reaches 0.059493; t2 0.147012; t3 0.424948; k4 0.643801; update 0.038091; board preparation 0.000623; postflop 1.173370; evaluation 0.000000
Iteration 50: wall 2.532541s; reaches 0.061329; t2 0.146028; t3 0.427160; k4 0.578553; update 0.042848; board preparation 0.000642; postflop 1.141288; evaluation 0.000000
Iteration 60: wall 2.529353s; reaches 0.063815; t2 0.141060; t3 0.416029; k4 0.564371; update 0.047347; board preparation 0.000537; postflop 1.161130; evaluation 0.000000
Iteration 70: wall 2.527352s; reaches 0.070213; t2 0.156544; t3 0.399544; k4 0.539251; update 0.047339; board preparation 0.000521; postflop 1.168779; evaluation 0.000000
Iteration 80: wall 2.529312s; reaches 0.071447; t2 0.148426; t3 0.401527; k4 0.522377; update 0.041312; board preparation 0.000633; postflop 1.208421; evaluation 0.000000
Iteration 90: wall 2.312027s; reaches 0.060594; t2 0.150226; t3 0.374436; k4 0.470407; update 0.038427; board preparation 0.000513; postflop 1.099705; evaluation 0.000000
Iteration 100: wall 2.336302s; reaches 0.063814; t2 0.139198; t3 0.372098; k4 0.479873; update 0.048621; board preparation 0.000663; postflop 1.110656; evaluation 0.000000
Iteration 110: wall 2.455621s; reaches 0.067061; t2 0.167062; t3 0.408422; k4 0.490782; update 0.043948; board preparation 0.000685; postflop 1.139678; evaluation 0.000000
Iteration 120: wall 2.299683s; reaches 0.059992; t2 0.139185; t3 0.381555; k4 0.462959; update 0.043536; board preparation 0.000636; postflop 1.091412; evaluation 0.000000
Iteration 130: wall 2.260715s; reaches 0.060501; t2 0.151997; t3 0.380459; k4 0.465008; update 0.042657; board preparation 0.000615; postflop 1.031498; evaluation 0.000000
Iteration 140: wall 2.289523s; reaches 0.059457; t2 0.138483; t3 0.376273; k4 0.473472; update 0.037766; board preparation 0.000524; postflop 1.079094; evaluation 0.000000
Iteration 150: wall 2.244465s; reaches 0.058989; t2 0.140956; t3 0.386773; k4 0.461839; update 0.037323; board preparation 0.000588; postflop 1.027396; evaluation 0.000000
Iteration 160: wall 2.362838s; reaches 0.061917; t2 0.140492; t3 0.396731; k4 0.469408; update 0.039153; board preparation 0.000559; postflop 1.101546; evaluation 0.000000
Iteration 170: wall 2.490670s; reaches 0.062718; t2 0.156307; t3 0.443746; k4 0.499013; update 0.043261; board preparation 0.000590; postflop 1.107565; evaluation 0.000000
Iteration 180: wall 2.334660s; reaches 0.067193; t2 0.149256; t3 0.386956; k4 0.491996; update 0.048240; board preparation 0.001454; postflop 1.041231; evaluation 0.000000
Iteration 190: wall 2.404546s; reaches 0.065977; t2 0.148934; t3 0.389363; k4 0.514166; update 0.044786; board preparation 0.000575; postflop 1.098969; evaluation 0.000000
Iteration 200: wall 2.348492s; reaches 0.060884; t2 0.150728; t3 0.382807; k4 0.490038; update 0.038810; board preparation 0.000571; postflop 1.085872; evaluation 0.000000
Iteration 210: wall 2.242843s; reaches 0.060380; t2 0.143542; t3 0.370668; k4 0.453164; update 0.038551; board preparation 0.000632; postflop 1.041252; evaluation 0.000000
Iteration 220: wall 2.247815s; reaches 0.060990; t2 0.142422; t3 0.369967; k4 0.448027; update 0.041281; board preparation 0.000599; postflop 1.044718; evaluation 0.000000
Iteration 230: wall 2.372030s; reaches 0.068436; t2 0.168326; t3 0.388964; k4 0.508202; update 0.050774; board preparation 0.000816; postflop 1.027843; evaluation 0.000000
Iteration 240: wall 2.470275s; reaches 0.076740; t2 0.169165; t3 0.413455; k4 0.517130; update 0.053217; board preparation 0.000565; postflop 1.079466; evaluation 0.000000
Iteration 250: wall 110.469110s; reaches 0.060304; t2 0.135007; t3 0.400273; k4 0.463855; update 0.038572; board preparation 0.000588; postflop 1.042965; evaluation 108.142878
Checkpoint 250: NashConv 0.005988354163; held 0.000323888561; auxiliary 1.726475204730; auxiliary held 1.725928373591; gains [0.0005565170222752991, 0.0006569452672066378, 0.0035088152564504704, 0.0002847857849382074, 0.0004266126463272346, 0.0005546781854415539]; held gains [0.00025606978270402425, -0.0002555867739401224, -0.0006146975790603804, 0.0001640932872111131, 0.0003830603039884223, 0.0003909495396204471]; auxiliary gains [0.06928679148970093, 0.2868609212380542, 1.029367401750163, 0.13804667325607717, 0.10384114825465934, 0.09907226874129235]; auxiliary held gains [0.06921782711782552, 0.286807150293811, 1.0293615555877769, 0.13779872131446178, 0.10377021334694433, 0.09897290593064548]; evaluation 108.142878s
Iteration 260: wall 2.564738s; reaches 0.071081; t2 0.185582; t3 0.410484; k4 0.526001; update 0.058068; board preparation 0.000600; postflop 1.132522; evaluation 0.000000
Iteration 270: wall 2.842437s; reaches 0.084630; t2 0.213222; t3 0.423652; k4 0.590910; update 0.070844; board preparation 0.000771; postflop 1.254424; evaluation 0.000000
Iteration 280: wall 2.652820s; reaches 0.086065; t2 0.206887; t3 0.450687; k4 0.498724; update 0.062262; board preparation 0.000803; postflop 1.169123; evaluation 0.000000
Iteration 290: wall 2.124985s; reaches 0.066157; t2 0.154984; t3 0.392776; k4 0.291054; update 0.044262; board preparation 0.000557; postflop 1.013596; evaluation 0.000000
Iteration 300: wall 2.726031s; reaches 0.085406; t2 0.256386; t3 0.447503; k4 0.380329; update 0.072683; board preparation 0.000959; postflop 1.264904; evaluation 0.000000
Iteration 310: wall 3.151054s; reaches 0.097182; t2 0.251153; t3 0.502335; k4 0.635353; update 0.079118; board preparation 0.000748; postflop 1.359579; evaluation 0.000000
Iteration 320: wall 2.816946s; reaches 0.091022; t2 0.244907; t3 0.519283; k4 0.411365; update 0.072643; board preparation 0.001177; postflop 1.240589; evaluation 0.000000
Iteration 330: wall 3.090086s; reaches 0.114289; t2 0.280332; t3 0.561717; k4 0.420683; update 0.080059; board preparation 0.001137; postflop 1.387985; evaluation 0.000000
Iteration 340: wall 2.653586s; reaches 0.087438; t2 0.239867; t3 0.446140; k4 0.397044; update 0.073708; board preparation 0.001093; postflop 1.199160; evaluation 0.000000
Iteration 350: wall 2.201339s; reaches 0.068064; t2 0.155270; t3 0.397912; k4 0.309364; update 0.052399; board preparation 0.000833; postflop 1.054086; evaluation 0.000000
Iteration 360: wall 2.136041s; reaches 0.067095; t2 0.150191; t3 0.370311; k4 0.323000; update 0.050498; board preparation 0.000580; postflop 1.023967; evaluation 0.000000
Iteration 370: wall 2.529749s; reaches 0.089906; t2 0.254694; t3 0.389032; k4 0.369340; update 0.068673; board preparation 0.000653; postflop 1.152400; evaluation 0.000000
Iteration 380: wall 2.411262s; reaches 0.089932; t2 0.197592; t3 0.401305; k4 0.361499; update 0.056033; board preparation 0.000586; postflop 1.133194; evaluation 0.000000
Iteration 390: wall 2.255351s; reaches 0.076316; t2 0.177809; t3 0.375563; k4 0.326577; update 0.070923; board preparation 0.000634; postflop 1.070236; evaluation 0.000000
Iteration 400: wall 2.269300s; reaches 0.072789; t2 0.179637; t3 0.388701; k4 0.324502; update 0.053095; board preparation 0.000642; postflop 1.072786; evaluation 0.000000
Iteration 410: wall 2.119612s; reaches 0.070905; t2 0.154633; t3 0.387963; k4 0.265304; update 0.050215; board preparation 0.000566; postflop 1.040640; evaluation 0.000000
Iteration 420: wall 2.262044s; reaches 0.076583; t2 0.150019; t3 0.398912; k4 0.315768; update 0.059410; board preparation 0.000670; postflop 1.122007; evaluation 0.000000
Iteration 430: wall 1.952122s; reaches 0.068171; t2 0.151800; t3 0.357863; k4 0.254081; update 0.051269; board preparation 0.000607; postflop 0.937243; evaluation 0.000000
Iteration 440: wall 1.997235s; reaches 0.060763; t2 0.138834; t3 0.363399; k4 0.272989; update 0.040817; board preparation 0.000573; postflop 0.981879; evaluation 0.000000
Iteration 450: wall 2.211249s; reaches 0.070560; t2 0.166924; t3 0.396671; k4 0.297484; update 0.046642; board preparation 0.000668; postflop 1.087690; evaluation 0.000000
Iteration 460: wall 2.050851s; reaches 0.067645; t2 0.144020; t3 0.379023; k4 0.289504; update 0.044306; board preparation 0.000595; postflop 0.992290; evaluation 0.000000
Iteration 470: wall 3.680389s; reaches 0.406349; t2 0.190491; t3 0.634495; k4 0.720412; update 0.049332; board preparation 0.000620; postflop 1.541389; evaluation 0.000000
Iteration 480: wall 2.198254s; reaches 0.065002; t2 0.159926; t3 0.369060; k4 0.286927; update 0.045429; board preparation 0.001084; postflop 1.133689; evaluation 0.000000
Iteration 490: wall 1.998857s; reaches 0.062954; t2 0.159246; t3 0.360019; k4 0.260013; update 0.041791; board preparation 0.000528; postflop 0.976577; evaluation 0.000000
Iteration 500: wall 103.527633s; reaches 0.061292; t2 0.136950; t3 0.356941; k4 0.248997; update 0.038105; board preparation 0.000545; postflop 0.932600; evaluation 101.569982
Checkpoint 500: NashConv 0.004247559505; held -0.002356158831; auxiliary 1.746058832077; auxiliary held 1.745451278028; gains [0.0004538491839950476, 0.000443334487634256, 0.0027888695201595537, 0.00012460605673605962, 0.00018215687819220228, 0.00025474337808770176]; held gains [9.99355199622215e-5, -0.0005571672105705999, -0.0021827211810551417, -6.796220514904833e-5, 0.0001532783211092431, 0.00019847792508488615]; auxiliary gains [0.07530016226340866, 0.29161487520537493, 1.0657612187303946, 0.14356573542044784, 0.07976640466415871, 0.09005043579357613]; auxiliary held gains [0.07519299818112876, 0.2915826568631397, 1.0657555614227099, 0.1432377263737002, 0.0796485677265404, 0.090033767460564]; evaluation 101.569982s
Iteration 510: wall 1.951490s; reaches 0.061172; t2 0.140784; t3 0.352468; k4 0.260979; update 0.040917; board preparation 0.000553; postflop 0.960586; evaluation 0.000000
Iteration 520: wall 1.857474s; reaches 0.061851; t2 0.135534; t3 0.342777; k4 0.245288; update 0.039186; board preparation 0.001091; postflop 0.910274; evaluation 0.000000
Iteration 530: wall 2.125011s; reaches 0.060883; t2 0.149639; t3 0.364330; k4 0.378100; update 0.039557; board preparation 0.000559; postflop 0.991899; evaluation 0.000000
Iteration 540: wall 1.893339s; reaches 0.058563; t2 0.141844; t3 0.347029; k4 0.251389; update 0.038887; board preparation 0.000648; postflop 0.932883; evaluation 0.000000
Iteration 550: wall 2.015350s; reaches 0.065395; t2 0.150817; t3 0.374262; k4 0.283540; update 0.044633; board preparation 0.000624; postflop 0.960945; evaluation 0.000000
Iteration 560: wall 2.073812s; reaches 0.068965; t2 0.152902; t3 0.370171; k4 0.290124; update 0.057012; board preparation 0.000634; postflop 0.983982; evaluation 0.000000
Iteration 570: wall 1.954269s; reaches 0.062001; t2 0.140475; t3 0.357687; k4 0.254075; update 0.042177; board preparation 0.000610; postflop 0.962879; evaluation 0.000000
Iteration 580: wall 1.912943s; reaches 0.065067; t2 0.139108; t3 0.355158; k4 0.248036; update 0.040620; board preparation 0.000640; postflop 0.931859; evaluation 0.000000
Iteration 590: wall 1.898435s; reaches 0.062131; t2 0.141065; t3 0.359385; k4 0.239179; update 0.047143; board preparation 0.000636; postflop 0.911319; evaluation 0.000000
Iteration 600: wall 1.926357s; reaches 0.060167; t2 0.147315; t3 0.352600; k4 0.239058; update 0.039985; board preparation 0.000703; postflop 0.948393; evaluation 0.000000
Iteration 610: wall 1.981229s; reaches 0.067069; t2 0.142685; t3 0.372374; k4 0.277344; update 0.041436; board preparation 0.000598; postflop 0.939511; evaluation 0.000000
Iteration 620: wall 2.131301s; reaches 0.063058; t2 0.140021; t3 0.382245; k4 0.384522; update 0.042424; board preparation 0.000614; postflop 0.983081; evaluation 0.000000
Iteration 630: wall 1.896879s; reaches 0.059637; t2 0.140517; t3 0.356587; k4 0.237421; update 0.040512; board preparation 0.000668; postflop 0.935845; evaluation 0.000000
Iteration 640: wall 1.966551s; reaches 0.064360; t2 0.168793; t3 0.353285; k4 0.252296; update 0.046408; board preparation 0.000603; postflop 0.927124; evaluation 0.000000
Iteration 650: wall 1.873918s; reaches 0.059666; t2 0.136286; t3 0.359202; k4 0.250733; update 0.040360; board preparation 0.000577; postflop 0.899709; evaluation 0.000000
Iteration 660: wall 2.012787s; reaches 0.063863; t2 0.172888; t3 0.350685; k4 0.265365; update 0.048079; board preparation 0.000536; postflop 0.958778; evaluation 0.000000
Iteration 670: wall 1.891241s; reaches 0.058544; t2 0.130767; t3 0.351500; k4 0.255006; update 0.038208; board preparation 0.000585; postflop 0.937161; evaluation 0.000000
Iteration 680: wall 1.876514s; reaches 0.060390; t2 0.152126; t3 0.351162; k4 0.226621; update 0.043314; board preparation 0.000567; postflop 0.914735; evaluation 0.000000
Iteration 690: wall 2.097837s; reaches 0.060537; t2 0.138896; t3 0.367612; k4 0.393564; update 0.038614; board preparation 0.000628; postflop 0.963720; evaluation 0.000000
Iteration 700: wall 1.899746s; reaches 0.060176; t2 0.146534; t3 0.343337; k4 0.255000; update 0.038907; board preparation 0.000586; postflop 0.919871; evaluation 0.000000
Iteration 710: wall 1.938926s; reaches 0.066332; t2 0.147183; t3 0.364171; k4 0.274373; update 0.045034; board preparation 0.000664; postflop 0.903235; evaluation 0.000000
Iteration 720: wall 1.924098s; reaches 0.060052; t2 0.139654; t3 0.363551; k4 0.258016; update 0.039248; board preparation 0.000588; postflop 0.936314; evaluation 0.000000
Iteration 730: wall 1.928166s; reaches 0.063800; t2 0.138314; t3 0.351684; k4 0.255865; update 0.042354; board preparation 0.000622; postflop 0.942115; evaluation 0.000000
Iteration 740: wall 1.932095s; reaches 0.060613; t2 0.134572; t3 0.360603; k4 0.272205; update 0.038922; board preparation 0.000564; postflop 0.936808; evaluation 0.000000
Iteration 750: wall 102.754874s; reaches 0.063867; t2 0.144886; t3 0.366096; k4 0.264961; update 0.049550; board preparation 0.000551; postflop 0.950388; evaluation 100.752270
Checkpoint 750: NashConv 0.003813042198; held -0.002599263761; auxiliary 1.753813797208; auxiliary held 1.753275267865; gains [0.0003710790893194371, 0.0004084513988902583, 0.002624055111502932, 0.00010757343620262927, 0.00012528402331629662, 0.00017659913867668076]; held gains [7.033072351643466e-5, -0.0006185882025478706, -0.0021280739955605865, -6.050050074441621e-5, 8.400262376183354e-5, 5.356559091183877e-5]; auxiliary gains [0.07756488316522994, 0.3012701499193448, 1.0801963677724429, 0.14236145875165596, 0.06929444656743111, 0.08312649103144445]; auxiliary held gains [0.07745400663993317, 0.3012263555587742, 1.0801917705164996, 0.1421321714739071, 0.06921973516461072, 0.08305122851093195]; evaluation 100.752269s
Iteration 760: wall 1.984326s; reaches 0.063734; t2 0.137710; t3 0.350932; k4 0.294251; update 0.040776; board preparation 0.000843; postflop 0.966317; evaluation 0.000000
Iteration 770: wall 1.979453s; reaches 0.062380; t2 0.145666; t3 0.349433; k4 0.287551; update 0.041055; board preparation 0.000604; postflop 0.950964; evaluation 0.000000
Iteration 780: wall 1.968878s; reaches 0.061262; t2 0.144554; t3 0.352039; k4 0.287856; update 0.040551; board preparation 0.000581; postflop 0.942325; evaluation 0.000000
Iteration 790: wall 1.940690s; reaches 0.057944; t2 0.140568; t3 0.350607; k4 0.284342; update 0.040470; board preparation 0.000609; postflop 0.932373; evaluation 0.000000
Iteration 800: wall 1.945197s; reaches 0.060044; t2 0.138495; t3 0.354935; k4 0.280121; update 0.038987; board preparation 0.000720; postflop 0.939863; evaluation 0.000000
Iteration 810: wall 1.947812s; reaches 0.061699; t2 0.141297; t3 0.347620; k4 0.277684; update 0.040133; board preparation 0.000759; postflop 0.951360; evaluation 0.000000
Iteration 820: wall 1.973123s; reaches 0.065309; t2 0.137971; t3 0.361293; k4 0.286417; update 0.042200; board preparation 0.000632; postflop 0.939583; evaluation 0.000000
Iteration 830: wall 1.992922s; reaches 0.057182; t2 0.147511; t3 0.359373; k4 0.274340; update 0.037385; board preparation 0.000580; postflop 0.979157; evaluation 0.000000
Iteration 840: wall 1.920313s; reaches 0.060249; t2 0.134370; t3 0.366319; k4 0.253236; update 0.042627; board preparation 0.000595; postflop 0.935250; evaluation 0.000000
Iteration 850: wall 1.884949s; reaches 0.062154; t2 0.137822; t3 0.352781; k4 0.248992; update 0.041369; board preparation 0.000611; postflop 0.900554; evaluation 0.000000
Iteration 860: wall 2.130422s; reaches 0.077813; t2 0.231346; t3 0.363603; k4 0.278608; update 0.070544; board preparation 0.000559; postflop 0.917700; evaluation 0.000000
Iteration 870: wall 2.009447s; reaches 0.065968; t2 0.155306; t3 0.371957; k4 0.279382; update 0.045795; board preparation 0.000604; postflop 0.948713; evaluation 0.000000
Iteration 880: wall 1.904308s; reaches 0.059880; t2 0.130593; t3 0.365120; k4 0.254408; update 0.043411; board preparation 0.000579; postflop 0.919572; evaluation 0.000000
Iteration 890: wall 1.917668s; reaches 0.063432; t2 0.139648; t3 0.351037; k4 0.245946; update 0.038737; board preparation 0.000702; postflop 0.943479; evaluation 0.000000
Iteration 900: wall 1.931943s; reaches 0.062703; t2 0.140955; t3 0.367152; k4 0.258321; update 0.040672; board preparation 0.000974; postflop 0.929279; evaluation 0.000000
Iteration 910: wall 1.895779s; reaches 0.060792; t2 0.144579; t3 0.352533; k4 0.267142; update 0.040374; board preparation 0.000628; postflop 0.891338; evaluation 0.000000
Iteration 920: wall 1.908844s; reaches 0.061606; t2 0.139053; t3 0.348182; k4 0.259404; update 0.041694; board preparation 0.000550; postflop 0.926890; evaluation 0.000000
Iteration 930: wall 1.942830s; reaches 0.060145; t2 0.149011; t3 0.351083; k4 0.271383; update 0.039454; board preparation 0.000509; postflop 0.939324; evaluation 0.000000
Iteration 940: wall 1.912610s; reaches 0.063597; t2 0.138949; t3 0.358620; k4 0.269575; update 0.042184; board preparation 0.000657; postflop 0.913198; evaluation 0.000000
Iteration 950: wall 1.910670s; reaches 0.060705; t2 0.133964; t3 0.347796; k4 0.263392; update 0.042225; board preparation 0.000552; postflop 0.941922; evaluation 0.000000
Iteration 960: wall 1.867178s; reaches 0.062938; t2 0.142730; t3 0.349422; k4 0.241252; update 0.037103; board preparation 0.000613; postflop 0.901763; evaluation 0.000000
Iteration 970: wall 1.837821s; reaches 0.059032; t2 0.139068; t3 0.340062; k4 0.241709; update 0.037879; board preparation 0.000586; postflop 0.897611; evaluation 0.000000
Iteration 980: wall 1.886444s; reaches 0.068300; t2 0.147310; t3 0.361271; k4 0.228986; update 0.041126; board preparation 0.000638; postflop 0.897901; evaluation 0.000000
Iteration 990: wall 1.842538s; reaches 0.058770; t2 0.136048; t3 0.339090; k4 0.232000; update 0.039118; board preparation 0.000633; postflop 0.910389; evaluation 0.000000
Iteration 1000: wall 110.494467s; reaches 0.058271; t2 0.136227; t3 0.361203; k4 0.238239; update 0.042529; board preparation 0.000746; postflop 0.963908; evaluation 108.519348
Checkpoint 1000: NashConv 0.003751281869; held -0.003153627858; auxiliary 1.760387170944; auxiliary held 1.759939912956; gains [0.000384358516685529, 0.0004325621636368515, 0.0026180151654232042, 8.932984918889886e-5, 9.313770815791433e-5, 0.00013387846572238127]; held gains [2.844766889835426e-5, -0.0007178737043187916, -0.002449430154300436, -8.201995255693179e-5, 6.529553027989632e-5, 1.952754027395587e-6]; auxiliary gains [0.07754288145142219, 0.3050295200651698, 1.0938737661117908, 0.13909791609080563, 0.06675507577786746, 0.07808801144732028]; auxiliary held gains [0.0775123257792138, 0.3049958343840261, 1.093867743021113, 0.1389185630182911, 0.06663146208296859, 0.07801398467022307]; evaluation 108.519348s
Iteration 1010: wall 1.932462s; reaches 0.057716; t2 0.136085; t3 0.349139; k4 0.264294; update 0.042047; board preparation 0.000536; postflop 0.949993; evaluation 0.000000
Iteration 1020: wall 1.952728s; reaches 0.061292; t2 0.137332; t3 0.359586; k4 0.268725; update 0.040176; board preparation 0.000707; postflop 0.952912; evaluation 0.000000
Iteration 1030: wall 1.940539s; reaches 0.060753; t2 0.144504; t3 0.359354; k4 0.272067; update 0.039380; board preparation 0.000582; postflop 0.939844; evaluation 0.000000
Iteration 1040: wall 1.873386s; reaches 0.057360; t2 0.136808; t3 0.349933; k4 0.251188; update 0.039006; board preparation 0.000682; postflop 0.910633; evaluation 0.000000
Iteration 1050: wall 2.052013s; reaches 0.063407; t2 0.136475; t3 0.370106; k4 0.371436; update 0.038520; board preparation 0.000605; postflop 0.943394; evaluation 0.000000
Iteration 1060: wall 2.382735s; reaches 0.073711; t2 0.235933; t3 0.384392; k4 0.441979; update 0.071240; board preparation 0.000607; postflop 0.975962; evaluation 0.000000
Iteration 1070: wall 2.357198s; reaches 0.074829; t2 0.230209; t3 0.386110; k4 0.500623; update 0.061460; board preparation 0.000604; postflop 0.932346; evaluation 0.000000
Iteration 1080: wall 2.051629s; reaches 0.072667; t2 0.198432; t3 0.349982; k4 0.295133; update 0.052508; board preparation 0.000604; postflop 0.932338; evaluation 0.000000
Iteration 1090: wall 2.100420s; reaches 0.074828; t2 0.200839; t3 0.366593; k4 0.299934; update 0.060435; board preparation 0.000600; postflop 0.925638; evaluation 0.000000
Iteration 1100: wall 2.141545s; reaches 0.067500; t2 0.212469; t3 0.367034; k4 0.284317; update 0.048731; board preparation 0.000668; postflop 0.951177; evaluation 0.000000
Iteration 1110: wall 2.053338s; reaches 0.072450; t2 0.205970; t3 0.347168; k4 0.297059; update 0.063477; board preparation 0.000586; postflop 0.925992; evaluation 0.000000
Iteration 1120: wall 2.098602s; reaches 0.078317; t2 0.202489; t3 0.356260; k4 0.303438; update 0.063075; board preparation 0.000875; postflop 0.923992; evaluation 0.000000
Iteration 1130: wall 2.240430s; reaches 0.070839; t2 0.264151; t3 0.376458; k4 0.313475; update 0.067995; board preparation 0.000603; postflop 0.932288; evaluation 0.000000
Iteration 1140: wall 2.091735s; reaches 0.076226; t2 0.192827; t3 0.355595; k4 0.295795; update 0.056971; board preparation 0.000601; postflop 0.959591; evaluation 0.000000
Iteration 1150: wall 2.058976s; reaches 0.066701; t2 0.143375; t3 0.377727; k4 0.293552; update 0.046484; board preparation 0.000742; postflop 0.992600; evaluation 0.000000
Iteration 1160: wall 1.950447s; reaches 0.064468; t2 0.133703; t3 0.355648; k4 0.271475; update 0.035821; board preparation 0.000585; postflop 0.958521; evaluation 0.000000
Iteration 1170: wall 1.931004s; reaches 0.057191; t2 0.140161; t3 0.358074; k4 0.262268; update 0.037991; board preparation 0.000612; postflop 0.950223; evaluation 0.000000
Iteration 1180: wall 1.983197s; reaches 0.062205; t2 0.145168; t3 0.357083; k4 0.265299; update 0.046135; board preparation 0.000607; postflop 0.967844; evaluation 0.000000
Iteration 1190: wall 2.004245s; reaches 0.062546; t2 0.152809; t3 0.362429; k4 0.277736; update 0.043672; board preparation 0.000597; postflop 0.961664; evaluation 0.000000
Iteration 1200: wall 1.989406s; reaches 0.059485; t2 0.148952; t3 0.373149; k4 0.270578; update 0.036126; board preparation 0.000656; postflop 0.961380; evaluation 0.000000
Iteration 1210: wall 1.955607s; reaches 0.064429; t2 0.147493; t3 0.365131; k4 0.265484; update 0.037862; board preparation 0.000575; postflop 0.951902; evaluation 0.000000
Iteration 1220: wall 1.924395s; reaches 0.058711; t2 0.136609; t3 0.358797; k4 0.259408; update 0.038384; board preparation 0.000576; postflop 0.946934; evaluation 0.000000
Iteration 1230: wall 1.999562s; reaches 0.063343; t2 0.132267; t3 0.375756; k4 0.286692; update 0.044954; board preparation 0.000652; postflop 0.964460; evaluation 0.000000
Iteration 1240: wall 2.097698s; reaches 0.061859; t2 0.139684; t3 0.380009; k4 0.360190; update 0.040701; board preparation 0.000599; postflop 0.983598; evaluation 0.000000
Iteration 1250: wall 104.558250s; reaches 0.060196; t2 0.136255; t3 0.354559; k4 0.266850; update 0.038946; board preparation 0.000556; postflop 0.948031; evaluation 102.582644
Checkpoint 1250: NashConv 0.003387942846; held -0.003565536457; auxiliary 1.765458669477; auxiliary held 1.765038003593; gains [0.00035548934510803987, 0.00026257521937028683, 0.0024569569852096462, 7.781548046204012e-5, 9.833025525016192e-5, 0.0001367755604481935]; held gains [6.028235715524466e-5, -0.0007477991535761036, -0.0028017208045208186, -9.52596925558255e-5, 4.1401654634051765e-5, -2.244081814560539e-5]; auxiliary gains [0.07913204115937456, 0.30792709230937654, 1.0977919868171802, 0.14032104258466202, 0.0633945586827748, 0.07689194792393109]; auxiliary held gains [0.07910249066515776, 0.30790455642297593, 1.0977872662129085, 0.14014659616293307, 0.06328499237027417, 0.07681210175907777]; evaluation 102.582644s
Iteration 1260: wall 1.917263s; reaches 0.055705; t2 0.145707; t3 0.351979; k4 0.259732; update 0.040692; board preparation 0.000617; postflop 0.935328; evaluation 0.000000
Iteration 1270: wall 2.117396s; reaches 0.061245; t2 0.137264; t3 0.373435; k4 0.391083; update 0.038802; board preparation 0.000692; postflop 0.985059; evaluation 0.000000
Iteration 1280: wall 2.103966s; reaches 0.063522; t2 0.135951; t3 0.369428; k4 0.380865; update 0.046983; board preparation 0.000926; postflop 0.970458; evaluation 0.000000
Iteration 1290: wall 2.148426s; reaches 0.060743; t2 0.137764; t3 0.396363; k4 0.381235; update 0.038566; board preparation 0.000558; postflop 1.000644; evaluation 0.000000
Iteration 1300: wall 1.990480s; reaches 0.064230; t2 0.146321; t3 0.365391; k4 0.267945; update 0.038951; board preparation 0.000730; postflop 0.973363; evaluation 0.000000
Iteration 1310: wall 2.001507s; reaches 0.062454; t2 0.138087; t3 0.366367; k4 0.268904; update 0.041749; board preparation 0.000703; postflop 0.989121; evaluation 0.000000
Iteration 1320: wall 1.993386s; reaches 0.058893; t2 0.152413; t3 0.362687; k4 0.264890; update 0.040601; board preparation 0.000599; postflop 0.976451; evaluation 0.000000
Iteration 1330: wall 1.960556s; reaches 0.060633; t2 0.132382; t3 0.360794; k4 0.262649; update 0.042525; board preparation 0.000589; postflop 0.976389; evaluation 0.000000
Iteration 1340: wall 1.930734s; reaches 0.060668; t2 0.147519; t3 0.360260; k4 0.262268; update 0.038143; board preparation 0.000634; postflop 0.934603; evaluation 0.000000
Iteration 1350: wall 1.963440s; reaches 0.060781; t2 0.144104; t3 0.365890; k4 0.266297; update 0.039531; board preparation 0.000699; postflop 0.965686; evaluation 0.000000
Iteration 1360: wall 2.002230s; reaches 0.061141; t2 0.146110; t3 0.372592; k4 0.276456; update 0.044098; board preparation 0.000951; postflop 0.958636; evaluation 0.000000
Iteration 1370: wall 2.043718s; reaches 0.063582; t2 0.145106; t3 0.373234; k4 0.280855; update 0.049650; board preparation 0.000645; postflop 0.986854; evaluation 0.000000
Iteration 1380: wall 1.986881s; reaches 0.058092; t2 0.144754; t3 0.359954; k4 0.261604; update 0.042219; board preparation 0.000607; postflop 0.979034; evaluation 0.000000
Iteration 1390: wall 2.008548s; reaches 0.064321; t2 0.142019; t3 0.373643; k4 0.270411; update 0.044932; board preparation 0.000544; postflop 0.979402; evaluation 0.000000
Iteration 1400: wall 1.962244s; reaches 0.061363; t2 0.137181; t3 0.374015; k4 0.257279; update 0.039740; board preparation 0.000534; postflop 0.959280; evaluation 0.000000
Iteration 1410: wall 1.931022s; reaches 0.066950; t2 0.143394; t3 0.368359; k4 0.257525; update 0.039575; board preparation 0.000577; postflop 0.922871; evaluation 0.000000
Iteration 1420: wall 1.958807s; reaches 0.059604; t2 0.142763; t3 0.367039; k4 0.258382; update 0.041538; board preparation 0.000686; postflop 0.955843; evaluation 0.000000
Iteration 1430: wall 2.002083s; reaches 0.063770; t2 0.142193; t3 0.357889; k4 0.270336; update 0.043506; board preparation 0.000693; postflop 0.991272; evaluation 0.000000
Iteration 1440: wall 1.961407s; reaches 0.059581; t2 0.144883; t3 0.365704; k4 0.258597; update 0.038408; board preparation 0.000585; postflop 0.961663; evaluation 0.000000
Iteration 1450: wall 1.955556s; reaches 0.061316; t2 0.140049; t3 0.363583; k4 0.256329; update 0.040667; board preparation 0.000574; postflop 0.962591; evaluation 0.000000
Iteration 1460: wall 1.962887s; reaches 0.062625; t2 0.139453; t3 0.360636; k4 0.265225; update 0.040266; board preparation 0.000610; postflop 0.963694; evaluation 0.000000
Iteration 1470: wall 1.976657s; reaches 0.060181; t2 0.136296; t3 0.367035; k4 0.263063; update 0.046149; board preparation 0.000578; postflop 0.966591; evaluation 0.000000
Iteration 1480: wall 2.178838s; reaches 0.060222; t2 0.147499; t3 0.380768; k4 0.396259; update 0.038791; board preparation 0.000681; postflop 1.021675; evaluation 0.000000
Iteration 1490: wall 2.000049s; reaches 0.060682; t2 0.137964; t3 0.353207; k4 0.269493; update 0.041077; board preparation 0.000652; postflop 1.003532; evaluation 0.000000
Iteration 1500: wall 104.767074s; reaches 0.062974; t2 0.153006; t3 0.361725; k4 0.259979; update 0.042947; board preparation 0.000623; postflop 0.951675; evaluation 102.751004
Checkpoint 1500: NashConv 0.003426903031; held -0.003315256686; auxiliary 1.779630710374; auxiliary held 1.778982923207; gains [0.000400800666263329, 0.00035254966620429373, 0.0023830294796766682, 6.995922816235844e-5, 9.079153576735388e-5, 0.00012977245448206332]; held gains [0.00010547496261757716, -0.0006833428759244892, -0.002737029249441192, -0.00011603133553300671, 4.912626466728465e-5, 6.654554800619716e-5]; auxiliary gains [0.07881769865760288, 0.3146932028862682, 1.1062589132757061, 0.14521051609436408, 0.06062576108720458, 0.07402461837326213]; auxiliary held gains [0.0787862776733227, 0.3146551686475154, 1.1062525075538834, 0.1448348316241021, 0.0605291250786506, 0.07392501262964982]; evaluation 102.751004s
Iteration 1510: wall 2.065695s; reaches 0.062478; t2 0.145769; t3 0.367744; k4 0.354767; update 0.039423; board preparation 0.000678; postflop 0.958153; evaluation 0.000000
Iteration 1520: wall 2.038213s; reaches 0.062927; t2 0.142570; t3 0.361301; k4 0.350580; update 0.038118; board preparation 0.000757; postflop 0.947856; evaluation 0.000000
Iteration 1530: wall 2.050779s; reaches 0.059391; t2 0.147377; t3 0.355599; k4 0.361218; update 0.043815; board preparation 0.000668; postflop 0.946676; evaluation 0.000000
Iteration 1540: wall 2.042794s; reaches 0.058863; t2 0.141879; t3 0.355743; k4 0.353027; update 0.039036; board preparation 0.000771; postflop 0.962997; evaluation 0.000000
Iteration 1550: wall 2.444354s; reaches 0.077679; t2 0.179317; t3 0.397444; k4 0.466766; update 0.053412; board preparation 0.000617; postflop 1.111538; evaluation 0.000000
Iteration 1560: wall 2.252710s; reaches 0.090045; t2 0.165572; t3 0.422831; k4 0.394820; update 0.043714; board preparation 0.000649; postflop 0.997690; evaluation 0.000000
Iteration 1570: wall 2.079693s; reaches 0.059537; t2 0.140460; t3 0.355947; k4 0.372206; update 0.038893; board preparation 0.000662; postflop 0.980103; evaluation 0.000000
Iteration 1580: wall 2.120619s; reaches 0.062621; t2 0.140695; t3 0.364266; k4 0.376897; update 0.046555; board preparation 0.000746; postflop 0.996327; evaluation 0.000000
Iteration 1590: wall 2.059537s; reaches 0.060600; t2 0.140300; t3 0.354885; k4 0.361983; update 0.036708; board preparation 0.000582; postflop 0.976969; evaluation 0.000000
Iteration 1600: wall 2.081505s; reaches 0.067939; t2 0.136572; t3 0.367237; k4 0.377871; update 0.038088; board preparation 0.000681; postflop 0.963124; evaluation 0.000000
Iteration 1610: wall 2.075718s; reaches 0.059626; t2 0.141407; t3 0.359565; k4 0.367860; update 0.039820; board preparation 0.000659; postflop 0.970556; evaluation 0.000000
Iteration 1620: wall 2.024116s; reaches 0.058263; t2 0.147940; t3 0.360215; k4 0.369243; update 0.038220; board preparation 0.001191; postflop 0.921120; evaluation 0.000000
Iteration 1630: wall 1.968399s; reaches 0.055609; t2 0.128139; t3 0.344112; k4 0.354931; update 0.034879; board preparation 0.000617; postflop 0.933711; evaluation 0.000000
Iteration 1640: wall 2.090968s; reaches 0.061359; t2 0.151312; t3 0.367761; k4 0.366579; update 0.038254; board preparation 0.000628; postflop 0.968033; evaluation 0.000000
Iteration 1650: wall 2.082672s; reaches 0.068992; t2 0.142395; t3 0.356889; k4 0.377708; update 0.038974; board preparation 0.000593; postflop 0.960513; evaluation 0.000000
Iteration 1660: wall 2.165670s; reaches 0.063482; t2 0.171384; t3 0.355326; k4 0.370075; update 0.046202; board preparation 0.000863; postflop 0.994682; evaluation 0.000000
Iteration 1670: wall 2.172645s; reaches 0.064167; t2 0.141435; t3 0.369985; k4 0.430524; update 0.039757; board preparation 0.000580; postflop 0.999541; evaluation 0.000000
Iteration 1680: wall 2.309179s; reaches 0.070821; t2 0.227713; t3 0.369349; k4 0.439049; update 0.057149; board preparation 0.000795; postflop 0.961879; evaluation 0.000000
Iteration 1690: wall 2.268007s; reaches 0.067478; t2 0.220031; t3 0.360667; k4 0.425949; update 0.055443; board preparation 0.000844; postflop 0.953770; evaluation 0.000000
Iteration 1700: wall 2.396695s; reaches 0.073664; t2 0.266094; t3 0.367382; k4 0.447092; update 0.069336; board preparation 0.000678; postflop 0.968005; evaluation 0.000000
Iteration 1710: wall 2.198502s; reaches 0.070149; t2 0.186144; t3 0.369810; k4 0.434056; update 0.054006; board preparation 0.000579; postflop 0.925503; evaluation 0.000000
Iteration 1720: wall 2.258307s; reaches 0.076117; t2 0.227317; t3 0.360850; k4 0.416569; update 0.057285; board preparation 0.000604; postflop 0.957747; evaluation 0.000000
Iteration 1730: wall 2.371521s; reaches 0.075182; t2 0.244808; t3 0.384449; k4 0.426781; update 0.070835; board preparation 0.000649; postflop 0.968242; evaluation 0.000000
Iteration 1740: wall 2.310640s; reaches 0.072976; t2 0.228909; t3 0.395515; k4 0.420630; update 0.055691; board preparation 0.000589; postflop 0.962843; evaluation 0.000000
Iteration 1750: wall 105.384168s; reaches 0.072733; t2 0.237435; t3 0.367536; k4 0.440297; update 0.067643; board preparation 0.000648; postflop 0.940435; evaluation 102.994485
Checkpoint 1750: NashConv 0.003299594175; held -0.003798252093; auxiliary 1.792096815389; auxiliary held 1.791382633825; gains [0.00028683886646763135, 0.00028935085763287516, 0.0024534849039521966, 6.274964142263806e-5, 8.144106105598126e-5, 0.0001257288448836269]; held gains [-1.8339356918098404e-5, -0.0007964366607083745, -0.002950116496805155, -0.0001304747746904769, 3.450945231954494e-5, 6.2605743601854e-5]; auxiliary gains [0.08010668368953588, 0.31338105754369927, 1.1175333192094634, 0.14694908695641357, 0.06080247899583352, 0.0733241889940657]; auxiliary held gains [0.07999077314583267, 0.3133337425311006, 1.1175301092415744, 0.14662610688808658, 0.0606865555521688, 0.07321534646637133]; evaluation 102.994485s
Iteration 1760: wall 2.240138s; reaches 0.071246; t2 0.230749; t3 0.353079; k4 0.426834; update 0.057246; board preparation 0.000747; postflop 0.936946; evaluation 0.000000
Iteration 1770: wall 2.361339s; reaches 0.082397; t2 0.263677; t3 0.366674; k4 0.443787; update 0.066103; board preparation 0.000961; postflop 0.936171; evaluation 0.000000
Iteration 1780: wall 2.466645s; reaches 0.083893; t2 0.217664; t3 0.378790; k4 0.446294; update 0.058250; board preparation 0.000824; postflop 1.107411; evaluation 0.000000
Iteration 1790: wall 2.274204s; reaches 0.076244; t2 0.197904; t3 0.359910; k4 0.436048; update 0.056776; board preparation 0.000614; postflop 0.983111; evaluation 0.000000
Iteration 1800: wall 2.454479s; reaches 0.071398; t2 0.260358; t3 0.386060; k4 0.453501; update 0.069899; board preparation 0.000626; postflop 1.003871; evaluation 0.000000
Iteration 1810: wall 2.225794s; reaches 0.068037; t2 0.199301; t3 0.368601; k4 0.427424; update 0.052761; board preparation 0.000691; postflop 0.956782; evaluation 0.000000
Iteration 1820: wall 2.371084s; reaches 0.072942; t2 0.258858; t3 0.371068; k4 0.450085; update 0.066885; board preparation 0.000763; postflop 0.951153; evaluation 0.000000
Iteration 1830: wall 2.184416s; reaches 0.073573; t2 0.174158; t3 0.354902; k4 0.426933; update 0.051866; board preparation 0.000657; postflop 0.950891; evaluation 0.000000
Iteration 1840: wall 2.252237s; reaches 0.071733; t2 0.202919; t3 0.357884; k4 0.439999; update 0.058994; board preparation 0.000779; postflop 0.958759; evaluation 0.000000
Iteration 1850: wall 2.607277s; reaches 0.090681; t2 0.286434; t3 0.393423; k4 0.497533; update 0.072584; board preparation 0.000623; postflop 1.044502; evaluation 0.000000
Iteration 1860: wall 2.319340s; reaches 0.072280; t2 0.214798; t3 0.372411; k4 0.442273; update 0.062020; board preparation 0.000529; postflop 0.979015; evaluation 0.000000
Iteration 1870: wall 2.387161s; reaches 0.070503; t2 0.266636; t3 0.366804; k4 0.440470; update 0.070016; board preparation 0.001040; postflop 0.963270; evaluation 0.000000
Iteration 1880: wall 2.151781s; reaches 0.065066; t2 0.147985; t3 0.361081; k4 0.370088; update 0.040418; board preparation 0.000642; postflop 1.021566; evaluation 0.000000
Iteration 1890: wall 2.150673s; reaches 0.062462; t2 0.141203; t3 0.363658; k4 0.389068; update 0.044132; board preparation 0.000669; postflop 1.012079; evaluation 0.000000
Iteration 1900: wall 2.081844s; reaches 0.058021; t2 0.134665; t3 0.354829; k4 0.370703; update 0.037927; board preparation 0.000551; postflop 0.992288; evaluation 0.000000
Iteration 1910: wall 2.034094s; reaches 0.058700; t2 0.129916; t3 0.345000; k4 0.367007; update 0.035723; board preparation 0.000572; postflop 0.979376; evaluation 0.000000
Iteration 1920: wall 2.145599s; reaches 0.058604; t2 0.145998; t3 0.364998; k4 0.366116; update 0.041829; board preparation 0.000582; postflop 1.024317; evaluation 0.000000
Iteration 1930: wall 2.112244s; reaches 0.060467; t2 0.140363; t3 0.365708; k4 0.375111; update 0.038114; board preparation 0.000689; postflop 1.004997; evaluation 0.000000
Iteration 1940: wall 2.130121s; reaches 0.061503; t2 0.134878; t3 0.379555; k4 0.385278; update 0.037107; board preparation 0.000857; postflop 0.995656; evaluation 0.000000
Iteration 1950: wall 2.109486s; reaches 0.059312; t2 0.140317; t3 0.370831; k4 0.382767; update 0.036619; board preparation 0.000622; postflop 0.992375; evaluation 0.000000
Iteration 1960: wall 2.749151s; reaches 0.080406; t2 0.223109; t3 0.450339; k4 0.474417; update 0.060330; board preparation 0.000691; postflop 1.276775; evaluation 0.000000
Iteration 1970: wall 2.001512s; reaches 0.056666; t2 0.133281; t3 0.344027; k4 0.358274; update 0.037532; board preparation 0.000658; postflop 0.949895; evaluation 0.000000
Iteration 1980: wall 2.083406s; reaches 0.063337; t2 0.139155; t3 0.352550; k4 0.374351; update 0.044754; board preparation 0.000585; postflop 0.974499; evaluation 0.000000
Iteration 1990: wall 2.067213s; reaches 0.057699; t2 0.147801; t3 0.354205; k4 0.356536; update 0.038418; board preparation 0.000714; postflop 0.963944; evaluation 0.000000
Iteration 2000: wall 106.492078s; reaches 0.065302; t2 0.152248; t3 0.359776; k4 0.386755; update 0.037193; board preparation 0.000528; postflop 0.964691; evaluation 104.334993
Checkpoint 2000: NashConv 0.003340571784; held -0.003620500107; auxiliary 1.798796910624; auxiliary held 1.798155202857; gains [0.00030868520187229964, 0.000306140215132894, 0.0024939836346827837, 5.384460568048921e-5, 6.747277759908132e-5, 0.00011044534906959336]; held gains [-1.4135045433211202e-5, -0.0007576584341456305, -0.0027709438332789993, -0.00013548601206799654, 1.8363453535272245e-5, 3.935976413210751e-5]; auxiliary gains [0.08205810121757043, 0.3136291701078496, 1.1214956250082326, 0.14533079036174004, 0.062015039340742234, 0.07426818458828921]; auxiliary held gains [0.08198914454291432, 0.31357663621865495, 1.1214916527165588, 0.14501616042280777, 0.061915389600271695, 0.07416621935620288]; evaluation 104.334993s
Iterations: 2000; reached target: false; solve phases Timings { trunk: SolveTimings { reaches: 140.32522409999993, t2: 328.32993089999866, t3: 761.7038788999989, k4: 716.2395034000009, update: 93.66523250000034, evaluation: 941.441808 }, board_preparation: 1.7122295999999984, postflop: 2006.6462436999989, evaluation_board_preparation: 0.0118632 }
