Postflop menus solved in L0 Checkdown mode.
Tree: 5466 decisions, 6131 terminals (0.109s)
Tables: 0.181s; model: 0.004s
Checkpoint 0: NashConv 16.253518395504; gains [2.5113353501453846, 2.42509798850833, 2.453835673497514, 3.151256202891145, 2.9940613615034137, 2.7179318189580672]; 67.860046s
Iteration 10: wall 2.265762s; reaches 0.075031; t2 0.159374; t3 0.851795; k4 1.015023; update 0.038554; evaluation 0.000000
Iteration 20: wall 2.274385s; reaches 0.072150; t2 0.158270; t3 0.846740; k4 1.025957; update 0.040866; evaluation 0.000000
Iteration 30: wall 2.102523s; reaches 0.077529; t2 0.155993; t3 0.725689; k4 0.973653; update 0.040960; evaluation 0.000000
Iteration 40: wall 2.043143s; reaches 0.067506; t2 0.142425; t3 0.718620; k4 0.957396; update 0.038513; evaluation 0.000000
Iteration 50: wall 65.342083s; reaches 0.065794; t2 0.144444; t3 0.648407; k4 0.925850; update 0.053543; evaluation 63.380202
Checkpoint 50: NashConv 0.010546165704; gains [0.0020787101027647525, 0.0024713539636543047, 0.0029284808601024725, 0.0007999819572493544, 0.0011316593782057516, 0.0011359794416258007]; 239.697307s
Iteration 60: wall 1.860428s; reaches 0.070052; t2 0.141249; t3 0.617086; k4 0.865155; update 0.045837; evaluation 0.000000
Iteration 70: wall 2.050302s; reaches 0.077915; t2 0.161122; t3 0.671450; k4 0.948886; update 0.047998; evaluation 0.000000
Iteration 80: wall 2.238523s; reaches 0.076515; t2 0.171907; t3 0.720002; k4 1.038827; update 0.070406; evaluation 0.000000
Iteration 90: wall 1.890925s; reaches 0.076063; t2 0.148800; t3 0.601220; k4 0.887396; update 0.047287; evaluation 0.000000
Iteration 100: wall 68.786030s; reaches 0.068310; t2 0.145928; t3 0.613582; k4 0.888381; update 0.049388; evaluation 66.887868
Checkpoint 100: NashConv 0.002493846052; gains [0.00045412553503207387, 0.0006621686757267709, 0.0006257381381177818, 0.00021353854197943278, 0.0002676791743682072, 0.00027059598681196395]; 403.139403s
Iteration 110: wall 2.095825s; reaches 0.082344; t2 0.158675; t3 0.663132; k4 0.993884; update 0.057128; evaluation 0.000000
Iteration 120: wall 1.874263s; reaches 0.068449; t2 0.149222; t3 0.602636; k4 0.882619; update 0.042566; evaluation 0.000000
Iteration 130: wall 1.915222s; reaches 0.064925; t2 0.140615; t3 0.614076; k4 0.924703; update 0.041426; evaluation 0.000000
Iteration 140: wall 2.019953s; reaches 0.079998; t2 0.150481; t3 0.643302; k4 0.960388; update 0.046457; evaluation 0.000000
Iteration 150: wall 72.764397s; reaches 0.073184; t2 0.176266; t3 0.675758; k4 1.010988; update 0.073986; evaluation 70.613855
Checkpoint 150: NashConv 0.001200130512; gains [0.00021310340132790762, 0.00032284190031051097, 0.0002899787619627947, 0.00010947740946998241, 0.00014409009100935233, 0.000120638947758267]; 574.426768s
Iteration 160: wall 2.284642s; reaches 0.083254; t2 0.195471; t3 0.716012; k4 1.061415; update 0.048773; evaluation 0.000000
Iteration 170: wall 2.059251s; reaches 0.076772; t2 0.148940; t3 0.660914; k4 0.984787; update 0.047889; evaluation 0.000000
Iteration 180: wall 1.776947s; reaches 0.070136; t2 0.136713; t3 0.556505; k4 0.841567; update 0.049573; evaluation 0.000000
Iteration 190: wall 2.033383s; reaches 0.077869; t2 0.148930; t3 0.650248; k4 0.963367; update 0.049311; evaluation 0.000000
Iteration 200: wall 72.804764s; reaches 0.069574; t2 0.135339; t3 0.590193; k4 0.953793; update 0.054463; evaluation 70.877266
Checkpoint 200: NashConv 0.000783512493; gains [0.00015149832975652755, 0.0002059014501144263, 0.0001736715333944261, 7.442188993948828e-5, 9.295421215881061e-5, 8.506507781637362e-5]; 747.522771s
Iteration 210: wall 1.762930s; reaches 0.068849; t2 0.147706; t3 0.566561; k4 0.816121; update 0.043876; evaluation 0.000000
Iteration 220: wall 1.851650s; reaches 0.072941; t2 0.140189; t3 0.579891; k4 0.883074; update 0.048889; evaluation 0.000000
Iteration 230: wall 1.951677s; reaches 0.079150; t2 0.172053; t3 0.612964; k4 0.860502; update 0.062143; evaluation 0.000000
Iteration 240: wall 1.905391s; reaches 0.064744; t2 0.143824; t3 0.625777; k4 0.912296; update 0.039076; evaluation 0.000000
Iteration 250: wall 69.014063s; reaches 0.067912; t2 0.144938; t3 0.549242; k4 0.819409; update 0.048649; evaluation 67.251532
Checkpoint 250: NashConv 0.000549371013; gains [0.00011128719414180144, 0.00013462330836475078, 0.00013186616066199197, 5.077469031955495e-5, 5.611942539464343e-5, 6.4700234402984e-5]; 908.396367s
Iteration 260: wall 2.005967s; reaches 0.071219; t2 0.150324; t3 0.628892; k4 0.949103; update 0.063294; evaluation 0.000000
Iteration 270: wall 2.035390s; reaches 0.085676; t2 0.164376; t3 0.638348; k4 0.934994; update 0.061908; evaluation 0.000000
Iteration 280: wall 1.857144s; reaches 0.069375; t2 0.156194; t3 0.568293; k4 0.878323; update 0.046612; evaluation 0.000000
Iteration 290: wall 2.162529s; reaches 0.076790; t2 0.167985; t3 0.699294; k4 1.014216; update 0.045368; evaluation 0.000000
Iteration 300: wall 79.472262s; reaches 0.084182; t2 0.200745; t3 0.620856; k4 0.865815; update 0.071852; evaluation 77.457766
Checkpoint 300: NashConv 0.000414710354; gains [8.630044065674469e-5, 0.00010404239876174448, 9.733017283075629e-5, 3.710886841749861e-5, 4.126486066777235e-5, 4.866361274322162e-5]; 1086.152363s
Iteration 310: wall 2.156335s; reaches 0.078048; t2 0.170169; t3 0.705740; k4 0.999574; update 0.048775; evaluation 0.000000
Iteration 320: wall 2.097133s; reaches 0.080372; t2 0.191023; t3 0.662106; k4 0.938178; update 0.059020; evaluation 0.000000
Iteration 330: wall 2.000265s; reaches 0.078400; t2 0.184265; t3 0.622804; k4 0.910746; update 0.052379; evaluation 0.000000
Iteration 340: wall 2.407584s; reaches 0.080158; t2 0.191926; t3 0.743188; k4 1.153662; update 0.063581; evaluation 0.000000
Iteration 350: wall 74.536492s; reaches 0.084927; t2 0.156042; t3 0.775974; k4 1.072300; update 0.068020; evaluation 72.231574
Checkpoint 350: NashConv 0.000329175404; gains [6.853614404306319e-5, 8.698394186623659e-5, 7.335485009743459e-5, 3.113706244373127e-5, 2.972424526435924e-5, 3.9439160120502414e-5]; 1262.648129s
Iteration 360: wall 1.990563s; reaches 0.077543; t2 0.173679; t3 0.629466; k4 0.897383; update 0.053152; evaluation 0.000000
Iteration 370: wall 1.939149s; reaches 0.078580; t2 0.165048; t3 0.598625; k4 0.904126; update 0.053686; evaluation 0.000000
Iteration 380: wall 2.001994s; reaches 0.075238; t2 0.162176; t3 0.624994; k4 0.945748; update 0.048053; evaluation 0.000000
Iteration 390: wall 1.949167s; reaches 0.071373; t2 0.155452; t3 0.605764; k4 0.930789; update 0.052063; evaluation 0.000000
Iteration 400: wall 73.678531s; reaches 0.079617; t2 0.179717; t3 0.693523; k4 0.992078; update 0.059243; evaluation 71.520269
Checkpoint 400: NashConv 0.000270376949; gains [6.220284015437394e-5, 7.235492261586929e-5, 5.6972936009896946e-5, 2.3758173772120417e-5, 2.36846325209622e-5, 3.140344400956452e-5]; 1435.322528s
Iteration 410: wall 2.197562s; reaches 0.082030; t2 0.198904; t3 0.677567; k4 1.010145; update 0.059470; evaluation 0.000000
Iteration 420: wall 2.079537s; reaches 0.080796; t2 0.176134; t3 0.662280; k4 0.937503; update 0.055258; evaluation 0.000000
Iteration 430: wall 2.009246s; reaches 0.083205; t2 0.166952; t3 0.639732; k4 0.895148; update 0.053828; evaluation 0.000000
Iteration 440: wall 2.009232s; reaches 0.086417; t2 0.175618; t3 0.621078; k4 0.911573; update 0.068470; evaluation 0.000000
Iteration 450: wall 74.660817s; reaches 0.076040; t2 0.193292; t3 0.672866; k4 1.063648; update 0.074513; evaluation 72.410519
Checkpoint 450: NashConv 0.000240885474; gains [5.8434007503604946e-5, 6.48521910035782e-5, 4.7180212580627545e-5, 2.133238045583241e-5, 2.0324606818625246e-5, 2.876207524261931e-5]; 1610.032404s
Iteration 460: wall 2.198043s; reaches 0.075942; t2 0.171183; t3 0.688983; k4 1.042654; update 0.063437; evaluation 0.000000
Iteration 470: wall 2.412638s; reaches 0.086320; t2 0.216050; t3 0.717952; k4 1.130655; update 0.063859; evaluation 0.000000
Iteration 480: wall 2.501156s; reaches 0.087961; t2 0.238186; t3 0.739819; k4 1.161663; update 0.068885; evaluation 0.000000
Iteration 490: wall 2.295020s; reaches 0.082274; t2 0.236697; t3 0.705299; k4 1.011694; update 0.063165; evaluation 0.000000
Iteration 500: wall 73.986046s; reaches 0.076723; t2 0.152219; t3 0.648611; k4 1.020215; update 0.066735; evaluation 71.882084
Checkpoint 500: NashConv 0.000222662909; gains [6.431587412875084e-5, 5.9179970718775676e-5, 4.005193609718516e-5, 1.9061831539921026e-5, 1.6764683497677568e-5, 2.3288613076238862e-5]; 1792.216512s
Iterations: 500; reached target: false; solve phases SolveTimings { reaches: 38.26337580000001, t2: 82.83961290000016, t3: 328.1901761000004, k4: 472.1199957999998, update: 25.552721699999953, evaluation: 772.3512950999999 }
