Postflop menus solved in L0 Checkdown mode.
Tree: 5466 decisions, 6131 terminals (0.076s)
Tables: 0.178s; model: 0.004s
Checkpoint 0: NashConv 16.253518395504; gains [2.5113353501453846, 2.42509798850833, 2.453835673497514, 3.151256202891145, 2.9940613615034137, 2.7179318189580672]; 71.747853s
Iteration 10: wall 6.404309s; reaches 0.085836; t2 0.054904; t3 0.560390; k4 5.621575; update 0.056305; evaluation 0.000000
Iteration 20: wall 5.461014s; reaches 0.071191; t2 0.041214; t3 0.416178; k4 4.866801; update 0.045056; evaluation 0.000000
Iteration 30: wall 5.871900s; reaches 0.082530; t2 0.052931; t3 0.412830; k4 5.240542; update 0.057792; evaluation 0.000000
Iteration 40: wall 5.745314s; reaches 0.083393; t2 0.039222; t3 0.382034; k4 5.164618; update 0.055473; evaluation 0.000000
Iteration 50: wall 67.250897s; reaches 0.073643; t2 0.039373; t3 0.364180; k4 4.472655; update 0.052174; evaluation 62.228729
Checkpoint 50: NashConv 0.012151676296; gains [0.0023614536221432947, 0.0031165252422989675, 0.0032261676131052353, 0.0011873910658862924, 0.001055963805504198, 0.00120417494715519]; 423.833483s
Iteration 60: wall 4.646979s; reaches 0.066041; t2 0.039817; t3 0.361417; k4 4.121942; update 0.038880; evaluation 0.000000
Iteration 70: wall 4.776032s; reaches 0.062422; t2 0.038906; t3 0.363536; k4 4.251868; update 0.041069; evaluation 0.000000
Iteration 80: wall 4.774792s; reaches 0.061091; t2 0.037139; t3 0.345480; k4 4.275516; update 0.037966; evaluation 0.000000
Iteration 90: wall 4.879002s; reaches 0.061484; t2 0.041907; t3 0.383295; k4 4.334048; update 0.040596; evaluation 0.000000
Iteration 100: wall 64.463310s; reaches 0.072327; t2 0.042211; t3 0.371038; k4 4.204908; update 0.053599; evaluation 59.699170
Checkpoint 100: NashConv 0.002861338645; gains [0.0004896141973186607, 0.0008001659327158406, 0.0007505609195137819, 0.00025903184956126146, 0.0002783871997302928, 0.0002835785462100421]; 724.747467s
Iteration 110: wall 5.021662s; reaches 0.063040; t2 0.042224; t3 0.357070; k4 4.501288; update 0.040262; evaluation 0.000000
Iteration 120: wall 4.729549s; reaches 0.066535; t2 0.038972; t3 0.354216; k4 4.207057; update 0.043051; evaluation 0.000000
Iteration 130: wall 4.490889s; reaches 0.067833; t2 0.043394; t3 0.360785; k4 3.948740; update 0.050195; evaluation 0.000000
Iteration 140: wall 4.733889s; reaches 0.068063; t2 0.039045; t3 0.338752; k4 4.231658; update 0.036861; evaluation 0.000000
Iteration 150: wall 62.375425s; reaches 0.062350; t2 0.041684; t3 0.341023; k4 4.028407; update 0.046790; evaluation 57.837421
Checkpoint 150: NashConv 0.001270022061; gains [0.00020250685200351448, 0.00036663438862208353, 0.00032076226049232437, 0.00012420125241560664, 0.00012822175715331008, 0.00012769554981598152]; 1024.956524s
Iteration 160: wall 4.798928s; reaches 0.060123; t2 0.037975; t3 0.329658; k4 4.318136; update 0.035818; evaluation 0.000000
Iteration 170: wall 4.712418s; reaches 0.063673; t2 0.039461; t3 0.350171; k4 4.199861; update 0.040266; evaluation 0.000000
Iteration 180: wall 4.730841s; reaches 0.059178; t2 0.038816; t3 0.336984; k4 4.239487; update 0.037450; evaluation 0.000000
Iteration 190: wall 4.783093s; reaches 0.064454; t2 0.041133; t3 0.344223; k4 4.271927; update 0.042760; evaluation 0.000000
Iteration 200: wall 63.154548s; reaches 0.062943; t2 0.041402; t3 0.337743; k4 4.484915; update 0.052609; evaluation 58.155858
Checkpoint 200: NashConv 0.000777171766; gains [0.00013179582946837298, 0.00021139445653320377, 0.00019405685449980226, 7.341238105074144e-5, 8.333422498853216e-5, 8.317801913577949e-5]; 1318.110361s
Iteration 210: wall 4.571885s; reaches 0.059251; t2 0.037148; t3 0.326901; k4 4.095750; update 0.036079; evaluation 0.000000
Iteration 220: wall 4.431470s; reaches 0.062444; t2 0.039915; t3 0.347658; k4 3.917905; update 0.044882; evaluation 0.000000
Iteration 230: wall 4.395628s; reaches 0.059791; t2 0.038850; t3 0.339431; k4 3.903677; update 0.036162; evaluation 0.000000
Iteration 240: wall 4.556416s; reaches 0.066808; t2 0.040797; t3 0.354138; k4 4.023547; update 0.051021; evaluation 0.000000
Iteration 250: wall 61.977099s; reaches 0.064956; t2 0.038078; t3 0.343929; k4 3.809926; update 0.058767; evaluation 57.641938
Checkpoint 250: NashConv 0.000543275095; gains [9.725764881340915e-5, 0.00014092839532739432, 0.0001354222512612302, 4.6654816852759184e-5, 5.642548931757141e-5, 6.658649385049564e-5]; 1605.091268s
Iteration 260: wall 5.715285s; reaches 0.108021; t2 0.083028; t3 0.423623; k4 4.973722; update 0.078541; evaluation 0.000000
Iteration 270: wall 5.024250s; reaches 0.072864; t2 0.039206; t3 0.370005; k4 4.477547; update 0.046042; evaluation 0.000000
Iteration 280: wall 5.038032s; reaches 0.060398; t2 0.044076; t3 0.360517; k4 4.514761; update 0.039981; evaluation 0.000000
Iteration 290: wall 4.449228s; reaches 0.064909; t2 0.039448; t3 0.353960; k4 3.933790; update 0.038207; evaluation 0.000000
Iteration 300: wall 65.705401s; reaches 0.067238; t2 0.041646; t3 0.376570; k4 4.501025; update 0.050402; evaluation 60.649698
Checkpoint 300: NashConv 0.000402853520; gains [7.513486013052684e-5, 0.00010810171228173293, 0.00010562037026876081, 3.348525318691564e-5, 3.906521506545635e-5, 4.1446109104142925e-5]; 1917.082943s
Iteration 310: wall 4.392474s; reaches 0.061507; t2 0.039658; t3 0.335196; k4 3.897267; update 0.040200; evaluation 0.000000
Iteration 320: wall 4.622694s; reaches 0.068714; t2 0.044777; t3 0.359323; k4 4.083630; update 0.045324; evaluation 0.000000
Iteration 330: wall 5.087388s; reaches 0.060891; t2 0.041952; t3 0.380776; k4 4.548272; update 0.037905; evaluation 0.000000
Iteration 340: wall 4.077280s; reaches 0.064088; t2 0.058826; t3 0.375688; k4 3.513049; update 0.045464; evaluation 0.000000
Iteration 350: wall 64.673944s; reaches 0.069205; t2 0.046080; t3 0.368984; k4 3.770548; update 0.066505; evaluation 60.330657
Checkpoint 350: NashConv 0.000325403573; gains [6.342726014049727e-5, 8.582274369306475e-5, 7.875061279744022e-5, 2.639842091603506e-5, 3.071018374929679e-5, 4.0294351890624025e-5]; 2207.469662s
Iteration 360: wall 4.412828s; reaches 0.075926; t2 0.052027; t3 0.381917; k4 3.817761; update 0.062286; evaluation 0.000000
Iteration 370: wall 5.434564s; reaches 0.093842; t2 0.067376; t3 0.427485; k4 4.739817; update 0.076446; evaluation 0.000000
Iteration 380: wall 5.495674s; reaches 0.105342; t2 0.068425; t3 0.407747; k4 4.834616; update 0.056630; evaluation 0.000000
Iteration 390: wall 5.657119s; reaches 0.111104; t2 0.124546; t3 0.413784; k4 4.929859; update 0.055577; evaluation 0.000000
Iteration 400: wall 70.347115s; reaches 0.065526; t2 0.043001; t3 0.351878; k4 4.153451; update 0.051103; evaluation 65.661816
Checkpoint 400: NashConv 0.000273514508; gains [6.085991049037398e-5, 7.540009679021797e-5, 6.218180339676027e-5, 2.3635847330144566e-5, 2.2134001474979903e-5, 2.9302848700091255e-5]; 2517.852340s
Iteration 410: wall 5.345800s; reaches 0.078571; t2 0.049811; t3 0.400991; k4 4.727939; update 0.065481; evaluation 0.000000
Iteration 420: wall 4.659777s; reaches 0.060653; t2 0.041145; t3 0.361220; k4 4.134777; update 0.043599; evaluation 0.000000
Iteration 430: wall 5.043871s; reaches 0.066383; t2 0.042669; t3 0.393409; k4 4.471332; update 0.049924; evaluation 0.000000
Iteration 440: wall 4.782867s; reaches 0.066806; t2 0.042939; t3 0.358914; k4 4.246320; update 0.047676; evaluation 0.000000
Iteration 450: wall 69.614053s; reaches 0.061808; t2 0.043908; t3 0.357753; k4 4.050316; update 0.058086; evaluation 65.021553
Checkpoint 450: NashConv 0.000242581406; gains [6.28332312491986e-5, 6.405432285708224e-5, 5.007943140483695e-5, 2.105296192173034e-5, 1.812180045210332e-5, 2.6439657927743165e-5]; 2831.588168s
Iteration 460: wall 4.917128s; reaches 0.068734; t2 0.043907; t3 0.381057; k4 4.349564; update 0.053950; evaluation 0.000000
Iteration 470: wall 4.727897s; reaches 0.071677; t2 0.044475; t3 0.375530; k4 4.170224; update 0.045287; evaluation 0.000000
Iteration 480: wall 4.440088s; reaches 0.095900; t2 0.053189; t3 0.362341; k4 3.842480; update 0.063805; evaluation 0.000000
Iteration 490: wall 5.099671s; reaches 0.086226; t2 0.069177; t3 0.428500; k4 4.428101; update 0.065647; evaluation 0.000000
Iteration 500: wall 67.537651s; reaches 0.082481; t2 0.049965; t3 0.380716; k4 3.949175; update 0.078161; evaluation 62.974386
Checkpoint 500: NashConv 0.000216870649; gains [5.6859667703662575e-5, 5.6961130656174586e-5, 4.242347446001271e-5, 1.9959488151102822e-5, 1.634569587340151e-5, 2.4321191779488882e-5]; 3135.408620s
Iterations: 500; reached target: false; solve phases SolveTimings { reaches: 37.12147429999988, t2: 23.711558899999996, t3: 189.2550176000003, k4: 2169.1681180999985, update: 23.901280299999964, evaluation: 681.9251172 }
