      0 [main] bash (61360) C:\Program Files\Git\bin\..\usr\bin\bash.exe: *** fatal error - CreateFileMapping S-1-5-21-3594082588-3770493094-268558826-1000.1, Win32 error 5.  Terminating.
Stack trace:
Frame         Function      Args
0000005FB8D0  00021005FE8E (0002102AEC0F, 00021026AB81, 0000000002D8, 0000005FA810) msys-2.0.dll+0x1FE8E
0000005FB8D0  0002100467F9 (000000000006, 0000005FB8D0, 00007FFE0385, 000000000000) msys-2.0.dll+0x67F9
0000005FB8D0  000210046832 (0000005FB8D0, 000000000004, 0000000002D8, 000000008A28) msys-2.0.dll+0x6832
0000005FB8D0  00021017E627 (0000000003AD, 000000000003, 000000008A28, 72006100000001) msys-2.0.dll+0x13E627
0000005FF0D0  00021017EAEC (0000005FD320, 0000005FF0D0, 00000000DFB8, 000200000000) msys-2.0.dll+0x13EAEC
0000005FF0D0  00021017EFCE (000000000002, 000210312760, 7FFDACE8B6D0, 000000000000) msys-2.0.dll+0x13EFCE
0000005FF0D0  000210048462 (000210070B80, 000000000000, 000000000000, 000000000000) msys-2.0.dll+0x8462
0000005FF0D0  000210070C3C (000000070000, 000000000000, 0000007A0000, 0000005FF2B9) msys-2.0.dll+0x30C3C
0000005FF5C0  7FFDACE9EADA (000000000000, 000000000000, 000000000004, 0000005FF1F0) ntdll.dll+0x11EADA
0000005FF5C0  7FFDACD90C33 (0000000005DE, 000000000000, 000000000000, 7FFDACEF8950) ntdll.dll+0x10C33
0000005FF5C0  7FFDACD8E76C (7FFDACE06F00, 7FFD00000000, 0000007BB2E0, 0000005FF5C6) ntdll.dll+0xE76C
0000005FF5C0  7FFDACE07DCA (0000007B67A0, 0000007B65C0, 7FFDACF526B0, 7FFDACEF88C0) ntdll.dll+0x87DCA
0000005FF5C0  7FFDACE07DF6 (0000005FFAD0, 7FFDACF1B938, 0000003E0000, 7FFDACF1BCB0) ntdll.dll+0x87DF6
000000000000  7FFDACE0DFBF (000000000000, 000000000000, 0000003E0000, 000000000000) ntdll.dll+0x8DFBF
000000000000  7FFDACE0C0F8 (7FFDACD80000, 0000003E0000, 0000003E1000, 7FFDACD80000) ntdll.dll+0x8C0F8
000000000000  7FFDACE0BEE2 (000000000000, 000000000000, 000000000000, 000000000000) ntdll.dll+0x8BEE2
000000000000  7FFDACE6142E (000000000000, 000000000000, 000000000000, 000000000000) ntdll.dll+0xE142E
End of stack trace
Loaded modules:
000100400000 bash.exe
7FFDACD80000 ntdll.dll
7FFDAACD0000 KERNEL32.DLL
7FFDAA470000 KERNELBASE.dll
7FFDA6910000 apphelp.dll
7FFDAC5B0000 USER32.dll
000210040000 msys-2.0.dll
7FFDAA9E0000 win32u.dll
7FFDAB3C0000 GDI32.dll
7FFDA9F80000 gdi32full.dll
7FFDAA300000 msvcp_win.dll
7FFDAA880000 ucrtbase.dll
7FFDAC190000 advapi32.dll
7FFDAB240000 msvcrt.dll
7FFDAC260000 sechost.dll
7FFDAC310000 RPCRT4.dll
7FFDA9010000 CRYPTBASE.DLL
7FFDAA3B0000 bcryptPrimitives.dll
