{"phase":"build","status":"started"}
{"event":"allocation_counts","schema":"r1-phase-allocation/v1","phase":"build","alloc_calls":2786336,"alloc_requested_bytes":69129611,"alloc_failed_calls":0,"alloc_zeroed_calls":3,"alloc_zeroed_requested_bytes":6,"alloc_zeroed_failed_calls":0,"realloc_calls":597065,"realloc_requested_new_bytes":138035534,"realloc_old_layout_bytes":68352607,"realloc_failed_calls":0,"dealloc_calls":2785050,"dealloc_layout_bytes":97854219}
{"phase":"build","status":"completed"}
{"phase":"solver_allocation","status":"started"}
{"event":"allocation_counts","schema":"r1-phase-allocation/v1","phase":"solver_allocation","alloc_calls":1,"alloc_requested_bytes":32,"alloc_failed_calls":0,"alloc_zeroed_calls":2,"alloc_zeroed_requested_bytes":81414144,"alloc_zeroed_failed_calls":0,"realloc_calls":0,"realloc_requested_new_bytes":0,"realloc_old_layout_bytes":0,"realloc_failed_calls":0,"dealloc_calls":0,"dealloc_layout_bytes":0}
{"phase":"solver_allocation","status":"completed"}
{"phase":"cfr","status":"started"}
{"event":"allocation_counts","schema":"r1-phase-allocation/v1","phase":"cfr","alloc_calls":49,"alloc_requested_bytes":8328,"alloc_failed_calls":0,"alloc_zeroed_calls":0,"alloc_zeroed_requested_bytes":0,"alloc_zeroed_failed_calls":0,"realloc_calls":36,"realloc_requested_new_bytes":15792,"realloc_old_layout_bytes":7408,"realloc_failed_calls":0,"dealloc_calls":8,"dealloc_layout_bytes":1024}
{"phase":"cfr","status":"completed"}
{"phase":"state_write","status":"started"}
{"event":"allocation_counts","schema":"r1-phase-allocation/v1","phase":"state_write","alloc_calls":3,"alloc_requested_bytes":16661,"alloc_failed_calls":0,"alloc_zeroed_calls":0,"alloc_zeroed_requested_bytes":0,"alloc_zeroed_failed_calls":0,"realloc_calls":1,"realloc_requested_new_bytes":170,"realloc_old_layout_bytes":85,"realloc_failed_calls":0,"dealloc_calls":3,"dealloc_layout_bytes":16746}
{"phase":"state_write","status":"completed"}
{"phase":"ev_p0","status":"started"}
{"event":"allocation_counts","schema":"r1-phase-allocation/v1","phase":"ev_p0","alloc_calls":23,"alloc_requested_bytes":4088,"alloc_failed_calls":0,"alloc_zeroed_calls":73552,"alloc_zeroed_requested_bytes":21625632,"alloc_zeroed_failed_calls":0,"realloc_calls":20,"realloc_requested_new_bytes":7872,"realloc_old_layout_bytes":3768,"realloc_failed_calls":0,"dealloc_calls":73575,"dealloc_layout_bytes":21633824}
{"phase":"ev_p0","status":"completed"}
{"phase":"ev_p1","status":"started"}
{"event":"allocation_counts","schema":"r1-phase-allocation/v1","phase":"ev_p1","alloc_calls":27,"alloc_requested_bytes":4688,"alloc_failed_calls":0,"alloc_zeroed_calls":73552,"alloc_zeroed_requested_bytes":19081440,"alloc_zeroed_failed_calls":0,"realloc_calls":23,"realloc_requested_new_bytes":8864,"realloc_old_layout_bytes":4296,"realloc_failed_calls":0,"dealloc_calls":73579,"dealloc_layout_bytes":19090696}
{"phase":"ev_p1","status":"completed"}
{"phase":"br_p0","status":"started"}
{"event":"allocation_counts","schema":"r1-phase-allocation/v1","phase":"br_p0","alloc_calls":23,"alloc_requested_bytes":4088,"alloc_failed_calls":0,"alloc_zeroed_calls":0,"alloc_zeroed_requested_bytes":0,"alloc_zeroed_failed_calls":0,"realloc_calls":20,"realloc_requested_new_bytes":7872,"realloc_old_layout_bytes":3768,"realloc_failed_calls":0,"dealloc_calls":23,"dealloc_layout_bytes":8192}
{"phase":"br_p0","status":"completed"}
{"phase":"br_p1","status":"started"}
{"event":"allocation_counts","schema":"r1-phase-allocation/v1","phase":"br_p1","alloc_calls":27,"alloc_requested_bytes":4688,"alloc_failed_calls":0,"alloc_zeroed_calls":0,"alloc_zeroed_requested_bytes":0,"alloc_zeroed_failed_calls":0,"realloc_calls":23,"realloc_requested_new_bytes":8864,"realloc_old_layout_bytes":4296,"realloc_failed_calls":0,"dealloc_calls":27,"dealloc_layout_bytes":9256}
{"phase":"br_p1","status":"completed"}
{"phase":"exploitability","status":"started"}
{"event":"allocation_counts","schema":"r1-phase-allocation/v1","phase":"exploitability","alloc_calls":73,"alloc_requested_bytes":12864,"alloc_failed_calls":0,"alloc_zeroed_calls":73552,"alloc_zeroed_requested_bytes":21625632,"alloc_zeroed_failed_calls":0,"realloc_calls":63,"realloc_requested_new_bytes":24608,"realloc_old_layout_bytes":11832,"realloc_failed_calls":0,"dealloc_calls":73625,"dealloc_layout_bytes":21651272}
{"phase":"exploitability","status":"completed"}
{"phase":"probe","status":"completed"}
