{"phase":"build","status":"started"}
{"event":"allocation_counts","schema":"r1-phase-allocation/v1","phase":"build","alloc_calls":2786336,"alloc_requested_bytes":69129611,"alloc_failed_calls":0,"alloc_zeroed_calls":3,"alloc_zeroed_requested_bytes":6,"alloc_zeroed_failed_calls":0,"realloc_calls":597065,"realloc_requested_new_bytes":138035534,"realloc_old_layout_bytes":68352607,"realloc_failed_calls":0,"dealloc_calls":2785050,"dealloc_layout_bytes":97854219}
{"phase":"build","status":"completed"}
{"phase":"solver_allocation","status":"started"}
{"event":"allocation_counts","schema":"r1-phase-allocation/v1","phase":"solver_allocation","alloc_calls":1,"alloc_requested_bytes":32,"alloc_failed_calls":0,"alloc_zeroed_calls":2,"alloc_zeroed_requested_bytes":81414144,"alloc_zeroed_failed_calls":0,"realloc_calls":0,"realloc_requested_new_bytes":0,"realloc_old_layout_bytes":0,"realloc_failed_calls":0,"dealloc_calls":0,"dealloc_layout_bytes":0}
{"phase":"solver_allocation","status":"completed"}
{"phase":"cfr","status":"started"}
{"event":"allocation_counts","schema":"r1-phase-allocation/v1","phase":"cfr","alloc_calls":413240,"alloc_requested_bytes":76481832,"alloc_failed_calls":0,"alloc_zeroed_calls":0,"alloc_zeroed_requested_bytes":0,"alloc_zeroed_failed_calls":0,"realloc_calls":296791,"realloc_requested_new_bytes":102544416,"realloc_old_layout_bytes":50843672,"realloc_failed_calls":0,"dealloc_calls":413224,"dealloc_layout_bytes":128178376}
{"phase":"cfr","status":"completed"}
{"phase":"state_write","status":"started"}
{"event":"allocation_counts","schema":"r1-phase-allocation/v1","phase":"state_write","alloc_calls":3,"alloc_requested_bytes":16661,"alloc_failed_calls":0,"alloc_zeroed_calls":0,"alloc_zeroed_requested_bytes":0,"alloc_zeroed_failed_calls":0,"realloc_calls":1,"realloc_requested_new_bytes":170,"realloc_old_layout_bytes":85,"realloc_failed_calls":0,"dealloc_calls":3,"dealloc_layout_bytes":16746}
{"phase":"state_write","status":"completed"}
{"phase":"ev_p0","status":"started"}
{"event":"allocation_counts","schema":"r1-phase-allocation/v1","phase":"ev_p0","alloc_calls":77467,"alloc_requested_bytes":14955580,"alloc_failed_calls":0,"alloc_zeroed_calls":73552,"alloc_zeroed_requested_bytes":21625632,"alloc_zeroed_failed_calls":0,"realloc_calls":37326,"realloc_requested_new_bytes":14156192,"realloc_old_layout_bytes":7078096,"realloc_failed_calls":0,"dealloc_calls":151019,"dealloc_layout_bytes":43659308}
{"phase":"ev_p0","status":"completed"}
{"phase":"ev_p1","status":"started"}
{"event":"allocation_counts","schema":"r1-phase-allocation/v1","phase":"ev_p1","alloc_calls":81505,"alloc_requested_bytes":13738460,"alloc_failed_calls":0,"alloc_zeroed_calls":73552,"alloc_zeroed_requested_bytes":19081440,"alloc_zeroed_failed_calls":0,"realloc_calls":60873,"realloc_requested_new_bytes":22289408,"realloc_old_layout_bytes":11073440,"realloc_failed_calls":0,"dealloc_calls":155057,"dealloc_layout_bytes":44035868}
{"phase":"ev_p1","status":"completed"}
{"phase":"br_p0","status":"started"}
{"event":"allocation_counts","schema":"r1-phase-allocation/v1","phase":"br_p0","alloc_calls":79069,"alloc_requested_bytes":15245452,"alloc_failed_calls":0,"alloc_zeroed_calls":0,"alloc_zeroed_requested_bytes":0,"alloc_zeroed_failed_calls":0,"realloc_calls":37821,"realloc_requested_new_bytes":14307504,"realloc_old_layout_bytes":7153752,"realloc_failed_calls":0,"dealloc_calls":79069,"dealloc_layout_bytes":22399204}
{"phase":"br_p0","status":"completed"}
{"phase":"br_p1","status":"started"}
{"event":"allocation_counts","schema":"r1-phase-allocation/v1","phase":"br_p1","alloc_calls":81645,"alloc_requested_bytes":13771228,"alloc_failed_calls":0,"alloc_zeroed_calls":0,"alloc_zeroed_requested_bytes":0,"alloc_zeroed_failed_calls":0,"realloc_calls":61098,"realloc_requested_new_bytes":22360720,"realloc_old_layout_bytes":11107464,"realloc_failed_calls":0,"dealloc_calls":81645,"dealloc_layout_bytes":25024484}
{"phase":"br_p1","status":"completed"}
{"phase":"exploitability","status":"started"}
{"event":"allocation_counts","schema":"r1-phase-allocation/v1","phase":"exploitability","alloc_calls":235630,"alloc_requested_bytes":43547516,"alloc_failed_calls":0,"alloc_zeroed_calls":73552,"alloc_zeroed_requested_bytes":21625632,"alloc_zeroed_failed_calls":0,"realloc_calls":135608,"realloc_requested_new_bytes":50650248,"realloc_old_layout_bytes":25254064,"realloc_failed_calls":0,"dealloc_calls":309182,"dealloc_layout_bytes":90569332}
{"phase":"exploitability","status":"completed"}
{"phase":"probe","status":"completed"}
