Tree: 5466 decisions, 6131 terminals (0.079s)
Tables: 0.295s; model: 0.003s
L1: 186 leaves; 8052 postflop decisions; 555648 slots; 8890368 storage bytes
Iteration 1: wall 2.039523s; reaches 0.471256; t2 0.026873; t3 0.443694; k4 0.520131; update 0.033292; board preparation 0.018975; postflop 0.432916; evaluation 0.000000
Iteration 2: wall 1.163252s; reaches 0.110552; t2 0.018060; t3 0.266552; k4 0.367739; update 0.033502; board preparation 0.000305; postflop 0.359736; evaluation 0.000000
Iteration 3: wall 1.469503s; reaches 0.106020; t2 0.018326; t3 0.317104; k4 0.503034; update 0.033676; board preparation 0.000304; postflop 0.483905; evaluation 0.000000
Iteration 4: wall 1.422903s; reaches 0.104958; t2 0.018313; t3 0.274754; k4 0.523383; update 0.033385; board preparation 0.000303; postflop 0.460741; evaluation 0.000000
Iteration 5: wall 1.413565s; reaches 0.103582; t2 0.017677; t3 0.253696; k4 0.517249; update 0.033379; board preparation 0.000326; postflop 0.480621; evaluation 0.000000
Iteration 6: wall 1.378712s; reaches 0.103381; t2 0.017404; t3 0.230971; k4 0.487962; update 0.033380; board preparation 0.000332; postflop 0.498246; evaluation 0.000000
Iteration 7: wall 1.386247s; reaches 0.099973; t2 0.017364; t3 0.221541; k4 0.509859; update 0.033351; board preparation 0.000325; postflop 0.496781; evaluation 0.000000
Iteration 8: wall 1.382412s; reaches 0.099387; t2 0.016898; t3 0.205900; k4 0.515894; update 0.033226; board preparation 0.000416; postflop 0.503715; evaluation 0.000000
Iteration 9: wall 1.352865s; reaches 0.098148; t2 0.021641; t3 0.198039; k4 0.492880; update 0.033197; board preparation 0.000393; postflop 0.501687; evaluation 0.000000
Iteration 10: wall 1.372346s; reaches 0.096887; t2 0.021877; t3 0.203325; k4 0.492740; update 0.033274; board preparation 0.000318; postflop 0.517003; evaluation 0.000000
Iteration 11: wall 1.335866s; reaches 0.095455; t2 0.021625; t3 0.196654; k4 0.472027; update 0.033249; board preparation 0.000350; postflop 0.509460; evaluation 0.000000
Iteration 12: wall 1.351483s; reaches 0.093875; t2 0.021398; t3 0.197601; k4 0.467255; update 0.033329; board preparation 0.000330; postflop 0.530724; evaluation 0.000000
Iteration 13: wall 1.333463s; reaches 0.095809; t2 0.021700; t3 0.196009; k4 0.476228; update 0.033173; board preparation 0.000329; postflop 0.503351; evaluation 0.000000
Iteration 14: wall 1.369372s; reaches 0.095444; t2 0.021374; t3 0.190407; k4 0.496691; update 0.033108; board preparation 0.000384; postflop 0.525109; evaluation 0.000000
Iteration 15: wall 1.376217s; reaches 0.094884; t2 0.021802; t3 0.187317; k4 0.512907; update 0.033100; board preparation 0.000314; postflop 0.518994; evaluation 0.000000
Iteration 16: wall 1.347627s; reaches 0.095037; t2 0.021591; t3 0.178289; k4 0.486557; update 0.033043; board preparation 0.000345; postflop 0.525910; evaluation 0.000000
Iteration 17: wall 1.303035s; reaches 0.094599; t2 0.021712; t3 0.181329; k4 0.468293; update 0.033250; board preparation 0.000330; postflop 0.496536; evaluation 0.000000
Iteration 18: wall 1.265270s; reaches 0.094470; t2 0.021903; t3 0.174599; k4 0.440950; update 0.033270; board preparation 0.000329; postflop 0.492924; evaluation 0.000000
Iteration 19: wall 1.290737s; reaches 0.094212; t2 0.021665; t3 0.174294; k4 0.440458; update 0.033389; board preparation 0.000324; postflop 0.519594; evaluation 0.000000
Iteration 20: wall 1.270392s; reaches 0.094808; t2 0.021559; t3 0.169288; k4 0.427507; update 0.033419; board preparation 0.000313; postflop 0.516472; evaluation 0.000000
Iteration 21: wall 1.284030s; reaches 0.092425; t2 0.021363; t3 0.170323; k4 0.439679; update 0.033368; board preparation 0.000337; postflop 0.519523; evaluation 0.000000
Iteration 22: wall 1.289458s; reaches 0.089622; t2 0.021392; t3 0.167776; k4 0.445236; update 0.033143; board preparation 0.000309; postflop 0.525128; evaluation 0.000000
Iteration 23: wall 1.257791s; reaches 0.089513; t2 0.021278; t3 0.165798; k4 0.435926; update 0.033229; board preparation 0.000316; postflop 0.504831; evaluation 0.000000
Iteration 24: wall 1.321759s; reaches 0.089265; t2 0.021344; t3 0.167952; k4 0.480017; update 0.033183; board preparation 0.000321; postflop 0.522859; evaluation 0.000000
Iteration 25: wall 1.329109s; reaches 0.089806; t2 0.021245; t3 0.167918; k4 0.502278; update 0.033174; board preparation 0.000333; postflop 0.507530; evaluation 0.000000
Iteration 26: wall 1.328906s; reaches 0.090485; t2 0.021346; t3 0.167835; k4 0.493360; update 0.032988; board preparation 0.000342; postflop 0.515626; evaluation 0.000000
Iteration 27: wall 1.303777s; reaches 0.089721; t2 0.021386; t3 0.163820; k4 0.469688; update 0.033235; board preparation 0.000343; postflop 0.518643; evaluation 0.000000
Iteration 28: wall 1.269585s; reaches 0.090322; t2 0.021315; t3 0.160340; k4 0.454608; update 0.033197; board preparation 0.000504; postflop 0.502281; evaluation 0.000000
Iteration 29: wall 1.319705s; reaches 0.089957; t2 0.021256; t3 0.160251; k4 0.488219; update 0.033242; board preparation 0.000360; postflop 0.519545; evaluation 0.000000
Iteration 30: wall 1.326055s; reaches 0.091472; t2 0.021150; t3 0.158209; k4 0.480814; update 0.033150; board preparation 0.000318; postflop 0.518308; evaluation 0.000000
Iterations: 30; reached target: false; solve phases Timings { trunk: SolveTimings { reaches: 3.245326749999999, t2: 0.6238355340000002, t3: 6.111582763999998, k4: 14.309569119000003, update: 0.9979028849999995, evaluation: 0.0 }, board_preparation: 0.02882864099999999, postflop: 15.028698843999996, evaluation_board_preparation: 1.8e-7 }
