[
  {
    "endTime": "2026-09-25T09:07:30.096-07:00",
    "id": "5461129741125493470",
    "insertTime": "2026-09-25T09:07:13.963-07:00",
    "kind": "compute#operation",
    "name": "operation-1790352433275-65c50e8cee3b2-1a954472-00700c36",
    "operationType": "insert",
    "progress": 100,
    "selfLink": "https://www.googleapis.com/compute/v1/projects/solvers-abstraction-20260723/zones/us-central1-b/operations/operation-1790352433275-65c50e8cee3b2-1a954472-00700c36",
    "startTime": "2026-09-25T09:07:13.984-07:00",
    "status": "DONE",
    "targetId": "1627891813360280286",
    "targetLink": "https://www.googleapis.com/compute/v1/projects/solvers-abstraction-20260723/zones/us-central1-b/instances/solvers-r1-20260925-05",
    "user": "hi089697@gmail.com",
    "warnings": [
      {
        "code": "DISK_SIZE_LARGER_THAN_IMAGE_SIZE",
        "data": [
          {
            "key": "disk_size_gb",
            "value": "100"
          },
          {
            "key": "image_size_gb",
            "value": "10"
          }
        ],
        "message": "Disk size: '100 GB' is larger than image size: '10 GB'. You might need to resize the root repartition manually if the operating system does not support automatic resizing. See https://cloud.google.com/compute/docs/disks/add-persistent-disk#resize_pd for details."
      }
    ],
    "zone": "https://www.googleapis.com/compute/v1/projects/solvers-abstraction-20260723/zones/us-central1-b"
  },
  {
    "endTime": "2026-09-25T10:05:35.687-07:00",
    "id": "5010264316572276537",
    "insertTime": "2026-09-25T10:05:26.104-07:00",
    "kind": "compute#operation",
    "name": "systemevent-1790355925894-65c51b8fc0561-b75e619e-000e48ce",
    "operationType": "compute.instances.preempted",
    "progress": 100,
    "selfLink": "https://www.googleapis.com/compute/v1/projects/solvers-abstraction-20260723/zones/us-central1-b/operations/systemevent-1790355925894-65c51b8fc0561-b75e619e-000e48ce",
    "startTime": "2026-09-25T10:05:26.123-07:00",
    "status": "DONE",
    "statusMessage": "Instance was preempted.",
    "targetId": "1627891813360280286",
    "targetLink": "https://www.googleapis.com/compute/v1/projects/solvers-abstraction-20260723/zones/us-central1-b/instances/solvers-r1-20260925-05",
    "user": "system",
    "zone": "https://www.googleapis.com/compute/v1/projects/solvers-abstraction-20260723/zones/us-central1-b"
  }
]
