Tree: 6845 decisions, 7801 terminals (1.913s)
Tables: 0.212s; model: 0.009s
L1: 304 leaves; 20748 postflop decisions; 6003200 slots; 96051200 storage bytes
Checkpoint 0: NashConv 66.292658069568; held 66.292655379267; auxiliary 73.147066552885; auxiliary held 73.145859846970; gains [11.180454561773105, 10.372061474272238, 9.826474899300813, 11.454264016129912, 11.683542156658003, 11.775860961433814]; held gains [11.180454561773107, 10.372061436744858, 9.826472721516833, 11.454263731135931, 11.683541966662002, 11.775860961433814]; auxiliary gains [12.05739153734789, 11.806423015010557, 12.060345880102728, 12.294824831070315, 12.653003267085486, 12.275078022267921]; auxiliary held gains [12.057366325158622, 11.806385803657978, 12.060211457769961, 12.294660331769471, 12.65217227489876, 12.275063653715197]; evaluation 210.600248s
Iteration 10: wall 6.196839s; reaches 0.112731; t2 0.062773; t3 1.081254; k4 1.308487; update 0.057755; board preparation 0.000566; postflop 3.545401; evaluation 0.000000
Iteration 20: wall 6.104019s; reaches 0.101461; t2 0.060134; t3 1.034784; k4 1.381082; update 0.060580; board preparation 0.000556; postflop 3.439358; evaluation 0.000000
Iteration 30: wall 5.727237s; reaches 0.109464; t2 0.062651; t3 0.790047; k4 1.236241; update 0.064531; board preparation 0.000622; postflop 3.436977; evaluation 0.000000
Iteration 40: wall 5.696263s; reaches 0.119963; t2 0.060199; t3 0.713733; k4 1.125649; update 0.061650; board preparation 0.000559; postflop 3.590049; evaluation 0.000000
Iteration 50: wall 6.276069s; reaches 0.107706; t2 0.063576; t3 0.731182; k4 1.394392; update 0.062307; board preparation 0.000639; postflop 3.887656; evaluation 0.000000
Iteration 60: wall 4.677861s; reaches 0.087033; t2 0.049920; t3 0.511008; k4 0.948226; update 0.048643; board preparation 0.000667; postflop 3.008844; evaluation 0.000000
Iteration 70: wall 4.837819s; reaches 0.098585; t2 0.050683; t3 0.509802; k4 0.926760; update 0.055747; board preparation 0.000626; postflop 3.173350; evaluation 0.000000
Iteration 80: wall 4.503087s; reaches 0.088128; t2 0.047654; t3 0.473104; k4 0.846336; update 0.050093; board preparation 0.000571; postflop 2.974991; evaluation 0.000000
Iteration 90: wall 4.743847s; reaches 0.087157; t2 0.048958; t3 0.458356; k4 0.869554; update 0.052414; board preparation 0.000788; postflop 3.203647; evaluation 0.000000
Iteration 100: wall 4.506240s; reaches 0.088551; t2 0.048598; t3 0.437863; k4 0.809499; update 0.051423; board preparation 0.000570; postflop 3.046527; evaluation 0.000000
Iteration 110: wall 4.807400s; reaches 0.092998; t2 0.055225; t3 0.480423; k4 0.857422; update 0.059528; board preparation 0.000554; postflop 3.238210; evaluation 0.000000
Iteration 120: wall 5.001268s; reaches 0.089239; t2 0.052770; t3 0.469412; k4 0.958103; update 0.055763; board preparation 0.000770; postflop 3.351612; evaluation 0.000000
Iteration 130: wall 5.448119s; reaches 0.096113; t2 0.060389; t3 0.525568; k4 1.050742; update 0.054765; board preparation 0.000663; postflop 3.630148; evaluation 0.000000
Iteration 140: wall 5.506991s; reaches 0.100325; t2 0.057796; t3 0.518396; k4 1.009676; update 0.053826; board preparation 0.000797; postflop 3.739127; evaluation 0.000000
Iteration 150: wall 5.199501s; reaches 0.095078; t2 0.063965; t3 0.496296; k4 0.970249; update 0.054618; board preparation 0.001064; postflop 3.490164; evaluation 0.000000
Iteration 160: wall 4.746086s; reaches 0.082816; t2 0.050048; t3 0.417198; k4 0.831407; update 0.054342; board preparation 0.000555; postflop 3.285868; evaluation 0.000000
Iteration 170: wall 4.303538s; reaches 0.078659; t2 0.049794; t3 0.408624; k4 0.747105; update 0.048707; board preparation 0.000869; postflop 2.947767; evaluation 0.000000
Iteration 180: wall 6.460723s; reaches 0.151308; t2 0.070271; t3 0.639670; k4 1.251994; update 0.088626; board preparation 0.001758; postflop 4.228378; evaluation 0.000000
Iteration 190: wall 9.533359s; reaches 0.229134; t2 0.165647; t3 0.872761; k4 1.848706; update 0.126486; board preparation 0.005028; postflop 6.238526; evaluation 0.000000
Iteration 200: wall 7.646800s; reaches 0.169329; t2 0.155391; t3 0.751537; k4 1.483365; update 0.120969; board preparation 0.006883; postflop 4.910027; evaluation 0.000000
Iteration 210: wall 9.344043s; reaches 0.247590; t2 0.153696; t3 0.882166; k4 1.647478; update 0.097374; board preparation 0.004898; postflop 6.275379; evaluation 0.000000
Iteration 220: wall 9.487965s; reaches 0.272808; t2 0.141322; t3 1.073137; k4 1.757913; update 0.097876; board preparation 0.004904; postflop 6.098097; evaluation 0.000000
Iteration 230: wall 10.002512s; reaches 0.287579; t2 0.161987; t3 0.993073; k4 1.936762; update 0.105667; board preparation 0.006708; postflop 6.471771; evaluation 0.000000
Iteration 240: wall 7.516456s; reaches 0.227714; t2 0.147996; t3 0.683162; k4 1.443746; update 0.134198; board preparation 0.005828; postflop 4.829853; evaluation 0.000000
Iteration 250: wall 11.473849s; reaches 0.277669; t2 0.194525; t3 1.305144; k4 2.221720; update 0.096229; board preparation 0.005009; postflop 7.332187; evaluation 0.000000
Iteration 260: wall 7.253189s; reaches 0.126695; t2 0.065999; t3 0.688787; k4 1.476041; update 0.051863; board preparation 0.000873; postflop 4.804232; evaluation 0.000000
Iteration 270: wall 12.148688s; reaches 0.434802; t2 0.165660; t3 1.771362; k4 2.026997; update 0.084234; board preparation 0.003226; postflop 7.625925; evaluation 0.000000
Iteration 280: wall 11.889997s; reaches 0.218298; t2 0.166524; t3 0.871228; k4 2.431507; update 0.123569; board preparation 0.000874; postflop 8.014024; evaluation 0.000000
Iteration 290: wall 9.153441s; reaches 0.260516; t2 0.160542; t3 0.922987; k4 1.904358; update 0.138934; board preparation 0.000707; postflop 5.712116; evaluation 0.000000
Iteration 300: wall 8.421728s; reaches 0.229021; t2 0.165505; t3 0.816041; k4 1.913190; update 0.130914; board preparation 0.006041; postflop 5.117476; evaluation 0.000000
Iteration 310: wall 10.667290s; reaches 0.179784; t2 0.102975; t3 0.903593; k4 1.953811; update 0.550723; board preparation 0.005924; postflop 6.938101; evaluation 0.000000
Iteration 320: wall 9.129636s; reaches 0.246450; t2 0.158328; t3 0.791800; k4 1.676096; update 0.088782; board preparation 0.004353; postflop 6.132435; evaluation 0.000000
Iteration 330: wall 6.067839s; reaches 0.107504; t2 0.053055; t3 0.493197; k4 1.120824; update 0.055402; board preparation 0.000746; postflop 4.213587; evaluation 0.000000
Iteration 340: wall 9.509913s; reaches 0.224082; t2 0.154370; t3 0.793826; k4 1.829383; update 0.125883; board preparation 0.000584; postflop 6.335379; evaluation 0.000000
Iteration 350: wall 13.959289s; reaches 0.338219; t2 0.121680; t3 0.740481; k4 1.601006; update 0.166025; board preparation 0.000948; postflop 10.954187; evaluation 0.000000
Iteration 360: wall 11.115985s; reaches 0.185553; t2 0.179277; t3 0.964772; k4 2.189607; update 0.129584; board preparation 0.006868; postflop 7.425009; evaluation 0.000000
Iteration 370: wall 8.926633s; reaches 0.811654; t2 0.136553; t3 0.721717; k4 1.453718; update 0.131725; board preparation 0.006842; postflop 5.615390; evaluation 0.000000
Iteration 380: wall 7.894508s; reaches 0.177811; t2 0.105326; t3 0.516740; k4 1.428541; update 0.125445; board preparation 0.008537; postflop 5.484812; evaluation 0.000000
Iteration 390: wall 9.240459s; reaches 0.251179; t2 0.169509; t3 0.972414; k4 1.574103; update 0.095235; board preparation 0.006953; postflop 6.133164; evaluation 0.000000
Iteration 400: wall 5.872225s; reaches 0.111553; t2 0.084178; t3 0.500404; k4 1.063812; update 0.075525; board preparation 0.001328; postflop 4.003173; evaluation 0.000000
Iteration 410: wall 4.202127s; reaches 0.080374; t2 0.048166; t3 0.359232; k4 0.708818; update 0.047876; board preparation 0.000646; postflop 2.935475; evaluation 0.000000
Iteration 420: wall 4.444854s; reaches 0.078889; t2 0.044012; t3 0.339429; k4 0.721699; update 0.049095; board preparation 0.000577; postflop 3.191118; evaluation 0.000000
Iteration 430: wall 4.347172s; reaches 0.081913; t2 0.043797; t3 0.346627; k4 0.746409; update 0.050960; board preparation 0.000570; postflop 3.055533; evaluation 0.000000
Iteration 440: wall 7.723185s; reaches 0.158144; t2 0.062376; t3 0.785753; k4 1.468997; update 0.061055; board preparation 0.001504; postflop 5.160026; evaluation 0.000000
Iteration 450: wall 4.284089s; reaches 0.083513; t2 0.046088; t3 0.357606; k4 0.784895; update 0.045088; board preparation 0.000538; postflop 2.944232; evaluation 0.000000
Iteration 460: wall 3.915517s; reaches 0.074995; t2 0.042503; t3 0.338386; k4 0.675772; update 0.045833; board preparation 0.000571; postflop 2.717066; evaluation 0.000000
Iteration 470: wall 4.421306s; reaches 0.084099; t2 0.047463; t3 0.398574; k4 0.782541; update 0.042257; board preparation 0.000696; postflop 3.043343; evaluation 0.000000
Iteration 480: wall 3.751472s; reaches 0.078069; t2 0.043306; t3 0.332579; k4 0.668160; update 0.043612; board preparation 0.000550; postflop 2.563502; evaluation 0.000000
Iteration 490: wall 13.198099s; reaches 0.782301; t2 0.107548; t3 1.501900; k4 2.052973; update 0.084035; board preparation 0.000848; postflop 8.502819; evaluation 0.000000
Iteration 500: wall 380.480935s; reaches 0.309896; t2 0.137169; t3 0.984674; k4 1.429080; update 0.087305; board preparation 0.000855; postflop 5.964493; evaluation 371.432174
Checkpoint 500: NashConv 0.026819385720; held 0.003400455148; auxiliary 17.215941866957; auxiliary held 17.209878294905; gains [0.002329070217299445, 0.00448055411060716, 0.008481613172585223, 0.0032797328883758248, 0.0032479315895223293, 0.0050004837417224335]; held gains [-0.001255046041676991, 0.001507303514575814, 0.0026380556732383265, 7.543509938769122e-5, -0.00043841181131069884, 0.0008731187134067009]; auxiliary gains [2.6050077269302685, 2.945121759983915, 2.782085849626726, 2.963521762033504, 2.973670771021675, 2.946533997361038]; auxiliary held gains [2.6046621994127106, 2.945005388204614, 2.776932903457504, 2.9634106823331097, 2.973501770349543, 2.946365351147409]; evaluation 371.432174s
Iteration 510: wall 4.086972s; reaches 0.079813; t2 0.051426; t3 0.381837; k4 0.702282; update 0.062499; board preparation 0.000734; postflop 2.782947; evaluation 0.000000
Iteration 520: wall 3.680113s; reaches 0.072184; t2 0.046650; t3 0.327232; k4 0.653719; update 0.045073; board preparation 0.000605; postflop 2.512186; evaluation 0.000000
Iteration 530: wall 3.699333s; reaches 0.074485; t2 0.044728; t3 0.326495; k4 0.643216; update 0.043269; board preparation 0.000584; postflop 2.545604; evaluation 0.000000
Iteration 540: wall 4.274859s; reaches 0.083835; t2 0.053298; t3 0.391241; k4 0.768878; update 0.048259; board preparation 0.000585; postflop 2.905505; evaluation 0.000000
Iteration 550: wall 4.091845s; reaches 0.081278; t2 0.054539; t3 0.376708; k4 0.792383; update 0.048529; board preparation 0.000567; postflop 2.714207; evaluation 0.000000
Iteration 560: wall 4.068843s; reaches 0.079506; t2 0.054526; t3 0.374756; k4 0.729685; update 0.058397; board preparation 0.000612; postflop 2.748094; evaluation 0.000000
Iteration 570: wall 4.194041s; reaches 0.078138; t2 0.058644; t3 0.396727; k4 0.779422; update 0.046654; board preparation 0.000621; postflop 2.800948; evaluation 0.000000
Iteration 580: wall 3.696604s; reaches 0.074095; t2 0.044529; t3 0.324418; k4 0.649187; update 0.045076; board preparation 0.000642; postflop 2.537418; evaluation 0.000000
Iteration 590: wall 3.978630s; reaches 0.077030; t2 0.047071; t3 0.356599; k4 0.705913; update 0.048220; board preparation 0.000569; postflop 2.721098; evaluation 0.000000
Iteration 600: wall 3.853795s; reaches 0.074794; t2 0.045255; t3 0.338805; k4 0.674686; update 0.044654; board preparation 0.000555; postflop 2.653655; evaluation 0.000000
Iteration 610: wall 4.731925s; reaches 0.088462; t2 0.054414; t3 0.401773; k4 0.858722; update 0.061378; board preparation 0.000582; postflop 3.241460; evaluation 0.000000
Iteration 620: wall 3.842642s; reaches 0.075173; t2 0.046101; t3 0.344186; k4 0.676573; update 0.049667; board preparation 0.000598; postflop 2.628617; evaluation 0.000000
Iteration 630: wall 3.635562s; reaches 0.072598; t2 0.048803; t3 0.315193; k4 0.619946; update 0.049922; board preparation 0.000550; postflop 2.505560; evaluation 0.000000
Iteration 640: wall 3.623452s; reaches 0.070121; t2 0.048492; t3 0.329113; k4 0.609119; update 0.044466; board preparation 0.000600; postflop 2.497173; evaluation 0.000000
Iteration 650: wall 3.873792s; reaches 0.074573; t2 0.050987; t3 0.342953; k4 0.666138; update 0.046712; board preparation 0.000551; postflop 2.667013; evaluation 0.000000
Iteration 660: wall 3.988974s; reaches 0.076426; t2 0.048993; t3 0.347040; k4 0.669047; update 0.047686; board preparation 0.000595; postflop 2.776955; evaluation 0.000000
Iteration 670: wall 3.581745s; reaches 0.076064; t2 0.049673; t3 0.321201; k4 0.595534; update 0.050086; board preparation 0.000651; postflop 2.466896; evaluation 0.000000
Iteration 680: wall 3.603897s; reaches 0.075544; t2 0.050928; t3 0.314758; k4 0.616649; update 0.044840; board preparation 0.000571; postflop 2.476051; evaluation 0.000000
Iteration 690: wall 4.144804s; reaches 0.079092; t2 0.052248; t3 0.367630; k4 0.744629; update 0.049040; board preparation 0.000666; postflop 2.828800; evaluation 0.000000
Iteration 700: wall 4.008492s; reaches 0.086629; t2 0.048841; t3 0.374559; k4 0.695082; update 0.057877; board preparation 0.000587; postflop 2.721967; evaluation 0.000000
Iteration 710: wall 3.715020s; reaches 0.074292; t2 0.047908; t3 0.328653; k4 0.631267; update 0.049927; board preparation 0.000549; postflop 2.560679; evaluation 0.000000
Iteration 720: wall 3.672515s; reaches 0.078956; t2 0.048878; t3 0.333366; k4 0.648309; update 0.048813; board preparation 0.000577; postflop 2.491412; evaluation 0.000000
Iteration 730: wall 3.868121s; reaches 0.079179; t2 0.051843; t3 0.354136; k4 0.679837; update 0.056847; board preparation 0.000593; postflop 2.623146; evaluation 0.000000
Iteration 740: wall 3.892391s; reaches 0.074954; t2 0.048748; t3 0.353235; k4 0.653365; update 0.045454; board preparation 0.000605; postflop 2.693082; evaluation 0.000000
Iteration 750: wall 4.174982s; reaches 0.085521; t2 0.059998; t3 0.427777; k4 0.714430; update 0.058265; board preparation 0.000559; postflop 2.803039; evaluation 0.000000
Iteration 760: wall 3.726978s; reaches 0.071977; t2 0.049687; t3 0.340107; k4 0.652967; update 0.047061; board preparation 0.000610; postflop 2.542525; evaluation 0.000000
Iteration 770: wall 4.169348s; reaches 0.084345; t2 0.056883; t3 0.387879; k4 0.711889; update 0.066771; board preparation 0.000652; postflop 2.836525; evaluation 0.000000
Iteration 780: wall 4.088452s; reaches 0.083693; t2 0.053728; t3 0.371132; k4 0.705233; update 0.049235; board preparation 0.000812; postflop 2.801508; evaluation 0.000000
Iteration 790: wall 3.943187s; reaches 0.078726; t2 0.051636; t3 0.370242; k4 0.687172; update 0.049014; board preparation 0.000682; postflop 2.683398; evaluation 0.000000
Iteration 800: wall 3.539874s; reaches 0.071001; t2 0.048845; t3 0.327247; k4 0.594612; update 0.044335; board preparation 0.000520; postflop 2.428729; evaluation 0.000000
Iteration 810: wall 3.399031s; reaches 0.069546; t2 0.045664; t3 0.306672; k4 0.551747; update 0.047496; board preparation 0.000548; postflop 2.355848; evaluation 0.000000
Iteration 820: wall 3.701309s; reaches 0.073266; t2 0.044783; t3 0.344012; k4 0.597699; update 0.048167; board preparation 0.000554; postflop 2.571939; evaluation 0.000000
Iteration 830: wall 3.433322s; reaches 0.069229; t2 0.043172; t3 0.322545; k4 0.596098; update 0.043605; board preparation 0.000547; postflop 2.336458; evaluation 0.000000
Iteration 840: wall 5.601677s; reaches 0.126629; t2 0.091273; t3 0.502743; k4 1.052564; update 0.075527; board preparation 0.000900; postflop 3.719697; evaluation 0.000000
Iteration 850: wall 3.225220s; reaches 0.068750; t2 0.042432; t3 0.292439; k4 0.521953; update 0.042745; board preparation 0.000518; postflop 2.235693; evaluation 0.000000
Iteration 860: wall 3.385772s; reaches 0.073257; t2 0.045891; t3 0.308939; k4 0.558702; update 0.044475; board preparation 0.000561; postflop 2.332216; evaluation 0.000000
Iteration 870: wall 3.537751s; reaches 0.070535; t2 0.043210; t3 0.328472; k4 0.602673; update 0.046301; board preparation 0.000577; postflop 2.425012; evaluation 0.000000
Iteration 880: wall 3.712260s; reaches 0.082758; t2 0.047495; t3 0.330772; k4 0.645447; update 0.052819; board preparation 0.000594; postflop 2.529627; evaluation 0.000000
Iteration 890: wall 3.820258s; reaches 0.072033; t2 0.044393; t3 0.327843; k4 0.629347; update 0.043923; board preparation 0.000544; postflop 2.681222; evaluation 0.000000
Iteration 900: wall 3.589647s; reaches 0.075518; t2 0.047221; t3 0.327739; k4 0.594432; update 0.053976; board preparation 0.000542; postflop 2.468241; evaluation 0.000000
Iteration 910: wall 4.039282s; reaches 0.080237; t2 0.047178; t3 0.347920; k4 0.709365; update 0.050680; board preparation 0.000596; postflop 2.780788; evaluation 0.000000
Iteration 920: wall 3.472558s; reaches 0.071422; t2 0.044963; t3 0.302674; k4 0.581216; update 0.042010; board preparation 0.000702; postflop 2.408466; evaluation 0.000000
Iteration 930: wall 3.591627s; reaches 0.087775; t2 0.045368; t3 0.330519; k4 0.614409; update 0.047907; board preparation 0.000674; postflop 2.443491; evaluation 0.000000
Iteration 940: wall 3.554767s; reaches 0.078055; t2 0.043204; t3 0.313216; k4 0.589913; update 0.042675; board preparation 0.000545; postflop 2.465952; evaluation 0.000000
Iteration 950: wall 3.691778s; reaches 0.075325; t2 0.043146; t3 0.328583; k4 0.641551; update 0.045957; board preparation 0.000584; postflop 2.535645; evaluation 0.000000
Iteration 960: wall 3.086313s; reaches 0.068007; t2 0.040861; t3 0.281786; k4 0.499495; update 0.044634; board preparation 0.000623; postflop 2.130910; evaluation 0.000000
Iteration 970: wall 3.134938s; reaches 0.065807; t2 0.041291; t3 0.285759; k4 0.497648; update 0.043073; board preparation 0.000526; postflop 2.180459; evaluation 0.000000
Iteration 980: wall 3.759168s; reaches 0.074936; t2 0.051252; t3 0.338467; k4 0.626791; update 0.053225; board preparation 0.000664; postflop 2.590172; evaluation 0.000000
Iteration 990: wall 3.825421s; reaches 0.074699; t2 0.047566; t3 0.355094; k4 0.634242; update 0.046526; board preparation 0.000728; postflop 2.645435; evaluation 0.000000
Iteration 1000: wall 670.273111s; reaches 0.077705; t2 0.052309; t3 0.332945; k4 0.618714; update 0.043090; board preparation 0.000649; postflop 2.547532; evaluation 666.529995
Checkpoint 1000: NashConv 0.016720897962; held -0.008270181938; auxiliary 18.453475287064; auxiliary held 18.447048688416; gains [0.0017744509957376975, 0.002736147864928984, 0.004405102241218706, 0.002465648489810693, 0.0024872586076137015, 0.00285228976288196]; held gains [-0.0026070477195779956, -0.00041080663278156293, -0.0014916516788209822, -0.0005076565429293148, -0.001301300644809017, -0.0019517187191861601]; auxiliary gains [2.8127079193013045, 3.1813393751018073, 2.938455714551505, 3.115773949349126, 3.213039491964129, 3.192158836796592]; auxiliary held gains [2.8124869883208516, 3.18107850535438, 2.932882373463703, 3.115669051656777, 3.2129531665420936, 3.1919786030783515]; evaluation 666.529995s
Iteration 1010: wall 14.723292s; reaches 0.390653; t2 0.245291; t3 1.361575; k4 2.912933; update 0.176059; board preparation 0.001655; postflop 9.561707; evaluation 0.000000
Iteration 1020: wall 14.156583s; reaches 0.243472; t2 0.150296; t3 1.300209; k4 2.580593; update 0.110598; board preparation 0.005085; postflop 9.724900; evaluation 0.000000
Iteration 1030: wall 7.170434s; reaches 0.116137; t2 0.086825; t3 0.713333; k4 1.393206; update 0.066588; board preparation 0.001622; postflop 4.761572; evaluation 0.000000
Iteration 1040: wall 10.514206s; reaches 0.349026; t2 0.067948; t3 0.635284; k4 3.701022; update 0.057755; board preparation 0.002695; postflop 5.671917; evaluation 0.000000
Iteration 1050: wall 3.470060s; reaches 0.072657; t2 0.043926; t3 0.309962; k4 0.539799; update 0.043728; board preparation 0.000573; postflop 2.438887; evaluation 0.000000
Iteration 1060: wall 3.544511s; reaches 0.071365; t2 0.047112; t3 0.324745; k4 0.574653; update 0.046952; board preparation 0.000575; postflop 2.458069; evaluation 0.000000
Iteration 1070: wall 3.165789s; reaches 0.066054; t2 0.045340; t3 0.290657; k4 0.500361; update 0.043681; board preparation 0.000572; postflop 2.198799; evaluation 0.000000
Iteration 1080: wall 3.675887s; reaches 0.077553; t2 0.046092; t3 0.352716; k4 0.645985; update 0.047965; board preparation 0.000577; postflop 2.483406; evaluation 0.000000
Iteration 1090: wall 3.459703s; reaches 0.070789; t2 0.042612; t3 0.310932; k4 0.565696; update 0.042760; board preparation 0.000561; postflop 2.405121; evaluation 0.000000
Iteration 1100: wall 3.217115s; reaches 0.071361; t2 0.043796; t3 0.301904; k4 0.519192; update 0.044851; board preparation 0.000541; postflop 2.213928; evaluation 0.000000
Iteration 1110: wall 3.332575s; reaches 0.073192; t2 0.044279; t3 0.314438; k4 0.526364; update 0.046248; board preparation 0.000600; postflop 2.304869; evaluation 0.000000
Iteration 1120: wall 3.178751s; reaches 0.067654; t2 0.044857; t3 0.295681; k4 0.524265; update 0.045690; board preparation 0.000566; postflop 2.178633; evaluation 0.000000
Iteration 1130: wall 3.142807s; reaches 0.068089; t2 0.042299; t3 0.290199; k4 0.501793; update 0.045664; board preparation 0.000537; postflop 2.173118; evaluation 0.000000
Iteration 1140: wall 3.094563s; reaches 0.066553; t2 0.041697; t3 0.288222; k4 0.506862; update 0.043606; board preparation 0.000559; postflop 2.126733; evaluation 0.000000
Iteration 1150: wall 3.287491s; reaches 0.069972; t2 0.045725; t3 0.317192; k4 0.539860; update 0.046182; board preparation 0.000541; postflop 2.246841; evaluation 0.000000
Iteration 1160: wall 3.211231s; reaches 0.068591; t2 0.042469; t3 0.296549; k4 0.511297; update 0.043915; board preparation 0.000572; postflop 2.226627; evaluation 0.000000
Iteration 1170: wall 3.147210s; reaches 0.068259; t2 0.043021; t3 0.287406; k4 0.491712; update 0.047920; board preparation 0.000668; postflop 2.187909; evaluation 0.000000
Iteration 1180: wall 3.416594s; reaches 0.081096; t2 0.046182; t3 0.324619; k4 0.561604; update 0.046609; board preparation 0.000534; postflop 2.334263; evaluation 0.000000
Iteration 1190: wall 3.163273s; reaches 0.065387; t2 0.042724; t3 0.280545; k4 0.519684; update 0.041770; board preparation 0.000544; postflop 2.192516; evaluation 0.000000
Iteration 1200: wall 3.107938s; reaches 0.065301; t2 0.042447; t3 0.281616; k4 0.506378; update 0.041581; board preparation 0.000549; postflop 2.149544; evaluation 0.000000
Iteration 1210: wall 3.043569s; reaches 0.064634; t2 0.041349; t3 0.285878; k4 0.510798; update 0.041743; board preparation 0.000689; postflop 2.078488; evaluation 0.000000
Iteration 1220: wall 3.100753s; reaches 0.065543; t2 0.040901; t3 0.287824; k4 0.499231; update 0.044843; board preparation 0.000555; postflop 2.141611; evaluation 0.000000
Iteration 1230: wall 3.114540s; reaches 0.068360; t2 0.043610; t3 0.286444; k4 0.515787; update 0.045063; board preparation 0.000566; postflop 2.133129; evaluation 0.000000
Iteration 1240: wall 3.311336s; reaches 0.071716; t2 0.044797; t3 0.307217; k4 0.540197; update 0.048998; board preparation 0.000723; postflop 2.276510; evaluation 0.000000
Iteration 1250: wall 3.087466s; reaches 0.067439; t2 0.044197; t3 0.295663; k4 0.516287; update 0.041805; board preparation 0.000586; postflop 2.100510; evaluation 0.000000
Iteration 1260: wall 3.465584s; reaches 0.075512; t2 0.045519; t3 0.325864; k4 0.594903; update 0.047434; board preparation 0.000642; postflop 2.354411; evaluation 0.000000
Iteration 1270: wall 3.137407s; reaches 0.067744; t2 0.041032; t3 0.283746; k4 0.495542; update 0.043774; board preparation 0.000528; postflop 2.184966; evaluation 0.000000
Iteration 1280: wall 3.090157s; reaches 0.066236; t2 0.041513; t3 0.288931; k4 0.501223; update 0.041847; board preparation 0.000562; postflop 2.129252; evaluation 0.000000
Iteration 1290: wall 3.461840s; reaches 0.076789; t2 0.044926; t3 0.315915; k4 0.560844; update 0.047956; board preparation 0.000638; postflop 2.393539; evaluation 0.000000
Iteration 1300: wall 3.315917s; reaches 0.073901; t2 0.043530; t3 0.312114; k4 0.561602; update 0.047072; board preparation 0.000513; postflop 2.255525; evaluation 0.000000
Iteration 1310: wall 3.145889s; reaches 0.066618; t2 0.042564; t3 0.294810; k4 0.518826; update 0.045538; board preparation 0.000583; postflop 2.156813; evaluation 0.000000
Iteration 1320: wall 3.151494s; reaches 0.070156; t2 0.041555; t3 0.298069; k4 0.514599; update 0.043703; board preparation 0.000643; postflop 2.161563; evaluation 0.000000
Iteration 1330: wall 3.074270s; reaches 0.065437; t2 0.042460; t3 0.292382; k4 0.488642; update 0.042239; board preparation 0.000545; postflop 2.121911; evaluation 0.000000
Iteration 1340: wall 3.401864s; reaches 0.069669; t2 0.043568; t3 0.305143; k4 0.575495; update 0.043745; board preparation 0.000565; postflop 2.341841; evaluation 0.000000
Iteration 1350: wall 3.661305s; reaches 0.076548; t2 0.050995; t3 0.358739; k4 0.637024; update 0.046097; board preparation 0.000754; postflop 2.467771; evaluation 0.000000
Iteration 1360: wall 3.101142s; reaches 0.073068; t2 0.042047; t3 0.284875; k4 0.505569; update 0.045839; board preparation 0.000511; postflop 2.128662; evaluation 0.000000
Iteration 1370: wall 3.276620s; reaches 0.075115; t2 0.045010; t3 0.323982; k4 0.568589; update 0.045948; board preparation 0.000512; postflop 2.196074; evaluation 0.000000
Iteration 1380: wall 3.306321s; reaches 0.072730; t2 0.044537; t3 0.317329; k4 0.537047; update 0.042970; board preparation 0.000561; postflop 2.270449; evaluation 0.000000
Iteration 1390: wall 3.743691s; reaches 0.072344; t2 0.048895; t3 0.362925; k4 0.710204; update 0.045503; board preparation 0.000600; postflop 2.481006; evaluation 0.000000
Iteration 1400: wall 3.370725s; reaches 0.070447; t2 0.045035; t3 0.308050; k4 0.570732; update 0.041839; board preparation 0.000529; postflop 2.313332; evaluation 0.000000
Iteration 1410: wall 3.068217s; reaches 0.066138; t2 0.042500; t3 0.278615; k4 0.505549; update 0.042177; board preparation 0.000553; postflop 2.111879; evaluation 0.000000
Iteration 1420: wall 3.462183s; reaches 0.076116; t2 0.045681; t3 0.310874; k4 0.558365; update 0.046384; board preparation 0.000579; postflop 2.401698; evaluation 0.000000
Iteration 1430: wall 3.422458s; reaches 0.074093; t2 0.043465; t3 0.310681; k4 0.554335; update 0.048497; board preparation 0.000539; postflop 2.369228; evaluation 0.000000
Iteration 1440: wall 3.095383s; reaches 0.066372; t2 0.041833; t3 0.284288; k4 0.479730; update 0.041763; board preparation 0.000563; postflop 2.160060; evaluation 0.000000
Iteration 1450: wall 3.250167s; reaches 0.072397; t2 0.042690; t3 0.294490; k4 0.528441; update 0.043988; board preparation 0.000565; postflop 2.246673; evaluation 0.000000
Iteration 1460: wall 3.840302s; reaches 0.080810; t2 0.053895; t3 0.382269; k4 0.610247; update 0.045355; board preparation 0.000540; postflop 2.645225; evaluation 0.000000
Iteration 1470: wall 3.357904s; reaches 0.071046; t2 0.042804; t3 0.307678; k4 0.558894; update 0.044615; board preparation 0.000538; postflop 2.311715; evaluation 0.000000
Iteration 1480: wall 3.473090s; reaches 0.073201; t2 0.046798; t3 0.347362; k4 0.728913; update 0.044736; board preparation 0.000570; postflop 2.210556; evaluation 0.000000
Iteration 1490: wall 3.474449s; reaches 0.077885; t2 0.049311; t3 0.322821; k4 0.609847; update 0.052268; board preparation 0.000568; postflop 2.339225; evaluation 0.000000
Iteration 1500: wall 171.606897s; reaches 0.084819; t2 0.048757; t3 0.325280; k4 0.567156; update 0.049489; board preparation 0.000681; postflop 2.497325; evaluation 167.961935
Checkpoint 1500: NashConv 0.013849746454; held -0.011898418796; auxiliary 19.094848240489; auxiliary held 19.088982381742; gains [0.0017229612848112807, 0.0022025874324316796, 0.003233608568966817, 0.0021728124867519127, 0.002214749557958612, 0.00230302712342928]; held gains [-0.0027555375286863193, -0.0011322407815897717, -0.003056398103965685, -0.0009999889618017357, -0.0015300141603392103, -0.0024242392595837936]; auxiliary gains [2.928727362477697, 3.2996078330901444, 3.028627584930777, 3.234120350097471, 3.3048409767672724, 3.298924133125946]; auxiliary held gains [2.92849658949224, 3.299423992663905, 3.0235638557957314, 3.234021149044242, 3.3047296340015926, 3.298747160744056]; evaluation 167.961935s
Iteration 1510: wall 4.104487s; reaches 0.086640; t2 0.052474; t3 0.375025; k4 0.664485; update 0.049097; board preparation 0.000554; postflop 2.847027; evaluation 0.000000
Iteration 1520: wall 3.637570s; reaches 0.074819; t2 0.053009; t3 0.346085; k4 0.575179; update 0.051307; board preparation 0.000572; postflop 2.506774; evaluation 0.000000
Iteration 1530: wall 3.699345s; reaches 0.078065; t2 0.053376; t3 0.340009; k4 0.583554; update 0.046268; board preparation 0.000544; postflop 2.560460; evaluation 0.000000
Iteration 1540: wall 3.454696s; reaches 0.073484; t2 0.052424; t3 0.321568; k4 0.555911; update 0.044578; board preparation 0.000586; postflop 2.377990; evaluation 0.000000
Iteration 1550: wall 3.749820s; reaches 0.077473; t2 0.055895; t3 0.360893; k4 0.591864; update 0.052987; board preparation 0.000700; postflop 2.575100; evaluation 0.000000
Iteration 1560: wall 3.464333s; reaches 0.080087; t2 0.054935; t3 0.325004; k4 0.540640; update 0.049583; board preparation 0.000565; postflop 2.381172; evaluation 0.000000
Iteration 1570: wall 3.920001s; reaches 0.082476; t2 0.046299; t3 0.338396; k4 0.624607; update 0.048310; board preparation 0.000630; postflop 2.757097; evaluation 0.000000
Iteration 1580: wall 3.580729s; reaches 0.078858; t2 0.048884; t3 0.336384; k4 0.575936; update 0.052156; board preparation 0.000578; postflop 2.465786; evaluation 0.000000
Iteration 1590: wall 3.532757s; reaches 0.072162; t2 0.044483; t3 0.307252; k4 0.565554; update 0.046663; board preparation 0.000527; postflop 2.474614; evaluation 0.000000
Iteration 1600: wall 3.621583s; reaches 0.082201; t2 0.047407; t3 0.343568; k4 0.563279; update 0.054221; board preparation 0.000576; postflop 2.508984; evaluation 0.000000
Iteration 1610: wall 3.635090s; reaches 0.078362; t2 0.056055; t3 0.351046; k4 0.596792; update 0.047602; board preparation 0.000626; postflop 2.478977; evaluation 0.000000
Iteration 1620: wall 3.112526s; reaches 0.068825; t2 0.046888; t3 0.295593; k4 0.502700; update 0.042465; board preparation 0.000526; postflop 2.134136; evaluation 0.000000
Iteration 1630: wall 3.935874s; reaches 0.085027; t2 0.056284; t3 0.368149; k4 0.707481; update 0.055851; board preparation 0.000557; postflop 2.636218; evaluation 0.000000
Iteration 1640: wall 3.118772s; reaches 0.065476; t2 0.041911; t3 0.279014; k4 0.475014; update 0.045425; board preparation 0.000544; postflop 2.190756; evaluation 0.000000
Iteration 1650: wall 3.913199s; reaches 0.082293; t2 0.049235; t3 0.344901; k4 0.626309; update 0.049449; board preparation 0.000577; postflop 2.737836; evaluation 0.000000
Iteration 1660: wall 3.740433s; reaches 0.078959; t2 0.047472; t3 0.366641; k4 0.624983; update 0.051428; board preparation 0.000761; postflop 2.546995; evaluation 0.000000
Iteration 1670: wall 4.023046s; reaches 0.092000; t2 0.051452; t3 0.384100; k4 0.675131; update 0.056330; board preparation 0.000592; postflop 2.740647; evaluation 0.000000
Iteration 1680: wall 3.985249s; reaches 0.088155; t2 0.049982; t3 0.383231; k4 0.644502; update 0.047710; board preparation 0.000582; postflop 2.748008; evaluation 0.000000
Iteration 1690: wall 3.401528s; reaches 0.073394; t2 0.047160; t3 0.327323; k4 0.586624; update 0.043329; board preparation 0.000585; postflop 2.301402; evaluation 0.000000
Iteration 1700: wall 3.568131s; reaches 0.074124; t2 0.044185; t3 0.310963; k4 0.559318; update 0.045804; board preparation 0.000572; postflop 2.511606; evaluation 0.000000
Iteration 1710: wall 3.518749s; reaches 0.076635; t2 0.050260; t3 0.338836; k4 0.575263; update 0.049053; board preparation 0.000583; postflop 2.406457; evaluation 0.000000
Iteration 1720: wall 3.453484s; reaches 0.072716; t2 0.046076; t3 0.334422; k4 0.585002; update 0.043773; board preparation 0.000551; postflop 2.349290; evaluation 0.000000
Iteration 1730: wall 3.311035s; reaches 0.070559; t2 0.043194; t3 0.299041; k4 0.540762; update 0.042650; board preparation 0.000565; postflop 2.292514; evaluation 0.000000
Iteration 1740: wall 3.333432s; reaches 0.070573; t2 0.044333; t3 0.315023; k4 0.547820; update 0.046149; board preparation 0.000558; postflop 2.287927; evaluation 0.000000
Iteration 1750: wall 3.576807s; reaches 0.072419; t2 0.047382; t3 0.339331; k4 0.590096; update 0.043740; board preparation 0.000549; postflop 2.461623; evaluation 0.000000
Iteration 1760: wall 3.328899s; reaches 0.070687; t2 0.044949; t3 0.305994; k4 0.562894; update 0.041503; board preparation 0.000601; postflop 2.281901; evaluation 0.000000
Iteration 1770: wall 3.334046s; reaches 0.069760; t2 0.045541; t3 0.320123; k4 0.557066; update 0.041953; board preparation 0.000520; postflop 2.278091; evaluation 0.000000
Iteration 1780: wall 3.345885s; reaches 0.074240; t2 0.045275; t3 0.297502; k4 0.529156; update 0.048982; board preparation 0.000608; postflop 2.328756; evaluation 0.000000
Iteration 1790: wall 3.310063s; reaches 0.069508; t2 0.042622; t3 0.301333; k4 0.526497; update 0.044073; board preparation 0.000802; postflop 2.304011; evaluation 0.000000
Iteration 1800: wall 3.403168s; reaches 0.078322; t2 0.045410; t3 0.305125; k4 0.512467; update 0.046726; board preparation 0.000540; postflop 2.393587; evaluation 0.000000
Iteration 1810: wall 3.161571s; reaches 0.067094; t2 0.042247; t3 0.285589; k4 0.482521; update 0.041690; board preparation 0.000512; postflop 2.221060; evaluation 0.000000
Iteration 1820: wall 3.007429s; reaches 0.066786; t2 0.042483; t3 0.284400; k4 0.460169; update 0.044709; board preparation 0.000561; postflop 2.088368; evaluation 0.000000
Iteration 1830: wall 3.298499s; reaches 0.071283; t2 0.044317; t3 0.314616; k4 0.551607; update 0.047415; board preparation 0.000565; postflop 2.247194; evaluation 0.000000
Iteration 1840: wall 3.057726s; reaches 0.065821; t2 0.042543; t3 0.280023; k4 0.478070; update 0.043114; board preparation 0.000552; postflop 2.126879; evaluation 0.000000
Iteration 1850: wall 3.416056s; reaches 0.072351; t2 0.045052; t3 0.333330; k4 0.531226; update 0.042459; board preparation 0.000557; postflop 2.369257; evaluation 0.000000
Iteration 1860: wall 3.205714s; reaches 0.070039; t2 0.041952; t3 0.281531; k4 0.479273; update 0.046966; board preparation 0.000533; postflop 2.264664; evaluation 0.000000
Iteration 1870: wall 3.048706s; reaches 0.066949; t2 0.042240; t3 0.279528; k4 0.472068; update 0.042695; board preparation 0.000538; postflop 2.124570; evaluation 0.000000
Iteration 1880: wall 3.105435s; reaches 0.068707; t2 0.043338; t3 0.291433; k4 0.456709; update 0.048355; board preparation 0.000588; postflop 2.174839; evaluation 0.000000
Iteration 1890: wall 2.970679s; reaches 0.067418; t2 0.041228; t3 0.285591; k4 0.447290; update 0.041899; board preparation 0.000573; postflop 2.066065; evaluation 0.000000
Iteration 1900: wall 3.212358s; reaches 0.071399; t2 0.044025; t3 0.303351; k4 0.502501; update 0.042917; board preparation 0.000555; postflop 2.226843; evaluation 0.000000
Iteration 1910: wall 2.984492s; reaches 0.066020; t2 0.041574; t3 0.281466; k4 0.465883; update 0.041460; board preparation 0.000511; postflop 2.067238; evaluation 0.000000
Iteration 1920: wall 3.256915s; reaches 0.074835; t2 0.046291; t3 0.321465; k4 0.498283; update 0.044758; board preparation 0.000576; postflop 2.249318; evaluation 0.000000
Iteration 1930: wall 3.304791s; reaches 0.080747; t2 0.047197; t3 0.324906; k4 0.519916; update 0.048644; board preparation 0.000616; postflop 2.259776; evaluation 0.000000
Iteration 1940: wall 3.207887s; reaches 0.068585; t2 0.043193; t3 0.299160; k4 0.519362; update 0.045287; board preparation 0.000539; postflop 2.210914; evaluation 0.000000
Iteration 1950: wall 3.293278s; reaches 0.073603; t2 0.044982; t3 0.309254; k4 0.533383; update 0.045850; board preparation 0.000563; postflop 2.264760; evaluation 0.000000
Iteration 1960: wall 3.387905s; reaches 0.076301; t2 0.044897; t3 0.327697; k4 0.559383; update 0.045668; board preparation 0.000546; postflop 2.312431; evaluation 0.000000
Iteration 1970: wall 3.314151s; reaches 0.073943; t2 0.043667; t3 0.306085; k4 0.537696; update 0.047113; board preparation 0.000561; postflop 2.282759; evaluation 0.000000
Iteration 1980: wall 3.071445s; reaches 0.067308; t2 0.041805; t3 0.280730; k4 0.479690; update 0.041958; board preparation 0.000569; postflop 2.138500; evaluation 0.000000
Iteration 1990: wall 3.148235s; reaches 0.068021; t2 0.044640; t3 0.296733; k4 0.508227; update 0.041792; board preparation 0.000633; postflop 2.166878; evaluation 0.000000
Iteration 2000: wall 162.506971s; reaches 0.069981; t2 0.042010; t3 0.302166; k4 0.500410; update 0.047005; board preparation 0.000554; postflop 2.186264; evaluation 159.288201
Checkpoint 2000: NashConv 0.013402005549; held -0.012845714624; auxiliary 19.582536590084; auxiliary held 19.576782259046; gains [0.0018927294404438577, 0.002099126027602316, 0.0028751650800270534, 0.002100374826474627, 0.00216959206246381, 0.002265018111834244]; held gains [-0.0023339719500376777, -0.0014939804276919155, -0.0035154541266304573, -0.0012249376725040825, -0.0016424720420578215, -0.002634898404854341]; auxiliary gains [3.0447218623537498, 3.3636874561210988, 3.082629563604554, 3.2997900472865487, 3.3929707649017438, 3.398736895816538]; auxiliary held gains [3.044480763848136, 3.3634458427046168, 3.0777498835120967, 3.299675264625973, 3.3928578974406807, 3.3985726069149447]; evaluation 159.288201s
Iterations: 2000; reached target: false; solve phases Timings { trunk: SolveTimings { reaches: 206.66389639999892, t2: 127.89572009999965, t3: 898.3565033999976, k4: 1675.0243908999967, update: 114.87775319999992, evaluation: 1575.8125530999998 }, board_preparation: 2.265371399999997, postflop: 6357.8293809999595, evaluation_board_preparation: 0.0153742 }
