test_absent_frozen_input_rejected (test_retain.CampaignChecks.test_absent_frozen_input_rejected) ... ok
test_bad_cleanup_or_resource_samples_rejected (test_retain.CampaignChecks.test_bad_cleanup_or_resource_samples_rejected) ... ok
test_canonical_full_bytes_must_match (test_retain.CampaignChecks.test_canonical_full_bytes_must_match) ... ok
test_cgroup_limit_event_change_rejected (test_retain.CampaignChecks.test_cgroup_limit_event_change_rejected) ... ok
test_complete_126_has_only_plain_performance_and_separate_calibration (test_retain.CampaignChecks.test_complete_126_has_only_plain_performance_and_separate_calibration) ... ok
test_failed_campaign_never_passes_even_with_126_valid_rows (test_retain.CampaignChecks.test_failed_campaign_never_passes_even_with_126_valid_rows) ... ok
test_guard_gap_beyond_predeclared_limit_rejected (test_retain.CampaignChecks.test_guard_gap_beyond_predeclared_limit_rejected) ... ok
test_guard_gap_not_an_absolute_isolation_claim_but_failures_reject (test_retain.CampaignChecks.test_guard_gap_not_an_absolute_isolation_claim_but_failures_reject) ... ok
test_late_boot_change_rejected (test_retain.CampaignChecks.test_late_boot_change_rejected) ... ok
test_missing_and_reordered_samples (test_retain.CampaignChecks.test_missing_and_reordered_samples) ... ok
test_missing_phase_leaf_rejected (test_retain.CampaignChecks.test_missing_phase_leaf_rejected) ... ok
test_off_arm_must_not_have_phase_file (test_retain.CampaignChecks.test_off_arm_must_not_have_phase_file) ... ok
test_phase_error_is_not_successful_validation (test_retain.CampaignChecks.test_phase_error_is_not_successful_validation) ... ok
test_resigned_report_must_still_match_stdout (test_retain.CampaignChecks.test_resigned_report_must_still_match_stdout) ... ok
test_rewrite_bytes_must_equal_original_not_just_another_arm (test_retain.CampaignChecks.test_rewrite_bytes_must_equal_original_not_just_another_arm) ... ok
test_sample_outside_campaign_rejected (test_retain.CampaignChecks.test_sample_outside_campaign_rejected) ... ok
test_unloaded_systemd_defaults_rejected (test_retain.CampaignChecks.test_unloaded_systemd_defaults_rejected) ... ok
test_wrong_binary_role_rejected (test_retain.CampaignChecks.test_wrong_binary_role_rejected) ... ok
test_wrong_protocol_order_and_nonfinite_json (test_retain.CampaignChecks.test_wrong_protocol_order_and_nonfinite_json) ... ok
test_calibration_bounds_are_inclusive_without_correction (test_retain.IndependentMathAndStreams.test_calibration_bounds_are_inclusive_without_correction) ... ok
test_calibration_outside_bounds_keeps_plain_ratio_and_raw_phases (test_retain.IndependentMathAndStreams.test_calibration_outside_bounds_keeps_plain_ratio_and_raw_phases) ... ok
test_stream_compare_checks_beyond_first_megabyte (test_retain.IndependentMathAndStreams.test_stream_compare_checks_beyond_first_megabyte) ... ok
test_arbitrary_self_consistent_source_pins_rejected (test_retain.ReviewedCodeBinding.test_arbitrary_self_consistent_source_pins_rejected) ... ok
test_exact_reviewed_code_imports_without_running_retained_executables (test_retain.ReviewedCodeBinding.test_exact_reviewed_code_imports_without_running_retained_executables) ... ok
test_missing_runtime_bytes_not_excused_by_a_matching_hash (test_retain.ReviewedCodeBinding.test_missing_runtime_bytes_not_excused_by_a_matching_hash) ... ok
test_all126_order_and_calibration_completes (test_run.RunnerTests.test_all126_order_and_calibration_completes) ... ok
test_cross_arm_equal_length_different_bytes_rejected (test_run.RunnerTests.test_cross_arm_equal_length_different_bytes_rejected) ... ok
test_deadline_expiry_prevents_new_stage (test_run.RunnerTests.test_deadline_expiry_prevents_new_stage) ... ok
test_existing_supervisor_api_receives_exact_finite_arguments_and_guard (test_run.RunnerTests.test_existing_supervisor_api_receives_exact_finite_arguments_and_guard) ... ok
test_failed_calibration_keeps_raw_durations_and_withholds_attribution (test_run.RunnerTests.test_failed_calibration_keeps_raw_durations_and_withholds_attribution) ... ok
test_finite_systemd_duration_only (test_run.RunnerTests.test_finite_systemd_duration_only) ... ok
test_first_failure_aborts_without_retry_or_comparison (test_run.RunnerTests.test_first_failure_aborts_without_retry_or_comparison) ... ok
test_guard_detects_cpu_change_and_does_not_block_cleanup_sample (test_run.RunnerTests.test_guard_detects_cpu_change_and_does_not_block_cleanup_sample) ... ok
test_late_identity_change_cannot_publish_126_sample_success (test_run.RunnerTests.test_late_identity_change_cannot_publish_126_sample_success) ... ok
test_monitoring_gap_is_failure_not_silent_no_concurrency_claim (test_run.RunnerTests.test_monitoring_gap_is_failure_not_silent_no_concurrency_claim) ... ok
test_on_off_environment_restored_on_all_exits (test_run.RunnerTests.test_on_off_environment_restored_on_all_exits) ... ok
test_plan_digest_mutation_rejected_before_external_io (test_run.RunnerTests.test_plan_digest_mutation_rejected_before_external_io) ... ok
test_bypassed_file_tap_or_wrong_total_written_bytes_rejected (test_write_phases.PhaseTests.test_bypassed_file_tap_or_wrong_total_written_bytes_rejected) ... ok
test_changed_or_duplicate_anchor_fails_closed (test_write_phases.PhaseTests.test_changed_or_duplicate_anchor_fails_closed) ... ok
test_compressed_byte_mismatch_rejected (test_write_phases.PhaseTests.test_compressed_byte_mismatch_rejected) ... ok
test_error_preserved_without_acceptance (test_write_phases.PhaseTests.test_error_preserved_without_acceptance) ... ok
test_exact_closure_and_parent (test_write_phases.PhaseTests.test_exact_closure_and_parent) ... ok
test_example_publication_after_timer_and_before_error_propagation (test_write_phases.PhaseTests.test_example_publication_after_timer_and_before_error_propagation) ... ok
test_inclusive_compression_cannot_be_double_added (test_write_phases.PhaseTests.test_inclusive_compression_cannot_be_double_added) ... ok
test_missing_group_sync_or_persist_not_completed (test_write_phases.PhaseTests.test_missing_group_sync_or_persist_not_completed) ... ok
test_missing_leaf_is_not_zero_imputed (test_write_phases.PhaseTests.test_missing_leaf_is_not_zero_imputed) ... ok
test_negative_missing_boolean_and_nan_times_rejected (test_write_phases.PhaseTests.test_negative_missing_boolean_and_nan_times_rejected) ... ok
test_parent_mismatch_and_overflow_rejected (test_write_phases.PhaseTests.test_parent_mismatch_and_overflow_rejected) ... ok
test_plain_copy_full_pins_source_unchanged_and_dirty_source_rejected (test_write_phases.PhaseTests.test_plain_copy_full_pins_source_unchanged_and_dirty_source_rejected) ... ok
test_protocol_finite_balanced_order (test_write_phases.PhaseTests.test_protocol_finite_balanced_order) ... ok
test_same_patch_for_both_exact_git_writer_sources_and_original_preserved (test_write_phases.PhaseTests.test_same_patch_for_both_exact_git_writer_sources_and_original_preserved) ... ok

----------------------------------------------------------------------
Ran 51 tests in 15.510s

OK
