Sep 26 20:34:48 solvers-r1-20260926-12 systemd[1]: Starting google-startup-scripts.service - Google Compute Engine Startup Scripts...
Sep 26 20:34:48 solvers-r1-20260926-12 google_metadata_script_runner[1214]: Starting startup scripts (version 20250116.00-0ubuntu1~24.04.4).
Sep 26 20:34:49 solvers-r1-20260926-12 google_metadata_script_runner[1214]: Found startup-script in metadata.
Sep 26 20:34:49 solvers-r1-20260926-12 google_metadata_script_runner[1214]: startup-script: Hit:1 http://us-central1.gce.archive.ubuntu.com/ubuntu noble InRelease
Sep 26 20:34:49 solvers-r1-20260926-12 google_metadata_script_runner[1214]: startup-script: Get:2 http://us-central1.gce.archive.ubuntu.com/ubuntu noble-updates InRelease [126 kB]
Sep 26 20:34:49 solvers-r1-20260926-12 google_metadata_script_runner[1214]: startup-script: Get:3 http://us-central1.gce.archive.ubuntu.com/ubuntu noble-backports InRelease [126 kB]
Sep 26 20:34:49 solvers-r1-20260926-12 google_metadata_script_runner[1214]: startup-script: Get:4 http://security.ubuntu.com/ubuntu noble-security InRelease [126 kB]
Sep 26 20:34:49 solvers-r1-20260926-12 google_metadata_script_runner[1214]: startup-script: Get:5 http://us-central1.gce.archive.ubuntu.com/ubuntu noble/universe amd64 Packages [15.0 MB]
Sep 26 20:34:49 solvers-r1-20260926-12 google_metadata_script_runner[1214]: startup-script: Get:6 http://us-central1.gce.archive.ubuntu.com/ubuntu noble/universe Translation-en [5982 kB]
Sep 26 20:34:49 solvers-r1-20260926-12 google_metadata_script_runner[1214]: startup-script: Get:7 http://us-central1.gce.archive.ubuntu.com/ubuntu noble/universe amd64 Components [3871 kB]
Sep 26 20:34:49 solvers-r1-20260926-12 google_metadata_script_runner[1214]: startup-script: Get:8 http://us-central1.gce.archive.ubuntu.com/ubuntu noble/universe amd64 c-n-f Metadata [301 kB]
Sep 26 20:34:49 solvers-r1-20260926-12 google_metadata_script_runner[1214]: startup-script: Get:9 http://us-central1.gce.archive.ubuntu.com/ubuntu noble/multiverse amd64 Packages [269 kB]
Sep 26 20:34:49 solvers-r1-20260926-12 google_metadata_script_runner[1214]: startup-script: Get:10 http://us-central1.gce.archive.ubuntu.com/ubuntu noble/multiverse Translation-en [118 kB]
Sep 26 20:34:49 solvers-r1-20260926-12 google_metadata_script_runner[1214]: startup-script: Get:11 http://us-central1.gce.archive.ubuntu.com/ubuntu noble/multiverse amd64 Components [35.0 kB]
Sep 26 20:34:49 solvers-r1-20260926-12 google_metadata_script_runner[1214]: startup-script: Get:12 http://us-central1.gce.archive.ubuntu.com/ubuntu noble/multiverse amd64 c-n-f Metadata [8328 B]
Sep 26 20:34:49 solvers-r1-20260926-12 google_metadata_script_runner[1214]: startup-script: Get:13 http://us-central1.gce.archive.ubuntu.com/ubuntu noble-updates/main amd64 Packages [1319 kB]
Sep 26 20:34:49 solvers-r1-20260926-12 google_metadata_script_runner[1214]: startup-script: Get:14 http://us-central1.gce.archive.ubuntu.com/ubuntu noble-updates/main Translation-en [299 kB]
Sep 26 20:34:49 solvers-r1-20260926-12 google_metadata_script_runner[1214]: startup-script: Get:15 http://us-central1.gce.archive.ubuntu.com/ubuntu noble-updates/main amd64 Components [181 kB]
Sep 26 20:34:49 solvers-r1-20260926-12 google_metadata_script_runner[1214]: startup-script: Get:16 http://us-central1.gce.archive.ubuntu.com/ubuntu noble-updates/universe amd64 Packages [1697 kB]
Sep 26 20:34:53 solvers-r1-20260926-12 google_metadata_script_runner[1214]: startup-script: Get:17 http://us-central1.gce.archive.ubuntu.com/ubuntu noble-updates/universe Translation-en [340 kB]
Sep 26 20:34:53 solvers-r1-20260926-12 google_metadata_script_runner[1214]: startup-script: Get:18 http://us-central1.gce.archive.ubuntu.com/ubuntu noble-updates/universe amd64 Components [388 kB]
Sep 26 20:34:53 solvers-r1-20260926-12 google_metadata_script_runner[1214]: startup-script: Get:19 http://us-central1.gce.archive.ubuntu.com/ubuntu noble-updates/universe amd64 c-n-f Metadata [34.9 kB]
Sep 26 20:34:53 solvers-r1-20260926-12 google_metadata_script_runner[1214]: startup-script: Get:20 http://us-central1.gce.archive.ubuntu.com/ubuntu noble-updates/restricted amd64 Packages [1654 kB]
Sep 26 20:34:53 solvers-r1-20260926-12 google_metadata_script_runner[1214]: startup-script: Get:21 http://us-central1.gce.archive.ubuntu.com/ubuntu noble-updates/restricted Translation-en [377 kB]
Sep 26 20:34:53 solvers-r1-20260926-12 google_metadata_script_runner[1214]: startup-script: Get:22 http://us-central1.gce.archive.ubuntu.com/ubuntu noble-updates/multiverse amd64 Packages [45.7 kB]
Sep 26 20:34:53 solvers-r1-20260926-12 google_metadata_script_runner[1214]: startup-script: Get:23 http://us-central1.gce.archive.ubuntu.com/ubuntu noble-updates/multiverse Translation-en [13.1 kB]
Sep 26 20:34:53 solvers-r1-20260926-12 google_metadata_script_runner[1214]: startup-script: Get:24 http://us-central1.gce.archive.ubuntu.com/ubuntu noble-updates/multiverse amd64 Components [940 B]
Sep 26 20:34:53 solvers-r1-20260926-12 google_metadata_script_runner[1214]: startup-script: Get:25 http://us-central1.gce.archive.ubuntu.com/ubuntu noble-updates/multiverse amd64 c-n-f Metadata [656 B]
Sep 26 20:34:53 solvers-r1-20260926-12 google_metadata_script_runner[1214]: startup-script: Get:26 http://us-central1.gce.archive.ubuntu.com/ubuntu noble-backports/main amd64 Packages [40.6 kB]
Sep 26 20:34:53 solvers-r1-20260926-12 google_metadata_script_runner[1214]: startup-script: Get:27 http://us-central1.gce.archive.ubuntu.com/ubuntu noble-backports/main Translation-en [9172 B]
Sep 26 20:34:53 solvers-r1-20260926-12 google_metadata_script_runner[1214]: startup-script: Get:28 http://us-central1.gce.archive.ubuntu.com/ubuntu noble-backports/main amd64 Components [5760 B]
Sep 26 20:34:53 solvers-r1-20260926-12 google_metadata_script_runner[1214]: startup-script: Get:29 http://us-central1.gce.archive.ubuntu.com/ubuntu noble-backports/main amd64 c-n-f Metadata [368 B]
Sep 26 20:34:53 solvers-r1-20260926-12 google_metadata_script_runner[1214]: startup-script: Get:30 http://us-central1.gce.archive.ubuntu.com/ubuntu noble-backports/universe amd64 Packages [31.0 kB]
Sep 26 20:34:53 solvers-r1-20260926-12 google_metadata_script_runner[1214]: startup-script: Get:31 http://us-central1.gce.archive.ubuntu.com/ubuntu noble-backports/universe Translation-en [18.6 kB]
Sep 26 20:34:53 solvers-r1-20260926-12 google_metadata_script_runner[1214]: startup-script: Get:32 http://us-central1.gce.archive.ubuntu.com/ubuntu noble-backports/universe amd64 Components [12.6 kB]
Sep 26 20:34:53 solvers-r1-20260926-12 google_metadata_script_runner[1214]: startup-script: Get:33 http://us-central1.gce.archive.ubuntu.com/ubuntu noble-backports/universe amd64 c-n-f Metadata [1588 B]
Sep 26 20:34:53 solvers-r1-20260926-12 google_metadata_script_runner[1214]: startup-script: Get:34 http://us-central1.gce.archive.ubuntu.com/ubuntu noble-backports/restricted amd64 Components [212 B]
Sep 26 20:34:53 solvers-r1-20260926-12 google_metadata_script_runner[1214]: startup-script: Get:35 http://us-central1.gce.archive.ubuntu.com/ubuntu noble-backports/restricted amd64 c-n-f Metadata [116 B]
Sep 26 20:34:53 solvers-r1-20260926-12 google_metadata_script_runner[1214]: startup-script: Get:36 http://us-central1.gce.archive.ubuntu.com/ubuntu noble-backports/multiverse amd64 Packages [748 B]
Sep 26 20:34:53 solvers-r1-20260926-12 google_metadata_script_runner[1214]: startup-script: Get:37 http://us-central1.gce.archive.ubuntu.com/ubuntu noble-backports/multiverse Translation-en [340 B]
Sep 26 20:34:53 solvers-r1-20260926-12 google_metadata_script_runner[1214]: startup-script: Get:38 http://us-central1.gce.archive.ubuntu.com/ubuntu noble-backports/multiverse amd64 Components [212 B]
Sep 26 20:34:53 solvers-r1-20260926-12 google_metadata_script_runner[1214]: startup-script: Get:39 http://us-central1.gce.archive.ubuntu.com/ubuntu noble-backports/multiverse amd64 c-n-f Metadata [116 B]
Sep 26 20:34:53 solvers-r1-20260926-12 google_metadata_script_runner[1214]: startup-script: Get:40 http://security.ubuntu.com/ubuntu noble-security/main amd64 Packages [1053 kB]
Sep 26 20:34:53 solvers-r1-20260926-12 google_metadata_script_runner[1214]: startup-script: Get:41 http://security.ubuntu.com/ubuntu noble-security/main Translation-en [219 kB]
Sep 26 20:34:53 solvers-r1-20260926-12 google_metadata_script_runner[1214]: startup-script: Get:42 http://security.ubuntu.com/ubuntu noble-security/main amd64 Components [46.5 kB]
Sep 26 20:34:53 solvers-r1-20260926-12 google_metadata_script_runner[1214]: startup-script: Get:43 http://security.ubuntu.com/ubuntu noble-security/universe amd64 Packages [1220 kB]
Sep 26 20:34:53 solvers-r1-20260926-12 google_metadata_script_runner[1214]: startup-script: Get:44 http://security.ubuntu.com/ubuntu noble-security/universe Translation-en [245 kB]
Sep 26 20:34:53 solvers-r1-20260926-12 google_metadata_script_runner[1214]: startup-script: Get:45 http://security.ubuntu.com/ubuntu noble-security/universe amd64 Components [76.3 kB]
Sep 26 20:34:53 solvers-r1-20260926-12 google_metadata_script_runner[1214]: startup-script: Get:46 http://security.ubuntu.com/ubuntu noble-security/universe amd64 c-n-f Metadata [24.2 kB]
Sep 26 20:34:53 solvers-r1-20260926-12 google_metadata_script_runner[1214]: startup-script: Get:47 http://security.ubuntu.com/ubuntu noble-security/restricted amd64 Packages [1535 kB]
Sep 26 20:34:53 solvers-r1-20260926-12 google_metadata_script_runner[1214]: startup-script: Get:48 http://security.ubuntu.com/ubuntu noble-security/restricted Translation-en [353 kB]
Sep 26 20:34:53 solvers-r1-20260926-12 google_metadata_script_runner[1214]: startup-script: Get:49 http://security.ubuntu.com/ubuntu noble-security/multiverse amd64 Packages [40.3 kB]
Sep 26 20:34:53 solvers-r1-20260926-12 google_metadata_script_runner[1214]: startup-script: Get:50 http://security.ubuntu.com/ubuntu noble-security/multiverse Translation-en [11.3 kB]
Sep 26 20:34:54 solvers-r1-20260926-12 google_metadata_script_runner[1214]: startup-script: Get:51 http://security.ubuntu.com/ubuntu noble-security/multiverse amd64 Components [208 B]
Sep 26 20:34:54 solvers-r1-20260926-12 google_metadata_script_runner[1214]: startup-script: Get:52 http://security.ubuntu.com/ubuntu noble-security/multiverse amd64 c-n-f Metadata [468 B]
Sep 26 20:35:09 solvers-r1-20260926-12 google_metadata_script_runner[1214]: startup-script: Fetched 37.3 MB in 7s (5362 kB/s)
Sep 26 20:35:10 solvers-r1-20260926-12 google_metadata_script_runner[1214]: startup-script: Reading package lists...
Sep 26 20:35:10 solvers-r1-20260926-12 google_metadata_script_runner[1214]: startup-script: Reading package lists...
Sep 26 20:35:10 solvers-r1-20260926-12 google_metadata_script_runner[1214]: startup-script: Building dependency tree...
Sep 26 20:35:10 solvers-r1-20260926-12 google_metadata_script_runner[1214]: startup-script: Reading state information...
Sep 26 20:35:11 solvers-r1-20260926-12 google_metadata_script_runner[1214]: startup-script: git is already the newest version (1:2.43.0-1ubuntu7.3).
Sep 26 20:35:11 solvers-r1-20260926-12 google_metadata_script_runner[1214]: startup-script: git set to manually installed.
Sep 26 20:35:11 solvers-r1-20260926-12 google_metadata_script_runner[1214]: startup-script: python3 is already the newest version (3.12.3-0ubuntu2.1).
Sep 26 20:35:11 solvers-r1-20260926-12 google_metadata_script_runner[1214]: startup-script: python3 set to manually installed.
Sep 26 20:35:11 solvers-r1-20260926-12 google_metadata_script_runner[1214]: startup-script: time is already the newest version (1.9-0.2build1).
Sep 26 20:35:11 solvers-r1-20260926-12 google_metadata_script_runner[1214]: startup-script: time set to manually installed.
Sep 26 20:35:11 solvers-r1-20260926-12 google_metadata_script_runner[1214]: startup-script: The following additional packages will be installed:
Sep 26 20:35:11 solvers-r1-20260926-12 google_metadata_script_runner[1214]: startup-script:   binutils binutils-common binutils-x86-64-linux-gnu bzip2 cpp cpp-13
Sep 26 20:35:11 solvers-r1-20260926-12 google_metadata_script_runner[1214]: startup-script:   cpp-13-x86-64-linux-gnu cpp-x86-64-linux-gnu dpkg-dev fakeroot
Sep 26 20:35:11 solvers-r1-20260926-12 google_metadata_script_runner[1214]: startup-script:   fontconfig-config fonts-dejavu-core fonts-dejavu-mono g++ g++-13
Sep 26 20:35:11 solvers-r1-20260926-12 google_metadata_script_runner[1214]: startup-script:   g++-13-x86-64-linux-gnu g++-x86-64-linux-gnu gcc gcc-13 gcc-13-base
Sep 26 20:35:11 solvers-r1-20260926-12 google_metadata_script_runner[1214]: startup-script:   gcc-13-x86-64-linux-gnu gcc-x86-64-linux-gnu libalgorithm-diff-perl
Sep 26 20:35:11 solvers-r1-20260926-12 google_metadata_script_runner[1214]: startup-script:   libalgorithm-diff-xs-perl libalgorithm-merge-perl libaom3 libasan8
Sep 26 20:35:11 solvers-r1-20260926-12 google_metadata_script_runner[1214]: startup-script:   libatomic1 libbinutils libc-dev-bin libc-devtools libc6-dev libcc1-0
Sep 26 20:35:11 solvers-r1-20260926-12 google_metadata_script_runner[1214]: startup-script:   libcrypt-dev libctf-nobfd0 libctf0 libcurl3t64-gnutls libcurl4t64
Sep 26 20:35:11 solvers-r1-20260926-12 google_metadata_script_runner[1214]: startup-script:   libdeflate0 libdpkg-perl libfakeroot libfile-fcntllock-perl libfontconfig1
Sep 26 20:35:11 solvers-r1-20260926-12 google_metadata_script_runner[1214]: startup-script:   libgcc-13-dev libgd3 libgomp1 libgprofng0 libheif-plugin-aomdec
Sep 26 20:35:11 solvers-r1-20260926-12 google_metadata_script_runner[1214]: startup-script:   libheif-plugin-aomenc libheif1 libhwasan0 libisl23 libitm1 libjbig0
Sep 26 20:35:11 solvers-r1-20260926-12 google_metadata_script_runner[1214]: startup-script:   libjpeg-turbo8 libjpeg8 liblerc4 liblsan0 libmpc3 libpkgconf3 libquadmath0
Sep 26 20:35:11 solvers-r1-20260926-12 google_metadata_script_runner[1214]: startup-script:   libsframe1 libsharpyuv0 libstdc++-13-dev libtiff6 libtsan2 libubsan1
Sep 26 20:35:11 solvers-r1-20260926-12 google_metadata_script_runner[1214]: startup-script:   libwebp7 libxpm4 linux-libc-dev linux-tools-common lto-disabled-list make
Sep 26 20:35:11 solvers-r1-20260926-12 google_metadata_script_runner[1214]: startup-script:   manpages-dev pkgconf pkgconf-bin rpcsvc-proto
Sep 26 20:35:11 solvers-r1-20260926-12 google_metadata_script_runner[1214]: startup-script: Suggested packages:
Sep 26 20:35:11 solvers-r1-20260926-12 google_metadata_script_runner[1214]: startup-script:   binutils-doc gprofng-gui bzip2-doc cpp-doc gcc-13-locales cpp-13-doc
Sep 26 20:35:11 solvers-r1-20260926-12 google_metadata_script_runner[1214]: startup-script:   debian-keyring g++-multilib g++-13-multilib gcc-13-doc gcc-multilib autoconf
Sep 26 20:35:11 solvers-r1-20260926-12 google_metadata_script_runner[1214]: startup-script:   automake libtool flex bison gdb gcc-doc gcc-13-multilib gdb-x86-64-linux-gnu
Sep 26 20:35:11 solvers-r1-20260926-12 google_metadata_script_runner[1214]: startup-script:   glibc-doc bzr libgd-tools libheif-plugin-libde265 libheif-plugin-x265
Sep 26 20:35:11 solvers-r1-20260926-12 google_metadata_script_runner[1214]: startup-script:   libheif-plugin-ffmpegdec libheif-plugin-jpegdec libheif-plugin-jpegenc
Sep 26 20:35:11 solvers-r1-20260926-12 google_metadata_script_runner[1214]: startup-script:   libheif-plugin-j2kdec libheif-plugin-j2kenc libheif-plugin-rav1e
Sep 26 20:35:11 solvers-r1-20260926-12 google_metadata_script_runner[1214]: startup-script:   libheif-plugin-svtenc libssl-doc libstdc++-13-doc make-doc
Sep 26 20:35:11 solvers-r1-20260926-12 google_metadata_script_runner[1214]: startup-script: The following NEW packages will be installed:
Sep 26 20:35:11 solvers-r1-20260926-12 google_metadata_script_runner[1214]: startup-script:   binutils binutils-common binutils-x86-64-linux-gnu build-essential bzip2 cpp
Sep 26 20:35:11 solvers-r1-20260926-12 google_metadata_script_runner[1214]: startup-script:   cpp-13 cpp-13-x86-64-linux-gnu cpp-x86-64-linux-gnu dpkg-dev fakeroot
Sep 26 20:35:11 solvers-r1-20260926-12 google_metadata_script_runner[1214]: startup-script:   fontconfig-config fonts-dejavu-core fonts-dejavu-mono g++ g++-13
Sep 26 20:35:11 solvers-r1-20260926-12 google_metadata_script_runner[1214]: startup-script:   g++-13-x86-64-linux-gnu g++-x86-64-linux-gnu gcc gcc-13 gcc-13-base
Sep 26 20:35:11 solvers-r1-20260926-12 google_metadata_script_runner[1214]: startup-script:   gcc-13-x86-64-linux-gnu gcc-x86-64-linux-gnu libalgorithm-diff-perl
Sep 26 20:35:11 solvers-r1-20260926-12 google_metadata_script_runner[1214]: startup-script:   libalgorithm-diff-xs-perl libalgorithm-merge-perl libaom3 libasan8
Sep 26 20:35:11 solvers-r1-20260926-12 google_metadata_script_runner[1214]: startup-script:   libatomic1 libbinutils libc-dev-bin libc-devtools libc6-dev libcc1-0
Sep 26 20:35:11 solvers-r1-20260926-12 google_metadata_script_runner[1214]: startup-script:   libcrypt-dev libctf-nobfd0 libctf0 libdeflate0 libdpkg-perl libfakeroot
Sep 26 20:35:11 solvers-r1-20260926-12 google_metadata_script_runner[1214]: startup-script:   libfile-fcntllock-perl libfontconfig1 libgcc-13-dev libgd3 libgomp1
Sep 26 20:35:11 solvers-r1-20260926-12 google_metadata_script_runner[1214]: startup-script:   libgprofng0 libheif-plugin-aomdec libheif-plugin-aomenc libheif1 libhwasan0
Sep 26 20:35:11 solvers-r1-20260926-12 google_metadata_script_runner[1214]: startup-script:   libisl23 libitm1 libjbig0 libjpeg-turbo8 libjpeg8 liblerc4 liblsan0 libmpc3
Sep 26 20:35:12 solvers-r1-20260926-12 google_metadata_script_runner[1214]: startup-script:   libpkgconf3 libquadmath0 libsframe1 libsharpyuv0 libssl-dev libstdc++-13-dev
Sep 26 20:35:12 solvers-r1-20260926-12 google_metadata_script_runner[1214]: startup-script:   libtiff6 libtsan2 libubsan1 libwebp7 libxpm4 linux-libc-dev
Sep 26 20:35:12 solvers-r1-20260926-12 google_metadata_script_runner[1214]: startup-script:   lto-disabled-list make manpages-dev pkg-config pkgconf pkgconf-bin
Sep 26 20:35:12 solvers-r1-20260926-12 google_metadata_script_runner[1214]: startup-script:   rpcsvc-proto
Sep 26 20:35:12 solvers-r1-20260926-12 google_metadata_script_runner[1214]: startup-script: The following packages will be upgraded:
Sep 26 20:35:12 solvers-r1-20260926-12 google_metadata_script_runner[1214]: startup-script:   curl libcurl3t64-gnutls libcurl4t64 linux-tools-common
Sep 26 20:35:12 solvers-r1-20260926-12 google_metadata_script_runner[1214]: startup-script: 4 upgraded, 77 newly installed, 0 to remove and 18 not upgraded.
Sep 26 20:35:12 solvers-r1-20260926-12 google_metadata_script_runner[1214]: startup-script: Need to get 81.3 MB of archives.
Sep 26 20:35:12 solvers-r1-20260926-12 google_metadata_script_runner[1214]: startup-script: After this operation, 282 MB of additional disk space will be used.
Sep 26 20:35:12 solvers-r1-20260926-12 google_metadata_script_runner[1214]: startup-script: Get:1 http://us-central1.gce.archive.ubuntu.com/ubuntu noble-updates/main amd64 binutils-common amd64 2.42-4ubuntu2.10 [240 kB]
Sep 26 20:35:12 solvers-r1-20260926-12 google_metadata_script_runner[1214]: startup-script: Get:2 http://us-central1.gce.archive.ubuntu.com/ubuntu noble-updates/main amd64 libsframe1 amd64 2.42-4ubuntu2.10 [15.7 kB]
Sep 26 20:35:12 solvers-r1-20260926-12 google_metadata_script_runner[1214]: startup-script: Get:3 http://us-central1.gce.archive.ubuntu.com/ubuntu noble-updates/main amd64 libbinutils amd64 2.42-4ubuntu2.10 [577 kB]
Sep 26 20:35:12 solvers-r1-20260926-12 google_metadata_script_runner[1214]: startup-script: Get:4 http://us-central1.gce.archive.ubuntu.com/ubuntu noble-updates/main amd64 libctf-nobfd0 amd64 2.42-4ubuntu2.10 [98.0 kB]
Sep 26 20:35:12 solvers-r1-20260926-12 google_metadata_script_runner[1214]: startup-script: Get:5 http://us-central1.gce.archive.ubuntu.com/ubuntu noble-updates/main amd64 libctf0 amd64 2.42-4ubuntu2.10 [94.5 kB]
Sep 26 20:35:12 solvers-r1-20260926-12 google_metadata_script_runner[1214]: startup-script: Get:6 http://us-central1.gce.archive.ubuntu.com/ubuntu noble-updates/main amd64 libgprofng0 amd64 2.42-4ubuntu2.10 [849 kB]
Sep 26 20:35:12 solvers-r1-20260926-12 google_metadata_script_runner[1214]: startup-script: Get:7 http://us-central1.gce.archive.ubuntu.com/ubuntu noble-updates/main amd64 binutils-x86-64-linux-gnu amd64 2.42-4ubuntu2.10 [2463 kB]
Sep 26 20:35:12 solvers-r1-20260926-12 google_metadata_script_runner[1214]: startup-script: Get:8 http://us-central1.gce.archive.ubuntu.com/ubuntu noble-updates/main amd64 binutils amd64 2.42-4ubuntu2.10 [18.2 kB]
Sep 26 20:35:12 solvers-r1-20260926-12 google_metadata_script_runner[1214]: startup-script: Get:9 http://us-central1.gce.archive.ubuntu.com/ubuntu noble-updates/main amd64 libc-dev-bin amd64 2.39-0ubuntu8.9 [20.4 kB]
Sep 26 20:35:12 solvers-r1-20260926-12 google_metadata_script_runner[1214]: startup-script: Get:10 http://us-central1.gce.archive.ubuntu.com/ubuntu noble-updates/main amd64 linux-libc-dev amd64 6.8.0-142.142 [1528 kB]
Sep 26 20:35:12 solvers-r1-20260926-12 google_metadata_script_runner[1214]: startup-script: Get:11 http://us-central1.gce.archive.ubuntu.com/ubuntu noble/main amd64 libcrypt-dev amd64 1:4.4.36-4build1 [112 kB]
Sep 26 20:35:12 solvers-r1-20260926-12 google_metadata_script_runner[1214]: startup-script: Get:12 http://us-central1.gce.archive.ubuntu.com/ubuntu noble/main amd64 rpcsvc-proto amd64 1.4.2-0ubuntu7 [67.4 kB]
Sep 26 20:35:12 solvers-r1-20260926-12 google_metadata_script_runner[1214]: startup-script: Get:13 http://us-central1.gce.archive.ubuntu.com/ubuntu noble-updates/main amd64 libc6-dev amd64 2.39-0ubuntu8.9 [2126 kB]
Sep 26 20:35:12 solvers-r1-20260926-12 google_metadata_script_runner[1214]: startup-script: Get:14 http://us-central1.gce.archive.ubuntu.com/ubuntu noble-updates/main amd64 gcc-13-base amd64 13.3.0-6ubuntu2~24.04.1 [51.6 kB]
Sep 26 20:35:12 solvers-r1-20260926-12 google_metadata_script_runner[1214]: startup-script: Get:15 http://us-central1.gce.archive.ubuntu.com/ubuntu noble-updates/main amd64 libisl23 amd64 0.26-3build1.1 [680 kB]
Sep 26 20:35:12 solvers-r1-20260926-12 google_metadata_script_runner[1214]: startup-script: Get:16 http://us-central1.gce.archive.ubuntu.com/ubuntu noble-updates/main amd64 libmpc3 amd64 1.3.1-1build1.1 [54.6 kB]
Sep 26 20:35:12 solvers-r1-20260926-12 google_metadata_script_runner[1214]: startup-script: Get:17 http://us-central1.gce.archive.ubuntu.com/ubuntu noble-updates/main amd64 cpp-13-x86-64-linux-gnu amd64 13.3.0-6ubuntu2~24.04.1 [10.7 MB]
Sep 26 20:35:12 solvers-r1-20260926-12 google_metadata_script_runner[1214]: startup-script: Get:18 http://us-central1.gce.archive.ubuntu.com/ubuntu noble-updates/main amd64 cpp-13 amd64 13.3.0-6ubuntu2~24.04.1 [1042 B]
Sep 26 20:35:12 solvers-r1-20260926-12 google_metadata_script_runner[1214]: startup-script: Get:19 http://us-central1.gce.archive.ubuntu.com/ubuntu noble/main amd64 cpp-x86-64-linux-gnu amd64 4:13.2.0-7ubuntu1 [5326 B]
Sep 26 20:35:12 solvers-r1-20260926-12 google_metadata_script_runner[1214]: startup-script: Get:20 http://us-central1.gce.archive.ubuntu.com/ubuntu noble/main amd64 cpp amd64 4:13.2.0-7ubuntu1 [22.4 kB]
Sep 26 20:35:12 solvers-r1-20260926-12 google_metadata_script_runner[1214]: startup-script: Get:21 http://us-central1.gce.archive.ubuntu.com/ubuntu noble-updates/main amd64 libcc1-0 amd64 14.2.0-4ubuntu2~24.04.1 [48.0 kB]
Sep 26 20:35:12 solvers-r1-20260926-12 google_metadata_script_runner[1214]: startup-script: Get:22 http://us-central1.gce.archive.ubuntu.com/ubuntu noble-updates/main amd64 libgomp1 amd64 14.2.0-4ubuntu2~24.04.1 [148 kB]
Sep 26 20:35:12 solvers-r1-20260926-12 google_metadata_script_runner[1214]: startup-script: Get:23 http://us-central1.gce.archive.ubuntu.com/ubuntu noble-updates/main amd64 libitm1 amd64 14.2.0-4ubuntu2~24.04.1 [29.7 kB]
Sep 26 20:35:12 solvers-r1-20260926-12 google_metadata_script_runner[1214]: startup-script: Get:24 http://us-central1.gce.archive.ubuntu.com/ubuntu noble-updates/main amd64 libatomic1 amd64 14.2.0-4ubuntu2~24.04.1 [10.5 kB]
Sep 26 20:35:13 solvers-r1-20260926-12 google_metadata_script_runner[1214]: startup-script: Get:25 http://us-central1.gce.archive.ubuntu.com/ubuntu noble-updates/main amd64 libasan8 amd64 14.2.0-4ubuntu2~24.04.1 [3027 kB]
Sep 26 20:35:13 solvers-r1-20260926-12 google_metadata_script_runner[1214]: startup-script: Get:26 http://us-central1.gce.archive.ubuntu.com/ubuntu noble-updates/main amd64 liblsan0 amd64 14.2.0-4ubuntu2~24.04.1 [1322 kB]
Sep 26 20:35:13 solvers-r1-20260926-12 google_metadata_script_runner[1214]: startup-script: Get:27 http://us-central1.gce.archive.ubuntu.com/ubuntu noble-updates/main amd64 libtsan2 amd64 14.2.0-4ubuntu2~24.04.1 [2772 kB]
Sep 26 20:35:13 solvers-r1-20260926-12 google_metadata_script_runner[1214]: startup-script: Get:28 http://us-central1.gce.archive.ubuntu.com/ubuntu noble-updates/main amd64 libubsan1 amd64 14.2.0-4ubuntu2~24.04.1 [1184 kB]
Sep 26 20:35:13 solvers-r1-20260926-12 google_metadata_script_runner[1214]: startup-script: Get:29 http://us-central1.gce.archive.ubuntu.com/ubuntu noble-updates/main amd64 libhwasan0 amd64 14.2.0-4ubuntu2~24.04.1 [1641 kB]
Sep 26 20:35:13 solvers-r1-20260926-12 google_metadata_script_runner[1214]: startup-script: Get:30 http://us-central1.gce.archive.ubuntu.com/ubuntu noble-updates/main amd64 libquadmath0 amd64 14.2.0-4ubuntu2~24.04.1 [153 kB]
Sep 26 20:35:13 solvers-r1-20260926-12 google_metadata_script_runner[1214]: startup-script: Get:31 http://us-central1.gce.archive.ubuntu.com/ubuntu noble-updates/main amd64 libgcc-13-dev amd64 13.3.0-6ubuntu2~24.04.1 [2681 kB]
Sep 26 20:35:13 solvers-r1-20260926-12 google_metadata_script_runner[1214]: startup-script: Get:32 http://us-central1.gce.archive.ubuntu.com/ubuntu noble-updates/main amd64 gcc-13-x86-64-linux-gnu amd64 13.3.0-6ubuntu2~24.04.1 [21.1 MB]
Sep 26 20:35:13 solvers-r1-20260926-12 google_metadata_script_runner[1214]: startup-script: Get:33 http://us-central1.gce.archive.ubuntu.com/ubuntu noble-updates/main amd64 gcc-13 amd64 13.3.0-6ubuntu2~24.04.1 [494 kB]
Sep 26 20:35:13 solvers-r1-20260926-12 google_metadata_script_runner[1214]: startup-script: Get:34 http://us-central1.gce.archive.ubuntu.com/ubuntu noble/main amd64 gcc-x86-64-linux-gnu amd64 4:13.2.0-7ubuntu1 [1212 B]
Sep 26 20:35:13 solvers-r1-20260926-12 google_metadata_script_runner[1214]: startup-script: Get:35 http://us-central1.gce.archive.ubuntu.com/ubuntu noble/main amd64 gcc amd64 4:13.2.0-7ubuntu1 [5018 B]
Sep 26 20:35:13 solvers-r1-20260926-12 google_metadata_script_runner[1214]: startup-script: Get:36 http://us-central1.gce.archive.ubuntu.com/ubuntu noble-updates/main amd64 libstdc++-13-dev amd64 13.3.0-6ubuntu2~24.04.1 [2420 kB]
Sep 26 20:35:13 solvers-r1-20260926-12 google_metadata_script_runner[1214]: startup-script: Get:37 http://us-central1.gce.archive.ubuntu.com/ubuntu noble-updates/main amd64 g++-13-x86-64-linux-gnu amd64 13.3.0-6ubuntu2~24.04.1 [12.2 MB]
Sep 26 20:35:13 solvers-r1-20260926-12 google_metadata_script_runner[1214]: startup-script: Get:38 http://us-central1.gce.archive.ubuntu.com/ubuntu noble-updates/main amd64 g++-13 amd64 13.3.0-6ubuntu2~24.04.1 [16.0 kB]
Sep 26 20:35:13 solvers-r1-20260926-12 google_metadata_script_runner[1214]: startup-script: Get:39 http://us-central1.gce.archive.ubuntu.com/ubuntu noble/main amd64 g++-x86-64-linux-gnu amd64 4:13.2.0-7ubuntu1 [964 B]
Sep 26 20:35:13 solvers-r1-20260926-12 google_metadata_script_runner[1214]: startup-script: Get:40 http://us-central1.gce.archive.ubuntu.com/ubuntu noble/main amd64 g++ amd64 4:13.2.0-7ubuntu1 [1100 B]
Sep 26 20:35:13 solvers-r1-20260926-12 google_metadata_script_runner[1214]: startup-script: Get:41 http://us-central1.gce.archive.ubuntu.com/ubuntu noble/main amd64 make amd64 4.3-4.1build2 [180 kB]
Sep 26 20:35:13 solvers-r1-20260926-12 google_metadata_script_runner[1214]: startup-script: Get:42 http://us-central1.gce.archive.ubuntu.com/ubuntu noble-updates/main amd64 libdpkg-perl all 1.22.6ubuntu6.6 [268 kB]
Sep 26 20:35:13 solvers-r1-20260926-12 google_metadata_script_runner[1214]: startup-script: Get:43 http://us-central1.gce.archive.ubuntu.com/ubuntu noble-updates/main amd64 bzip2 amd64 1.0.8-5.1ubuntu0.1 [34.6 kB]
Sep 26 20:35:13 solvers-r1-20260926-12 google_metadata_script_runner[1214]: startup-script: Get:44 http://us-central1.gce.archive.ubuntu.com/ubuntu noble/main amd64 lto-disabled-list all 47 [12.4 kB]
Sep 26 20:35:13 solvers-r1-20260926-12 google_metadata_script_runner[1214]: startup-script: Get:45 http://us-central1.gce.archive.ubuntu.com/ubuntu noble-updates/main amd64 dpkg-dev all 1.22.6ubuntu6.6 [1074 kB]
Sep 26 20:35:13 solvers-r1-20260926-12 google_metadata_script_runner[1214]: startup-script: Get:46 http://us-central1.gce.archive.ubuntu.com/ubuntu noble/main amd64 build-essential amd64 12.10ubuntu1 [4928 B]
Sep 26 20:35:13 solvers-r1-20260926-12 google_metadata_script_runner[1214]: startup-script: Get:47 http://us-central1.gce.archive.ubuntu.com/ubuntu noble-updates/main amd64 curl amd64 8.5.0-2ubuntu10.15 [227 kB]
Sep 26 20:35:13 solvers-r1-20260926-12 google_metadata_script_runner[1214]: startup-script: Get:48 http://us-central1.gce.archive.ubuntu.com/ubuntu noble-updates/main amd64 libcurl4t64 amd64 8.5.0-2ubuntu10.15 [343 kB]
Sep 26 20:35:13 solvers-r1-20260926-12 google_metadata_script_runner[1214]: startup-script: Get:49 http://us-central1.gce.archive.ubuntu.com/ubuntu noble/main amd64 libfakeroot amd64 1.33-1 [32.4 kB]
Sep 26 20:35:13 solvers-r1-20260926-12 google_metadata_script_runner[1214]: startup-script: Get:50 http://us-central1.gce.archive.ubuntu.com/ubuntu noble/main amd64 fakeroot amd64 1.33-1 [67.2 kB]
Sep 26 20:35:13 solvers-r1-20260926-12 google_metadata_script_runner[1214]: startup-script: Get:51 http://us-central1.gce.archive.ubuntu.com/ubuntu noble/main amd64 fonts-dejavu-mono all 2.37-8 [502 kB]
Sep 26 20:35:13 solvers-r1-20260926-12 google_metadata_script_runner[1214]: startup-script: Get:52 http://us-central1.gce.archive.ubuntu.com/ubuntu noble/main amd64 fonts-dejavu-core all 2.37-8 [835 kB]
Sep 26 20:35:14 solvers-r1-20260926-12 google_metadata_script_runner[1214]: startup-script: Get:53 http://us-central1.gce.archive.ubuntu.com/ubuntu noble/main amd64 fontconfig-config amd64 2.15.0-1.1ubuntu2 [37.3 kB]
Sep 26 20:35:14 solvers-r1-20260926-12 google_metadata_script_runner[1214]: startup-script: Get:54 http://us-central1.gce.archive.ubuntu.com/ubuntu noble/main amd64 libalgorithm-diff-perl all 1.201-1 [41.8 kB]
Sep 26 20:35:14 solvers-r1-20260926-12 google_metadata_script_runner[1214]: startup-script: Get:55 http://us-central1.gce.archive.ubuntu.com/ubuntu noble/main amd64 libalgorithm-diff-xs-perl amd64 0.04-8build3 [11.2 kB]
Sep 26 20:35:14 solvers-r1-20260926-12 google_metadata_script_runner[1214]: startup-script: Get:56 http://us-central1.gce.archive.ubuntu.com/ubuntu noble/main amd64 libalgorithm-merge-perl all 0.08-5 [11.4 kB]
Sep 26 20:35:14 solvers-r1-20260926-12 google_metadata_script_runner[1214]: startup-script: Get:57 http://us-central1.gce.archive.ubuntu.com/ubuntu noble-updates/main amd64 libaom3 amd64 3.8.2-2ubuntu0.2 [1942 kB]
Sep 26 20:35:14 solvers-r1-20260926-12 google_metadata_script_runner[1214]: startup-script: Get:58 http://us-central1.gce.archive.ubuntu.com/ubuntu noble/main amd64 libfontconfig1 amd64 2.15.0-1.1ubuntu2 [139 kB]
Sep 26 20:35:14 solvers-r1-20260926-12 google_metadata_script_runner[1214]: startup-script: Get:59 http://us-central1.gce.archive.ubuntu.com/ubuntu noble/main amd64 libsharpyuv0 amd64 1.3.2-0.4build3 [15.8 kB]
Sep 26 20:35:14 solvers-r1-20260926-12 google_metadata_script_runner[1214]: startup-script: Get:60 http://us-central1.gce.archive.ubuntu.com/ubuntu noble-updates/main amd64 libheif-plugin-aomdec amd64 1.17.6-1ubuntu4.8 [11.6 kB]
Sep 26 20:35:14 solvers-r1-20260926-12 google_metadata_script_runner[1214]: startup-script: Get:61 http://us-central1.gce.archive.ubuntu.com/ubuntu noble-updates/main amd64 libheif1 amd64 1.17.6-1ubuntu4.8 [277 kB]
Sep 26 20:35:14 solvers-r1-20260926-12 google_metadata_script_runner[1214]: startup-script: Get:62 http://us-central1.gce.archive.ubuntu.com/ubuntu noble/main amd64 libjpeg-turbo8 amd64 2.1.5-2ubuntu2 [150 kB]
Sep 26 20:35:14 solvers-r1-20260926-12 google_metadata_script_runner[1214]: startup-script: Get:63 http://us-central1.gce.archive.ubuntu.com/ubuntu noble/main amd64 libjpeg8 amd64 8c-2ubuntu11 [2148 B]
Sep 26 20:35:14 solvers-r1-20260926-12 google_metadata_script_runner[1214]: startup-script: Get:64 http://us-central1.gce.archive.ubuntu.com/ubuntu noble-updates/main amd64 libdeflate0 amd64 1.19-1build1.1 [43.9 kB]
Sep 26 20:35:14 solvers-r1-20260926-12 google_metadata_script_runner[1214]: startup-script: Get:65 http://us-central1.gce.archive.ubuntu.com/ubuntu noble/main amd64 libjbig0 amd64 2.1-6.1ubuntu2 [29.7 kB]
Sep 26 20:35:14 solvers-r1-20260926-12 google_metadata_script_runner[1214]: startup-script: Get:66 http://us-central1.gce.archive.ubuntu.com/ubuntu noble/main amd64 liblerc4 amd64 4.0.0+ds-4ubuntu2 [179 kB]
Sep 26 20:35:14 solvers-r1-20260926-12 google_metadata_script_runner[1214]: startup-script: Get:67 http://us-central1.gce.archive.ubuntu.com/ubuntu noble/main amd64 libwebp7 amd64 1.3.2-0.4build3 [230 kB]
Sep 26 20:35:14 solvers-r1-20260926-12 google_metadata_script_runner[1214]: startup-script: Get:68 http://us-central1.gce.archive.ubuntu.com/ubuntu noble-updates/main amd64 libtiff6 amd64 4.5.1+git230720-4ubuntu2.5 [200 kB]
Sep 26 20:35:14 solvers-r1-20260926-12 google_metadata_script_runner[1214]: startup-script: Get:69 http://us-central1.gce.archive.ubuntu.com/ubuntu noble-updates/main amd64 libxpm4 amd64 1:3.5.17-1ubuntu0.24.04.1 [36.7 kB]
Sep 26 20:35:14 solvers-r1-20260926-12 google_metadata_script_runner[1214]: startup-script: Get:70 http://us-central1.gce.archive.ubuntu.com/ubuntu noble/main amd64 libgd3 amd64 2.3.3-9ubuntu5 [128 kB]
Sep 26 20:35:14 solvers-r1-20260926-12 google_metadata_script_runner[1214]: startup-script: Get:71 http://us-central1.gce.archive.ubuntu.com/ubuntu noble-updates/main amd64 libc-devtools amd64 2.39-0ubuntu8.9 [29.3 kB]
Sep 26 20:35:14 solvers-r1-20260926-12 google_metadata_script_runner[1214]: startup-script: Get:72 http://us-central1.gce.archive.ubuntu.com/ubuntu noble-updates/main amd64 libcurl3t64-gnutls amd64 8.5.0-2ubuntu10.15 [336 kB]
Sep 26 20:35:14 solvers-r1-20260926-12 google_metadata_script_runner[1214]: startup-script: Get:73 http://us-central1.gce.archive.ubuntu.com/ubuntu noble/main amd64 libfile-fcntllock-perl amd64 0.22-4ubuntu5 [30.7 kB]
Sep 26 20:35:14 solvers-r1-20260926-12 google_metadata_script_runner[1214]: startup-script: Get:74 http://us-central1.gce.archive.ubuntu.com/ubuntu noble-updates/main amd64 libheif-plugin-aomenc amd64 1.17.6-1ubuntu4.8 [14.7 kB]
Sep 26 20:35:14 solvers-r1-20260926-12 google_metadata_script_runner[1214]: startup-script: Get:75 http://us-central1.gce.archive.ubuntu.com/ubuntu noble/main amd64 libpkgconf3 amd64 1.8.1-2build1 [30.7 kB]
Sep 26 20:35:14 solvers-r1-20260926-12 google_metadata_script_runner[1214]: startup-script: Get:76 http://us-central1.gce.archive.ubuntu.com/ubuntu noble-updates/main amd64 libssl-dev amd64 3.0.13-0ubuntu3.15 [2408 kB]
Sep 26 20:35:14 solvers-r1-20260926-12 google_metadata_script_runner[1214]: startup-script: Get:77 http://us-central1.gce.archive.ubuntu.com/ubuntu noble-updates/main amd64 linux-tools-common all 6.8.0-142.142 [368 kB]
Sep 26 20:35:14 solvers-r1-20260926-12 google_metadata_script_runner[1214]: startup-script: Get:78 http://us-central1.gce.archive.ubuntu.com/ubuntu noble/main amd64 manpages-dev all 6.7-2 [2013 kB]
Sep 26 20:35:14 solvers-r1-20260926-12 google_metadata_script_runner[1214]: startup-script: Get:79 http://us-central1.gce.archive.ubuntu.com/ubuntu noble/main amd64 pkgconf-bin amd64 1.8.1-2build1 [20.7 kB]
Sep 26 20:35:14 solvers-r1-20260926-12 google_metadata_script_runner[1214]: startup-script: Get:80 http://us-central1.gce.archive.ubuntu.com/ubuntu noble/main amd64 pkgconf amd64 1.8.1-2build1 [16.8 kB]
Sep 26 20:35:14 solvers-r1-20260926-12 google_metadata_script_runner[1214]: startup-script: Get:81 http://us-central1.gce.archive.ubuntu.com/ubuntu noble/main amd64 pkg-config amd64 1.8.1-2build1 [7264 B]
Sep 26 20:35:14 solvers-r1-20260926-12 google_metadata_script_runner[1214]: startup-script: Fetched 81.3 MB in 1s (55.1 MB/s)
Sep 26 20:35:15 solvers-r1-20260926-12 google_metadata_script_runner[1214]: startup-script: Selecting previously unselected package binutils-common:amd64.
Sep 26 20:35:15 solvers-r1-20260926-12 google_metadata_script_runner[1214]: [630B blob data]
Sep 26 20:35:15 solvers-r1-20260926-12 google_metadata_script_runner[1214]: startup-script: Preparing to unpack .../00-binutils-common_2.42-4ubuntu2.10_amd64.deb ...
Sep 26 20:35:15 solvers-r1-20260926-12 google_metadata_script_runner[1214]: startup-script: Unpacking binutils-common:amd64 (2.42-4ubuntu2.10) ...
Sep 26 20:35:15 solvers-r1-20260926-12 google_metadata_script_runner[1214]: startup-script: Selecting previously unselected package libsframe1:amd64.
Sep 26 20:35:15 solvers-r1-20260926-12 google_metadata_script_runner[1214]: startup-script: Preparing to unpack .../01-libsframe1_2.42-4ubuntu2.10_amd64.deb ...
Sep 26 20:35:15 solvers-r1-20260926-12 google_metadata_script_runner[1214]: startup-script: Unpacking libsframe1:amd64 (2.42-4ubuntu2.10) ...
Sep 26 20:35:15 solvers-r1-20260926-12 google_metadata_script_runner[1214]: startup-script: Selecting previously unselected package libbinutils:amd64.
Sep 26 20:35:15 solvers-r1-20260926-12 google_metadata_script_runner[1214]: startup-script: Preparing to unpack .../02-libbinutils_2.42-4ubuntu2.10_amd64.deb ...
Sep 26 20:35:15 solvers-r1-20260926-12 google_metadata_script_runner[1214]: startup-script: Unpacking libbinutils:amd64 (2.42-4ubuntu2.10) ...
Sep 26 20:35:15 solvers-r1-20260926-12 google_metadata_script_runner[1214]: startup-script: Selecting previously unselected package libctf-nobfd0:amd64.
Sep 26 20:35:15 solvers-r1-20260926-12 google_metadata_script_runner[1214]: startup-script: Preparing to unpack .../03-libctf-nobfd0_2.42-4ubuntu2.10_amd64.deb ...
Sep 26 20:35:15 solvers-r1-20260926-12 google_metadata_script_runner[1214]: startup-script: Unpacking libctf-nobfd0:amd64 (2.42-4ubuntu2.10) ...
Sep 26 20:35:15 solvers-r1-20260926-12 google_metadata_script_runner[1214]: startup-script: Selecting previously unselected package libctf0:amd64.
Sep 26 20:35:15 solvers-r1-20260926-12 google_metadata_script_runner[1214]: startup-script: Preparing to unpack .../04-libctf0_2.42-4ubuntu2.10_amd64.deb ...
Sep 26 20:35:15 solvers-r1-20260926-12 google_metadata_script_runner[1214]: startup-script: Unpacking libctf0:amd64 (2.42-4ubuntu2.10) ...
Sep 26 20:35:15 solvers-r1-20260926-12 google_metadata_script_runner[1214]: startup-script: Selecting previously unselected package libgprofng0:amd64.
Sep 26 20:35:15 solvers-r1-20260926-12 google_metadata_script_runner[1214]: startup-script: Preparing to unpack .../05-libgprofng0_2.42-4ubuntu2.10_amd64.deb ...
Sep 26 20:35:15 solvers-r1-20260926-12 google_metadata_script_runner[1214]: startup-script: Unpacking libgprofng0:amd64 (2.42-4ubuntu2.10) ...
Sep 26 20:35:15 solvers-r1-20260926-12 google_metadata_script_runner[1214]: startup-script: Selecting previously unselected package binutils-x86-64-linux-gnu.
Sep 26 20:35:15 solvers-r1-20260926-12 google_metadata_script_runner[1214]: startup-script: Preparing to unpack .../06-binutils-x86-64-linux-gnu_2.42-4ubuntu2.10_amd64.deb ...
Sep 26 20:35:15 solvers-r1-20260926-12 google_metadata_script_runner[1214]: startup-script: Unpacking binutils-x86-64-linux-gnu (2.42-4ubuntu2.10) ...
Sep 26 20:35:15 solvers-r1-20260926-12 google_metadata_script_runner[1214]: startup-script: Selecting previously unselected package binutils.
Sep 26 20:35:15 solvers-r1-20260926-12 google_metadata_script_runner[1214]: startup-script: Preparing to unpack .../07-binutils_2.42-4ubuntu2.10_amd64.deb ...
Sep 26 20:35:15 solvers-r1-20260926-12 google_metadata_script_runner[1214]: startup-script: Unpacking binutils (2.42-4ubuntu2.10) ...
Sep 26 20:35:15 solvers-r1-20260926-12 google_metadata_script_runner[1214]: startup-script: Selecting previously unselected package libc-dev-bin.
Sep 26 20:35:15 solvers-r1-20260926-12 google_metadata_script_runner[1214]: startup-script: Preparing to unpack .../08-libc-dev-bin_2.39-0ubuntu8.9_amd64.deb ...
Sep 26 20:35:15 solvers-r1-20260926-12 google_metadata_script_runner[1214]: startup-script: Unpacking libc-dev-bin (2.39-0ubuntu8.9) ...
Sep 26 20:35:15 solvers-r1-20260926-12 google_metadata_script_runner[1214]: startup-script: Selecting previously unselected package linux-libc-dev:amd64.
Sep 26 20:35:15 solvers-r1-20260926-12 google_metadata_script_runner[1214]: startup-script: Preparing to unpack .../09-linux-libc-dev_6.8.0-142.142_amd64.deb ...
Sep 26 20:35:15 solvers-r1-20260926-12 google_metadata_script_runner[1214]: startup-script: Unpacking linux-libc-dev:amd64 (6.8.0-142.142) ...
Sep 26 20:35:15 solvers-r1-20260926-12 google_metadata_script_runner[1214]: startup-script: Selecting previously unselected package libcrypt-dev:amd64.
Sep 26 20:35:15 solvers-r1-20260926-12 google_metadata_script_runner[1214]: startup-script: Preparing to unpack .../10-libcrypt-dev_1%3a4.4.36-4build1_amd64.deb ...
Sep 26 20:35:15 solvers-r1-20260926-12 google_metadata_script_runner[1214]: startup-script: Unpacking libcrypt-dev:amd64 (1:4.4.36-4build1) ...
Sep 26 20:35:15 solvers-r1-20260926-12 google_metadata_script_runner[1214]: startup-script: Selecting previously unselected package rpcsvc-proto.
Sep 26 20:35:15 solvers-r1-20260926-12 google_metadata_script_runner[1214]: startup-script: Preparing to unpack .../11-rpcsvc-proto_1.4.2-0ubuntu7_amd64.deb ...
Sep 26 20:35:15 solvers-r1-20260926-12 google_metadata_script_runner[1214]: startup-script: Unpacking rpcsvc-proto (1.4.2-0ubuntu7) ...
Sep 26 20:35:15 solvers-r1-20260926-12 google_metadata_script_runner[1214]: startup-script: Selecting previously unselected package libc6-dev:amd64.
Sep 26 20:35:15 solvers-r1-20260926-12 google_metadata_script_runner[1214]: startup-script: Preparing to unpack .../12-libc6-dev_2.39-0ubuntu8.9_amd64.deb ...
Sep 26 20:35:15 solvers-r1-20260926-12 google_metadata_script_runner[1214]: startup-script: Unpacking libc6-dev:amd64 (2.39-0ubuntu8.9) ...
Sep 26 20:35:15 solvers-r1-20260926-12 google_metadata_script_runner[1214]: startup-script: Selecting previously unselected package gcc-13-base:amd64.
Sep 26 20:35:15 solvers-r1-20260926-12 google_metadata_script_runner[1214]: startup-script: Preparing to unpack .../13-gcc-13-base_13.3.0-6ubuntu2~24.04.1_amd64.deb ...
Sep 26 20:35:15 solvers-r1-20260926-12 google_metadata_script_runner[1214]: startup-script: Unpacking gcc-13-base:amd64 (13.3.0-6ubuntu2~24.04.1) ...
Sep 26 20:35:15 solvers-r1-20260926-12 google_metadata_script_runner[1214]: startup-script: Selecting previously unselected package libisl23:amd64.
Sep 26 20:35:15 solvers-r1-20260926-12 google_metadata_script_runner[1214]: startup-script: Preparing to unpack .../14-libisl23_0.26-3build1.1_amd64.deb ...
Sep 26 20:35:15 solvers-r1-20260926-12 google_metadata_script_runner[1214]: startup-script: Unpacking libisl23:amd64 (0.26-3build1.1) ...
Sep 26 20:35:16 solvers-r1-20260926-12 google_metadata_script_runner[1214]: startup-script: Selecting previously unselected package libmpc3:amd64.
Sep 26 20:35:16 solvers-r1-20260926-12 google_metadata_script_runner[1214]: startup-script: Preparing to unpack .../15-libmpc3_1.3.1-1build1.1_amd64.deb ...
Sep 26 20:35:16 solvers-r1-20260926-12 google_metadata_script_runner[1214]: startup-script: Unpacking libmpc3:amd64 (1.3.1-1build1.1) ...
Sep 26 20:35:16 solvers-r1-20260926-12 google_metadata_script_runner[1214]: startup-script: Selecting previously unselected package cpp-13-x86-64-linux-gnu.
Sep 26 20:35:16 solvers-r1-20260926-12 google_metadata_script_runner[1214]: startup-script: Preparing to unpack .../16-cpp-13-x86-64-linux-gnu_13.3.0-6ubuntu2~24.04.1_amd64.deb ...
Sep 26 20:35:16 solvers-r1-20260926-12 google_metadata_script_runner[1214]: startup-script: Unpacking cpp-13-x86-64-linux-gnu (13.3.0-6ubuntu2~24.04.1) ...
Sep 26 20:35:16 solvers-r1-20260926-12 google_metadata_script_runner[1214]: startup-script: Selecting previously unselected package cpp-13.
Sep 26 20:35:16 solvers-r1-20260926-12 google_metadata_script_runner[1214]: startup-script: Preparing to unpack .../17-cpp-13_13.3.0-6ubuntu2~24.04.1_amd64.deb ...
Sep 26 20:35:16 solvers-r1-20260926-12 google_metadata_script_runner[1214]: startup-script: Unpacking cpp-13 (13.3.0-6ubuntu2~24.04.1) ...
Sep 26 20:35:16 solvers-r1-20260926-12 google_metadata_script_runner[1214]: startup-script: Selecting previously unselected package cpp-x86-64-linux-gnu.
Sep 26 20:35:16 solvers-r1-20260926-12 google_metadata_script_runner[1214]: startup-script: Preparing to unpack .../18-cpp-x86-64-linux-gnu_4%3a13.2.0-7ubuntu1_amd64.deb ...
Sep 26 20:35:16 solvers-r1-20260926-12 google_metadata_script_runner[1214]: startup-script: Unpacking cpp-x86-64-linux-gnu (4:13.2.0-7ubuntu1) ...
Sep 26 20:35:16 solvers-r1-20260926-12 google_metadata_script_runner[1214]: startup-script: Selecting previously unselected package cpp.
Sep 26 20:35:16 solvers-r1-20260926-12 google_metadata_script_runner[1214]: startup-script: Preparing to unpack .../19-cpp_4%3a13.2.0-7ubuntu1_amd64.deb ...
Sep 26 20:35:16 solvers-r1-20260926-12 google_metadata_script_runner[1214]: startup-script: Unpacking cpp (4:13.2.0-7ubuntu1) ...
Sep 26 20:35:16 solvers-r1-20260926-12 google_metadata_script_runner[1214]: startup-script: Selecting previously unselected package libcc1-0:amd64.
Sep 26 20:35:16 solvers-r1-20260926-12 google_metadata_script_runner[1214]: startup-script: Preparing to unpack .../20-libcc1-0_14.2.0-4ubuntu2~24.04.1_amd64.deb ...
Sep 26 20:35:16 solvers-r1-20260926-12 google_metadata_script_runner[1214]: startup-script: Unpacking libcc1-0:amd64 (14.2.0-4ubuntu2~24.04.1) ...
Sep 26 20:35:16 solvers-r1-20260926-12 google_metadata_script_runner[1214]: startup-script: Selecting previously unselected package libgomp1:amd64.
Sep 26 20:35:16 solvers-r1-20260926-12 google_metadata_script_runner[1214]: startup-script: Preparing to unpack .../21-libgomp1_14.2.0-4ubuntu2~24.04.1_amd64.deb ...
Sep 26 20:35:16 solvers-r1-20260926-12 google_metadata_script_runner[1214]: startup-script: Unpacking libgomp1:amd64 (14.2.0-4ubuntu2~24.04.1) ...
Sep 26 20:35:16 solvers-r1-20260926-12 google_metadata_script_runner[1214]: startup-script: Selecting previously unselected package libitm1:amd64.
Sep 26 20:35:16 solvers-r1-20260926-12 google_metadata_script_runner[1214]: startup-script: Preparing to unpack .../22-libitm1_14.2.0-4ubuntu2~24.04.1_amd64.deb ...
Sep 26 20:35:16 solvers-r1-20260926-12 google_metadata_script_runner[1214]: startup-script: Unpacking libitm1:amd64 (14.2.0-4ubuntu2~24.04.1) ...
Sep 26 20:35:16 solvers-r1-20260926-12 google_metadata_script_runner[1214]: startup-script: Selecting previously unselected package libatomic1:amd64.
Sep 26 20:35:16 solvers-r1-20260926-12 google_metadata_script_runner[1214]: startup-script: Preparing to unpack .../23-libatomic1_14.2.0-4ubuntu2~24.04.1_amd64.deb ...
Sep 26 20:35:17 solvers-r1-20260926-12 google_metadata_script_runner[1214]: startup-script: Unpacking libatomic1:amd64 (14.2.0-4ubuntu2~24.04.1) ...
Sep 26 20:35:17 solvers-r1-20260926-12 google_metadata_script_runner[1214]: startup-script: Selecting previously unselected package libasan8:amd64.
Sep 26 20:35:17 solvers-r1-20260926-12 google_metadata_script_runner[1214]: startup-script: Preparing to unpack .../24-libasan8_14.2.0-4ubuntu2~24.04.1_amd64.deb ...
Sep 26 20:35:17 solvers-r1-20260926-12 google_metadata_script_runner[1214]: startup-script: Unpacking libasan8:amd64 (14.2.0-4ubuntu2~24.04.1) ...
Sep 26 20:35:17 solvers-r1-20260926-12 google_metadata_script_runner[1214]: startup-script: Selecting previously unselected package liblsan0:amd64.
Sep 26 20:35:17 solvers-r1-20260926-12 google_metadata_script_runner[1214]: startup-script: Preparing to unpack .../25-liblsan0_14.2.0-4ubuntu2~24.04.1_amd64.deb ...
Sep 26 20:35:17 solvers-r1-20260926-12 google_metadata_script_runner[1214]: startup-script: Unpacking liblsan0:amd64 (14.2.0-4ubuntu2~24.04.1) ...
Sep 26 20:35:17 solvers-r1-20260926-12 google_metadata_script_runner[1214]: startup-script: Selecting previously unselected package libtsan2:amd64.
Sep 26 20:35:17 solvers-r1-20260926-12 google_metadata_script_runner[1214]: startup-script: Preparing to unpack .../26-libtsan2_14.2.0-4ubuntu2~24.04.1_amd64.deb ...
Sep 26 20:35:17 solvers-r1-20260926-12 google_metadata_script_runner[1214]: startup-script: Unpacking libtsan2:amd64 (14.2.0-4ubuntu2~24.04.1) ...
Sep 26 20:35:17 solvers-r1-20260926-12 google_metadata_script_runner[1214]: startup-script: Selecting previously unselected package libubsan1:amd64.
Sep 26 20:35:17 solvers-r1-20260926-12 google_metadata_script_runner[1214]: startup-script: Preparing to unpack .../27-libubsan1_14.2.0-4ubuntu2~24.04.1_amd64.deb ...
Sep 26 20:35:17 solvers-r1-20260926-12 google_metadata_script_runner[1214]: startup-script: Unpacking libubsan1:amd64 (14.2.0-4ubuntu2~24.04.1) ...
Sep 26 20:35:17 solvers-r1-20260926-12 google_metadata_script_runner[1214]: startup-script: Selecting previously unselected package libhwasan0:amd64.
Sep 26 20:35:17 solvers-r1-20260926-12 google_metadata_script_runner[1214]: startup-script: Preparing to unpack .../28-libhwasan0_14.2.0-4ubuntu2~24.04.1_amd64.deb ...
Sep 26 20:35:17 solvers-r1-20260926-12 google_metadata_script_runner[1214]: startup-script: Unpacking libhwasan0:amd64 (14.2.0-4ubuntu2~24.04.1) ...
Sep 26 20:35:17 solvers-r1-20260926-12 google_metadata_script_runner[1214]: startup-script: Selecting previously unselected package libquadmath0:amd64.
Sep 26 20:35:17 solvers-r1-20260926-12 google_metadata_script_runner[1214]: startup-script: Preparing to unpack .../29-libquadmath0_14.2.0-4ubuntu2~24.04.1_amd64.deb ...
Sep 26 20:35:17 solvers-r1-20260926-12 google_metadata_script_runner[1214]: startup-script: Unpacking libquadmath0:amd64 (14.2.0-4ubuntu2~24.04.1) ...
Sep 26 20:35:17 solvers-r1-20260926-12 google_metadata_script_runner[1214]: startup-script: Selecting previously unselected package libgcc-13-dev:amd64.
Sep 26 20:35:17 solvers-r1-20260926-12 google_metadata_script_runner[1214]: startup-script: Preparing to unpack .../30-libgcc-13-dev_13.3.0-6ubuntu2~24.04.1_amd64.deb ...
Sep 26 20:35:17 solvers-r1-20260926-12 google_metadata_script_runner[1214]: startup-script: Unpacking libgcc-13-dev:amd64 (13.3.0-6ubuntu2~24.04.1) ...
Sep 26 20:35:17 solvers-r1-20260926-12 google_metadata_script_runner[1214]: startup-script: Selecting previously unselected package gcc-13-x86-64-linux-gnu.
Sep 26 20:35:17 solvers-r1-20260926-12 google_metadata_script_runner[1214]: startup-script: Preparing to unpack .../31-gcc-13-x86-64-linux-gnu_13.3.0-6ubuntu2~24.04.1_amd64.deb ...
Sep 26 20:35:17 solvers-r1-20260926-12 google_metadata_script_runner[1214]: startup-script: Unpacking gcc-13-x86-64-linux-gnu (13.3.0-6ubuntu2~24.04.1) ...
Sep 26 20:35:17 solvers-r1-20260926-12 google_metadata_script_runner[1214]: startup-script: Selecting previously unselected package gcc-13.
Sep 26 20:35:17 solvers-r1-20260926-12 google_metadata_script_runner[1214]: startup-script: Preparing to unpack .../32-gcc-13_13.3.0-6ubuntu2~24.04.1_amd64.deb ...
Sep 26 20:35:17 solvers-r1-20260926-12 google_metadata_script_runner[1214]: startup-script: Unpacking gcc-13 (13.3.0-6ubuntu2~24.04.1) ...
Sep 26 20:35:17 solvers-r1-20260926-12 google_metadata_script_runner[1214]: startup-script: Selecting previously unselected package gcc-x86-64-linux-gnu.
Sep 26 20:35:17 solvers-r1-20260926-12 google_metadata_script_runner[1214]: startup-script: Preparing to unpack .../33-gcc-x86-64-linux-gnu_4%3a13.2.0-7ubuntu1_amd64.deb ...
Sep 26 20:35:17 solvers-r1-20260926-12 google_metadata_script_runner[1214]: startup-script: Unpacking gcc-x86-64-linux-gnu (4:13.2.0-7ubuntu1) ...
Sep 26 20:35:17 solvers-r1-20260926-12 google_metadata_script_runner[1214]: startup-script: Selecting previously unselected package gcc.
Sep 26 20:35:17 solvers-r1-20260926-12 google_metadata_script_runner[1214]: startup-script: Preparing to unpack .../34-gcc_4%3a13.2.0-7ubuntu1_amd64.deb ...
Sep 26 20:35:17 solvers-r1-20260926-12 google_metadata_script_runner[1214]: startup-script: Unpacking gcc (4:13.2.0-7ubuntu1) ...
Sep 26 20:35:17 solvers-r1-20260926-12 google_metadata_script_runner[1214]: startup-script: Selecting previously unselected package libstdc++-13-dev:amd64.
Sep 26 20:35:17 solvers-r1-20260926-12 google_metadata_script_runner[1214]: startup-script: Preparing to unpack .../35-libstdc++-13-dev_13.3.0-6ubuntu2~24.04.1_amd64.deb ...
Sep 26 20:35:17 solvers-r1-20260926-12 google_metadata_script_runner[1214]: startup-script: Unpacking libstdc++-13-dev:amd64 (13.3.0-6ubuntu2~24.04.1) ...
Sep 26 20:35:17 solvers-r1-20260926-12 google_metadata_script_runner[1214]: startup-script: Selecting previously unselected package g++-13-x86-64-linux-gnu.
Sep 26 20:35:17 solvers-r1-20260926-12 google_metadata_script_runner[1214]: startup-script: Preparing to unpack .../36-g++-13-x86-64-linux-gnu_13.3.0-6ubuntu2~24.04.1_amd64.deb ...
Sep 26 20:35:17 solvers-r1-20260926-12 google_metadata_script_runner[1214]: startup-script: Unpacking g++-13-x86-64-linux-gnu (13.3.0-6ubuntu2~24.04.1) ...
Sep 26 20:35:17 solvers-r1-20260926-12 google_metadata_script_runner[1214]: startup-script: Selecting previously unselected package g++-13.
Sep 26 20:35:17 solvers-r1-20260926-12 google_metadata_script_runner[1214]: startup-script: Preparing to unpack .../37-g++-13_13.3.0-6ubuntu2~24.04.1_amd64.deb ...
Sep 26 20:35:17 solvers-r1-20260926-12 google_metadata_script_runner[1214]: startup-script: Unpacking g++-13 (13.3.0-6ubuntu2~24.04.1) ...
Sep 26 20:35:17 solvers-r1-20260926-12 google_metadata_script_runner[1214]: startup-script: Selecting previously unselected package g++-x86-64-linux-gnu.
Sep 26 20:35:17 solvers-r1-20260926-12 google_metadata_script_runner[1214]: startup-script: Preparing to unpack .../38-g++-x86-64-linux-gnu_4%3a13.2.0-7ubuntu1_amd64.deb ...
Sep 26 20:35:17 solvers-r1-20260926-12 google_metadata_script_runner[1214]: startup-script: Unpacking g++-x86-64-linux-gnu (4:13.2.0-7ubuntu1) ...
Sep 26 20:35:18 solvers-r1-20260926-12 google_metadata_script_runner[1214]: startup-script: Selecting previously unselected package g++.
Sep 26 20:35:18 solvers-r1-20260926-12 google_metadata_script_runner[1214]: startup-script: Preparing to unpack .../39-g++_4%3a13.2.0-7ubuntu1_amd64.deb ...
Sep 26 20:35:18 solvers-r1-20260926-12 google_metadata_script_runner[1214]: startup-script: Unpacking g++ (4:13.2.0-7ubuntu1) ...
Sep 26 20:35:18 solvers-r1-20260926-12 google_metadata_script_runner[1214]: startup-script: Selecting previously unselected package make.
Sep 26 20:35:18 solvers-r1-20260926-12 google_metadata_script_runner[1214]: startup-script: Preparing to unpack .../40-make_4.3-4.1build2_amd64.deb ...
Sep 26 20:35:18 solvers-r1-20260926-12 google_metadata_script_runner[1214]: startup-script: Unpacking make (4.3-4.1build2) ...
Sep 26 20:35:18 solvers-r1-20260926-12 google_metadata_script_runner[1214]: startup-script: Selecting previously unselected package libdpkg-perl.
Sep 26 20:35:18 solvers-r1-20260926-12 google_metadata_script_runner[1214]: startup-script: Preparing to unpack .../41-libdpkg-perl_1.22.6ubuntu6.6_all.deb ...
Sep 26 20:35:18 solvers-r1-20260926-12 google_metadata_script_runner[1214]: startup-script: Unpacking libdpkg-perl (1.22.6ubuntu6.6) ...
Sep 26 20:35:18 solvers-r1-20260926-12 google_metadata_script_runner[1214]: startup-script: Selecting previously unselected package bzip2.
Sep 26 20:35:18 solvers-r1-20260926-12 google_metadata_script_runner[1214]: startup-script: Preparing to unpack .../42-bzip2_1.0.8-5.1ubuntu0.1_amd64.deb ...
Sep 26 20:35:18 solvers-r1-20260926-12 google_metadata_script_runner[1214]: startup-script: Unpacking bzip2 (1.0.8-5.1ubuntu0.1) ...
Sep 26 20:35:18 solvers-r1-20260926-12 google_metadata_script_runner[1214]: startup-script: Selecting previously unselected package lto-disabled-list.
Sep 26 20:35:18 solvers-r1-20260926-12 google_metadata_script_runner[1214]: startup-script: Preparing to unpack .../43-lto-disabled-list_47_all.deb ...
Sep 26 20:35:18 solvers-r1-20260926-12 google_metadata_script_runner[1214]: startup-script: Unpacking lto-disabled-list (47) ...
Sep 26 20:35:18 solvers-r1-20260926-12 google_metadata_script_runner[1214]: startup-script: Selecting previously unselected package dpkg-dev.
Sep 26 20:35:18 solvers-r1-20260926-12 google_metadata_script_runner[1214]: startup-script: Preparing to unpack .../44-dpkg-dev_1.22.6ubuntu6.6_all.deb ...
Sep 26 20:35:18 solvers-r1-20260926-12 google_metadata_script_runner[1214]: startup-script: Unpacking dpkg-dev (1.22.6ubuntu6.6) ...
Sep 26 20:35:18 solvers-r1-20260926-12 google_metadata_script_runner[1214]: startup-script: Selecting previously unselected package build-essential.
Sep 26 20:35:18 solvers-r1-20260926-12 google_metadata_script_runner[1214]: startup-script: Preparing to unpack .../45-build-essential_12.10ubuntu1_amd64.deb ...
Sep 26 20:35:18 solvers-r1-20260926-12 google_metadata_script_runner[1214]: startup-script: Unpacking build-essential (12.10ubuntu1) ...
Sep 26 20:35:18 solvers-r1-20260926-12 google_metadata_script_runner[1214]: startup-script: Preparing to unpack .../46-curl_8.5.0-2ubuntu10.15_amd64.deb ...
Sep 26 20:35:18 solvers-r1-20260926-12 google_metadata_script_runner[1214]: startup-script: Unpacking curl (8.5.0-2ubuntu10.15) over (8.5.0-2ubuntu10.13) ...
Sep 26 20:35:18 solvers-r1-20260926-12 google_metadata_script_runner[1214]: startup-script: Preparing to unpack .../47-libcurl4t64_8.5.0-2ubuntu10.15_amd64.deb ...
Sep 26 20:35:18 solvers-r1-20260926-12 google_metadata_script_runner[1214]: startup-script: Unpacking libcurl4t64:amd64 (8.5.0-2ubuntu10.15) over (8.5.0-2ubuntu10.13) ...
Sep 26 20:35:18 solvers-r1-20260926-12 google_metadata_script_runner[1214]: startup-script: Selecting previously unselected package libfakeroot:amd64.
Sep 26 20:35:18 solvers-r1-20260926-12 google_metadata_script_runner[1214]: startup-script: Preparing to unpack .../48-libfakeroot_1.33-1_amd64.deb ...
Sep 26 20:35:18 solvers-r1-20260926-12 google_metadata_script_runner[1214]: startup-script: Unpacking libfakeroot:amd64 (1.33-1) ...
Sep 26 20:35:19 solvers-r1-20260926-12 google_metadata_script_runner[1214]: startup-script: Selecting previously unselected package fakeroot.
Sep 26 20:35:19 solvers-r1-20260926-12 google_metadata_script_runner[1214]: startup-script: Preparing to unpack .../49-fakeroot_1.33-1_amd64.deb ...
Sep 26 20:35:19 solvers-r1-20260926-12 google_metadata_script_runner[1214]: startup-script: Unpacking fakeroot (1.33-1) ...
Sep 26 20:35:19 solvers-r1-20260926-12 google_metadata_script_runner[1214]: startup-script: Selecting previously unselected package fonts-dejavu-mono.
Sep 26 20:35:19 solvers-r1-20260926-12 google_metadata_script_runner[1214]: startup-script: Preparing to unpack .../50-fonts-dejavu-mono_2.37-8_all.deb ...
Sep 26 20:35:19 solvers-r1-20260926-12 google_metadata_script_runner[1214]: startup-script: Unpacking fonts-dejavu-mono (2.37-8) ...
Sep 26 20:35:19 solvers-r1-20260926-12 google_metadata_script_runner[1214]: startup-script: Selecting previously unselected package fonts-dejavu-core.
Sep 26 20:35:19 solvers-r1-20260926-12 google_metadata_script_runner[1214]: startup-script: Preparing to unpack .../51-fonts-dejavu-core_2.37-8_all.deb ...
Sep 26 20:35:19 solvers-r1-20260926-12 google_metadata_script_runner[1214]: startup-script: Unpacking fonts-dejavu-core (2.37-8) ...
Sep 26 20:35:19 solvers-r1-20260926-12 google_metadata_script_runner[1214]: startup-script: Selecting previously unselected package fontconfig-config.
Sep 26 20:35:19 solvers-r1-20260926-12 google_metadata_script_runner[1214]: startup-script: Preparing to unpack .../52-fontconfig-config_2.15.0-1.1ubuntu2_amd64.deb ...
Sep 26 20:35:19 solvers-r1-20260926-12 google_metadata_script_runner[1214]: startup-script: Unpacking fontconfig-config (2.15.0-1.1ubuntu2) ...
Sep 26 20:35:19 solvers-r1-20260926-12 google_metadata_script_runner[1214]: startup-script: Selecting previously unselected package libalgorithm-diff-perl.
Sep 26 20:35:19 solvers-r1-20260926-12 google_metadata_script_runner[1214]: startup-script: Preparing to unpack .../53-libalgorithm-diff-perl_1.201-1_all.deb ...
Sep 26 20:35:19 solvers-r1-20260926-12 google_metadata_script_runner[1214]: startup-script: Unpacking libalgorithm-diff-perl (1.201-1) ...
Sep 26 20:35:19 solvers-r1-20260926-12 google_metadata_script_runner[1214]: startup-script: Selecting previously unselected package libalgorithm-diff-xs-perl:amd64.
Sep 26 20:35:19 solvers-r1-20260926-12 google_metadata_script_runner[1214]: startup-script: Preparing to unpack .../54-libalgorithm-diff-xs-perl_0.04-8build3_amd64.deb ...
Sep 26 20:35:19 solvers-r1-20260926-12 google_metadata_script_runner[1214]: startup-script: Unpacking libalgorithm-diff-xs-perl:amd64 (0.04-8build3) ...
Sep 26 20:35:19 solvers-r1-20260926-12 google_metadata_script_runner[1214]: startup-script: Selecting previously unselected package libalgorithm-merge-perl.
Sep 26 20:35:19 solvers-r1-20260926-12 google_metadata_script_runner[1214]: startup-script: Preparing to unpack .../55-libalgorithm-merge-perl_0.08-5_all.deb ...
Sep 26 20:35:19 solvers-r1-20260926-12 google_metadata_script_runner[1214]: startup-script: Unpacking libalgorithm-merge-perl (0.08-5) ...
Sep 26 20:35:19 solvers-r1-20260926-12 google_metadata_script_runner[1214]: startup-script: Selecting previously unselected package libaom3:amd64.
Sep 26 20:35:19 solvers-r1-20260926-12 google_metadata_script_runner[1214]: startup-script: Preparing to unpack .../56-libaom3_3.8.2-2ubuntu0.2_amd64.deb ...
Sep 26 20:35:19 solvers-r1-20260926-12 google_metadata_script_runner[1214]: startup-script: Unpacking libaom3:amd64 (3.8.2-2ubuntu0.2) ...
Sep 26 20:35:19 solvers-r1-20260926-12 google_metadata_script_runner[1214]: startup-script: Selecting previously unselected package libfontconfig1:amd64.
Sep 26 20:35:19 solvers-r1-20260926-12 google_metadata_script_runner[1214]: startup-script: Preparing to unpack .../57-libfontconfig1_2.15.0-1.1ubuntu2_amd64.deb ...
Sep 26 20:35:19 solvers-r1-20260926-12 google_metadata_script_runner[1214]: startup-script: Unpacking libfontconfig1:amd64 (2.15.0-1.1ubuntu2) ...
Sep 26 20:35:19 solvers-r1-20260926-12 google_metadata_script_runner[1214]: startup-script: Selecting previously unselected package libsharpyuv0:amd64.
Sep 26 20:35:19 solvers-r1-20260926-12 google_metadata_script_runner[1214]: startup-script: Preparing to unpack .../58-libsharpyuv0_1.3.2-0.4build3_amd64.deb ...
Sep 26 20:35:19 solvers-r1-20260926-12 google_metadata_script_runner[1214]: startup-script: Unpacking libsharpyuv0:amd64 (1.3.2-0.4build3) ...
Sep 26 20:35:19 solvers-r1-20260926-12 google_metadata_script_runner[1214]: startup-script: Selecting previously unselected package libheif-plugin-aomdec:amd64.
Sep 26 20:35:19 solvers-r1-20260926-12 google_metadata_script_runner[1214]: startup-script: Preparing to unpack .../59-libheif-plugin-aomdec_1.17.6-1ubuntu4.8_amd64.deb ...
Sep 26 20:35:19 solvers-r1-20260926-12 google_metadata_script_runner[1214]: startup-script: Unpacking libheif-plugin-aomdec:amd64 (1.17.6-1ubuntu4.8) ...
Sep 26 20:35:19 solvers-r1-20260926-12 google_metadata_script_runner[1214]: startup-script: Selecting previously unselected package libheif1:amd64.
Sep 26 20:35:19 solvers-r1-20260926-12 google_metadata_script_runner[1214]: startup-script: Preparing to unpack .../60-libheif1_1.17.6-1ubuntu4.8_amd64.deb ...
Sep 26 20:35:19 solvers-r1-20260926-12 google_metadata_script_runner[1214]: startup-script: Unpacking libheif1:amd64 (1.17.6-1ubuntu4.8) ...
Sep 26 20:35:19 solvers-r1-20260926-12 google_metadata_script_runner[1214]: startup-script: Selecting previously unselected package libjpeg-turbo8:amd64.
Sep 26 20:35:19 solvers-r1-20260926-12 google_metadata_script_runner[1214]: startup-script: Preparing to unpack .../61-libjpeg-turbo8_2.1.5-2ubuntu2_amd64.deb ...
Sep 26 20:35:19 solvers-r1-20260926-12 google_metadata_script_runner[1214]: startup-script: Unpacking libjpeg-turbo8:amd64 (2.1.5-2ubuntu2) ...
Sep 26 20:35:19 solvers-r1-20260926-12 google_metadata_script_runner[1214]: startup-script: Selecting previously unselected package libjpeg8:amd64.
Sep 26 20:35:19 solvers-r1-20260926-12 google_metadata_script_runner[1214]: startup-script: Preparing to unpack .../62-libjpeg8_8c-2ubuntu11_amd64.deb ...
Sep 26 20:35:19 solvers-r1-20260926-12 google_metadata_script_runner[1214]: startup-script: Unpacking libjpeg8:amd64 (8c-2ubuntu11) ...
Sep 26 20:35:19 solvers-r1-20260926-12 google_metadata_script_runner[1214]: startup-script: Selecting previously unselected package libdeflate0:amd64.
Sep 26 20:35:19 solvers-r1-20260926-12 google_metadata_script_runner[1214]: startup-script: Preparing to unpack .../63-libdeflate0_1.19-1build1.1_amd64.deb ...
Sep 26 20:35:19 solvers-r1-20260926-12 google_metadata_script_runner[1214]: startup-script: Unpacking libdeflate0:amd64 (1.19-1build1.1) ...
Sep 26 20:35:19 solvers-r1-20260926-12 google_metadata_script_runner[1214]: startup-script: Selecting previously unselected package libjbig0:amd64.
Sep 26 20:35:19 solvers-r1-20260926-12 google_metadata_script_runner[1214]: startup-script: Preparing to unpack .../64-libjbig0_2.1-6.1ubuntu2_amd64.deb ...
Sep 26 20:35:19 solvers-r1-20260926-12 google_metadata_script_runner[1214]: startup-script: Unpacking libjbig0:amd64 (2.1-6.1ubuntu2) ...
Sep 26 20:35:19 solvers-r1-20260926-12 google_metadata_script_runner[1214]: startup-script: Selecting previously unselected package liblerc4:amd64.
Sep 26 20:35:19 solvers-r1-20260926-12 google_metadata_script_runner[1214]: startup-script: Preparing to unpack .../65-liblerc4_4.0.0+ds-4ubuntu2_amd64.deb ...
Sep 26 20:35:19 solvers-r1-20260926-12 google_metadata_script_runner[1214]: startup-script: Unpacking liblerc4:amd64 (4.0.0+ds-4ubuntu2) ...
Sep 26 20:35:20 solvers-r1-20260926-12 google_metadata_script_runner[1214]: startup-script: Selecting previously unselected package libwebp7:amd64.
Sep 26 20:35:20 solvers-r1-20260926-12 google_metadata_script_runner[1214]: startup-script: Preparing to unpack .../66-libwebp7_1.3.2-0.4build3_amd64.deb ...
Sep 26 20:35:20 solvers-r1-20260926-12 google_metadata_script_runner[1214]: startup-script: Unpacking libwebp7:amd64 (1.3.2-0.4build3) ...
Sep 26 20:35:20 solvers-r1-20260926-12 google_metadata_script_runner[1214]: startup-script: Selecting previously unselected package libtiff6:amd64.
Sep 26 20:35:20 solvers-r1-20260926-12 google_metadata_script_runner[1214]: startup-script: Preparing to unpack .../67-libtiff6_4.5.1+git230720-4ubuntu2.5_amd64.deb ...
Sep 26 20:35:20 solvers-r1-20260926-12 google_metadata_script_runner[1214]: startup-script: Unpacking libtiff6:amd64 (4.5.1+git230720-4ubuntu2.5) ...
Sep 26 20:35:20 solvers-r1-20260926-12 google_metadata_script_runner[1214]: startup-script: Selecting previously unselected package libxpm4:amd64.
Sep 26 20:35:20 solvers-r1-20260926-12 google_metadata_script_runner[1214]: startup-script: Preparing to unpack .../68-libxpm4_1%3a3.5.17-1ubuntu0.24.04.1_amd64.deb ...
Sep 26 20:35:20 solvers-r1-20260926-12 google_metadata_script_runner[1214]: startup-script: Unpacking libxpm4:amd64 (1:3.5.17-1ubuntu0.24.04.1) ...
Sep 26 20:35:20 solvers-r1-20260926-12 google_metadata_script_runner[1214]: startup-script: Selecting previously unselected package libgd3:amd64.
Sep 26 20:35:20 solvers-r1-20260926-12 google_metadata_script_runner[1214]: startup-script: Preparing to unpack .../69-libgd3_2.3.3-9ubuntu5_amd64.deb ...
Sep 26 20:35:20 solvers-r1-20260926-12 google_metadata_script_runner[1214]: startup-script: Unpacking libgd3:amd64 (2.3.3-9ubuntu5) ...
Sep 26 20:35:20 solvers-r1-20260926-12 google_metadata_script_runner[1214]: startup-script: Selecting previously unselected package libc-devtools.
Sep 26 20:35:20 solvers-r1-20260926-12 google_metadata_script_runner[1214]: startup-script: Preparing to unpack .../70-libc-devtools_2.39-0ubuntu8.9_amd64.deb ...
Sep 26 20:35:20 solvers-r1-20260926-12 google_metadata_script_runner[1214]: startup-script: Unpacking libc-devtools (2.39-0ubuntu8.9) ...
Sep 26 20:35:20 solvers-r1-20260926-12 google_metadata_script_runner[1214]: startup-script: Preparing to unpack .../71-libcurl3t64-gnutls_8.5.0-2ubuntu10.15_amd64.deb ...
Sep 26 20:35:20 solvers-r1-20260926-12 google_metadata_script_runner[1214]: startup-script: Unpacking libcurl3t64-gnutls:amd64 (8.5.0-2ubuntu10.15) over (8.5.0-2ubuntu10.13) ...
Sep 26 20:35:20 solvers-r1-20260926-12 google_metadata_script_runner[1214]: startup-script: Selecting previously unselected package libfile-fcntllock-perl.
Sep 26 20:35:20 solvers-r1-20260926-12 google_metadata_script_runner[1214]: startup-script: Preparing to unpack .../72-libfile-fcntllock-perl_0.22-4ubuntu5_amd64.deb ...
Sep 26 20:35:20 solvers-r1-20260926-12 google_metadata_script_runner[1214]: startup-script: Unpacking libfile-fcntllock-perl (0.22-4ubuntu5) ...
Sep 26 20:35:20 solvers-r1-20260926-12 google_metadata_script_runner[1214]: startup-script: Selecting previously unselected package libheif-plugin-aomenc:amd64.
Sep 26 20:35:20 solvers-r1-20260926-12 google_metadata_script_runner[1214]: startup-script: Preparing to unpack .../73-libheif-plugin-aomenc_1.17.6-1ubuntu4.8_amd64.deb ...
Sep 26 20:35:20 solvers-r1-20260926-12 google_metadata_script_runner[1214]: startup-script: Unpacking libheif-plugin-aomenc:amd64 (1.17.6-1ubuntu4.8) ...
Sep 26 20:35:20 solvers-r1-20260926-12 google_metadata_script_runner[1214]: startup-script: Selecting previously unselected package libpkgconf3:amd64.
Sep 26 20:35:20 solvers-r1-20260926-12 google_metadata_script_runner[1214]: startup-script: Preparing to unpack .../74-libpkgconf3_1.8.1-2build1_amd64.deb ...
Sep 26 20:35:20 solvers-r1-20260926-12 google_metadata_script_runner[1214]: startup-script: Unpacking libpkgconf3:amd64 (1.8.1-2build1) ...
Sep 26 20:35:21 solvers-r1-20260926-12 google_metadata_script_runner[1214]: startup-script: Selecting previously unselected package libssl-dev:amd64.
Sep 26 20:35:21 solvers-r1-20260926-12 google_metadata_script_runner[1214]: startup-script: Preparing to unpack .../75-libssl-dev_3.0.13-0ubuntu3.15_amd64.deb ...
Sep 26 20:35:21 solvers-r1-20260926-12 google_metadata_script_runner[1214]: startup-script: Unpacking libssl-dev:amd64 (3.0.13-0ubuntu3.15) ...
Sep 26 20:35:21 solvers-r1-20260926-12 google_metadata_script_runner[1214]: startup-script: Preparing to unpack .../76-linux-tools-common_6.8.0-142.142_all.deb ...
Sep 26 20:35:21 solvers-r1-20260926-12 google_metadata_script_runner[1214]: startup-script: Unpacking linux-tools-common (6.8.0-142.142) over (6.8.0-139.139) ...
Sep 26 20:35:21 solvers-r1-20260926-12 google_metadata_script_runner[1214]: startup-script: Selecting previously unselected package manpages-dev.
Sep 26 20:35:21 solvers-r1-20260926-12 google_metadata_script_runner[1214]: startup-script: Preparing to unpack .../77-manpages-dev_6.7-2_all.deb ...
Sep 26 20:35:21 solvers-r1-20260926-12 google_metadata_script_runner[1214]: startup-script: Unpacking manpages-dev (6.7-2) ...
Sep 26 20:35:21 solvers-r1-20260926-12 google_metadata_script_runner[1214]: startup-script: Selecting previously unselected package pkgconf-bin.
Sep 26 20:35:21 solvers-r1-20260926-12 google_metadata_script_runner[1214]: startup-script: Preparing to unpack .../78-pkgconf-bin_1.8.1-2build1_amd64.deb ...
Sep 26 20:35:21 solvers-r1-20260926-12 google_metadata_script_runner[1214]: startup-script: Unpacking pkgconf-bin (1.8.1-2build1) ...
Sep 26 20:35:21 solvers-r1-20260926-12 google_metadata_script_runner[1214]: startup-script: Selecting previously unselected package pkgconf:amd64.
Sep 26 20:35:21 solvers-r1-20260926-12 google_metadata_script_runner[1214]: startup-script: Preparing to unpack .../79-pkgconf_1.8.1-2build1_amd64.deb ...
Sep 26 20:35:21 solvers-r1-20260926-12 google_metadata_script_runner[1214]: startup-script: Unpacking pkgconf:amd64 (1.8.1-2build1) ...
Sep 26 20:35:21 solvers-r1-20260926-12 google_metadata_script_runner[1214]: startup-script: Selecting previously unselected package pkg-config:amd64.
Sep 26 20:35:21 solvers-r1-20260926-12 google_metadata_script_runner[1214]: startup-script: Preparing to unpack .../80-pkg-config_1.8.1-2build1_amd64.deb ...
Sep 26 20:35:21 solvers-r1-20260926-12 google_metadata_script_runner[1214]: startup-script: Unpacking pkg-config:amd64 (1.8.1-2build1) ...
Sep 26 20:35:21 solvers-r1-20260926-12 google_metadata_script_runner[1214]: startup-script: Setting up libsharpyuv0:amd64 (1.3.2-0.4build3) ...
Sep 26 20:35:21 solvers-r1-20260926-12 google_metadata_script_runner[1214]: startup-script: Setting up libaom3:amd64 (3.8.2-2ubuntu0.2) ...
Sep 26 20:35:21 solvers-r1-20260926-12 google_metadata_script_runner[1214]: startup-script: Setting up manpages-dev (6.7-2) ...
Sep 26 20:35:21 solvers-r1-20260926-12 google_metadata_script_runner[1214]: startup-script: Setting up lto-disabled-list (47) ...
Sep 26 20:35:21 solvers-r1-20260926-12 google_metadata_script_runner[1214]: startup-script: Setting up liblerc4:amd64 (4.0.0+ds-4ubuntu2) ...
Sep 26 20:35:21 solvers-r1-20260926-12 google_metadata_script_runner[1214]: startup-script: Setting up libxpm4:amd64 (1:3.5.17-1ubuntu0.24.04.1) ...
Sep 26 20:35:21 solvers-r1-20260926-12 google_metadata_script_runner[1214]: startup-script: Setting up libcurl4t64:amd64 (8.5.0-2ubuntu10.15) ...
Sep 26 20:35:21 solvers-r1-20260926-12 google_metadata_script_runner[1214]: startup-script: Setting up libfile-fcntllock-perl (0.22-4ubuntu5) ...
Sep 26 20:35:21 solvers-r1-20260926-12 google_metadata_script_runner[1214]: startup-script: Setting up libalgorithm-diff-perl (1.201-1) ...
Sep 26 20:35:21 solvers-r1-20260926-12 google_metadata_script_runner[1214]: startup-script: Setting up binutils-common:amd64 (2.42-4ubuntu2.10) ...
Sep 26 20:35:21 solvers-r1-20260926-12 google_metadata_script_runner[1214]: startup-script: Setting up libdeflate0:amd64 (1.19-1build1.1) ...
Sep 26 20:35:21 solvers-r1-20260926-12 google_metadata_script_runner[1214]: startup-script: Setting up libcurl3t64-gnutls:amd64 (8.5.0-2ubuntu10.15) ...
Sep 26 20:35:21 solvers-r1-20260926-12 google_metadata_script_runner[1214]: startup-script: Setting up linux-libc-dev:amd64 (6.8.0-142.142) ...
Sep 26 20:35:21 solvers-r1-20260926-12 google_metadata_script_runner[1214]: startup-script: Setting up libctf-nobfd0:amd64 (2.42-4ubuntu2.10) ...
Sep 26 20:35:21 solvers-r1-20260926-12 google_metadata_script_runner[1214]: startup-script: Setting up libgomp1:amd64 (14.2.0-4ubuntu2~24.04.1) ...
Sep 26 20:35:21 solvers-r1-20260926-12 google_metadata_script_runner[1214]: startup-script: Setting up bzip2 (1.0.8-5.1ubuntu0.1) ...
Sep 26 20:35:21 solvers-r1-20260926-12 google_metadata_script_runner[1214]: startup-script: Setting up libjbig0:amd64 (2.1-6.1ubuntu2) ...
Sep 26 20:35:21 solvers-r1-20260926-12 google_metadata_script_runner[1214]: startup-script: Setting up libsframe1:amd64 (2.42-4ubuntu2.10) ...
Sep 26 20:35:21 solvers-r1-20260926-12 google_metadata_script_runner[1214]: startup-script: Setting up libfakeroot:amd64 (1.33-1) ...
Sep 26 20:35:21 solvers-r1-20260926-12 google_metadata_script_runner[1214]: startup-script: Setting up fakeroot (1.33-1) ...
Sep 26 20:35:21 solvers-r1-20260926-12 google_metadata_script_runner[1214]: startup-script: update-alternatives: using /usr/bin/fakeroot-sysv to provide /usr/bin/fakeroot (fakeroot) in auto mode
Sep 26 20:35:21 solvers-r1-20260926-12 google_metadata_script_runner[1214]: startup-script: Setting up libpkgconf3:amd64 (1.8.1-2build1) ...
Sep 26 20:35:21 solvers-r1-20260926-12 google_metadata_script_runner[1214]: startup-script: Setting up rpcsvc-proto (1.4.2-0ubuntu7) ...
Sep 26 20:35:21 solvers-r1-20260926-12 google_metadata_script_runner[1214]: startup-script: Setting up gcc-13-base:amd64 (13.3.0-6ubuntu2~24.04.1) ...
Sep 26 20:35:21 solvers-r1-20260926-12 google_metadata_script_runner[1214]: startup-script: Setting up make (4.3-4.1build2) ...
Sep 26 20:35:21 solvers-r1-20260926-12 google_metadata_script_runner[1214]: startup-script: Setting up libquadmath0:amd64 (14.2.0-4ubuntu2~24.04.1) ...
Sep 26 20:35:21 solvers-r1-20260926-12 google_metadata_script_runner[1214]: startup-script: Setting up fonts-dejavu-mono (2.37-8) ...
Sep 26 20:35:21 solvers-r1-20260926-12 google_metadata_script_runner[1214]: startup-script: Setting up libssl-dev:amd64 (3.0.13-0ubuntu3.15) ...
Sep 26 20:35:21 solvers-r1-20260926-12 google_metadata_script_runner[1214]: startup-script: Setting up libmpc3:amd64 (1.3.1-1build1.1) ...
Sep 26 20:35:21 solvers-r1-20260926-12 google_metadata_script_runner[1214]: startup-script: Setting up libatomic1:amd64 (14.2.0-4ubuntu2~24.04.1) ...
Sep 26 20:35:21 solvers-r1-20260926-12 google_metadata_script_runner[1214]: startup-script: Setting up fonts-dejavu-core (2.37-8) ...
Sep 26 20:35:21 solvers-r1-20260926-12 google_metadata_script_runner[1214]: startup-script: Setting up pkgconf-bin (1.8.1-2build1) ...
Sep 26 20:35:21 solvers-r1-20260926-12 google_metadata_script_runner[1214]: startup-script: Setting up libjpeg-turbo8:amd64 (2.1.5-2ubuntu2) ...
Sep 26 20:35:21 solvers-r1-20260926-12 google_metadata_script_runner[1214]: startup-script: Setting up libdpkg-perl (1.22.6ubuntu6.6) ...
Sep 26 20:35:21 solvers-r1-20260926-12 google_metadata_script_runner[1214]: startup-script: Setting up libwebp7:amd64 (1.3.2-0.4build3) ...
Sep 26 20:35:21 solvers-r1-20260926-12 google_metadata_script_runner[1214]: startup-script: Setting up libubsan1:amd64 (14.2.0-4ubuntu2~24.04.1) ...
Sep 26 20:35:21 solvers-r1-20260926-12 google_metadata_script_runner[1214]: startup-script: Setting up libhwasan0:amd64 (14.2.0-4ubuntu2~24.04.1) ...
Sep 26 20:35:21 solvers-r1-20260926-12 google_metadata_script_runner[1214]: startup-script: Setting up libcrypt-dev:amd64 (1:4.4.36-4build1) ...
Sep 26 20:35:21 solvers-r1-20260926-12 google_metadata_script_runner[1214]: startup-script: Setting up libasan8:amd64 (14.2.0-4ubuntu2~24.04.1) ...
Sep 26 20:35:21 solvers-r1-20260926-12 google_metadata_script_runner[1214]: startup-script: Setting up curl (8.5.0-2ubuntu10.15) ...
Sep 26 20:35:21 solvers-r1-20260926-12 google_metadata_script_runner[1214]: startup-script: Setting up libtsan2:amd64 (14.2.0-4ubuntu2~24.04.1) ...
Sep 26 20:35:21 solvers-r1-20260926-12 google_metadata_script_runner[1214]: startup-script: Setting up libbinutils:amd64 (2.42-4ubuntu2.10) ...
Sep 26 20:35:22 solvers-r1-20260926-12 google_metadata_script_runner[1214]: startup-script: Setting up libisl23:amd64 (0.26-3build1.1) ...
Sep 26 20:35:22 solvers-r1-20260926-12 google_metadata_script_runner[1214]: startup-script: Setting up libc-dev-bin (2.39-0ubuntu8.9) ...
Sep 26 20:35:22 solvers-r1-20260926-12 google_metadata_script_runner[1214]: startup-script: Setting up linux-tools-common (6.8.0-142.142) ...
Sep 26 20:35:22 solvers-r1-20260926-12 google_metadata_script_runner[1214]: startup-script: Setting up libalgorithm-diff-xs-perl:amd64 (0.04-8build3) ...
Sep 26 20:35:22 solvers-r1-20260926-12 google_metadata_script_runner[1214]: startup-script: Setting up libcc1-0:amd64 (14.2.0-4ubuntu2~24.04.1) ...
Sep 26 20:35:22 solvers-r1-20260926-12 google_metadata_script_runner[1214]: startup-script: Setting up liblsan0:amd64 (14.2.0-4ubuntu2~24.04.1) ...
Sep 26 20:35:22 solvers-r1-20260926-12 google_metadata_script_runner[1214]: startup-script: Setting up libitm1:amd64 (14.2.0-4ubuntu2~24.04.1) ...
Sep 26 20:35:22 solvers-r1-20260926-12 google_metadata_script_runner[1214]: startup-script: Setting up libalgorithm-merge-perl (0.08-5) ...
Sep 26 20:35:22 solvers-r1-20260926-12 google_metadata_script_runner[1214]: startup-script: Setting up libctf0:amd64 (2.42-4ubuntu2.10) ...
Sep 26 20:35:22 solvers-r1-20260926-12 google_metadata_script_runner[1214]: startup-script: Setting up libjpeg8:amd64 (8c-2ubuntu11) ...
Sep 26 20:35:22 solvers-r1-20260926-12 google_metadata_script_runner[1214]: startup-script: Setting up cpp-13-x86-64-linux-gnu (13.3.0-6ubuntu2~24.04.1) ...
Sep 26 20:35:22 solvers-r1-20260926-12 google_metadata_script_runner[1214]: startup-script: Setting up fontconfig-config (2.15.0-1.1ubuntu2) ...
Sep 26 20:35:22 solvers-r1-20260926-12 google_metadata_script_runner[1214]: startup-script: Setting up pkgconf:amd64 (1.8.1-2build1) ...
Sep 26 20:35:22 solvers-r1-20260926-12 google_metadata_script_runner[1214]: startup-script: Setting up libgprofng0:amd64 (2.42-4ubuntu2.10) ...
Sep 26 20:35:22 solvers-r1-20260926-12 google_metadata_script_runner[1214]: startup-script: Setting up pkg-config:amd64 (1.8.1-2build1) ...
Sep 26 20:35:22 solvers-r1-20260926-12 google_metadata_script_runner[1214]: startup-script: Setting up libgcc-13-dev:amd64 (13.3.0-6ubuntu2~24.04.1) ...
Sep 26 20:35:22 solvers-r1-20260926-12 google_metadata_script_runner[1214]: startup-script: Setting up libtiff6:amd64 (4.5.1+git230720-4ubuntu2.5) ...
Sep 26 20:35:22 solvers-r1-20260926-12 google_metadata_script_runner[1214]: startup-script: Setting up libc6-dev:amd64 (2.39-0ubuntu8.9) ...
Sep 26 20:35:22 solvers-r1-20260926-12 google_metadata_script_runner[1214]: startup-script: Setting up libstdc++-13-dev:amd64 (13.3.0-6ubuntu2~24.04.1) ...
Sep 26 20:35:22 solvers-r1-20260926-12 google_metadata_script_runner[1214]: startup-script: Setting up binutils-x86-64-linux-gnu (2.42-4ubuntu2.10) ...
Sep 26 20:35:22 solvers-r1-20260926-12 google_metadata_script_runner[1214]: startup-script: Setting up cpp-x86-64-linux-gnu (4:13.2.0-7ubuntu1) ...
Sep 26 20:35:22 solvers-r1-20260926-12 google_metadata_script_runner[1214]: startup-script: Setting up cpp-13 (13.3.0-6ubuntu2~24.04.1) ...
Sep 26 20:35:22 solvers-r1-20260926-12 google_metadata_script_runner[1214]: startup-script: Setting up gcc-13-x86-64-linux-gnu (13.3.0-6ubuntu2~24.04.1) ...
Sep 26 20:35:22 solvers-r1-20260926-12 google_metadata_script_runner[1214]: startup-script: Setting up binutils (2.42-4ubuntu2.10) ...
Sep 26 20:35:22 solvers-r1-20260926-12 google_metadata_script_runner[1214]: startup-script: Setting up dpkg-dev (1.22.6ubuntu6.6) ...
Sep 26 20:35:22 solvers-r1-20260926-12 google_metadata_script_runner[1214]: startup-script: Setting up gcc-13 (13.3.0-6ubuntu2~24.04.1) ...
Sep 26 20:35:22 solvers-r1-20260926-12 google_metadata_script_runner[1214]: startup-script: Setting up cpp (4:13.2.0-7ubuntu1) ...
Sep 26 20:35:22 solvers-r1-20260926-12 google_metadata_script_runner[1214]: startup-script: Setting up g++-13-x86-64-linux-gnu (13.3.0-6ubuntu2~24.04.1) ...
Sep 26 20:35:22 solvers-r1-20260926-12 google_metadata_script_runner[1214]: startup-script: Setting up gcc-x86-64-linux-gnu (4:13.2.0-7ubuntu1) ...
Sep 26 20:35:22 solvers-r1-20260926-12 google_metadata_script_runner[1214]: startup-script: Setting up gcc (4:13.2.0-7ubuntu1) ...
Sep 26 20:35:23 solvers-r1-20260926-12 google_metadata_script_runner[1214]: startup-script: Setting up g++-x86-64-linux-gnu (4:13.2.0-7ubuntu1) ...
Sep 26 20:35:23 solvers-r1-20260926-12 google_metadata_script_runner[1214]: startup-script: Setting up g++-13 (13.3.0-6ubuntu2~24.04.1) ...
Sep 26 20:35:23 solvers-r1-20260926-12 google_metadata_script_runner[1214]: startup-script: Setting up g++ (4:13.2.0-7ubuntu1) ...
Sep 26 20:35:23 solvers-r1-20260926-12 google_metadata_script_runner[1214]: startup-script: update-alternatives: using /usr/bin/g++ to provide /usr/bin/c++ (c++) in auto mode
Sep 26 20:35:23 solvers-r1-20260926-12 google_metadata_script_runner[1214]: startup-script: Setting up build-essential (12.10ubuntu1) ...
Sep 26 20:35:23 solvers-r1-20260926-12 google_metadata_script_runner[1214]: startup-script: Setting up libheif-plugin-aomdec:amd64 (1.17.6-1ubuntu4.8) ...
Sep 26 20:35:23 solvers-r1-20260926-12 google_metadata_script_runner[1214]: startup-script: Setting up libheif1:amd64 (1.17.6-1ubuntu4.8) ...
Sep 26 20:35:23 solvers-r1-20260926-12 google_metadata_script_runner[1214]: startup-script: Setting up libheif-plugin-aomenc:amd64 (1.17.6-1ubuntu4.8) ...
Sep 26 20:35:23 solvers-r1-20260926-12 google_metadata_script_runner[1214]: startup-script: Processing triggers for libc-bin (2.39-0ubuntu8.9) ...
Sep 26 20:35:23 solvers-r1-20260926-12 google_metadata_script_runner[1214]: startup-script: Processing triggers for man-db (2.12.0-4build2) ...
Sep 26 20:35:26 solvers-r1-20260926-12 google_metadata_script_runner[1214]: startup-script: Processing triggers for sgml-base (1.31) ...
Sep 26 20:35:26 solvers-r1-20260926-12 google_metadata_script_runner[1214]: startup-script: Setting up libfontconfig1:amd64 (2.15.0-1.1ubuntu2) ...
Sep 26 20:35:26 solvers-r1-20260926-12 google_metadata_script_runner[1214]: startup-script: Setting up libgd3:amd64 (2.3.3-9ubuntu5) ...
Sep 26 20:35:26 solvers-r1-20260926-12 google_metadata_script_runner[1214]: startup-script: Setting up libc-devtools (2.39-0ubuntu8.9) ...
Sep 26 20:35:26 solvers-r1-20260926-12 google_metadata_script_runner[1214]: startup-script: Processing triggers for libc-bin (2.39-0ubuntu8.9) ...
Sep 26 20:35:27 solvers-r1-20260926-12 google_metadata_script_runner[1214]: startup-script:
Sep 26 20:35:27 solvers-r1-20260926-12 google_metadata_script_runner[1214]: startup-script: Running kernel seems to be up-to-date.
Sep 26 20:35:27 solvers-r1-20260926-12 google_metadata_script_runner[1214]: startup-script:
Sep 26 20:35:27 solvers-r1-20260926-12 google_metadata_script_runner[1214]: startup-script: Restarting services...
Sep 26 20:35:27 solvers-r1-20260926-12 google_metadata_script_runner[1214]: startup-script:  systemctl restart packagekit.service
Sep 26 20:35:27 solvers-r1-20260926-12 google_metadata_script_runner[1214]: startup-script:
Sep 26 20:35:27 solvers-r1-20260926-12 google_metadata_script_runner[1214]: startup-script: No containers need to be restarted.
Sep 26 20:35:27 solvers-r1-20260926-12 google_metadata_script_runner[1214]: startup-script:
Sep 26 20:35:27 solvers-r1-20260926-12 google_metadata_script_runner[1214]: startup-script: No user sessions are running outdated binaries.
Sep 26 20:35:27 solvers-r1-20260926-12 google_metadata_script_runner[1214]: startup-script:
Sep 26 20:35:27 solvers-r1-20260926-12 google_metadata_script_runner[1214]: startup-script: No VM guests are running outdated hypervisor (qemu) binaries on this host.
Sep 26 20:35:29 solvers-r1-20260926-12 google_metadata_script_runner[1214]: startup-script: info: downloading installer
Sep 26 20:35:29 solvers-r1-20260926-12 google_metadata_script_runner[1214]: startup-script: info: profile set to minimal
Sep 26 20:35:29 solvers-r1-20260926-12 google_metadata_script_runner[1214]: startup-script: info: default host tuple is x86_64-unknown-linux-gnu
Sep 26 20:35:29 solvers-r1-20260926-12 google_metadata_script_runner[1214]: startup-script: info: syncing channel updates for 1.97.0-x86_64-unknown-linux-gnu
Sep 26 20:35:29 solvers-r1-20260926-12 google_metadata_script_runner[1214]: startup-script: info: latest update on 2026-07-09 for version 1.97.0 (2d8144b78 2026-07-07)
Sep 26 20:35:29 solvers-r1-20260926-12 google_metadata_script_runner[1214]: startup-script: info: downloading 5 components
Sep 26 20:35:43 solvers-r1-20260926-12 google_metadata_script_runner[1214]: startup-script: info: default toolchain set to 1.97.0-x86_64-unknown-linux-gnu
Sep 26 20:35:43 solvers-r1-20260926-12 google_metadata_script_runner[1214]: startup-script:
Sep 26 20:35:43 solvers-r1-20260926-12 google_metadata_script_runner[1214]: startup-script:   1.97.0-x86_64-unknown-linux-gnu installed - rustc 1.97.0 (2d8144b78 2026-07-07)
Sep 26 20:35:43 solvers-r1-20260926-12 google_metadata_script_runner[1214]: startup-script:
Sep 26 20:35:43 solvers-r1-20260926-12 google_metadata_script_runner[1214]: startup-script:
Sep 26 20:35:43 solvers-r1-20260926-12 google_metadata_script_runner[1214]: startup-script: Rust is installed now. Great!
Sep 26 20:35:43 solvers-r1-20260926-12 google_metadata_script_runner[1214]: startup-script:
Sep 26 20:35:43 solvers-r1-20260926-12 google_metadata_script_runner[1214]: startup-script: To get started you need Cargo's bin directory (/opt/r1/cargo/bin) in your PATH
Sep 26 20:35:43 solvers-r1-20260926-12 google_metadata_script_runner[1214]: startup-script: environment variable. This has not been done automatically.
Sep 26 20:35:43 solvers-r1-20260926-12 google_metadata_script_runner[1214]: startup-script:
Sep 26 20:35:43 solvers-r1-20260926-12 google_metadata_script_runner[1214]: startup-script: To configure your current shell, you need to source
Sep 26 20:35:43 solvers-r1-20260926-12 google_metadata_script_runner[1214]: startup-script: the corresponding env file under /opt/r1/cargo.
Sep 26 20:35:43 solvers-r1-20260926-12 google_metadata_script_runner[1214]: startup-script:
Sep 26 20:35:43 solvers-r1-20260926-12 google_metadata_script_runner[1214]: startup-script: Consider running the right command for your shell (note the leading DOT):
Sep 26 20:35:43 solvers-r1-20260926-12 google_metadata_script_runner[1214]: startup-script: . "/opt/r1/cargo/env" # For sh/ash/dash/pdksh/bash
Sep 26 20:35:43 solvers-r1-20260926-12 google_metadata_script_runner[1214]: startup-script: cargo:rerun-if-env-changed=CC_x86_64-unknown-linux-gnu
Sep 26 20:35:43 solvers-r1-20260926-12 google_metadata_script_runner[1214]: startup-script: CC_x86_64-unknown-linux-gnu = None
Sep 26 20:35:43 solvers-r1-20260926-12 google_metadata_script_runner[1214]: startup-script: cargo:rerun-if-env-changed=CC_x86_64_unknown_linux_gnu
Sep 26 20:35:43 solvers-r1-20260926-12 google_metadata_script_runner[1214]: startup-script: CC_x86_64_unknown_linux_gnu = None
Sep 26 20:35:43 solvers-r1-20260926-12 google_metadata_script_runner[1214]: startup-script: cargo:rerun-if-env-changed=HOST_CC
Sep 26 20:35:43 solvers-r1-20260926-12 google_metadata_script_runner[1214]: startup-script: HOST_CC = None
Sep 26 20:35:43 solvers-r1-20260926-12 google_metadata_script_runner[1214]: startup-script: cargo:rerun-if-env-changed=CC
Sep 26 20:35:43 solvers-r1-20260926-12 google_metadata_script_runner[1214]: startup-script: CC = None
Sep 26 20:35:43 solvers-r1-20260926-12 google_metadata_script_runner[1214]: startup-script: cargo:rerun-if-env-changed=CC_ENABLE_DEBUG_OUTPUT
Sep 26 20:35:43 solvers-r1-20260926-12 google_metadata_script_runner[1214]: startup-script: cargo:rerun-if-env-changed=CRATE_CC_NO_DEFAULTS
Sep 26 20:35:43 solvers-r1-20260926-12 google_metadata_script_runner[1214]: startup-script: CRATE_CC_NO_DEFAULTS = None
Sep 26 20:35:43 solvers-r1-20260926-12 google_metadata_script_runner[1214]: startup-script: cargo:rerun-if-env-changed=CFLAGS
Sep 26 20:35:43 solvers-r1-20260926-12 google_metadata_script_runner[1214]: startup-script: CFLAGS = None
Sep 26 20:35:43 solvers-r1-20260926-12 google_metadata_script_runner[1214]: startup-script: cargo:rerun-if-env-changed=HOST_CFLAGS
Sep 26 20:35:43 solvers-r1-20260926-12 google_metadata_script_runner[1214]: startup-script: HOST_CFLAGS = None
Sep 26 20:35:43 solvers-r1-20260926-12 google_metadata_script_runner[1214]: startup-script: cargo:rerun-if-env-changed=CFLAGS_x86_64_unknown_linux_gnu
Sep 26 20:35:43 solvers-r1-20260926-12 google_metadata_script_runner[1214]: startup-script: CFLAGS_x86_64_unknown_linux_gnu = None
Sep 26 20:35:43 solvers-r1-20260926-12 google_metadata_script_runner[1214]: startup-script: cargo:rerun-if-env-changed=CFLAGS_x86_64-unknown-linux-gnu
Sep 26 20:35:43 solvers-r1-20260926-12 google_metadata_script_runner[1214]: startup-script: CFLAGS_x86_64-unknown-linux-gnu = None
Sep 26 20:35:43 solvers-r1-20260926-12 google_metadata_script_runner[1214]: startup-script exit status 0
Sep 26 20:35:43 solvers-r1-20260926-12 google_metadata_script_runner[1214]: Finished running startup scripts.
Sep 26 20:35:43 solvers-r1-20260926-12 systemd[1]: google-startup-scripts.service: Deactivated successfully.
Sep 26 20:35:43 solvers-r1-20260926-12 systemd[1]: Finished google-startup-scripts.service - Google Compute Engine Startup Scripts.
Sep 26 20:35:43 solvers-r1-20260926-12 systemd[1]: google-startup-scripts.service: Consumed 49.699s CPU time.
    PID COMMAND         COMMAND
      1 systemd         /sbin/init
      2 kthreadd        [kthreadd]
      3 pool_workqueue_ [pool_workqueue_release]
      4 kworker/R-rcu_g [kworker/R-rcu_gp]
      5 kworker/R-sync_ [kworker/R-sync_wq]
      6 kworker/R-kvfre [kworker/R-kvfree_rcu_reclaim]
      7 kworker/R-slub_ [kworker/R-slub_flushwq]
      8 kworker/R-netns [kworker/R-netns]
      9 kworker/0:0-cgr [kworker/0:0-cgroup_free]
     10 kworker/0:0H-kb [kworker/0:0H-kblockd]
     11 kworker/0:1-eve [kworker/0:1-events_freezable]
     12 kworker/u16:0-f [kworker/u16:0-flush-8:0]
     13 kworker/R-mm_pe [kworker/R-mm_percpu_wq]
     14 ksoftirqd/0     [ksoftirqd/0]
     15 pr/ttyS0        [pr/ttyS0]
     16 rcu_sched       [rcu_sched]
     17 rcu_exp_par_gp_ [rcu_exp_par_gp_kthread_worker/0]
     18 rcu_exp_gp_kthr [rcu_exp_gp_kthread_worker]
     19 migration/0     [migration/0]
     20 kprobe-optimize [kprobe-optimizer]
     21 idle_inject/0   [idle_inject/0]
     22 cpuhp/0         [cpuhp/0]
     23 cpuhp/1         [cpuhp/1]
     24 idle_inject/1   [idle_inject/1]
     25 migration/1     [migration/1]
     26 ksoftirqd/1     [ksoftirqd/1]
     27 kworker/1:0-eve [kworker/1:0-events]
     28 kworker/1:0H-kb [kworker/1:0H-kblockd]
     29 cpuhp/2         [cpuhp/2]
     30 idle_inject/2   [idle_inject/2]
     31 migration/2     [migration/2]
     32 ksoftirqd/2     [ksoftirqd/2]
     33 kworker/2:0-eve [kworker/2:0-events]
     34 kworker/2:0H-kb [kworker/2:0H-kblockd]
     35 cpuhp/3         [cpuhp/3]
     36 idle_inject/3   [idle_inject/3]
     37 migration/3     [migration/3]
     38 ksoftirqd/3     [ksoftirqd/3]
     39 kworker/3:0-eve [kworker/3:0-events]
     40 kworker/3:0H-kb [kworker/3:0H-kblockd]
     41 kdevtmpfs       [kdevtmpfs]
     42 kworker/R-inet_ [kworker/R-inet_frag_wq]
     43 rcu_tasks_kthre [rcu_tasks_kthread]
     44 rcu_tasks_rude_ [rcu_tasks_rude_kthread]
     45 kauditd         [kauditd]
     46 khungtaskd      [khungtaskd]
     47 oom_reaper      [oom_reaper]
     48 kworker/u16:1-p [kworker/u16:1-pm]
     49 kworker/u16:2-f [kworker/u16:2-flush-8:0]
     50 kworker/1:1-eve [kworker/1:1-events]
     51 kworker/R-write [kworker/R-writeback]
     52 kcompactd0      [kcompactd0]
     53 ksmd            [ksmd]
     54 khugepaged      [khugepaged]
     55 kworker/R-kbloc [kworker/R-kblockd]
     56 kworker/R-blkcg [kworker/R-blkcg_punt_bio]
     57 kworker/R-kinte [kworker/R-kintegrityd]
     58 irq/9-acpi      [irq/9-acpi]
     59 kworker/2:1-cgr [kworker/2:1-cgroup_release]
     60 kworker/3:1-eve [kworker/3:1-events]
     61 kworker/R-tpm_d [kworker/R-tpm_dev_wq]
     62 kworker/R-ata_s [kworker/R-ata_sff]
     63 kworker/R-md_bi [kworker/R-md_bitmap]
     64 kworker/R-md_ll [kworker/R-md_llbitmap_io]
     65 kworker/R-md_ll [kworker/R-md_llbitmap_unplug]
     66 kworker/R-edac- [kworker/R-edac-poller]
     67 kworker/R-devfr [kworker/R-devfreq_wq]
     68 watchdogd       [watchdogd]
     69 kworker/R-quota [kworker/R-quota_events_unbound]
     70 kswapd0         [kswapd0]
     71 ecryptfs-kthrea [ecryptfs-kthread]
     72 kworker/R-kthro [kworker/R-kthrotld]
     73 kworker/R-acpi_ [kworker/R-acpi_thermal_pm]
     74 hwrng           [hwrng]
     75 scsi_eh_0       [scsi_eh_0]
     76 kworker/R-scsi_ [kworker/R-scsi_tmf_0]
     77 kworker/R-nvme- [kworker/R-nvme-wq]
     78 kworker/R-nvme- [kworker/R-nvme-reset-wq]
     79 kworker/R-nvme- [kworker/R-nvme-delete-wq]
     80 kworker/R-nvme- [kworker/R-nvme-auth-wq]
     81 kworker/R-mld   [kworker/R-mld]
     82 kworker/R-ipv6_ [kworker/R-ipv6_addrconf]
     83 kworker/R-kstrp [kworker/R-kstrp]
     84 kworker/2:2-cgr [kworker/2:2-cgroup_free]
     86 kworker/u17:0   [kworker/u17:0]
     97 kworker/R-charg [kworker/R-charger_manager]
     98 jbd2/sda1-8     [jbd2/sda1-8]
     99 kworker/R-ext4- [kworker/R-ext4-rsv-conversion]
    123 kworker/3:1H-kb [kworker/3:1H-kblockd]
    124 kworker/0:1H-kb [kworker/0:1H-kblockd]
    138 systemd-journal /usr/lib/systemd/systemd-journald
    158 kworker/1:1H-kb [kworker/1:1H-kblockd]
    160 kworker/u16:3-f [kworker/u16:3-flush-8:0]
    165 kworker/R-kmpat [kworker/R-kmpathd]
    166 kworker/R-kmpat [kworker/R-kmpath_handlerd]
    170 kworker/1:2-eve [kworker/1:2-events]
    181 kworker/3:2-eve [kworker/3:2-events]
    201 multipathd      /sbin/multipathd -d -s
    202 kworker/0:2-cgr [kworker/0:2-cgroup_free]
    211 systemd-udevd   /usr/lib/systemd/systemd-udevd
    221 psimon          [psimon]
    259 kworker/u16:4-e [kworker/u16:4-ext4-rsv-conversion]
    320 kworker/0:3     [kworker/0:3]
    322 jbd2/sda16-8    [jbd2/sda16-8]
    323 kworker/R-ext4- [kworker/R-ext4-rsv-conversion]
    397 systemd-resolve /usr/lib/systemd/systemd-resolved
    414 kworker/2:1H-kb [kworker/2:1H-kblockd]
    504 kworker/R-cfg80 [kworker/R-cfg80211]
    578 systemd-network /usr/lib/systemd/systemd-networkd
    639 kworker/u16:5-w [kworker/u16:5-writeback]
    707 dbus-daemon     @dbus-daemon --system --address=systemd: --nofork --nopidfile --systemd-activation --syslog-only
    711 google_osconfig /usr/bin/google_osconfig_agent
    720 networkd-dispat /usr/bin/python3 /usr/bin/networkd-dispatcher --run-startup-triggers
    734 snapd           /usr/lib/snapd/snapd
    761 rsyslogd        /usr/sbin/rsyslogd -n -iNONE
    833 unattended-upgr /usr/bin/python3 /usr/share/unattended-upgrades/unattended-upgrade-shutdown --wait-for-signal
    958 google_guest_ag /usr/bin/google_guest_agent
    960 polkitd         /usr/lib/polkit-1/polkitd --no-debug
    961 agetty          /sbin/agetty -o -p -- \u --keep-baud 115200,57600,38400,9600 - vt220
    971 agetty          /sbin/agetty -o -p -- \u --noclear - linux
    986 chronyd         /usr/sbin/chronyd -F 1
    987 chronyd         /usr/sbin/chronyd -F 1
   1111 systemd-logind  /usr/lib/systemd/systemd-logind
   1138 cron            /usr/sbin/cron -f -P
   1142 kworker/1:3-cgr [kworker/1:3-cgroup_free]
   1166 sshd            sshd: /usr/sbin/sshd -D [listener] 0 of 10-100 startups
   2714 packagekitd     /usr/libexec/packagekitd
   2715 kworker/3:3-eve [kworker/3:3-events]
   2968 kworker/R-tls-s [kworker/R-tls-strp]
   3056 kworker/2:3-eve [kworker/2:3-events]
   3064 sshd            sshd: PC_User [priv]
   3067 psimon          [psimon]
   3069 systemd         /usr/lib/systemd/systemd --user
   3070 (sd-pam)        (sd-pam)
   3133 sshd            sshd: PC_User@notty
   3134 ps              ps -eo pid,comm,args
