    Updating crates.io index
 Downloading crates ...
  Downloaded toml_datetime v0.6.11
  Downloaded toml_edit v0.22.27
  Downloaded stable_deref_trait v1.2.1
  Downloaded toml_write v0.1.2
  Downloaded miniphf v0.1.0
  Downloaded embedded-io v0.4.0
  Downloaded errno v0.3.14
  Downloaded itoa v1.0.18
  Downloaded rustc_version v0.4.1
  Downloaded hash32 v0.2.1
  Downloaded thiserror-impl v2.0.18
  Downloaded criterion-plot v0.5.0
  Downloaded rustc-hash v2.1.3
  Downloaded cfg-if v1.0.4
  Downloaded aya_codegen v0.1.0
  Downloaded serde_spanned v0.6.9
  Downloaded quickdiv v0.1.1
  Downloaded plotters-backend v0.3.7
  Downloaded aya_base v0.1.0
  Downloaded utf8parse v0.2.2
  Downloaded tiny_http v0.12.0
  Downloaded plotters-svg v0.3.7
  Downloaded is-terminal v0.4.17
  Downloaded cast v0.3.0
  Downloaded heck v0.5.0
  Downloaded ciborium-io v0.2.2
  Downloaded ciborium-ll v0.2.2
  Downloaded chunked_transfer v1.5.0
  Downloaded embedded-io v0.6.1
  Downloaded same-file v1.0.6
  Downloaded strsim v0.11.1
  Downloaded clap_lex v1.1.0
  Downloaded anstyle-query v1.1.5
  Downloaded is_terminal_polyfill v1.70.2
  Downloaded colorchoice v1.0.5
  Downloaded rand_chacha v0.3.1
  Downloaded rand_core v0.6.4
  Downloaded lock_api v0.4.14
  Downloaded scopeguard v1.2.0
  Downloaded aya_poker v0.1.0
  Downloaded tinytemplate v1.2.1
  Downloaded fastrand v2.4.1
  Downloaded either v1.16.0
  Downloaded byteorder v1.5.0
  Downloaded cobs v0.3.0
  Downloaded quote v1.0.46
  Downloaded httpdate v1.0.3
  Downloaded ppv-lite86 v0.2.21
  Downloaded equivalent v1.0.2
  Downloaded zmij v1.0.21
  Downloaded autocfg v1.5.1
  Downloaded oorandom v11.1.5
  Downloaded anes v0.1.6
  Downloaded untrusted v0.7.1
  Downloaded toml v0.8.23
  Downloaded crossbeam-deque v0.8.6
  Downloaded crossbeam-epoch v0.9.18
  Downloaded getrandom v0.2.17
  Downloaded thiserror v2.0.18
  Downloaded postcard v1.1.3
  Downloaded spin v0.9.8
  Downloaded semver v1.0.28
  Downloaded walkdir v2.5.0
  Downloaded anstyle v1.0.14
  Downloaded anstream v1.0.0
  Downloaded tempfile v3.27.0
  Downloaded crossbeam-utils v0.8.21
  Downloaded clap_derive v4.6.1
  Downloaded anstyle-parse v1.0.0
  Downloaded ciborium v0.2.2
  Downloaded serde_derive v1.0.228
  Downloaded unicode-ident v1.0.24
  Downloaded proc-macro2 v1.0.106
  Downloaded serde_core v1.0.228
  Downloaded getrandom v0.4.3
  Downloaded rayon-core v1.13.0
  Downloaded num-traits v0.2.19
  Downloaded clap v4.6.1
  Downloaded heapless v0.7.17
  Downloaded memchr v2.8.2
  Downloaded serde v1.0.228
  Downloaded bitflags v2.13.0
  Downloaded once_cell v1.21.4
  Downloaded zerocopy-derive v0.8.52
  Downloaded rand v0.8.6
  Downloaded half v2.7.1
  Downloaded indexmap v2.14.0
  Downloaded criterion v0.5.1
  Downloaded spin v0.5.2
  Downloaded itertools v0.10.5
  Downloaded plotters v0.3.7
  Downloaded untrusted v0.9.0
  Downloaded winnow v0.7.15
  Downloaded hashbrown v0.17.1
  Downloaded serde_json v1.0.150
  Downloaded rayon v1.12.0
  Downloaded aho-corasick v1.1.4
  Downloaded regex v1.12.4
  Downloaded clap_builder v4.6.0
  Downloaded cpufeatures v0.3.0
  Downloaded zerocopy v0.8.52
  Downloaded arrayref v0.3.9
  Downloaded rustls-pemfile v0.2.1
  Downloaded syn v2.0.118
  Downloaded regex-syntax v0.8.11
  Downloaded rustix v1.1.4
  Downloaded pkg-config v0.3.33
  Downloaded shlex v2.0.1
  Downloaded find-msvc-tools v0.1.9
  Downloaded jobserver v0.1.34
  Downloaded zeroize v1.9.0
  Downloaded sct v0.7.1
  Downloaded ascii v1.1.0
  Downloaded zstd v0.13.3
  Downloaded regex-automata v0.4.14
  Downloaded zstd-safe v7.2.4
  Downloaded constant_time_eq v0.4.2
  Downloaded arrayvec v0.7.8
  Downloaded anyhow v1.0.103
  Downloaded libc v0.2.186
  Downloaded log v0.4.33
  Downloaded base64 v0.13.1
  Downloaded webpki v0.22.4
  Downloaded cc v1.2.65
  Downloaded linux-raw-sys v0.12.1
  Downloaded blake3 v1.8.5
  Downloaded rustls v0.20.9
  Downloaded zstd-sys v2.0.16+zstd.1.5.7
  Downloaded ring v0.17.14
  Downloaded ring v0.16.20
