test_fenced_inline_code_remote_urls_and_anchors_are_ignored (test_check_docs.DocumentationTests.test_fenced_inline_code_remote_urls_and_anchors_are_ignored) ... ok
test_historical_prose_is_allowed_but_its_broken_links_are_not (test_check_docs.DocumentationTests.test_historical_prose_is_allowed_but_its_broken_links_are_not) ... ok
test_links_into_experiments_are_checked_without_scanning_history (test_check_docs.DocumentationTests.test_links_into_experiments_are_checked_without_scanning_history) ... ok
test_local_inline_image_and_reference_destinations (test_check_docs.DocumentationTests.test_local_inline_image_and_reference_destinations) ... ok
test_missing_reference_and_image_destinations_are_checked (test_check_docs.DocumentationTests.test_missing_reference_and_image_destinations_are_checked) ... ok
test_moved_plan_paths_are_rejected_in_current_prose (test_check_docs.DocumentationTests.test_moved_plan_paths_are_rejected_in_current_prose) ... ok
test_reports_missing_link_with_source_line (test_check_docs.DocumentationTests.test_reports_missing_link_with_source_line) ... ok
test_required_entrypoints_cannot_disappear (test_check_docs.DocumentationTests.test_required_entrypoints_cannot_disappear) ... ok
test_actual_002_input_archive_is_accepted_and_hashes_match (test_r1_diagnostic_archive.DiagnosticArchiveTests.test_actual_002_input_archive_is_accepted_and_hashes_match) ... ok
test_existing_017_and_default019_requirements_remain_unchanged (test_r1_diagnostic_archive.DiagnosticArchiveTests.test_existing_017_and_default019_requirements_remain_unchanged) ... ok
test_extracted_byte_change_is_rejected (test_r1_diagnostic_archive.DiagnosticArchiveTests.test_extracted_byte_change_is_rejected) ... ok
test_missing_last_capture_or_generator_rejected (test_r1_diagnostic_archive.DiagnosticArchiveTests.test_missing_last_capture_or_generator_rejected) ... ok
test_plan_explicitly_stores_full_solution_and_checks_one_run (test_r1_diagnostic_archive.DiagnosticArchiveTests.test_plan_explicitly_stores_full_solution_and_checks_one_run) ... ok
test_traversal_mixed_prefix_duplicate_and_link_rejected (test_r1_diagnostic_archive.DiagnosticArchiveTests.test_traversal_mixed_prefix_duplicate_and_link_rejected) ... ok
test_unlisted_or_oversized_payload_rejected (test_r1_diagnostic_archive.DiagnosticArchiveTests.test_unlisted_or_oversized_payload_rejected) ... ok
test_initial_record_is_exclusive_and_complete (test_run_supervised.AtomicRecordTests.test_initial_record_is_exclusive_and_complete) ... ok
test_replacement_failure_leaves_previous_record (test_run_supervised.AtomicRecordTests.test_replacement_failure_leaves_previous_record) ... ok
test_argv_metacharacters_are_literal (test_run_supervised.ProcessTests.test_argv_metacharacters_are_literal) ... ok
test_child_failure_is_distinct_from_supervisor_failure (test_run_supervised.ProcessTests.test_child_failure_is_distinct_from_supervisor_failure) ... ok
test_disk_reserve_rejects_before_spawning (test_run_supervised.ProcessTests.test_disk_reserve_rejects_before_spawning) ... ok
test_existing_log_is_never_overwritten_or_executed (test_run_supervised.ProcessTests.test_existing_log_is_never_overwritten_or_executed) ... ok
test_identity_change_quarantines_result_without_overwriting_stop_reason (test_run_supervised.ProcessTests.test_identity_change_quarantines_result_without_overwriting_stop_reason) ... ok
test_memory_reserve_rejects_before_spawning (test_run_supervised.ProcessTests.test_memory_reserve_rejects_before_spawning) ... ok
test_missing_executable_has_final_failure_record (test_run_supervised.ProcessTests.test_missing_executable_has_final_failure_record) ... ok
test_monitor_failure_forces_cleanup (test_run_supervised.ProcessTests.test_monitor_failure_forces_cleanup) ... ok
test_normal_exit_hashes_logs_and_records_os_peak (test_run_supervised.ProcessTests.test_normal_exit_hashes_logs_and_records_os_peak) ... ok
test_parent_exit_does_not_leave_a_background_child (test_run_supervised.ProcessTests.test_parent_exit_does_not_leave_a_background_child) ... ok
test_record_write_failure_after_spawn_forces_cleanup (test_run_supervised.ProcessTests.test_record_write_failure_after_spawn_forces_cleanup) ... ok
test_timeout_gracefully_stops_parent_and_descendant (test_run_supervised.ProcessTests.test_timeout_gracefully_stops_parent_and_descendant) ... ok
test_timeout_kills_uncooperative_parent_and_descendant (test_run_supervised.ProcessTests.test_timeout_kills_uncooperative_parent_and_descendant) ... ok
test_timeout_reason_survives_missing_identity_file (test_run_supervised.ProcessTests.test_timeout_reason_survives_missing_identity_file) ... ok
test_tiny_memory_limit_triggers_finite_cleanup (test_run_supervised.ProcessTests.test_tiny_memory_limit_triggers_finite_cleanup) ... ok
test_unavailable_metrics_reject_before_spawn (test_run_supervised.ProcessTests.test_unavailable_metrics_reject_before_spawn) ... ok
test_windows_job_assignment_failure_never_executes_workload (test_run_supervised.ProcessTests.test_windows_job_assignment_failure_never_executes_workload) ... ok
test_windows_job_kills_descendants_when_supervisor_is_killed (test_run_supervised.ProcessTests.test_windows_job_kills_descendants_when_supervisor_is_killed) ... ok
test_windows_job_kills_detached_descendant (test_run_supervised.ProcessTests.test_windows_job_kills_detached_descendant) ... ok
test_collect_classifies_root_temp_directories (test_workspace_audit.WorkspaceAuditTests.test_collect_classifies_root_temp_directories) ... ok
test_collect_includes_experiment_evidence (test_workspace_audit.WorkspaceAuditTests.test_collect_includes_experiment_evidence) ... ok
test_tree_size_counts_files_and_bytes (test_workspace_audit.WorkspaceAuditTests.test_tree_size_counts_files_and_bytes) ... ok

----------------------------------------------------------------------
Ran 39 tests in 12.406s

OK
