   Compiling fastrand v2.4.1
   Compiling windows-sys v0.61.2
   Compiling aya_base v0.1.0
   Compiling getrandom v0.3.4
   Compiling arrayvec v0.7.8
   Compiling constant_time_eq v0.4.2
   Compiling arrayref v0.3.9
   Compiling cpufeatures v0.3.0
   Compiling serde_json v1.0.150
   Compiling hashbrown v0.17.1
   Compiling equivalent v1.0.2
   Compiling getrandom v0.4.3
   Compiling winnow v0.7.15
   Compiling toml_write v0.1.2
   Compiling serde_spanned v0.6.9
   Compiling toml_datetime v0.6.11
   Compiling jobserver v0.1.34
   Compiling aya_codegen v0.1.0
   Compiling scopeguard v1.2.0
   Compiling anyhow v1.0.103
   Compiling byteorder v1.5.0
   Compiling stable_deref_trait v1.2.1
   Compiling lock_api v0.4.14
   Compiling cobs v0.3.0
   Compiling once_cell_polyfill v1.70.2
   Compiling utf8parse v0.2.2
   Compiling colorchoice v1.0.5
   Compiling cc v1.2.65
   Compiling hash32 v0.2.1
   Compiling anstyle-parse v1.0.0
   Compiling is_terminal_polyfill v1.70.2
   Compiling indexmap v2.14.0
   Compiling spin v0.9.8
   Compiling strsim v0.11.1
   Compiling rustc-hash v2.1.3
   Compiling cfr-ref v0.1.0 (C:\Users\PC_User\orca\workspaces\solvers\p1-i16-kernels\crates\cfr-ref)
   Compiling libc v0.2.186
   Compiling untrusted v0.9.0
   Compiling winapi v0.3.9
   Compiling untrusted v0.7.1
   Compiling spin v0.5.2
   Compiling log v0.4.33
   Compiling heapless v0.7.17
   Compiling base64 v0.13.1
   Compiling zeroize v1.9.0
   Compiling httpdate v1.0.3
   Compiling aya_poker v0.1.0
   Compiling tempfile v3.27.0
   Compiling anstyle-query v1.1.5
   Compiling anstyle-wincon v3.0.11
   Compiling winapi-util v0.1.11
   Compiling is-terminal v0.4.17
   Compiling tinytemplate v1.2.1
   Compiling rustls-pemfile v0.2.1
   Compiling chunked_transfer v1.5.0
   Compiling anstream v1.0.0
   Compiling postcard v1.1.3
   Compiling same-file v1.0.6
   Compiling toml_edit v0.22.27
   Compiling ascii v1.1.0
   Compiling clap_builder v4.6.0
   Compiling walkdir v2.5.0
   Compiling blake3 v1.8.5
   Compiling zstd-sys v2.0.16+zstd.1.5.7
   Compiling ring v0.17.14
   Compiling ring v0.16.20
   Compiling toml v0.8.23
   Compiling clap v4.6.1
   Compiling criterion v0.5.1
   Compiling runfiles v0.1.0 (C:\Users\PC_User\orca\workspaces\solvers\p1-i16-kernels\crates\runfiles)
   Compiling protocol v0.1.0 (C:\Users\PC_User\orca\workspaces\solvers\p1-i16-kernels\crates\protocol)
   Compiling webpki v0.22.4
   Compiling sct v0.7.1
   Compiling rustls v0.20.9
   Compiling nlh v0.1.0 (C:\Users\PC_User\orca\workspaces\solvers\p1-i16-kernels\crates\nlh)
   Compiling tiny_http v0.12.0
   Compiling economics v0.1.0 (C:\Users\PC_User\orca\workspaces\solvers\p1-i16-kernels\crates\economics)
   Compiling hu-engine v0.1.0 (C:\Users\PC_User\orca\workspaces\solvers\p1-i16-kernels\crates\hu-engine)
   Compiling spot v0.1.0 (C:\Users\PC_User\orca\workspaces\solvers\p1-i16-kernels\crates\spot)
   Compiling zstd-safe v7.2.4
   Compiling zstd v0.13.3
   Compiling hu-postflop v0.1.0 (C:\Users\PC_User\orca\workspaces\solvers\p1-i16-kernels\crates\hu-postflop)
   Compiling mw-preflop v0.1.0 (C:\Users\PC_User\orca\workspaces\solvers\p1-i16-kernels\crates\mw-preflop)
   Compiling daemon v0.1.0 (C:\Users\PC_User\orca\workspaces\solvers\p1-i16-kernels\crates\daemon)
   Compiling cli v0.1.0 (C:\Users\PC_User\orca\workspaces\solvers\p1-i16-kernels\crates\cli)
memory allocation of 7471120 bytes failed
