{
  "build": {
    "service_exit": 0,
    "service": "MainPID=3202\nResult=success\nActiveState=active",
    "status": "running",
    "stages": [
      {
        "name": "perf-preflight-build",
        "status": "completed",
        "started_at": "2026-09-28T04:32:12.895866+00:00",
        "ended_at": "2026-09-28T04:32:17.362574+00:00"
      },
      {
        "name": "toolchain",
        "status": "completed",
        "started_at": "2026-09-28T04:32:17.801949+00:00",
        "ended_at": "2026-09-28T04:32:17.990815+00:00"
      },
      {
        "name": "build-baseline",
        "status": "completed",
        "started_at": "2026-09-28T04:32:18.424332+00:00",
        "ended_at": "2026-09-28T04:33:43.155698+00:00"
      },
      {
        "name": "tests-baseline",
        "status": "running",
        "started_at": "2026-09-28T04:33:43.664481+00:00"
      }
    ],
    "counts": {
      "completed": 3,
      "running": 1,
      "failed": 0,
      "skipped": 0,
      "pending": 0
    },
    "error": null,
    "stage_stderr_tail": "   Compiling holdem v0.1.0 (/opt/r1/flop-cpu-profile-package/source-baseline/crates/holdem)\n   Compiling engine v0.1.0 (/opt/r1/flop-cpu-profile-package/source-baseline/crates/engine)\n"
  },
  "measure": {
    "service_exit": 0,
    "service": "MainPID=0\nResult=success\nActiveState=inactive"
  },
  "source_archive": {
    "bytes": 967619,
    "sha256": "42d70a15c6457a6c38831b8fa159437f6fd5b9587931d49c8ad6e8d325dd6c5d"
  }
}
