{
  "build": {
    "service_exit": 0,
    "service": "MainPID=0\nResult=success\nActiveState=inactive",
    "status": "completed",
    "stages": [
      {
        "name": "perf-preflight-build",
        "status": "completed",
        "started_at": "2026-09-28T04:32:12.895866+00:00",
        "ended_at": "2026-09-28T04:32:17.362574+00:00"
      },
      {
        "name": "toolchain",
        "status": "completed",
        "started_at": "2026-09-28T04:32:17.801949+00:00",
        "ended_at": "2026-09-28T04:32:17.990815+00:00"
      },
      {
        "name": "build-baseline",
        "status": "completed",
        "started_at": "2026-09-28T04:32:18.424332+00:00",
        "ended_at": "2026-09-28T04:33:43.155698+00:00"
      },
      {
        "name": "tests-baseline",
        "status": "completed",
        "started_at": "2026-09-28T04:33:43.664481+00:00",
        "ended_at": "2026-09-28T04:36:50.773327+00:00"
      }
    ],
    "counts": {
      "completed": 4,
      "running": 0,
      "failed": 0,
      "skipped": 0,
      "pending": 0
    },
    "error": null,
    "wrapper_finish": {
      "exit_code": 0,
      "last_phase": "build",
      "ended_at": "2026-09-28T04:36:51.311560+00:00"
    }
  },
  "measure": {
    "service_exit": 0,
    "service": "MainPID=1552\nResult=success\nActiveState=active",
    "status": "running",
    "stages": [
      {
        "name": "perf-preflight-measure",
        "status": "completed",
        "started_at": "2026-09-28T04:40:55.978698+00:00",
        "ended_at": "2026-09-28T04:41:00.987321+00:00"
      },
      {
        "name": "canonical-narrow",
        "status": "completed",
        "started_at": "2026-09-28T04:41:01.451729+00:00",
        "ended_at": "2026-09-28T04:41:26.640045+00:00"
      },
      {
        "name": "canonical-expanded",
        "status": "running",
        "started_at": "2026-09-28T04:41:28.301019+00:00",
        "ended_at": "2026-09-28T04:42:36.986387+00:00"
      }
    ],
    "counts": {
      "completed": 2,
      "running": 1,
      "failed": 0,
      "skipped": 0,
      "pending": 8
    },
    "error": null,
    "stage_stderr_tail": ""
  },
  "source_archive": {
    "bytes": 967619,
    "sha256": "42d70a15c6457a6c38831b8fa159437f6fd5b9587931d49c8ad6e8d325dd6c5d"
  }
}
