{
  "schema": "solvers.research.hu-saved-profile-audit/v1",
  "artifact": {
    "path": "/opt/r1/candidate-v3/runs/r1-paired-v3/river-2-candidate/run/solution.sol",
    "blake3": "0d83a2ef3163898bbc11f4f4711fa8fd4b9cc61a2e832b5e17467af04710155e",
    "bytes": 7609,
    "config_blake3": "1cb01bc0d6fb3dfcd2d6df5e0fb04edab1f1232bc7a445dbc725265fe835eefb",
    "format_version": 3,
    "mode": "full",
    "iterations": 100,
    "source_storage": "f32",
    "stored_nodes": 10,
    "node_count": 27
  },
  "threads": 8,
  "par_chance_depth": 2,
  "par_min_children": 12,
  "pot_chips": 20,
  "effective_stack_chips": 60,
  "rake": {
    "kind": "none"
  },
  "utility": {
    "kind": "chip-ev"
  },
  "zero_sum_terminal_utility": true,
  "value_basis": "subgame_start_utility",
  "ev_offset": [
    10.0,
    10.0
  ],
  "pre_save_metadata": {
    "iterations": 100,
    "expl": [
      0.012880653853740931,
      0.016869405042389207
    ],
    "ev": [
      13.871822359286634,
      6.128177549428161
    ],
    "nash_conv": 0.029750058896130138,
    "storage": "f32",
    "wall_secs": 0.132751447
  },
  "recomputed": {
    "profile": "stored_quantized",
    "ev": [
      13.87182247648117,
      6.128177443380661
    ],
    "br": [
      13.884700453991274,
      6.145047224108368
    ],
    "gains": [
      0.012877977510102667,
      0.016869780727707173
    ],
    "nash_conv": 0.02974775823780984
  },
  "input_hash_secs": 0.00018739,
  "load_secs": 0.00561036,
  "eval_secs": 0.00246658
}
