Tree: 6845 decisions, 7801 terminals (1.904s)
Tables: 0.155s; model: 0.003s
L1: 304 leaves; 20748 postflop decisions; 1500800 slots; 24012800 storage bytes
Checkpoint 0: NashConv 66.292658069568; held 66.292655379267; auxiliary 73.147066552885; auxiliary held 73.145859846970; gains [11.180454561773105, 10.372061474272238, 9.826474899300813, 11.454264016129912, 11.683542156658003, 11.775860961433814]; held gains [11.180454561773107, 10.372061436744858, 9.826472721516833, 11.454263731135931, 11.683541966662002, 11.775860961433814]; auxiliary gains [12.05739153734789, 11.806423015010557, 12.060345880102728, 12.294824831070315, 12.653003267085486, 12.275078022267921]; auxiliary held gains [12.057366325158622, 11.806385803657978, 12.060211457769961, 12.294660331769471, 12.65217227489876, 12.275063653715197]; evaluation 167.072693s
Iteration 10: wall 4.987944s; reaches 0.081279; t2 0.049903; t3 0.865317; k4 1.140847; update 0.057085; board preparation 0.000666; postflop 2.769132; evaluation 0.000000
Iteration 20: wall 4.429392s; reaches 0.082475; t2 0.047973; t3 0.666782; k4 0.881434; update 0.049242; board preparation 0.000596; postflop 2.678005; evaluation 0.000000
Iteration 30: wall 4.543912s; reaches 0.084003; t2 0.046825; t3 0.672427; k4 0.968592; update 0.046889; board preparation 0.000561; postflop 2.702294; evaluation 0.000000
Iteration 40: wall 4.455233s; reaches 0.084035; t2 0.049938; t3 0.558960; k4 0.952828; update 0.044591; board preparation 0.000572; postflop 2.741167; evaluation 0.000000
Iteration 50: wall 4.250657s; reaches 0.078393; t2 0.046271; t3 0.477384; k4 0.883947; update 0.051554; board preparation 0.000536; postflop 2.689424; evaluation 0.000000
Iteration 60: wall 4.334693s; reaches 0.077820; t2 0.048081; t3 0.469572; k4 0.866267; update 0.049427; board preparation 0.000837; postflop 2.799753; evaluation 0.000000
Iteration 70: wall 4.385626s; reaches 0.084022; t2 0.052871; t3 0.467020; k4 0.931905; update 0.054898; board preparation 0.000711; postflop 2.771273; evaluation 0.000000
Iteration 80: wall 4.141145s; reaches 0.074134; t2 0.046205; t3 0.413406; k4 0.850493; update 0.048368; board preparation 0.000578; postflop 2.685463; evaluation 0.000000
Iteration 90: wall 4.033309s; reaches 0.081741; t2 0.045424; t3 0.409248; k4 0.751779; update 0.054255; board preparation 0.000559; postflop 2.669038; evaluation 0.000000
Iteration 100: wall 4.084557s; reaches 0.080089; t2 0.047013; t3 0.391915; k4 0.728820; update 0.051983; board preparation 0.000713; postflop 2.762149; evaluation 0.000000
Iteration 110: wall 4.121974s; reaches 0.072976; t2 0.050079; t3 0.395507; k4 0.774059; update 0.044860; board preparation 0.000578; postflop 2.760294; evaluation 0.000000
Iteration 120: wall 4.265262s; reaches 0.086856; t2 0.053163; t3 0.381474; k4 0.924722; update 0.055633; board preparation 0.000556; postflop 2.738588; evaluation 0.000000
Iteration 130: wall 4.036866s; reaches 0.075849; t2 0.047590; t3 0.385692; k4 0.772562; update 0.048736; board preparation 0.000494; postflop 2.682087; evaluation 0.000000
Iteration 140: wall 4.019093s; reaches 0.070498; t2 0.048459; t3 0.365220; k4 0.708741; update 0.048881; board preparation 0.000600; postflop 2.753230; evaluation 0.000000
Iteration 150: wall 3.954284s; reaches 0.072247; t2 0.044252; t3 0.372753; k4 0.725015; update 0.047746; board preparation 0.000583; postflop 2.669389; evaluation 0.000000
Iteration 160: wall 4.018433s; reaches 0.070110; t2 0.046435; t3 0.391698; k4 0.767182; update 0.047812; board preparation 0.000598; postflop 2.673228; evaluation 0.000000
Iteration 170: wall 4.170102s; reaches 0.074819; t2 0.053519; t3 0.397874; k4 0.752870; update 0.050675; board preparation 0.000753; postflop 2.816502; evaluation 0.000000
Iteration 180: wall 3.972605s; reaches 0.077187; t2 0.052617; t3 0.383192; k4 0.737103; update 0.053532; board preparation 0.000639; postflop 2.643928; evaluation 0.000000
Iteration 190: wall 4.094033s; reaches 0.074027; t2 0.052342; t3 0.402302; k4 0.821085; update 0.051164; board preparation 0.000697; postflop 2.669451; evaluation 0.000000
Iteration 200: wall 3.807319s; reaches 0.069163; t2 0.046601; t3 0.336806; k4 0.687718; update 0.047751; board preparation 0.000627; postflop 2.596033; evaluation 0.000000
Iteration 210: wall 4.033001s; reaches 0.076733; t2 0.046582; t3 0.364960; k4 0.781851; update 0.049354; board preparation 0.000578; postflop 2.690883; evaluation 0.000000
Iteration 220: wall 3.892129s; reaches 0.070552; t2 0.045949; t3 0.360454; k4 0.692798; update 0.051093; board preparation 0.000570; postflop 2.648630; evaluation 0.000000
Iteration 230: wall 3.834397s; reaches 0.067203; t2 0.046168; t3 0.356711; k4 0.675663; update 0.047623; board preparation 0.000539; postflop 2.619183; evaluation 0.000000
Iteration 240: wall 4.065148s; reaches 0.077813; t2 0.050028; t3 0.386882; k4 0.754924; update 0.047762; board preparation 0.000545; postflop 2.723394; evaluation 0.000000
Iteration 250: wall 3.869769s; reaches 0.069260; t2 0.046376; t3 0.354903; k4 0.685782; update 0.054918; board preparation 0.000614; postflop 2.635647; evaluation 0.000000
Iteration 260: wall 3.801427s; reaches 0.067984; t2 0.045676; t3 0.339523; k4 0.709647; update 0.047486; board preparation 0.000555; postflop 2.569131; evaluation 0.000000
Iteration 270: wall 4.267272s; reaches 0.082924; t2 0.050665; t3 0.369754; k4 0.790052; update 0.062682; board preparation 0.000563; postflop 2.885657; evaluation 0.000000
Iteration 280: wall 3.961294s; reaches 0.076554; t2 0.056124; t3 0.371338; k4 0.712755; update 0.055862; board preparation 0.000579; postflop 2.663423; evaluation 0.000000
Iteration 290: wall 3.697237s; reaches 0.071354; t2 0.047266; t3 0.332738; k4 0.668369; update 0.056962; board preparation 0.000563; postflop 2.498220; evaluation 0.000000
Iteration 300: wall 3.812490s; reaches 0.070619; t2 0.052855; t3 0.341972; k4 0.699802; update 0.051738; board preparation 0.000567; postflop 2.570741; evaluation 0.000000
Iteration 310: wall 3.924351s; reaches 0.071240; t2 0.051898; t3 0.341469; k4 0.691842; update 0.052631; board preparation 0.000541; postflop 2.689856; evaluation 0.000000
Iteration 320: wall 3.761900s; reaches 0.075084; t2 0.045255; t3 0.352004; k4 0.667418; update 0.053703; board preparation 0.000534; postflop 2.545773; evaluation 0.000000
Iteration 330: wall 3.658060s; reaches 0.067987; t2 0.043808; t3 0.324694; k4 0.651466; update 0.045989; board preparation 0.000506; postflop 2.502178; evaluation 0.000000
Iteration 340: wall 3.671156s; reaches 0.068961; t2 0.046145; t3 0.329767; k4 0.675703; update 0.044147; board preparation 0.000563; postflop 2.484318; evaluation 0.000000
Iteration 350: wall 3.780936s; reaches 0.071848; t2 0.050665; t3 0.365308; k4 0.713057; update 0.051821; board preparation 0.000614; postflop 2.505514; evaluation 0.000000
Iteration 360: wall 3.822447s; reaches 0.069098; t2 0.049984; t3 0.344042; k4 0.713546; update 0.048762; board preparation 0.000544; postflop 2.572791; evaluation 0.000000
Iteration 370: wall 3.742845s; reaches 0.074866; t2 0.047510; t3 0.337668; k4 0.702475; update 0.050857; board preparation 0.000534; postflop 2.506763; evaluation 0.000000
Iteration 380: wall 3.919996s; reaches 0.077773; t2 0.049706; t3 0.345664; k4 0.750389; update 0.054150; board preparation 0.000576; postflop 2.619449; evaluation 0.000000
Iteration 390: wall 3.693194s; reaches 0.074402; t2 0.047328; t3 0.321940; k4 0.671052; update 0.049893; board preparation 0.000514; postflop 2.505988; evaluation 0.000000
Iteration 400: wall 3.893925s; reaches 0.086715; t2 0.057276; t3 0.349032; k4 0.755433; update 0.067109; board preparation 0.000563; postflop 2.550388; evaluation 0.000000
Iteration 410: wall 3.728797s; reaches 0.071986; t2 0.049765; t3 0.342725; k4 0.684511; update 0.052632; board preparation 0.000513; postflop 2.501716; evaluation 0.000000
Iteration 420: wall 3.989814s; reaches 0.070079; t2 0.049718; t3 0.367395; k4 0.761436; update 0.051076; board preparation 0.000551; postflop 2.664130; evaluation 0.000000
Iteration 430: wall 4.224972s; reaches 0.084514; t2 0.056128; t3 0.388348; k4 0.659367; update 0.059646; board preparation 0.001113; postflop 2.948037; evaluation 0.000000
Iteration 440: wall 4.306453s; reaches 0.084249; t2 0.052495; t3 0.386320; k4 0.720567; update 0.059119; board preparation 0.000551; postflop 2.977224; evaluation 0.000000
Iteration 450: wall 4.117981s; reaches 0.077349; t2 0.047538; t3 0.381201; k4 0.663205; update 0.048548; board preparation 0.000606; postflop 2.877395; evaluation 0.000000
Iteration 460: wall 4.428781s; reaches 0.089149; t2 0.053122; t3 0.414272; k4 0.791015; update 0.062200; board preparation 0.000603; postflop 2.992970; evaluation 0.000000
Iteration 470: wall 4.020420s; reaches 0.080435; t2 0.049888; t3 0.372318; k4 0.699844; update 0.055959; board preparation 0.000553; postflop 2.738423; evaluation 0.000000
Iteration 480: wall 4.373714s; reaches 0.082300; t2 0.051814; t3 0.407896; k4 0.752909; update 0.050110; board preparation 0.000772; postflop 3.003102; evaluation 0.000000
Iteration 490: wall 3.869160s; reaches 0.076535; t2 0.049047; t3 0.337082; k4 0.683064; update 0.056268; board preparation 0.000546; postflop 2.644924; evaluation 0.000000
Iteration 500: wall 5.052248s; reaches 0.092466; t2 0.058243; t3 0.414442; k4 0.942197; update 0.057850; board preparation 0.000528; postflop 3.458034; evaluation 0.000000
Iteration 510: wall 3.887537s; reaches 0.072714; t2 0.047317; t3 0.360429; k4 0.705823; update 0.047833; board preparation 0.001034; postflop 2.629951; evaluation 0.000000
Iteration 520: wall 3.938362s; reaches 0.070786; t2 0.045344; t3 0.332545; k4 0.705511; update 0.050080; board preparation 0.000544; postflop 2.711559; evaluation 0.000000
Iteration 530: wall 4.982805s; reaches 0.090033; t2 0.049472; t3 0.399791; k4 0.826693; update 0.051421; board preparation 0.000615; postflop 3.541456; evaluation 0.000000
Iteration 540: wall 4.816111s; reaches 0.084437; t2 0.052107; t3 0.394170; k4 1.221999; update 0.055855; board preparation 0.000674; postflop 2.983493; evaluation 0.000000
Iteration 550: wall 4.500358s; reaches 0.089723; t2 0.050521; t3 0.373649; k4 0.756925; update 0.056952; board preparation 0.000549; postflop 3.147498; evaluation 0.000000
Iteration 560: wall 4.063854s; reaches 0.071824; t2 0.051095; t3 0.368794; k4 0.762304; update 0.049000; board preparation 0.000583; postflop 2.737401; evaluation 0.000000
Iteration 570: wall 4.161959s; reaches 0.075943; t2 0.051573; t3 0.381165; k4 0.763519; update 0.052123; board preparation 0.000695; postflop 2.814840; evaluation 0.000000
Iteration 580: wall 3.869516s; reaches 0.077173; t2 0.052990; t3 0.362987; k4 0.734459; update 0.050825; board preparation 0.001072; postflop 2.566556; evaluation 0.000000
Iteration 590: wall 4.999056s; reaches 0.087453; t2 0.056846; t3 0.478119; k4 0.990654; update 0.060015; board preparation 0.000545; postflop 3.298760; evaluation 0.000000
Iteration 600: wall 4.051953s; reaches 0.074287; t2 0.047391; t3 0.353892; k4 0.733594; update 0.052109; board preparation 0.000558; postflop 2.767543; evaluation 0.000000
Iteration 610: wall 3.767719s; reaches 0.068683; t2 0.047477; t3 0.344319; k4 0.665663; update 0.047785; board preparation 0.000577; postflop 2.571480; evaluation 0.000000
Iteration 620: wall 3.896471s; reaches 0.074244; t2 0.047902; t3 0.344463; k4 0.712178; update 0.055732; board preparation 0.000532; postflop 2.638825; evaluation 0.000000
Iteration 630: wall 3.510604s; reaches 0.069540; t2 0.044129; t3 0.317984; k4 0.614571; update 0.049368; board preparation 0.000623; postflop 2.393681; evaluation 0.000000
Iteration 640: wall 3.886712s; reaches 0.077048; t2 0.047581; t3 0.361379; k4 0.744479; update 0.051811; board preparation 0.000565; postflop 2.580361; evaluation 0.000000
Iteration 650: wall 3.565644s; reaches 0.065203; t2 0.045559; t3 0.318709; k4 0.649850; update 0.047936; board preparation 0.000550; postflop 2.416480; evaluation 0.000000
Iteration 660: wall 3.970582s; reaches 0.077716; t2 0.049368; t3 0.379209; k4 0.724587; update 0.046035; board preparation 0.000677; postflop 2.670415; evaluation 0.000000
Iteration 670: wall 3.982818s; reaches 0.073822; t2 0.051748; t3 0.358110; k4 0.721005; update 0.049382; board preparation 0.000644; postflop 2.705121; evaluation 0.000000
Iteration 680: wall 3.482997s; reaches 0.068201; t2 0.047783; t3 0.320193; k4 0.602094; update 0.049469; board preparation 0.000582; postflop 2.372944; evaluation 0.000000
Iteration 690: wall 4.438186s; reaches 0.083159; t2 0.053994; t3 0.397824; k4 0.811689; update 0.046711; board preparation 0.000557; postflop 3.020387; evaluation 0.000000
Iteration 700: wall 4.492162s; reaches 0.080361; t2 0.057242; t3 0.405275; k4 0.811695; update 0.054341; board preparation 0.000628; postflop 3.057537; evaluation 0.000000
Iteration 710: wall 4.146392s; reaches 0.081282; t2 0.049973; t3 0.375951; k4 0.730944; update 0.053536; board preparation 0.000592; postflop 2.831815; evaluation 0.000000
Iteration 720: wall 4.399606s; reaches 0.084214; t2 0.048998; t3 0.394684; k4 0.836657; update 0.056044; board preparation 0.000543; postflop 2.956774; evaluation 0.000000
Iteration 730: wall 5.222828s; reaches 0.095736; t2 0.049201; t3 0.456430; k4 0.957254; update 0.047489; board preparation 0.000642; postflop 3.594274; evaluation 0.000000
Iteration 740: wall 4.389522s; reaches 0.080148; t2 0.048519; t3 0.393470; k4 0.801274; update 0.051689; board preparation 0.000566; postflop 2.991393; evaluation 0.000000
Iteration 750: wall 4.856399s; reaches 0.097490; t2 0.054157; t3 0.422275; k4 0.915585; update 0.047416; board preparation 0.000527; postflop 3.294953; evaluation 0.000000
Iteration 760: wall 3.705306s; reaches 0.074531; t2 0.043790; t3 0.336314; k4 0.659010; update 0.051402; board preparation 0.000651; postflop 2.517244; evaluation 0.000000
Iteration 770: wall 3.672905s; reaches 0.073274; t2 0.044110; t3 0.321076; k4 0.645238; update 0.050335; board preparation 0.000567; postflop 2.514507; evaluation 0.000000
Iteration 780: wall 3.793062s; reaches 0.075659; t2 0.045704; t3 0.334430; k4 0.692058; update 0.047160; board preparation 0.000530; postflop 2.575895; evaluation 0.000000
Iteration 790: wall 3.749235s; reaches 0.073510; t2 0.056015; t3 0.351277; k4 0.660966; update 0.058401; board preparation 0.000536; postflop 2.519086; evaluation 0.000000
Iteration 800: wall 3.753746s; reaches 0.075898; t2 0.050717; t3 0.352842; k4 0.674575; update 0.057013; board preparation 0.000713; postflop 2.518976; evaluation 0.000000
Iteration 810: wall 3.415291s; reaches 0.064751; t2 0.044162; t3 0.317123; k4 0.607692; update 0.049800; board preparation 0.000558; postflop 2.309811; evaluation 0.000000
Iteration 820: wall 3.770040s; reaches 0.077184; t2 0.049415; t3 0.357152; k4 0.700265; update 0.052770; board preparation 0.000531; postflop 2.509806; evaluation 0.000000
Iteration 830: wall 3.439878s; reaches 0.069080; t2 0.048296; t3 0.325987; k4 0.625007; update 0.049808; board preparation 0.000682; postflop 2.298398; evaluation 0.000000
Iteration 840: wall 3.543998s; reaches 0.069668; t2 0.046705; t3 0.313000; k4 0.614574; update 0.048739; board preparation 0.000576; postflop 2.429566; evaluation 0.000000
Iteration 850: wall 4.638583s; reaches 0.096281; t2 0.061849; t3 0.440775; k4 0.898470; update 0.069959; board preparation 0.000881; postflop 3.041519; evaluation 0.000000
Iteration 860: wall 3.900848s; reaches 0.074782; t2 0.052747; t3 0.348387; k4 0.695440; update 0.047931; board preparation 0.000582; postflop 2.657571; evaluation 0.000000
Iteration 870: wall 4.421108s; reaches 0.104534; t2 0.055753; t3 0.424211; k4 0.789123; update 0.053283; board preparation 0.000557; postflop 2.966932; evaluation 0.000000
Iteration 880: wall 3.768815s; reaches 0.076567; t2 0.045965; t3 0.336082; k4 0.667012; update 0.054333; board preparation 0.000634; postflop 2.565684; evaluation 0.000000
Iteration 890: wall 4.517121s; reaches 0.093931; t2 0.051365; t3 0.392407; k4 0.802684; update 0.058686; board preparation 0.000552; postflop 3.094880; evaluation 0.000000
Iteration 900: wall 4.116135s; reaches 0.080580; t2 0.051238; t3 0.395316; k4 0.690386; update 0.053201; board preparation 0.000654; postflop 2.820956; evaluation 0.000000
Iteration 910: wall 3.642076s; reaches 0.071874; t2 0.047507; t3 0.334486; k4 0.627264; update 0.047989; board preparation 0.000604; postflop 2.489631; evaluation 0.000000
Iteration 920: wall 3.762721s; reaches 0.071339; t2 0.044634; t3 0.357945; k4 0.671576; update 0.048063; board preparation 0.000563; postflop 2.546117; evaluation 0.000000
Iteration 930: wall 4.079317s; reaches 0.077470; t2 0.054810; t3 0.378603; k4 0.714699; update 0.053490; board preparation 0.000788; postflop 2.776126; evaluation 0.000000
Iteration 940: wall 4.133034s; reaches 0.076344; t2 0.049915; t3 0.397118; k4 0.711029; update 0.048075; board preparation 0.000564; postflop 2.827941; evaluation 0.000000
Iteration 950: wall 4.345347s; reaches 0.087726; t2 0.054035; t3 0.411001; k4 0.786328; update 0.054706; board preparation 0.000795; postflop 2.926651; evaluation 0.000000
Iteration 960: wall 5.282217s; reaches 0.105799; t2 0.063603; t3 0.500646; k4 0.969407; update 0.065722; board preparation 0.000719; postflop 3.551381; evaluation 0.000000
Iteration 970: wall 3.880379s; reaches 0.073597; t2 0.051499; t3 0.359673; k4 0.688690; update 0.058405; board preparation 0.000773; postflop 2.625878; evaluation 0.000000
Iteration 980: wall 3.719577s; reaches 0.076365; t2 0.050028; t3 0.339029; k4 0.646692; update 0.050714; board preparation 0.000565; postflop 2.533186; evaluation 0.000000
Iteration 990: wall 5.152859s; reaches 0.103621; t2 0.057325; t3 0.447316; k4 0.873859; update 0.066653; board preparation 0.000684; postflop 3.579106; evaluation 0.000000
Iteration 1000: wall 4.903342s; reaches 0.099714; t2 0.064296; t3 0.469046; k4 0.880643; update 0.056567; board preparation 0.001009; postflop 3.305823; evaluation 0.000000
Iteration 1010: wall 3.687830s; reaches 0.078858; t2 0.047963; t3 0.352831; k4 0.653341; update 0.051052; board preparation 0.000575; postflop 2.480584; evaluation 0.000000
Iteration 1020: wall 3.924588s; reaches 0.079727; t2 0.048409; t3 0.370607; k4 0.701296; update 0.050053; board preparation 0.000560; postflop 2.649297; evaluation 0.000000
Iteration 1030: wall 4.323901s; reaches 0.090438; t2 0.056445; t3 0.378194; k4 0.759510; update 0.064799; board preparation 0.000553; postflop 2.947418; evaluation 0.000000
Iteration 1040: wall 4.723656s; reaches 0.091099; t2 0.051991; t3 0.424869; k4 0.832071; update 0.054671; board preparation 0.000666; postflop 3.244614; evaluation 0.000000
Iteration 1050: wall 4.878700s; reaches 0.094543; t2 0.053400; t3 0.447139; k4 0.869650; update 0.058607; board preparation 0.000761; postflop 3.329738; evaluation 0.000000
Iteration 1060: wall 3.748068s; reaches 0.076926; t2 0.047050; t3 0.351626; k4 0.677108; update 0.052828; board preparation 0.000659; postflop 2.520219; evaluation 0.000000
Iteration 1070: wall 3.509075s; reaches 0.067789; t2 0.042249; t3 0.323043; k4 0.615980; update 0.045163; board preparation 0.000590; postflop 2.393069; evaluation 0.000000
Iteration 1080: wall 3.794620s; reaches 0.072857; t2 0.048614; t3 0.345470; k4 0.658674; update 0.053550; board preparation 0.000603; postflop 2.592725; evaluation 0.000000
Iteration 1090: wall 4.758374s; reaches 0.096368; t2 0.056485; t3 0.429700; k4 0.856798; update 0.056576; board preparation 0.000707; postflop 3.236110; evaluation 0.000000
Iteration 1100: wall 3.408748s; reaches 0.069804; t2 0.048616; t3 0.322285; k4 0.579512; update 0.044470; board preparation 0.000630; postflop 2.321420; evaluation 0.000000
Iteration 1110: wall 3.416051s; reaches 0.069056; t2 0.045293; t3 0.329382; k4 0.603189; update 0.051905; board preparation 0.000562; postflop 2.293935; evaluation 0.000000
Iteration 1120: wall 3.531691s; reaches 0.075280; t2 0.050474; t3 0.344049; k4 0.618353; update 0.050877; board preparation 0.000560; postflop 2.371006; evaluation 0.000000
Iteration 1130: wall 3.451794s; reaches 0.071900; t2 0.049606; t3 0.339839; k4 0.594785; update 0.054185; board preparation 0.000704; postflop 2.318053; evaluation 0.000000
Iteration 1140: wall 3.642559s; reaches 0.088471; t2 0.052113; t3 0.409836; k4 0.614192; update 0.062062; board preparation 0.000642; postflop 2.391281; evaluation 0.000000
Iteration 1150: wall 3.466525s; reaches 0.072988; t2 0.047449; t3 0.338070; k4 0.580340; update 0.050614; board preparation 0.000580; postflop 2.354927; evaluation 0.000000
Iteration 1160: wall 3.491147s; reaches 0.074109; t2 0.045051; t3 0.324460; k4 0.588120; update 0.050925; board preparation 0.000567; postflop 2.386429; evaluation 0.000000
Iteration 1170: wall 3.493693s; reaches 0.070938; t2 0.048388; t3 0.336585; k4 0.629644; update 0.052351; board preparation 0.000592; postflop 2.332512; evaluation 0.000000
Iteration 1180: wall 3.386304s; reaches 0.069677; t2 0.046613; t3 0.348495; k4 0.577770; update 0.050661; board preparation 0.000571; postflop 2.270072; evaluation 0.000000
Iteration 1190: wall 3.362676s; reaches 0.065254; t2 0.044945; t3 0.319341; k4 0.575436; update 0.049753; board preparation 0.000612; postflop 2.283977; evaluation 0.000000
Iteration 1200: wall 3.298732s; reaches 0.063954; t2 0.048125; t3 0.317917; k4 0.559239; update 0.044564; board preparation 0.000768; postflop 2.242439; evaluation 0.000000
Iteration 1210: wall 3.467409s; reaches 0.070629; t2 0.043766; t3 0.333783; k4 0.587745; update 0.049926; board preparation 0.000565; postflop 2.358855; evaluation 0.000000
Iteration 1220: wall 3.378925s; reaches 0.068176; t2 0.047629; t3 0.332058; k4 0.563809; update 0.053291; board preparation 0.000528; postflop 2.291061; evaluation 0.000000
Iteration 1230: wall 3.652311s; reaches 0.068994; t2 0.047904; t3 0.332236; k4 0.611203; update 0.045184; board preparation 0.000562; postflop 2.524693; evaluation 0.000000
Iteration 1240: wall 3.264551s; reaches 0.066862; t2 0.042178; t3 0.309067; k4 0.545042; update 0.045709; board preparation 0.000523; postflop 2.233705; evaluation 0.000000
Iteration 1250: wall 3.358232s; reaches 0.067291; t2 0.044744; t3 0.312591; k4 0.586209; update 0.050712; board preparation 0.000568; postflop 2.274287; evaluation 0.000000
Iteration 1260: wall 3.405875s; reaches 0.073677; t2 0.046226; t3 0.322288; k4 0.616335; update 0.053148; board preparation 0.000543; postflop 2.271744; evaluation 0.000000
Iteration 1270: wall 3.322389s; reaches 0.069051; t2 0.044815; t3 0.311805; k4 0.581718; update 0.044690; board preparation 0.000565; postflop 2.247981; evaluation 0.000000
Iteration 1280: wall 3.524401s; reaches 0.072652; t2 0.046893; t3 0.354384; k4 0.615570; update 0.052227; board preparation 0.000571; postflop 2.359436; evaluation 0.000000
Iteration 1290: wall 3.692322s; reaches 0.073340; t2 0.051780; t3 0.340444; k4 0.607985; update 0.053105; board preparation 0.000567; postflop 2.541981; evaluation 0.000000
Iteration 1300: wall 3.429062s; reaches 0.068743; t2 0.045101; t3 0.316882; k4 0.595996; update 0.050336; board preparation 0.000616; postflop 2.329694; evaluation 0.000000
Iteration 1310: wall 3.437620s; reaches 0.071925; t2 0.048025; t3 0.313288; k4 0.593041; update 0.052978; board preparation 0.000559; postflop 2.335526; evaluation 0.000000
Iteration 1320: wall 3.494236s; reaches 0.070549; t2 0.050269; t3 0.332579; k4 0.594673; update 0.049857; board preparation 0.000536; postflop 2.370035; evaluation 0.000000
Iteration 1330: wall 3.516110s; reaches 0.068674; t2 0.050149; t3 0.329436; k4 0.616024; update 0.047458; board preparation 0.000626; postflop 2.381042; evaluation 0.000000
Iteration 1340: wall 3.331254s; reaches 0.064139; t2 0.047463; t3 0.321807; k4 0.558568; update 0.047952; board preparation 0.000565; postflop 2.268263; evaluation 0.000000
Iteration 1350: wall 3.347161s; reaches 0.068698; t2 0.047329; t3 0.319040; k4 0.575868; update 0.046356; board preparation 0.000566; postflop 2.265864; evaluation 0.000000
Iteration 1360: wall 3.457451s; reaches 0.069664; t2 0.049966; t3 0.334371; k4 0.630583; update 0.046996; board preparation 0.000570; postflop 2.303661; evaluation 0.000000
Iteration 1370: wall 3.416689s; reaches 0.068939; t2 0.049262; t3 0.318608; k4 0.589064; update 0.057143; board preparation 0.000546; postflop 2.309945; evaluation 0.000000
Iteration 1380: wall 3.681092s; reaches 0.079180; t2 0.051982; t3 0.360687; k4 0.645071; update 0.058302; board preparation 0.000781; postflop 2.461106; evaluation 0.000000
Iteration 1390: wall 3.514792s; reaches 0.074283; t2 0.048161; t3 0.336896; k4 0.583624; update 0.055628; board preparation 0.000675; postflop 2.392501; evaluation 0.000000
Iteration 1400: wall 3.385184s; reaches 0.074085; t2 0.049325; t3 0.327683; k4 0.576014; update 0.053357; board preparation 0.000530; postflop 2.281401; evaluation 0.000000
Iteration 1410: wall 3.385925s; reaches 0.067520; t2 0.045516; t3 0.324247; k4 0.549575; update 0.046529; board preparation 0.000533; postflop 2.330479; evaluation 0.000000
Iteration 1420: wall 3.405995s; reaches 0.070109; t2 0.045624; t3 0.323637; k4 0.578011; update 0.049937; board preparation 0.000692; postflop 2.314794; evaluation 0.000000
Iteration 1430: wall 3.324913s; reaches 0.069857; t2 0.047770; t3 0.326049; k4 0.568419; update 0.050354; board preparation 0.000544; postflop 2.240920; evaluation 0.000000
Iteration 1440: wall 3.357941s; reaches 0.064121; t2 0.044114; t3 0.311301; k4 0.561967; update 0.043686; board preparation 0.000663; postflop 2.310542; evaluation 0.000000
Iteration 1450: wall 3.402187s; reaches 0.072024; t2 0.047456; t3 0.329732; k4 0.586778; update 0.048812; board preparation 0.000734; postflop 2.294506; evaluation 0.000000
Iteration 1460: wall 3.501636s; reaches 0.070150; t2 0.054635; t3 0.329030; k4 0.599369; update 0.051385; board preparation 0.001164; postflop 2.372742; evaluation 0.000000
Iteration 1470: wall 3.518174s; reaches 0.069759; t2 0.046993; t3 0.331455; k4 0.572089; update 0.046080; board preparation 0.000612; postflop 2.428840; evaluation 0.000000
Iteration 1480: wall 3.271057s; reaches 0.070047; t2 0.046276; t3 0.310665; k4 0.548123; update 0.047542; board preparation 0.000561; postflop 2.226693; evaluation 0.000000
Iteration 1490: wall 3.540597s; reaches 0.077104; t2 0.050994; t3 0.319606; k4 0.583648; update 0.056975; board preparation 0.000674; postflop 2.428905; evaluation 0.000000
Iteration 1500: wall 3.470538s; reaches 0.072204; t2 0.047389; t3 0.323534; k4 0.578235; update 0.051721; board preparation 0.000609; postflop 2.374087; evaluation 0.000000
Iteration 1510: wall 3.179967s; reaches 0.064420; t2 0.045000; t3 0.307331; k4 0.520168; update 0.044905; board preparation 0.000533; postflop 2.175224; evaluation 0.000000
Iteration 1520: wall 3.310150s; reaches 0.070850; t2 0.046209; t3 0.316086; k4 0.548201; update 0.052544; board preparation 0.000568; postflop 2.253187; evaluation 0.000000
Iteration 1530: wall 3.280866s; reaches 0.067101; t2 0.049544; t3 0.332136; k4 0.528411; update 0.048895; board preparation 0.000553; postflop 2.232424; evaluation 0.000000
Iteration 1540: wall 3.364389s; reaches 0.073512; t2 0.050853; t3 0.323947; k4 0.554540; update 0.052586; board preparation 0.000598; postflop 2.285755; evaluation 0.000000
Iteration 1550: wall 3.245383s; reaches 0.068704; t2 0.050511; t3 0.319928; k4 0.517025; update 0.050620; board preparation 0.000544; postflop 2.214827; evaluation 0.000000
Iteration 1560: wall 3.281259s; reaches 0.074386; t2 0.051958; t3 0.316783; k4 0.524725; update 0.051975; board preparation 0.000575; postflop 2.237098; evaluation 0.000000
Iteration 1570: wall 3.281755s; reaches 0.069200; t2 0.048971; t3 0.309314; k4 0.522729; update 0.051948; board preparation 0.000654; postflop 2.255970; evaluation 0.000000
Iteration 1580: wall 3.210168s; reaches 0.067443; t2 0.049545; t3 0.322472; k4 0.522063; update 0.047404; board preparation 0.000573; postflop 2.177231; evaluation 0.000000
Iteration 1590: wall 3.255624s; reaches 0.065828; t2 0.046905; t3 0.304523; k4 0.512095; update 0.051158; board preparation 0.000506; postflop 2.252736; evaluation 0.000000
Iteration 1600: wall 3.262582s; reaches 0.068600; t2 0.051154; t3 0.322223; k4 0.556060; update 0.047246; board preparation 0.000559; postflop 2.193483; evaluation 0.000000
Iteration 1610: wall 3.293121s; reaches 0.066199; t2 0.046229; t3 0.316998; k4 0.520934; update 0.050407; board preparation 0.000606; postflop 2.269082; evaluation 0.000000
Iteration 1620: wall 3.346539s; reaches 0.068575; t2 0.053438; t3 0.347652; k4 0.553161; update 0.052043; board preparation 0.000542; postflop 2.245863; evaluation 0.000000
Iteration 1630: wall 3.326571s; reaches 0.074721; t2 0.046622; t3 0.312856; k4 0.537672; update 0.050413; board preparation 0.000549; postflop 2.280867; evaluation 0.000000
Iteration 1640: wall 3.340538s; reaches 0.072470; t2 0.046986; t3 0.319958; k4 0.559130; update 0.051504; board preparation 0.000513; postflop 2.266923; evaluation 0.000000
Iteration 1650: wall 3.184502s; reaches 0.069107; t2 0.046132; t3 0.301176; k4 0.541683; update 0.048360; board preparation 0.000536; postflop 2.154466; evaluation 0.000000
Iteration 1660: wall 3.309474s; reaches 0.066571; t2 0.049572; t3 0.319945; k4 0.526793; update 0.051252; board preparation 0.000525; postflop 2.272109; evaluation 0.000000
Iteration 1670: wall 3.333623s; reaches 0.070959; t2 0.047658; t3 0.319465; k4 0.521476; update 0.049398; board preparation 0.000580; postflop 2.301104; evaluation 0.000000
Iteration 1680: wall 3.400127s; reaches 0.070711; t2 0.050991; t3 0.322216; k4 0.562037; update 0.046657; board preparation 0.000548; postflop 2.322891; evaluation 0.000000
Iteration 1690: wall 3.387378s; reaches 0.069886; t2 0.052602; t3 0.327544; k4 0.560054; update 0.058009; board preparation 0.000567; postflop 2.291600; evaluation 0.000000
Iteration 1700: wall 3.399451s; reaches 0.071376; t2 0.049287; t3 0.333086; k4 0.594584; update 0.050466; board preparation 0.000556; postflop 2.272308; evaluation 0.000000
Iteration 1710: wall 3.220930s; reaches 0.065323; t2 0.048781; t3 0.307183; k4 0.541480; update 0.045731; board preparation 0.000540; postflop 2.186190; evaluation 0.000000
Iteration 1720: wall 3.402461s; reaches 0.069809; t2 0.049740; t3 0.326957; k4 0.558983; update 0.050229; board preparation 0.000582; postflop 2.322992; evaluation 0.000000
Iteration 1730: wall 3.303910s; reaches 0.070286; t2 0.049749; t3 0.326712; k4 0.537770; update 0.050448; board preparation 0.000548; postflop 2.245129; evaluation 0.000000
Iteration 1740: wall 3.278772s; reaches 0.070554; t2 0.046466; t3 0.329109; k4 0.530575; update 0.052833; board preparation 0.000552; postflop 2.224336; evaluation 0.000000
Iteration 1750: wall 3.241280s; reaches 0.068429; t2 0.047826; t3 0.317513; k4 0.524631; update 0.050617; board preparation 0.000564; postflop 2.208003; evaluation 0.000000
Iteration 1760: wall 3.254172s; reaches 0.070561; t2 0.049713; t3 0.308004; k4 0.531884; update 0.052034; board preparation 0.000562; postflop 2.218433; evaluation 0.000000
Iteration 1770: wall 3.564097s; reaches 0.086900; t2 0.056972; t3 0.345129; k4 0.589298; update 0.054216; board preparation 0.000649; postflop 2.405108; evaluation 0.000000
Iteration 1780: wall 3.246523s; reaches 0.067563; t2 0.046892; t3 0.320353; k4 0.533881; update 0.053038; board preparation 0.000538; postflop 2.200381; evaluation 0.000000
Iteration 1790: wall 3.362585s; reaches 0.068486; t2 0.048511; t3 0.321214; k4 0.554628; update 0.047503; board preparation 0.000527; postflop 2.297069; evaluation 0.000000
Iteration 1800: wall 3.458070s; reaches 0.073367; t2 0.050976; t3 0.331681; k4 0.572169; update 0.055586; board preparation 0.000564; postflop 2.348018; evaluation 0.000000
Iteration 1810: wall 3.352498s; reaches 0.070265; t2 0.053556; t3 0.332641; k4 0.589014; update 0.055227; board preparation 0.000536; postflop 2.224450; evaluation 0.000000
Iteration 1820: wall 3.360539s; reaches 0.071635; t2 0.051389; t3 0.311835; k4 0.532509; update 0.053132; board preparation 0.000518; postflop 2.312592; evaluation 0.000000
Iteration 1830: wall 3.279773s; reaches 0.070133; t2 0.046369; t3 0.307307; k4 0.550834; update 0.044108; board preparation 0.000594; postflop 2.239851; evaluation 0.000000
Iteration 1840: wall 3.279120s; reaches 0.067905; t2 0.048954; t3 0.312419; k4 0.532406; update 0.050536; board preparation 0.000572; postflop 2.244225; evaluation 0.000000
Iteration 1850: wall 3.491818s; reaches 0.077510; t2 0.083724; t3 0.402518; k4 0.572869; update 0.060255; board preparation 0.000542; postflop 2.264667; evaluation 0.000000
Iteration 1860: wall 3.424982s; reaches 0.069535; t2 0.050817; t3 0.310824; k4 0.533878; update 0.052693; board preparation 0.000572; postflop 2.383998; evaluation 0.000000
Iteration 1870: wall 3.294346s; reaches 0.070189; t2 0.048432; t3 0.319628; k4 0.559832; update 0.049942; board preparation 0.000549; postflop 2.223909; evaluation 0.000000
Iteration 1880: wall 3.259247s; reaches 0.066883; t2 0.049353; t3 0.326635; k4 0.528674; update 0.045255; board preparation 0.000532; postflop 2.219159; evaluation 0.000000
Iteration 1890: wall 3.157973s; reaches 0.071525; t2 0.049078; t3 0.301545; k4 0.508075; update 0.055822; board preparation 0.000565; postflop 2.149171; evaluation 0.000000
Iteration 1900: wall 3.428648s; reaches 0.068668; t2 0.051093; t3 0.326380; k4 0.563489; update 0.050210; board preparation 0.000833; postflop 2.343931; evaluation 0.000000
Iteration 1910: wall 3.339359s; reaches 0.070496; t2 0.048859; t3 0.320750; k4 0.528885; update 0.050134; board preparation 0.000697; postflop 2.295408; evaluation 0.000000
Iteration 1920: wall 3.237378s; reaches 0.068823; t2 0.047099; t3 0.316534; k4 0.526540; update 0.050673; board preparation 0.000591; postflop 2.203428; evaluation 0.000000
Iteration 1930: wall 3.559577s; reaches 0.074304; t2 0.052782; t3 0.336804; k4 0.594164; update 0.052408; board preparation 0.000743; postflop 2.420277; evaluation 0.000000
Iteration 1940: wall 3.545980s; reaches 0.074585; t2 0.050405; t3 0.348506; k4 0.602889; update 0.049026; board preparation 0.000533; postflop 2.396797; evaluation 0.000000
Iteration 1950: wall 3.164661s; reaches 0.069370; t2 0.043720; t3 0.300510; k4 0.504319; update 0.050728; board preparation 0.000630; postflop 2.172912; evaluation 0.000000
Iteration 1960: wall 3.605365s; reaches 0.077239; t2 0.046337; t3 0.325999; k4 0.580463; update 0.059795; board preparation 0.000611; postflop 2.492509; evaluation 0.000000
Iteration 1970: wall 3.533389s; reaches 0.074089; t2 0.052984; t3 0.343366; k4 0.566087; update 0.054165; board preparation 0.000556; postflop 2.417847; evaluation 0.000000
Iteration 1980: wall 3.404402s; reaches 0.071952; t2 0.053346; t3 0.325584; k4 0.567132; update 0.050101; board preparation 0.000565; postflop 2.311980; evaluation 0.000000
Iteration 1990: wall 3.358827s; reaches 0.069716; t2 0.048498; t3 0.310052; k4 0.573610; update 0.048379; board preparation 0.000537; postflop 2.283477; evaluation 0.000000
Iteration 2000: wall 157.655253s; reaches 0.070831; t2 0.051243; t3 0.323283; k4 0.533907; update 0.050328; board preparation 0.000559; postflop 2.181358; evaluation 154.371823
Checkpoint 2000: NashConv 0.011136321031; held -0.015935509591; auxiliary 20.927482101408; auxiliary held 20.923031823935; gains [0.0016904417560420493, 0.0019452700606626405, 0.0027014132662809276, 0.0016935854394874994, 0.001593734883761494, 0.0015118756243240605]; held gains [-0.002904494711059108, -0.0018086226607007816, -0.0029615457536392165, -0.00135510689694264, -0.0026879347329463454, -0.00421780483550617]; auxiliary gains [3.2344991735676003, 3.574797100004996, 3.3185652257582428, 3.637115807075377, 3.5995140209876433, 3.562990774014292]; auxiliary held gains [3.234348275290224, 3.574658127208334, 3.3148812637899723, 3.6369216401265243, 3.5993057590323807, 3.562916758487191]; evaluation 154.371823s
Iterations: 2000; reached target: false; solve phases Timings { trunk: SolveTimings { reaches: 152.5276596000011, t2: 99.12051460000018, t3: 723.6851060000001, k4: 1339.5886050000029, update: 103.84321049999998, evaluation: 321.4445164 }, board_preparation: 1.2518536999999985, postflop: 5139.309106700006, evaluation_board_preparation: 0.0136098 }
