Tree: 12 decisions, 22 terminals (0.001s)
Tables: 0.160s; model: 0.003s
L1: 5 leaves; 302 postflop decisions; 21696 slots; 347136 storage bytes
Checkpoint 0: NashConv 2.409382810353; held 2.409382810353; auxiliary 6.115251736220; auxiliary held 6.115251736220; gains [1.407442820943207, 1.0019399894100145]; held gains [1.4074428209432082, 1.0019399894100154]; auxiliary gains [3.242883205121859, 2.87236853109781]; auxiliary held gains [3.24288320512186, 2.8723685310978118]; evaluation 4.680576s
Iteration 10: wall 0.047274s; reaches 0.000275; t2 0.000830; t3 0.000000; k4 0.000005; update 0.000075; board preparation 0.000539; postflop 0.045506; evaluation 0.000000
Iteration 20: wall 0.050222s; reaches 0.000284; t2 0.001067; t3 0.000000; k4 0.000005; update 0.000087; board preparation 0.000519; postflop 0.048219; evaluation 0.000000
Iteration 30: wall 0.044683s; reaches 0.000191; t2 0.000815; t3 0.000000; k4 0.000005; update 0.000064; board preparation 0.000552; postflop 0.043015; evaluation 0.000000
Iteration 40: wall 0.047250s; reaches 0.000229; t2 0.000815; t3 0.000000; k4 0.000005; update 0.000057; board preparation 0.000539; postflop 0.045576; evaluation 0.000000
Iteration 50: wall 0.052792s; reaches 0.000254; t2 0.001043; t3 0.000000; k4 0.000005; update 0.000086; board preparation 0.000908; postflop 0.050451; evaluation 0.000000
Iteration 60: wall 0.049221s; reaches 0.000247; t2 0.001104; t3 0.000000; k4 0.000005; update 0.000093; board preparation 0.000554; postflop 0.047172; evaluation 0.000000
Iteration 70: wall 0.048079s; reaches 0.000284; t2 0.000831; t3 0.000000; k4 0.000006; update 0.000061; board preparation 0.000560; postflop 0.046298; evaluation 0.000000
Iteration 80: wall 0.050154s; reaches 0.000271; t2 0.000999; t3 0.000000; k4 0.000005; update 0.000078; board preparation 0.000536; postflop 0.048226; evaluation 0.000000
Iteration 90: wall 0.052260s; reaches 0.000245; t2 0.000875; t3 0.000000; k4 0.000005; update 0.000069; board preparation 0.000557; postflop 0.050466; evaluation 0.000000
Iteration 100: wall 0.050112s; reaches 0.000278; t2 0.000973; t3 0.000000; k4 0.000004; update 0.000073; board preparation 0.000562; postflop 0.048182; evaluation 0.000000
Iteration 110: wall 0.048059s; reaches 0.000320; t2 0.001030; t3 0.000000; k4 0.000006; update 0.000077; board preparation 0.000541; postflop 0.046041; evaluation 0.000000
Iteration 120: wall 0.047053s; reaches 0.000263; t2 0.000989; t3 0.000000; k4 0.000005; update 0.000074; board preparation 0.000565; postflop 0.045114; evaluation 0.000000
Iteration 130: wall 0.045369s; reaches 0.000251; t2 0.000832; t3 0.000000; k4 0.000005; update 0.000067; board preparation 0.000553; postflop 0.043627; evaluation 0.000000
Iteration 140: wall 0.049697s; reaches 0.000250; t2 0.000834; t3 0.000000; k4 0.000005; update 0.000057; board preparation 0.000594; postflop 0.047912; evaluation 0.000000
Iteration 150: wall 0.048019s; reaches 0.000226; t2 0.001034; t3 0.000000; k4 0.000005; update 0.000056; board preparation 0.000526; postflop 0.046132; evaluation 0.000000
Iteration 160: wall 0.049618s; reaches 0.000243; t2 0.000832; t3 0.000000; k4 0.000006; update 0.000065; board preparation 0.000552; postflop 0.047880; evaluation 0.000000
Iteration 170: wall 0.045506s; reaches 0.000242; t2 0.000886; t3 0.000000; k4 0.000005; update 0.000057; board preparation 0.000519; postflop 0.043757; evaluation 0.000000
Iteration 180: wall 0.051860s; reaches 0.000261; t2 0.000892; t3 0.000000; k4 0.000005; update 0.000091; board preparation 0.000531; postflop 0.050040; evaluation 0.000000
Iteration 190: wall 0.045888s; reaches 0.000271; t2 0.000823; t3 0.000000; k4 0.000005; update 0.000057; board preparation 0.000527; postflop 0.044168; evaluation 0.000000
Iteration 200: wall 0.049213s; reaches 0.000276; t2 0.000850; t3 0.000000; k4 0.000005; update 0.000075; board preparation 0.000539; postflop 0.047428; evaluation 0.000000
Iteration 210: wall 0.047989s; reaches 0.000297; t2 0.001103; t3 0.000000; k4 0.000005; update 0.000057; board preparation 0.000540; postflop 0.045947; evaluation 0.000000
Iteration 220: wall 0.046416s; reaches 0.000256; t2 0.000837; t3 0.000001; k4 0.000005; update 0.000084; board preparation 0.000496; postflop 0.044693; evaluation 0.000000
Iteration 230: wall 0.047185s; reaches 0.000233; t2 0.000845; t3 0.000000; k4 0.000005; update 0.000082; board preparation 0.000537; postflop 0.045442; evaluation 0.000000
Iteration 240: wall 0.045915s; reaches 0.000274; t2 0.000823; t3 0.000000; k4 0.000005; update 0.000066; board preparation 0.000547; postflop 0.044138; evaluation 0.000000
Iteration 250: wall 0.048724s; reaches 0.000259; t2 0.000821; t3 0.000000; k4 0.000005; update 0.000054; board preparation 0.000576; postflop 0.046976; evaluation 0.000000
Iteration 260: wall 0.050397s; reaches 0.000248; t2 0.000867; t3 0.000000; k4 0.000005; update 0.000079; board preparation 0.000522; postflop 0.048634; evaluation 0.000000
Iteration 270: wall 0.046148s; reaches 0.000258; t2 0.000861; t3 0.000000; k4 0.000005; update 0.000066; board preparation 0.000576; postflop 0.044344; evaluation 0.000000
Iteration 280: wall 0.056035s; reaches 0.000237; t2 0.001039; t3 0.000000; k4 0.000005; update 0.000090; board preparation 0.000572; postflop 0.054051; evaluation 0.000000
Iteration 290: wall 0.044474s; reaches 0.000242; t2 0.000813; t3 0.000000; k4 0.000005; update 0.000065; board preparation 0.000515; postflop 0.042795; evaluation 0.000000
Iteration 300: wall 0.045019s; reaches 0.000241; t2 0.000845; t3 0.000001; k4 0.000005; update 0.000062; board preparation 0.000540; postflop 0.043276; evaluation 0.000000
Iteration 310: wall 0.050902s; reaches 0.000231; t2 0.000980; t3 0.000000; k4 0.000006; update 0.000078; board preparation 0.000558; postflop 0.049012; evaluation 0.000000
Iteration 320: wall 0.049303s; reaches 0.000244; t2 0.000856; t3 0.000000; k4 0.000005; update 0.000067; board preparation 0.000516; postflop 0.047577; evaluation 0.000000
Iteration 330: wall 0.044857s; reaches 0.000283; t2 0.000838; t3 0.000000; k4 0.000006; update 0.000074; board preparation 0.000534; postflop 0.043084; evaluation 0.000000
Iteration 340: wall 0.049097s; reaches 0.000243; t2 0.000980; t3 0.000000; k4 0.000006; update 0.000058; board preparation 0.000556; postflop 0.047214; evaluation 0.000000
Iteration 350: wall 0.046794s; reaches 0.000208; t2 0.000874; t3 0.000001; k4 0.000005; update 0.000056; board preparation 0.000539; postflop 0.045077; evaluation 0.000000
Iteration 360: wall 0.045538s; reaches 0.000236; t2 0.000867; t3 0.000000; k4 0.000006; update 0.000065; board preparation 0.000505; postflop 0.043823; evaluation 0.000000
Iteration 370: wall 0.048230s; reaches 0.000262; t2 0.000812; t3 0.000000; k4 0.000005; update 0.000075; board preparation 0.000519; postflop 0.046511; evaluation 0.000000
Iteration 380: wall 0.052995s; reaches 0.000316; t2 0.001109; t3 0.000000; k4 0.000005; update 0.000078; board preparation 0.000636; postflop 0.050807; evaluation 0.000000
Iteration 390: wall 0.050161s; reaches 0.000239; t2 0.000840; t3 0.000000; k4 0.000005; update 0.000061; board preparation 0.000542; postflop 0.048434; evaluation 0.000000
Iteration 400: wall 0.050611s; reaches 0.000262; t2 0.000980; t3 0.000000; k4 0.000005; update 0.000098; board preparation 0.000526; postflop 0.048696; evaluation 0.000000
Iteration 410: wall 0.045785s; reaches 0.000204; t2 0.000854; t3 0.000000; k4 0.000004; update 0.000059; board preparation 0.000528; postflop 0.044097; evaluation 0.000000
Iteration 420: wall 0.047328s; reaches 0.000209; t2 0.000817; t3 0.000000; k4 0.000005; update 0.000058; board preparation 0.000484; postflop 0.045721; evaluation 0.000000
Iteration 430: wall 0.046183s; reaches 0.000261; t2 0.000828; t3 0.000001; k4 0.000005; update 0.000055; board preparation 0.000497; postflop 0.044502; evaluation 0.000000
Iteration 440: wall 0.046060s; reaches 0.000237; t2 0.000841; t3 0.000000; k4 0.000004; update 0.000062; board preparation 0.000520; postflop 0.044360; evaluation 0.000000
Iteration 450: wall 0.048017s; reaches 0.000259; t2 0.000811; t3 0.000000; k4 0.000005; update 0.000062; board preparation 0.000533; postflop 0.046309; evaluation 0.000000
Iteration 460: wall 0.050083s; reaches 0.000223; t2 0.000820; t3 0.000000; k4 0.000005; update 0.000060; board preparation 0.000534; postflop 0.048401; evaluation 0.000000
Iteration 470: wall 0.050922s; reaches 0.000247; t2 0.001020; t3 0.000000; k4 0.000006; update 0.000058; board preparation 0.000506; postflop 0.049041; evaluation 0.000000
Iteration 480: wall 0.051473s; reaches 0.000356; t2 0.000938; t3 0.000001; k4 0.000006; update 0.000066; board preparation 0.000538; postflop 0.049523; evaluation 0.000000
Iteration 490: wall 0.050469s; reaches 0.000241; t2 0.001036; t3 0.000000; k4 0.000005; update 0.000077; board preparation 0.000571; postflop 0.048495; evaluation 0.000000
Iteration 500: wall 0.043794s; reaches 0.000226; t2 0.001055; t3 0.000000; k4 0.000004; update 0.000059; board preparation 0.000522; postflop 0.041892; evaluation 0.000000
Iteration 510: wall 0.048715s; reaches 0.000266; t2 0.000904; t3 0.000000; k4 0.000006; update 0.000081; board preparation 0.000523; postflop 0.046897; evaluation 0.000000
Iteration 520: wall 0.049329s; reaches 0.000260; t2 0.000816; t3 0.000000; k4 0.000004; update 0.000056; board preparation 0.000533; postflop 0.047621; evaluation 0.000000
Iteration 530: wall 0.055061s; reaches 0.000213; t2 0.000969; t3 0.000000; k4 0.000005; update 0.000059; board preparation 0.000617; postflop 0.053158; evaluation 0.000000
Iteration 540: wall 0.057824s; reaches 0.000247; t2 0.000964; t3 0.000000; k4 0.000005; update 0.000091; board preparation 0.000565; postflop 0.055910; evaluation 0.000000
Iteration 550: wall 0.051697s; reaches 0.000249; t2 0.000953; t3 0.000000; k4 0.000005; update 0.000071; board preparation 0.000562; postflop 0.049815; evaluation 0.000000
Iteration 560: wall 0.047431s; reaches 0.000225; t2 0.000998; t3 0.000000; k4 0.000005; update 0.000057; board preparation 0.000522; postflop 0.045580; evaluation 0.000000
Iteration 570: wall 0.044187s; reaches 0.000242; t2 0.000839; t3 0.000001; k4 0.000004; update 0.000084; board preparation 0.000538; postflop 0.042421; evaluation 0.000000
Iteration 580: wall 0.050719s; reaches 0.000235; t2 0.001038; t3 0.000000; k4 0.000005; update 0.000080; board preparation 0.000577; postflop 0.048748; evaluation 0.000000
Iteration 590: wall 0.045713s; reaches 0.000262; t2 0.000810; t3 0.000000; k4 0.000005; update 0.000069; board preparation 0.000499; postflop 0.044031; evaluation 0.000000
Iteration 600: wall 0.052029s; reaches 0.000244; t2 0.000833; t3 0.000000; k4 0.000005; update 0.000059; board preparation 0.000532; postflop 0.050321; evaluation 0.000000
Iteration 610: wall 0.045146s; reaches 0.000218; t2 0.000805; t3 0.000000; k4 0.000004; update 0.000057; board preparation 0.000541; postflop 0.043487; evaluation 0.000000
Iteration 620: wall 0.043662s; reaches 0.000256; t2 0.000848; t3 0.000000; k4 0.000005; update 0.000065; board preparation 0.000574; postflop 0.041875; evaluation 0.000000
Iteration 630: wall 0.042800s; reaches 0.000249; t2 0.000995; t3 0.000000; k4 0.000005; update 0.000067; board preparation 0.000511; postflop 0.040941; evaluation 0.000000
Iteration 640: wall 0.050535s; reaches 0.000245; t2 0.000995; t3 0.000000; k4 0.000005; update 0.000063; board preparation 0.000539; postflop 0.048651; evaluation 0.000000
Iteration 650: wall 0.052345s; reaches 0.000254; t2 0.001235; t3 0.000000; k4 0.000005; update 0.000072; board preparation 0.000582; postflop 0.050152; evaluation 0.000000
Iteration 660: wall 0.047390s; reaches 0.000370; t2 0.001044; t3 0.000000; k4 0.000005; update 0.000075; board preparation 0.000711; postflop 0.045142; evaluation 0.000000
Iteration 670: wall 0.051076s; reaches 0.000244; t2 0.000823; t3 0.000000; k4 0.000005; update 0.000081; board preparation 0.000503; postflop 0.049379; evaluation 0.000000
Iteration 680: wall 0.050026s; reaches 0.000233; t2 0.000807; t3 0.000000; k4 0.000005; update 0.000066; board preparation 0.000538; postflop 0.048338; evaluation 0.000000
Iteration 690: wall 0.051335s; reaches 0.000259; t2 0.000810; t3 0.000000; k4 0.000005; update 0.000058; board preparation 0.000520; postflop 0.049644; evaluation 0.000000
Iteration 700: wall 0.044100s; reaches 0.000256; t2 0.000843; t3 0.000000; k4 0.000005; update 0.000077; board preparation 0.000534; postflop 0.042345; evaluation 0.000000
Iteration 710: wall 0.042576s; reaches 0.000255; t2 0.000837; t3 0.000000; k4 0.000004; update 0.000092; board preparation 0.000571; postflop 0.040776; evaluation 0.000000
Iteration 720: wall 0.041894s; reaches 0.000232; t2 0.000826; t3 0.000000; k4 0.000005; update 0.000058; board preparation 0.000545; postflop 0.040193; evaluation 0.000000
Iteration 730: wall 0.046624s; reaches 0.000248; t2 0.000813; t3 0.000000; k4 0.000005; update 0.000057; board preparation 0.000561; postflop 0.044895; evaluation 0.000000
Iteration 740: wall 0.048167s; reaches 0.000246; t2 0.000794; t3 0.000000; k4 0.000004; update 0.000055; board preparation 0.000491; postflop 0.046543; evaluation 0.000000
Iteration 750: wall 0.050780s; reaches 0.000241; t2 0.001037; t3 0.000000; k4 0.000005; update 0.000068; board preparation 0.000517; postflop 0.048871; evaluation 0.000000
Iteration 760: wall 0.047661s; reaches 0.000251; t2 0.000842; t3 0.000000; k4 0.000004; update 0.000055; board preparation 0.000506; postflop 0.045968; evaluation 0.000000
Iteration 770: wall 0.047366s; reaches 0.000255; t2 0.000823; t3 0.000000; k4 0.000005; update 0.000067; board preparation 0.000507; postflop 0.045668; evaluation 0.000000
Iteration 780: wall 0.049758s; reaches 0.000261; t2 0.000839; t3 0.000000; k4 0.000006; update 0.000081; board preparation 0.000541; postflop 0.047987; evaluation 0.000000
Iteration 790: wall 0.048313s; reaches 0.000275; t2 0.000833; t3 0.000000; k4 0.000005; update 0.000060; board preparation 0.000558; postflop 0.046541; evaluation 0.000000
Iteration 800: wall 0.050089s; reaches 0.000342; t2 0.000818; t3 0.000000; k4 0.000006; update 0.000072; board preparation 0.000553; postflop 0.048252; evaluation 0.000000
Iteration 810: wall 0.052587s; reaches 0.000316; t2 0.000827; t3 0.000000; k4 0.000005; update 0.000057; board preparation 0.000581; postflop 0.050759; evaluation 0.000000
Iteration 820: wall 0.045023s; reaches 0.000277; t2 0.000842; t3 0.000000; k4 0.000005; update 0.000076; board preparation 0.000534; postflop 0.043250; evaluation 0.000000
Iteration 830: wall 0.053780s; reaches 0.000269; t2 0.000822; t3 0.000000; k4 0.000005; update 0.000076; board preparation 0.000568; postflop 0.052001; evaluation 0.000000
Iteration 840: wall 0.047172s; reaches 0.000248; t2 0.000814; t3 0.000000; k4 0.000005; update 0.000055; board preparation 0.000533; postflop 0.045479; evaluation 0.000000
Iteration 850: wall 0.043862s; reaches 0.000253; t2 0.000811; t3 0.000001; k4 0.000005; update 0.000054; board preparation 0.000532; postflop 0.042168; evaluation 0.000000
Iteration 860: wall 0.047744s; reaches 0.000206; t2 0.000819; t3 0.000000; k4 0.000004; update 0.000056; board preparation 0.000538; postflop 0.046081; evaluation 0.000000
Iteration 870: wall 0.048462s; reaches 0.000634; t2 0.000796; t3 0.000000; k4 0.000005; update 0.000079; board preparation 0.000532; postflop 0.046382; evaluation 0.000000
Iteration 880: wall 0.049500s; reaches 0.000258; t2 0.000805; t3 0.000000; k4 0.000005; update 0.000082; board preparation 0.000536; postflop 0.047774; evaluation 0.000000
Iteration 890: wall 0.054005s; reaches 0.000236; t2 0.000992; t3 0.000000; k4 0.000006; update 0.000074; board preparation 0.000661; postflop 0.051991; evaluation 0.000000
Iteration 900: wall 0.047448s; reaches 0.000275; t2 0.000825; t3 0.000000; k4 0.000005; update 0.000072; board preparation 0.000511; postflop 0.045718; evaluation 0.000000
Iteration 910: wall 0.045194s; reaches 0.000249; t2 0.000808; t3 0.000000; k4 0.000004; update 0.000066; board preparation 0.000504; postflop 0.043526; evaluation 0.000000
Iteration 920: wall 0.046247s; reaches 0.000231; t2 0.000849; t3 0.000000; k4 0.000004; update 0.000068; board preparation 0.000504; postflop 0.044553; evaluation 0.000000
Iteration 930: wall 0.043022s; reaches 0.000227; t2 0.000888; t3 0.000000; k4 0.000005; update 0.000056; board preparation 0.000523; postflop 0.041280; evaluation 0.000000
Iteration 940: wall 0.044363s; reaches 0.000207; t2 0.000984; t3 0.000000; k4 0.000005; update 0.000058; board preparation 0.000535; postflop 0.042532; evaluation 0.000000
Iteration 950: wall 0.040926s; reaches 0.000243; t2 0.000834; t3 0.000000; k4 0.000004; update 0.000064; board preparation 0.000500; postflop 0.039245; evaluation 0.000000
Iteration 960: wall 0.041593s; reaches 0.000255; t2 0.000829; t3 0.000000; k4 0.000004; update 0.000066; board preparation 0.000537; postflop 0.039866; evaluation 0.000000
Iteration 970: wall 0.045504s; reaches 0.000212; t2 0.000827; t3 0.000000; k4 0.000004; update 0.000055; board preparation 0.000568; postflop 0.043800; evaluation 0.000000
Iteration 980: wall 0.047483s; reaches 0.000243; t2 0.000899; t3 0.000000; k4 0.000005; update 0.000063; board preparation 0.000523; postflop 0.045710; evaluation 0.000000
Iteration 990: wall 0.050972s; reaches 0.000269; t2 0.000827; t3 0.000001; k4 0.000004; update 0.000058; board preparation 0.000523; postflop 0.049254; evaluation 0.000000
Iteration 1000: wall 0.045301s; reaches 0.000389; t2 0.001317; t3 0.000000; k4 0.000005; update 0.000073; board preparation 0.000545; postflop 0.042929; evaluation 0.000000
Iteration 1010: wall 0.050054s; reaches 0.000246; t2 0.001010; t3 0.000000; k4 0.000006; update 0.000080; board preparation 0.000519; postflop 0.048154; evaluation 0.000000
Iteration 1020: wall 0.049386s; reaches 0.000234; t2 0.001011; t3 0.000000; k4 0.000005; update 0.000088; board preparation 0.000531; postflop 0.047458; evaluation 0.000000
Iteration 1030: wall 0.048340s; reaches 0.000241; t2 0.000822; t3 0.000000; k4 0.000005; update 0.000061; board preparation 0.000531; postflop 0.046639; evaluation 0.000000
Iteration 1040: wall 0.051469s; reaches 0.000252; t2 0.000911; t3 0.000001; k4 0.000005; update 0.000072; board preparation 0.000549; postflop 0.049637; evaluation 0.000000
Iteration 1050: wall 0.052343s; reaches 0.000250; t2 0.000838; t3 0.000000; k4 0.000005; update 0.000073; board preparation 0.000636; postflop 0.050497; evaluation 0.000000
Iteration 1060: wall 0.046318s; reaches 0.000258; t2 0.000845; t3 0.000000; k4 0.000004; update 0.000073; board preparation 0.000527; postflop 0.044577; evaluation 0.000000
Iteration 1070: wall 0.047456s; reaches 0.000250; t2 0.000842; t3 0.000000; k4 0.000005; update 0.000100; board preparation 0.000565; postflop 0.045659; evaluation 0.000000
Iteration 1080: wall 0.045107s; reaches 0.000262; t2 0.000817; t3 0.000000; k4 0.000005; update 0.000056; board preparation 0.000537; postflop 0.043398; evaluation 0.000000
Iteration 1090: wall 0.046320s; reaches 0.000273; t2 0.000831; t3 0.000000; k4 0.000005; update 0.000078; board preparation 0.000542; postflop 0.044555; evaluation 0.000000
Iteration 1100: wall 0.046735s; reaches 0.000242; t2 0.000827; t3 0.000000; k4 0.000005; update 0.000056; board preparation 0.000550; postflop 0.045013; evaluation 0.000000
Iteration 1110: wall 0.052909s; reaches 0.000249; t2 0.000860; t3 0.000000; k4 0.000005; update 0.000061; board preparation 0.000612; postflop 0.051079; evaluation 0.000000
Iteration 1120: wall 0.046580s; reaches 0.000254; t2 0.000814; t3 0.000000; k4 0.000005; update 0.000054; board preparation 0.000523; postflop 0.044895; evaluation 0.000000
Iteration 1130: wall 0.052014s; reaches 0.000273; t2 0.001171; t3 0.000000; k4 0.000006; update 0.000061; board preparation 0.000544; postflop 0.049921; evaluation 0.000000
Iteration 1140: wall 0.049114s; reaches 0.000253; t2 0.000836; t3 0.000000; k4 0.000004; update 0.000065; board preparation 0.000539; postflop 0.047380; evaluation 0.000000
Iteration 1150: wall 0.043963s; reaches 0.000225; t2 0.001043; t3 0.000000; k4 0.000007; update 0.000072; board preparation 0.000619; postflop 0.041957; evaluation 0.000000
Iteration 1160: wall 0.053801s; reaches 0.000227; t2 0.001002; t3 0.000000; k4 0.000005; update 0.000080; board preparation 0.000569; postflop 0.051874; evaluation 0.000000
Iteration 1170: wall 0.048140s; reaches 0.000264; t2 0.000854; t3 0.000000; k4 0.000005; update 0.000097; board preparation 0.000725; postflop 0.046156; evaluation 0.000000
Iteration 1180: wall 0.050309s; reaches 0.000272; t2 0.000997; t3 0.000000; k4 0.000004; update 0.000074; board preparation 0.000647; postflop 0.048256; evaluation 0.000000
Iteration 1190: wall 0.048471s; reaches 0.000228; t2 0.000827; t3 0.000000; k4 0.000005; update 0.000071; board preparation 0.000522; postflop 0.046780; evaluation 0.000000
Iteration 1200: wall 0.049392s; reaches 0.000251; t2 0.000847; t3 0.000000; k4 0.000005; update 0.000073; board preparation 0.000516; postflop 0.047663; evaluation 0.000000
Iteration 1210: wall 0.052169s; reaches 0.000245; t2 0.000994; t3 0.000000; k4 0.000006; update 0.000075; board preparation 0.000512; postflop 0.050297; evaluation 0.000000
Iteration 1220: wall 0.050000s; reaches 0.000246; t2 0.000887; t3 0.000000; k4 0.000006; update 0.000064; board preparation 0.000546; postflop 0.048216; evaluation 0.000000
Iteration 1230: wall 0.051671s; reaches 0.000255; t2 0.001009; t3 0.000000; k4 0.000005; update 0.000073; board preparation 0.000654; postflop 0.049630; evaluation 0.000000
Iteration 1240: wall 0.047137s; reaches 0.000562; t2 0.001166; t3 0.000000; k4 0.000005; update 0.000107; board preparation 0.000565; postflop 0.044692; evaluation 0.000000
Iteration 1250: wall 0.044479s; reaches 0.000271; t2 0.000998; t3 0.000001; k4 0.000007; update 0.000082; board preparation 0.000546; postflop 0.042534; evaluation 0.000000
Iteration 1260: wall 0.045244s; reaches 0.000270; t2 0.000854; t3 0.000000; k4 0.000006; update 0.000057; board preparation 0.000541; postflop 0.043480; evaluation 0.000000
Iteration 1270: wall 0.044487s; reaches 0.000234; t2 0.000824; t3 0.000000; k4 0.000005; update 0.000072; board preparation 0.000523; postflop 0.042793; evaluation 0.000000
Iteration 1280: wall 0.043751s; reaches 0.000267; t2 0.000812; t3 0.000000; k4 0.000005; update 0.000072; board preparation 0.000619; postflop 0.041922; evaluation 0.000000
Iteration 1290: wall 0.042235s; reaches 0.000217; t2 0.000794; t3 0.000000; k4 0.000005; update 0.000054; board preparation 0.000571; postflop 0.040558; evaluation 0.000000
Iteration 1300: wall 0.049903s; reaches 0.000241; t2 0.001086; t3 0.000000; k4 0.000006; update 0.000104; board preparation 0.000668; postflop 0.047744; evaluation 0.000000
Iteration 1310: wall 0.043000s; reaches 0.000236; t2 0.000793; t3 0.000000; k4 0.000005; update 0.000059; board preparation 0.000553; postflop 0.041321; evaluation 0.000000
Iteration 1320: wall 0.054676s; reaches 0.000259; t2 0.000823; t3 0.000000; k4 0.000004; update 0.000061; board preparation 0.000531; postflop 0.052957; evaluation 0.000000
Iteration 1330: wall 0.049228s; reaches 0.000232; t2 0.000850; t3 0.000000; k4 0.000005; update 0.000054; board preparation 0.000625; postflop 0.047424; evaluation 0.000000
Iteration 1340: wall 0.055766s; reaches 0.000321; t2 0.000809; t3 0.000000; k4 0.000006; update 0.000073; board preparation 0.000643; postflop 0.053877; evaluation 0.000000
Iteration 1350: wall 0.047407s; reaches 0.000207; t2 0.000811; t3 0.000001; k4 0.000005; update 0.000054; board preparation 0.000513; postflop 0.045777; evaluation 0.000000
Iteration 1360: wall 0.047259s; reaches 0.000223; t2 0.000808; t3 0.000000; k4 0.000005; update 0.000060; board preparation 0.000511; postflop 0.045613; evaluation 0.000000
Iteration 1370: wall 0.053560s; reaches 0.000256; t2 0.000924; t3 0.000001; k4 0.000005; update 0.000083; board preparation 0.000546; postflop 0.051705; evaluation 0.000000
Iteration 1380: wall 0.051075s; reaches 0.000236; t2 0.000860; t3 0.000000; k4 0.000005; update 0.000064; board preparation 0.000541; postflop 0.049327; evaluation 0.000000
Iteration 1390: wall 0.049124s; reaches 0.000243; t2 0.001023; t3 0.000000; k4 0.000005; update 0.000055; board preparation 0.000508; postflop 0.047252; evaluation 0.000000
Iteration 1400: wall 0.049582s; reaches 0.000282; t2 0.000837; t3 0.000000; k4 0.000006; update 0.000069; board preparation 0.000536; postflop 0.047814; evaluation 0.000000
Iteration 1410: wall 0.047734s; reaches 0.000235; t2 0.000951; t3 0.000000; k4 0.000005; update 0.000090; board preparation 0.000569; postflop 0.045842; evaluation 0.000000
Iteration 1420: wall 0.048050s; reaches 0.000247; t2 0.000957; t3 0.000000; k4 0.000005; update 0.000074; board preparation 0.000525; postflop 0.046210; evaluation 0.000000
Iteration 1430: wall 0.050413s; reaches 0.000240; t2 0.000847; t3 0.000000; k4 0.000005; update 0.000073; board preparation 0.000576; postflop 0.048630; evaluation 0.000000
Iteration 1440: wall 0.051883s; reaches 0.000314; t2 0.001234; t3 0.000000; k4 0.000006; update 0.000070; board preparation 0.000551; postflop 0.049664; evaluation 0.000000
Iteration 1450: wall 0.050435s; reaches 0.000265; t2 0.000855; t3 0.000000; k4 0.000005; update 0.000054; board preparation 0.000564; postflop 0.048655; evaluation 0.000000
Iteration 1460: wall 0.044667s; reaches 0.000239; t2 0.001069; t3 0.000000; k4 0.000006; update 0.000092; board preparation 0.000566; postflop 0.042655; evaluation 0.000000
Iteration 1470: wall 0.046403s; reaches 0.000280; t2 0.000868; t3 0.000000; k4 0.000005; update 0.000092; board preparation 0.000552; postflop 0.044565; evaluation 0.000000
Iteration 1480: wall 0.043412s; reaches 0.000255; t2 0.001005; t3 0.000000; k4 0.000006; update 0.000072; board preparation 0.000565; postflop 0.041470; evaluation 0.000000
Iteration 1490: wall 0.042597s; reaches 0.000272; t2 0.000798; t3 0.000001; k4 0.000005; update 0.000074; board preparation 0.000497; postflop 0.040913; evaluation 0.000000
Iteration 1500: wall 0.043185s; reaches 0.000236; t2 0.000821; t3 0.000000; k4 0.000005; update 0.000069; board preparation 0.000533; postflop 0.041484; evaluation 0.000000
Iteration 1510: wall 0.052618s; reaches 0.000286; t2 0.001047; t3 0.000000; k4 0.000005; update 0.000074; board preparation 0.000525; postflop 0.050629; evaluation 0.000000
Iteration 1520: wall 0.043573s; reaches 0.000304; t2 0.000817; t3 0.000000; k4 0.000004; update 0.000054; board preparation 0.000552; postflop 0.041803; evaluation 0.000000
Iteration 1530: wall 0.044425s; reaches 0.000268; t2 0.000836; t3 0.000000; k4 0.000005; update 0.000072; board preparation 0.000540; postflop 0.042665; evaluation 0.000000
Iteration 1540: wall 0.045936s; reaches 0.000236; t2 0.000842; t3 0.000001; k4 0.000005; update 0.000054; board preparation 0.000599; postflop 0.044157; evaluation 0.000000
Iteration 1550: wall 0.042388s; reaches 0.000250; t2 0.000827; t3 0.000000; k4 0.000004; update 0.000050; board preparation 0.000572; postflop 0.040646; evaluation 0.000000
Iteration 1560: wall 0.044092s; reaches 0.000576; t2 0.000846; t3 0.000000; k4 0.000004; update 0.000052; board preparation 0.000494; postflop 0.042087; evaluation 0.000000
Iteration 1570: wall 0.040912s; reaches 0.000266; t2 0.000815; t3 0.000000; k4 0.000005; update 0.000083; board preparation 0.000510; postflop 0.039199; evaluation 0.000000
Iteration 1580: wall 0.053120s; reaches 0.000257; t2 0.000850; t3 0.000000; k4 0.000005; update 0.000073; board preparation 0.000554; postflop 0.051335; evaluation 0.000000
Iteration 1590: wall 0.046250s; reaches 0.000277; t2 0.000969; t3 0.000000; k4 0.000005; update 0.000056; board preparation 0.000559; postflop 0.044342; evaluation 0.000000
Iteration 1600: wall 0.050719s; reaches 0.000244; t2 0.001003; t3 0.000000; k4 0.000005; update 0.000072; board preparation 0.000638; postflop 0.048706; evaluation 0.000000
Iteration 1610: wall 0.046698s; reaches 0.000216; t2 0.000890; t3 0.000000; k4 0.000005; update 0.000070; board preparation 0.000524; postflop 0.044958; evaluation 0.000000
Iteration 1620: wall 0.051142s; reaches 0.000239; t2 0.000824; t3 0.000001; k4 0.000005; update 0.000072; board preparation 0.000567; postflop 0.049398; evaluation 0.000000
Iteration 1630: wall 0.042826s; reaches 0.000240; t2 0.000814; t3 0.000000; k4 0.000005; update 0.000062; board preparation 0.000529; postflop 0.041139; evaluation 0.000000
Iteration 1640: wall 0.048378s; reaches 0.000229; t2 0.000888; t3 0.000000; k4 0.000005; update 0.000060; board preparation 0.000532; postflop 0.046622; evaluation 0.000000
Iteration 1650: wall 0.046421s; reaches 0.000230; t2 0.000885; t3 0.000000; k4 0.000005; update 0.000053; board preparation 0.000532; postflop 0.044683; evaluation 0.000000
Iteration 1660: wall 0.048501s; reaches 0.000264; t2 0.000887; t3 0.000000; k4 0.000005; update 0.000064; board preparation 0.000506; postflop 0.046741; evaluation 0.000000
Iteration 1670: wall 0.049142s; reaches 0.000581; t2 0.000974; t3 0.000000; k4 0.000005; update 0.000057; board preparation 0.000552; postflop 0.046932; evaluation 0.000000
Iteration 1680: wall 0.046742s; reaches 0.000239; t2 0.000881; t3 0.000000; k4 0.000004; update 0.000089; board preparation 0.000517; postflop 0.044976; evaluation 0.000000
Iteration 1690: wall 0.048603s; reaches 0.000250; t2 0.000803; t3 0.000000; k4 0.000005; update 0.000062; board preparation 0.000502; postflop 0.046942; evaluation 0.000000
Iteration 1700: wall 0.046959s; reaches 0.000249; t2 0.000840; t3 0.000000; k4 0.000005; update 0.000052; board preparation 0.000558; postflop 0.045220; evaluation 0.000000
Iteration 1710: wall 0.048666s; reaches 0.000248; t2 0.000836; t3 0.000000; k4 0.000005; update 0.000058; board preparation 0.000524; postflop 0.046954; evaluation 0.000000
Iteration 1720: wall 0.048089s; reaches 0.000203; t2 0.000873; t3 0.000000; k4 0.000005; update 0.000063; board preparation 0.000518; postflop 0.046393; evaluation 0.000000
Iteration 1730: wall 0.048682s; reaches 0.000279; t2 0.000854; t3 0.000000; k4 0.000005; update 0.000086; board preparation 0.000574; postflop 0.046842; evaluation 0.000000
Iteration 1740: wall 0.045751s; reaches 0.000233; t2 0.000854; t3 0.000000; k4 0.000004; update 0.000055; board preparation 0.000571; postflop 0.043998; evaluation 0.000000
Iteration 1750: wall 0.050364s; reaches 0.000256; t2 0.000932; t3 0.000000; k4 0.000005; update 0.000074; board preparation 0.000680; postflop 0.048375; evaluation 0.000000
Iteration 1760: wall 0.045380s; reaches 0.000246; t2 0.000844; t3 0.000001; k4 0.000004; update 0.000057; board preparation 0.000514; postflop 0.043671; evaluation 0.000000
Iteration 1770: wall 0.046131s; reaches 0.000256; t2 0.000940; t3 0.000000; k4 0.000005; update 0.000055; board preparation 0.000533; postflop 0.044299; evaluation 0.000000
Iteration 1780: wall 0.048467s; reaches 0.000247; t2 0.000966; t3 0.000000; k4 0.000004; update 0.000071; board preparation 0.000530; postflop 0.046613; evaluation 0.000000
Iteration 1790: wall 0.063105s; reaches 0.000603; t2 0.001099; t3 0.000001; k4 0.000006; update 0.000100; board preparation 0.000604; postflop 0.060652; evaluation 0.000000
Iteration 1800: wall 0.056443s; reaches 0.000237; t2 0.000892; t3 0.000000; k4 0.000006; update 0.000073; board preparation 0.000516; postflop 0.054677; evaluation 0.000000
Iteration 1810: wall 0.049620s; reaches 0.000240; t2 0.000810; t3 0.000000; k4 0.000004; update 0.000060; board preparation 0.000548; postflop 0.047926; evaluation 0.000000
Iteration 1820: wall 0.045420s; reaches 0.000220; t2 0.000822; t3 0.000000; k4 0.000005; update 0.000056; board preparation 0.000512; postflop 0.043768; evaluation 0.000000
Iteration 1830: wall 0.049383s; reaches 0.000232; t2 0.000974; t3 0.000000; k4 0.000005; update 0.000073; board preparation 0.000526; postflop 0.047536; evaluation 0.000000
Iteration 1840: wall 0.046717s; reaches 0.000221; t2 0.000980; t3 0.000000; k4 0.000004; update 0.000061; board preparation 0.000501; postflop 0.044907; evaluation 0.000000
Iteration 1850: wall 0.048028s; reaches 0.000279; t2 0.000978; t3 0.000000; k4 0.000005; update 0.000075; board preparation 0.000519; postflop 0.046139; evaluation 0.000000
Iteration 1860: wall 0.048625s; reaches 0.000244; t2 0.000937; t3 0.000000; k4 0.000005; update 0.000063; board preparation 0.000544; postflop 0.046791; evaluation 0.000000
Iteration 1870: wall 0.049685s; reaches 0.000246; t2 0.000820; t3 0.000000; k4 0.000005; update 0.000073; board preparation 0.000569; postflop 0.047939; evaluation 0.000000
Iteration 1880: wall 0.049160s; reaches 0.000270; t2 0.001081; t3 0.000000; k4 0.000005; update 0.000091; board preparation 0.000549; postflop 0.047128; evaluation 0.000000
Iteration 1890: wall 0.056296s; reaches 0.000292; t2 0.001165; t3 0.000000; k4 0.000005; update 0.000090; board preparation 0.000564; postflop 0.054137; evaluation 0.000000
Iteration 1900: wall 0.042321s; reaches 0.000250; t2 0.000993; t3 0.000000; k4 0.000005; update 0.000076; board preparation 0.000519; postflop 0.040433; evaluation 0.000000
Iteration 1910: wall 0.049768s; reaches 0.000229; t2 0.000818; t3 0.000000; k4 0.000005; update 0.000059; board preparation 0.000563; postflop 0.048054; evaluation 0.000000
Iteration 1920: wall 0.044031s; reaches 0.000250; t2 0.000882; t3 0.000000; k4 0.000005; update 0.000069; board preparation 0.000543; postflop 0.042243; evaluation 0.000000
Iteration 1930: wall 0.050123s; reaches 0.000254; t2 0.001019; t3 0.000000; k4 0.000005; update 0.000056; board preparation 0.000533; postflop 0.048192; evaluation 0.000000
Iteration 1940: wall 0.045777s; reaches 0.000257; t2 0.000825; t3 0.000000; k4 0.000004; update 0.000055; board preparation 0.000699; postflop 0.043895; evaluation 0.000000
Iteration 1950: wall 0.045575s; reaches 0.000251; t2 0.001056; t3 0.000000; k4 0.000005; update 0.000060; board preparation 0.000527; postflop 0.043631; evaluation 0.000000
Iteration 1960: wall 0.046941s; reaches 0.000261; t2 0.000986; t3 0.000000; k4 0.000005; update 0.000091; board preparation 0.000576; postflop 0.044986; evaluation 0.000000
Iteration 1970: wall 0.043380s; reaches 0.000265; t2 0.000902; t3 0.000000; k4 0.000004; update 0.000062; board preparation 0.000534; postflop 0.041576; evaluation 0.000000
Iteration 1980: wall 0.042711s; reaches 0.000274; t2 0.000816; t3 0.000000; k4 0.000004; update 0.000060; board preparation 0.000544; postflop 0.040979; evaluation 0.000000
Iteration 1990: wall 0.043727s; reaches 0.000238; t2 0.000837; t3 0.000000; k4 0.000004; update 0.000057; board preparation 0.000554; postflop 0.042003; evaluation 0.000000
Iteration 2000: wall 5.103885s; reaches 0.000250; t2 0.000837; t3 0.000000; k4 0.000004; update 0.000055; board preparation 0.000501; postflop 0.040060; evaluation 5.062061
Checkpoint 2000: NashConv 0.002526823472; held -0.001984028387; auxiliary 1.719210605029; auxiliary held 1.718801711119; gains [0.0011132038424272878, 0.0014136196293621645]; held gains [-2.4574260158727323e-7, -0.0019837826446198747]; auxiliary gains [0.7175160585058376, 1.0016945465234002]; auxiliary held gains [0.7175160585058378, 1.001285652613349]; evaluation 5.062061s
Iterations: 2000; reached target: false; solve phases Timings { trunk: SolveTimings { reaches: 0.5124967999999986, t2: 1.8104374999999955, t3: 0.0005895999999999841, k4: 0.009937000000000064, update: 0.13743590000000022, evaluation: 9.7426376 }, board_preparation: 1.1483443999999987, postflop: 93.0774323999997, evaluation_board_preparation: 0.042676 }
