MainPID=0
Result=exit-code
ExecMainStatus=1
ControlGroup=
ActiveState=failed
==> /opt/r1/flop-fused-update-wrapper01/execute.stdout.log <==
{"stage": "expanded-r1-w1-candidate", "status": "completed", "case": "expanded", "result": {"schema": "r1.flop-native-solve/v1", "status": "completed", "case": "expanded", "threads": 1, "iterations": 16, "state_file": "state.bin", "state_bytes": 283677926, "quality_file": "quality.json", "build_seconds": 0.318312998, "cfr_seconds": 25.203714366, "state_write_seconds": 1.922110381, "quality_seconds": 5.157360274, "cfv_capture": false, "performance_claim": false}}
{"stage": "expanded-r1-w1-baseline", "status": "completed", "case": "expanded", "result": {"schema": "r1.flop-native-solve/v1", "status": "completed", "case": "expanded", "threads": 1, "iterations": 16, "state_file": "state.bin", "state_bytes": 283677926, "quality_file": "quality.json", "build_seconds": 0.317642781, "cfr_seconds": 25.78460447, "state_write_seconds": 1.91861939, "quality_seconds": 5.193302462, "cfv_capture": false, "performance_claim": false}}
{"stage": "expanded-r2-w1-baseline", "status": "completed", "case": "expanded", "result": {"schema": "r1.flop-native-solve/v1", "status": "completed", "case": "expanded", "threads": 1, "iterations": 16, "state_file": "state.bin", "state_bytes": 283677926, "quality_file": "quality.json", "build_seconds": 0.314119617, "cfr_seconds": 25.7270733, "state_write_seconds": 1.915854039, "quality_seconds": 5.200133026, "cfv_capture": false, "performance_claim": false}}
{"stage": "expanded-r2-w1-candidate", "status": "completed", "case": "expanded", "result": {"schema": "r1.flop-native-solve/v1", "status": "completed", "case": "expanded", "threads": 1, "iterations": 16, "state_file": "state.bin", "state_bytes": 283677926, "quality_file": "quality.json", "build_seconds": 0.323841769, "cfr_seconds": 25.312632545, "state_write_seconds": 1.917146995, "quality_seconds": 5.161956812, "cfv_capture": false, "performance_claim": false}}
{"status": "failed", "counts": {"completed": 48, "failed": 1, "skipped": 9}}

==> /opt/r1/flop-fused-update-wrapper01/execute.stderr.log <==
  File "/opt/r1/flop-fused-update-package/experiments/hu-postflop-r1/flop-scaling/flat-ev/timing/run.py", line 52, in deadline_check
    need(deadline is None or time.monotonic() + reserve < deadline, "absolute phase deadline reached")
  File "/opt/r1/flop-fused-update-package/experiments/hu-postflop-r1/flop-scaling/ev-scratch/run.py", line 33, in need
    raise ValueError(message)
ValueError: absolute phase deadline reached
{
  "schema": "r1.fused-update-vm17-wrapper/v1",
  "ended_at": "2026-09-27T06:21:54.365277+00:00",
  "last_phase": "execute",
  "exit_code": 1,
  "files": {
    "execute.stderr.log": {
      "bytes": 1712,
      "sha256": "a04cef31d36ba35f52d9665315ae16d8f849e8d8126eec292dfa6969596255ae"
    },
    "execute.stdout.log": {
      "bytes": 20763,
      "sha256": "ea3106bff275f66d09e982082b5d0cecd0b9b53fb1c3741682efeb8e5c18e582"
    },
    "preflight.stderr.log": {
      "bytes": 0,
      "sha256": "e3b0c44298fc1c149afbf4c8996fb92427ae41e4649b934ca495991b7852b855"
    },
    "preflight.stdout.log": {
      "bytes": 304,
      "sha256": "64f6d1968a4c811b7df72466a6ee9fbb1ac1c740584c1bf8663958267e598d34"
    },
    "prepare.stderr.log": {
      "bytes": 0,
      "sha256": "e3b0c44298fc1c149afbf4c8996fb92427ae41e4649b934ca495991b7852b855"
    },
    "prepare.stdout.log": {
      "bytes": 56,
      "sha256": "c75de67e837a7199b0efdc0003d3a69ac52bc57d7f6da5040c85255d91171578"
    }
  },
  "scope": "Wrapper terminal status; failed stages and partial proof remain for recovery"
}