Tree: 5466 decisions, 6131 terminals (0.067s)
Tables: 0.154s; model: 0.004s
Checkpoint 0: NashConv 16.253518395504; gains [2.5113353501453846, 2.42509798850833, 2.4538356734975135, 3.151256202891144, 2.994061361503415, 2.717931818958065]; 71.175581s
Iteration 1: wall 35.646540s; reaches 1.474000; t2 0.217156; t3 5.908490; k4 27.735723; update 0.039276; evaluation 0.000000
Iteration 2: wall 22.432098s; reaches 1.168124; t2 0.201956; t3 5.015267; k4 15.703483; update 0.048974; evaluation 0.000000
Iteration 3: wall 24.998663s; reaches 0.962826; t2 0.167923; t3 5.153053; k4 18.412406; update 0.038174; evaluation 0.000000
Iteration 4: wall 32.179003s; reaches 1.151328; t2 0.201581; t3 5.760489; k4 24.627900; update 0.066437; evaluation 0.000000
Iteration 5: wall 32.323229s; reaches 1.071015; t2 0.210489; t3 5.372954; k4 25.268305; update 0.062967; evaluation 0.000000
Iteration 6: wall 33.899736s; reaches 1.150754; t2 0.184903; t3 5.016599; k4 27.135235; update 0.060762; evaluation 0.000000
Iteration 7: wall 31.810522s; reaches 1.050555; t2 0.211907; t3 4.270193; k4 25.923862; update 0.050259; evaluation 0.000000
Iteration 8: wall 32.703248s; reaches 0.973537; t2 0.172310; t3 3.978735; k4 27.233796; update 0.048071; evaluation 0.000000
Iteration 9: wall 37.155211s; reaches 0.946556; t2 0.162541; t3 4.030355; k4 31.642887; update 0.054940; evaluation 0.000000
Iteration 10: wall 41.629135s; reaches 1.067714; t2 0.202311; t3 4.640611; k4 35.333514; update 0.053882; evaluation 0.000000
Iteration 11: wall 40.069322s; reaches 1.012399; t2 0.176607; t3 3.871192; k4 34.684484; update 0.043766; evaluation 0.000000
Iteration 12: wall 60.156329s; reaches 1.178724; t2 0.228998; t3 5.269900; k4 53.024182; update 0.067352; evaluation 0.000000
Iteration 13: wall 58.880621s; reaches 1.381540; t2 0.326448; t3 5.924807; k4 50.702985; update 0.080287; evaluation 0.000000
Iteration 14: wall 43.576067s; reaches 1.176740; t2 0.268428; t3 4.092597; k4 37.549320; update 0.069492; evaluation 0.000000
Iteration 15: wall 61.044026s; reaches 1.462735; t2 0.357176; t3 5.588306; k4 53.081411; update 0.079048; evaluation 0.000000
Iteration 16: wall 72.397117s; reaches 1.906993; t2 0.384689; t3 6.156592; k4 63.374009; update 0.081914; evaluation 0.000000
Iteration 17: wall 79.263278s; reaches 2.800516; t2 0.338710; t3 6.154820; k4 69.386923; update 0.070186; evaluation 0.000000
Iteration 18: wall 80.563351s; reaches 2.559466; t2 0.433064; t3 6.748008; k4 70.100307; update 0.102009; evaluation 0.000000
Iteration 19: wall 73.051812s; reaches 2.213836; t2 0.331728; t3 5.683359; k4 64.260923; update 0.072227; evaluation 0.000000
Iteration 20: wall 199.110064s; reaches 2.041919; t2 0.397497; t3 6.193947; k4 61.810942; update 0.103463; evaluation 128.027283
Checkpoint 20: NashConv 0.097767410870; gains [0.01720149067427082, 0.027716781006020763, 0.02413422387527253, 0.010339263478193098, 0.00961655354968402, 0.0087590982862846]; 1164.094210s
Iteration 21: wall 64.533069s; reaches 1.953402; t2 0.371428; t3 5.202405; k4 56.322831; update 0.089558; evaluation 0.000000
Iteration 22: wall 64.395100s; reaches 2.030343; t2 0.354711; t3 4.961374; k4 56.424442; update 0.073351; evaluation 0.000000
Iteration 23: wall 62.339103s; reaches 1.670889; t2 0.362036; t3 4.681997; k4 55.072073; update 0.068501; evaluation 0.000000
Iteration 24: wall 59.345472s; reaches 1.720327; t2 0.307740; t3 4.406526; k4 52.276521; update 0.081579; evaluation 0.000000
Iteration 25: wall 60.318483s; reaches 1.769287; t2 0.402196; t3 4.188150; k4 53.322013; update 0.068341; evaluation 0.000000
Iteration 26: wall 59.742392s; reaches 1.831086; t2 0.330839; t3 4.425296; k4 52.526780; update 0.075801; evaluation 0.000000
Iteration 27: wall 61.140833s; reaches 2.018751; t2 0.297299; t3 4.911771; k4 53.200726; update 0.083281; evaluation 0.000000
Iteration 28: wall 68.035181s; reaches 2.670061; t2 0.364465; t3 5.815628; k4 58.430847; update 0.075469; evaluation 0.000000
Iteration 29: wall 58.101590s; reaches 1.898722; t2 0.355519; t3 4.271479; k4 50.953821; update 0.078834; evaluation 0.000000
Iteration 30: wall 46.462094s; reaches 1.450075; t2 0.298638; t3 3.786676; k4 40.381844; update 0.073673; evaluation 0.000000
Iteration 31: wall 42.445884s; reaches 1.087999; t2 0.216005; t3 3.545168; k4 37.110093; update 0.070986; evaluation 0.000000
Iteration 32: wall 41.072015s; reaches 1.078682; t2 0.218760; t3 3.127683; k4 36.227803; update 0.057617; evaluation 0.000000
Iteration 33: wall 43.306822s; reaches 1.108529; t2 0.215254; t3 3.477462; k4 38.018032; update 0.071835; evaluation 0.000000
Iteration 34: wall 42.829577s; reaches 1.079725; t2 0.254677; t3 3.651809; k4 37.303502; update 0.093016; evaluation 0.000000
Iteration 35: wall 47.615866s; reaches 1.252343; t2 0.282276; t3 3.585298; k4 41.934835; update 0.088081; evaluation 0.000000
Iteration 36: wall 45.471868s; reaches 1.206898; t2 0.265283; t3 3.437771; k4 40.061855; update 0.078783; evaluation 0.000000
Iteration 37: wall 42.902160s; reaches 1.094444; t2 0.241855; t3 3.238612; k4 37.866290; update 0.065117; evaluation 0.000000
Iteration 38: wall 39.705627s; reaches 0.918669; t2 0.176410; t3 3.079610; k4 35.158702; update 0.047220; evaluation 0.000000
Iteration 39: wall 40.198283s; reaches 0.935970; t2 0.185361; t3 2.995383; k4 35.707764; update 0.050891; evaluation 0.000000
Iteration 40: wall 118.781773s; reaches 1.013062; t2 0.223922; t3 3.050409; k4 34.611174; update 0.070720; evaluation 79.465638
Checkpoint 40: NashConv 0.020406937823; gains [0.003868099676235165, 0.005250515822297713, 0.005605462405868095, 0.002020840256183279, 0.00173527510549909, 0.001926744556652149]; 2272.853264s
Iteration 41: wall 42.352122s; reaches 1.047423; t2 0.250900; t3 3.060817; k4 37.517204; update 0.074888; evaluation 0.000000
Iteration 42: wall 36.142275s; reaches 0.968970; t2 0.195714; t3 2.941483; k4 31.644893; update 0.059312; evaluation 0.000000
Iteration 43: wall 36.314228s; reaches 0.983093; t2 0.217535; t3 2.904473; k4 31.813913; update 0.056061; evaluation 0.000000
Iteration 44: wall 38.622811s; reaches 1.270990; t2 0.251359; t3 3.259685; k4 33.320443; update 0.066544; evaluation 0.000000
Iteration 45: wall 34.669484s; reaches 0.959216; t2 0.190270; t3 2.820130; k4 30.298723; update 0.057558; evaluation 0.000000
Iteration 46: wall 36.544398s; reaches 0.950488; t2 0.200141; t3 2.997001; k4 32.019126; update 0.050870; evaluation 0.000000
Iteration 47: wall 37.104586s; reaches 0.968665; t2 0.208885; t3 3.168388; k4 32.329157; update 0.062177; evaluation 0.000000
Iteration 48: wall 35.532764s; reaches 1.040094; t2 0.226730; t3 2.947016; k4 30.873839; update 0.068475; evaluation 0.000000
Iteration 49: wall 37.348809s; reaches 1.152696; t2 0.280515; t3 2.920418; k4 32.484426; update 0.074113; evaluation 0.000000
Iteration 50: wall 35.281279s; reaches 1.027976; t2 0.280200; t3 2.926133; k4 30.566993; update 0.079035; evaluation 0.000000
Iteration 51: wall 33.575141s; reaches 1.031869; t2 0.229025; t3 2.809410; k4 29.045485; update 0.059289; evaluation 0.000000
Iteration 52: wall 37.708699s; reaches 1.022566; t2 0.191472; t3 2.838046; k4 33.248098; update 0.061145; evaluation 0.000000
Iteration 53: wall 35.663068s; reaches 0.988142; t2 0.182605; t3 2.702127; k4 31.382815; update 0.049581; evaluation 0.000000
Iteration 54: wall 31.908411s; reaches 0.951279; t2 0.207405; t3 2.575911; k4 27.764080; update 0.053910; evaluation 0.000000
Iteration 55: wall 32.707724s; reaches 0.945571; t2 0.196904; t3 2.623418; k4 28.558367; update 0.050773; evaluation 0.000000
Iteration 56: wall 34.765344s; reaches 0.930681; t2 0.190090; t3 2.599631; k4 30.687937; update 0.042934; evaluation 0.000000
Iteration 57: wall 36.343708s; reaches 1.012738; t2 0.191980; t3 2.688739; k4 32.094147; update 0.049508; evaluation 0.000000
Iteration 58: wall 36.295659s; reaches 0.938681; t2 0.157510; t3 2.595293; k4 32.230654; update 0.053197; evaluation 0.000000
Iteration 59: wall 36.744480s; reaches 0.909311; t2 0.194690; t3 2.614447; k4 32.668078; update 0.047812; evaluation 0.000000
Iteration 60: wall 107.001648s; reaches 0.933575; t2 0.175223; t3 2.568240; k4 31.994046; update 0.054244; evaluation 70.980582
Checkpoint 60: NashConv 0.008440079493; gains [0.0015414074992279592, 0.002151012675844971, 0.0023682238615184426, 0.0008122181195842765, 0.0008037812764199737, 0.0007634360602347817]; 3065.553620s
Iteration 61: wall 35.297292s; reaches 0.888209; t2 0.184416; t3 2.549220; k4 31.336943; update 0.045531; evaluation 0.000000
Iteration 62: wall 39.110588s; reaches 0.984953; t2 0.174902; t3 2.734706; k4 34.857989; update 0.049912; evaluation 0.000000
Iteration 63: wall 39.513435s; reaches 0.973787; t2 0.165551; t3 2.854126; k4 35.129468; update 0.057595; evaluation 0.000000
Iteration 64: wall 38.145258s; reaches 0.910924; t2 0.147342; t3 2.683081; k4 34.068187; update 0.048072; evaluation 0.000000
Iteration 65: wall 36.696964s; reaches 0.885792; t2 0.140517; t3 2.590028; k4 32.746033; update 0.044677; evaluation 0.000000
Iteration 66: wall 37.285199s; reaches 0.867426; t2 0.141937; t3 2.668264; k4 33.262582; update 0.046064; evaluation 0.000000
Iteration 67: wall 37.151956s; reaches 0.960245; t2 0.164796; t3 2.598950; k4 33.055236; update 0.054091; evaluation 0.000000
Iteration 68: wall 39.179307s; reaches 0.992622; t2 0.191292; t3 2.908400; k4 34.667009; update 0.064829; evaluation 0.000000
Iteration 69: wall 46.078487s; reaches 1.275788; t2 0.267727; t3 3.277433; k4 40.691569; update 0.073548; evaluation 0.000000
Iteration 70: wall 39.630025s; reaches 1.072122; t2 0.175765; t3 2.769254; k4 35.184821; update 0.059433; evaluation 0.000000
Iteration 71: wall 36.693587s; reaches 1.069030; t2 0.195009; t3 2.701256; k4 32.297075; update 0.057911; evaluation 0.000000
Iteration 72: wall 37.267345s; reaches 1.041601; t2 0.199284; t3 2.672933; k4 32.925456; update 0.066000; evaluation 0.000000
Iteration 73: wall 37.065373s; reaches 0.960144; t2 0.179483; t3 2.648908; k4 32.828251; update 0.063384; evaluation 0.000000
Iteration 74: wall 41.737985s; reaches 1.197612; t2 0.228294; t3 3.014209; k4 36.787567; update 0.071835; evaluation 0.000000
Iteration 75: wall 37.839120s; reaches 1.119097; t2 0.243721; t3 2.715734; k4 33.288868; update 0.069512; evaluation 0.000000
Iteration 76: wall 39.511043s; reaches 1.092027; t2 0.235815; t3 2.796603; k4 34.908213; update 0.061494; evaluation 0.000000
Iteration 77: wall 46.253169s; reaches 1.556548; t2 0.339937; t3 3.970019; k4 39.778415; update 0.076100; evaluation 0.000000
Iteration 78: wall 42.031597s; reaches 1.378511; t2 0.321505; t3 3.085480; k4 36.628728; update 0.080156; evaluation 0.000000
Iteration 79: wall 38.204113s; reaches 1.244468; t2 0.274576; t3 2.921512; k4 33.240141; update 0.079485; evaluation 0.000000
Iteration 80: wall 125.723928s; reaches 1.123737; t2 0.215636; t3 2.715183; k4 33.869339; update 0.074846; evaluation 87.328469
Checkpoint 80: NashConv 0.004555841603; gains [0.0007861930261324757, 0.0012031947171577684, 0.0012626137997347187, 0.00041950603213181115, 0.00046696286072203663, 0.0004173711672670055]; 3935.985703s
Iteration 81: wall 41.992424s; reaches 1.201283; t2 0.255688; t3 2.850780; k4 37.190664; update 0.068479; evaluation 0.000000
Iteration 82: wall 47.156768s; reaches 1.240022; t2 0.274119; t3 3.314259; k4 41.837190; update 0.071775; evaluation 0.000000
Iteration 83: wall 44.412514s; reaches 1.419180; t2 0.317538; t3 3.143792; k4 38.949690; update 0.077409; evaluation 0.000000
Iteration 84: wall 43.214183s; reaches 1.404253; t2 0.295202; t3 3.065046; k4 37.879248; update 0.073046; evaluation 0.000000
Iteration 85: wall 45.830360s; reaches 1.395035; t2 0.319214; t3 3.245330; k4 40.270789; update 0.079340; evaluation 0.000000
Iteration 86: wall 44.877271s; reaches 1.352076; t2 0.299754; t3 3.158907; k4 39.462897; update 0.079036; evaluation 0.000000
Iteration 87: wall 49.655575s; reaches 1.525039; t2 0.298595; t3 3.239415; k4 44.023910; update 0.074227; evaluation 0.000000
Iteration 88: wall 44.291088s; reaches 1.360751; t2 0.339511; t3 3.054035; k4 38.966426; update 0.077227; evaluation 0.000000
Iteration 89: wall 46.054075s; reaches 1.510405; t2 0.324590; t3 2.991663; k4 40.668732; update 0.075015; evaluation 0.000000
Iteration 90: wall 50.461227s; reaches 1.565751; t2 0.326328; t3 3.281796; k4 44.663742; update 0.074685; evaluation 0.000000
Iteration 91: wall 49.615579s; reaches 1.384427; t2 0.313321; t3 3.045358; k4 44.251423; update 0.074832; evaluation 0.000000
Iteration 92: wall 48.042141s; reaches 1.444062; t2 0.289432; t3 3.127670; k4 42.616031; update 0.076155; evaluation 0.000000
Iteration 93: wall 46.161636s; reaches 1.416189; t2 0.278882; t3 2.970607; k4 40.950681; update 0.070190; evaluation 0.000000
Iteration 94: wall 52.483874s; reaches 1.527121; t2 0.326151; t3 3.410043; k4 46.584814; update 0.073727; evaluation 0.000000
Iteration 95: wall 48.992179s; reaches 1.444948; t2 0.333101; t3 3.206499; k4 43.406745; update 0.077006; evaluation 0.000000
Iteration 96: wall 48.018005s; reaches 1.368394; t2 0.278563; t3 2.913324; k4 42.912562; update 0.071349; evaluation 0.000000
Iteration 97: wall 46.283799s; reaches 1.235463; t2 0.268175; t3 2.863217; k4 41.412212; update 0.068195; evaluation 0.000000
Iteration 98: wall 47.954404s; reaches 1.398361; t2 0.355431; t3 3.268333; k4 42.288870; update 0.080568; evaluation 0.000000
Iteration 99: wall 47.260023s; reaches 1.339250; t2 0.271631; t3 2.803768; k4 42.320259; update 0.067867; evaluation 0.000000
Iteration 100: wall 133.774311s; reaches 1.263244; t2 0.258145; t3 2.817607; k4 42.323912; update 0.082997; evaluation 86.597007
Checkpoint 100: NashConv 0.002930937978; gains [0.0004967364608939873, 0.00077277747037513, 0.0007964411483399048, 0.0002640663556279371, 0.0003127800193349628, 0.0002881365230928967]; 4962.527686s
Iteration 101: wall 49.673628s; reaches 2.030418; t2 0.316529; t3 2.990705; k4 43.604628; update 0.100784; evaluation 0.000000
Iteration 102: wall 51.253849s; reaches 1.366187; t2 0.293343; t3 3.227223; k4 45.817341; update 0.076449; evaluation 0.000000
Iteration 103: wall 48.805605s; reaches 1.434908; t2 0.305562; t3 3.197964; k4 43.298725; update 0.075201; evaluation 0.000000
Iteration 104: wall 47.783422s; reaches 1.345261; t2 0.325842; t3 3.125137; k4 42.362871; update 0.081337; evaluation 0.000000
Iteration 105: wall 46.088625s; reaches 1.322526; t2 0.319621; t3 3.049493; k4 40.829532; update 0.074124; evaluation 0.000000
Iteration 106: wall 45.506534s; reaches 1.179829; t2 0.254691; t3 2.829392; k4 40.725271; update 0.075434; evaluation 0.000000
Iteration 107: wall 37.238472s; reaches 0.934501; t2 0.178963; t3 2.434668; k4 33.314230; update 0.048975; evaluation 0.000000
Iteration 108: wall 39.422013s; reaches 1.253669; t2 0.199316; t3 2.314528; k4 35.255091; update 0.046791; evaluation 0.000000
Iteration 109: wall 36.474938s; reaches 1.005773; t2 0.169100; t3 2.250756; k4 32.662509; update 0.059825; evaluation 0.000000
Iteration 110: wall 36.863901s; reaches 1.049539; t2 0.199810; t3 2.242780; k4 32.947246; update 0.058553; evaluation 0.000000
Iteration 111: wall 34.896890s; reaches 0.969151; t2 0.187545; t3 2.143644; k4 31.200619; update 0.059168; evaluation 0.000000
Iteration 112: wall 38.072796s; reaches 1.051426; t2 0.164938; t3 2.381768; k4 34.097089; update 0.062545; evaluation 0.000000
Iteration 113: wall 41.278060s; reaches 1.265120; t2 0.243668; t3 2.634171; k4 36.624950; update 0.077095; evaluation 0.000000
Iteration 114: wall 44.784996s; reaches 1.687805; t2 0.316299; t3 2.982756; k4 39.154057; update 0.082481; evaluation 0.000000
Iteration 115: wall 42.778996s; reaches 1.424780; t2 0.345762; t3 2.932883; k4 37.441324; update 0.076228; evaluation 0.000000
Iteration 116: wall 42.488463s; reaches 1.283299; t2 0.250781; t3 2.807063; k4 37.640208; update 0.079002; evaluation 0.000000
Iteration 117: wall 49.707692s; reaches 1.515182; t2 0.290921; t3 3.225408; k4 44.094591; update 0.067197; evaluation 0.000000
Iteration 118: wall 54.317914s; reaches 2.021444; t2 0.279910; t3 3.091290; k4 48.292181; update 0.068444; evaluation 0.000000
Iteration 119: wall 46.543231s; reaches 1.347751; t2 0.277401; t3 2.714595; k4 41.683012; update 0.063794; evaluation 0.000000
Iteration 120: wall 124.713162s; reaches 1.139503; t2 0.218689; t3 2.580071; k4 37.357553; update 0.069178; evaluation 82.964416
Checkpoint 120: NashConv 0.002021188810; gains [0.0003249070921299002, 0.0005535706978304078, 0.0005427209784569231, 0.00018502414544879775, 0.0002139742654223148, 0.00020099163084810745]; 5921.249636s
Iteration 121: wall 41.658528s; reaches 1.287794; t2 0.190634; t3 2.369526; k4 37.427241; update 0.048648; evaluation 0.000000
Iteration 122: wall 44.751357s; reaches 1.317343; t2 0.245061; t3 2.555325; k4 40.122170; update 0.069616; evaluation 0.000000
Iteration 123: wall 43.609276s; reaches 1.311578; t2 0.258975; t3 2.756938; k4 38.779741; update 0.073158; evaluation 0.000000
Iteration 124: wall 46.424897s; reaches 1.469783; t2 0.282063; t3 2.760391; k4 41.372144; update 0.078892; evaluation 0.000000
Iteration 125: wall 47.700272s; reaches 1.387586; t2 0.350507; t3 3.096875; k4 42.275735; update 0.078779; evaluation 0.000000
Iteration 126: wall 43.766790s; reaches 1.219211; t2 0.271880; t3 2.666172; k4 39.076654; update 0.064648; evaluation 0.000000
Iteration 127: wall 46.837888s; reaches 1.478916; t2 0.245722; t3 2.602210; k4 42.060390; update 0.063042; evaluation 0.000000
Iteration 128: wall 38.029655s; reaches 1.150469; t2 0.200822; t3 2.096327; k4 34.147210; update 0.057513; evaluation 0.000000
Iteration 129: wall 38.781030s; reaches 1.120305; t2 0.198362; t3 2.110655; k4 34.898198; update 0.062125; evaluation 0.000000
Iteration 130: wall 41.885108s; reaches 1.746091; t2 0.290869; t3 2.533731; k4 36.849227; update 0.065535; evaluation 0.000000
Iteration 131: wall 41.776284s; reaches 1.278453; t2 0.252803; t3 2.484071; k4 37.267018; update 0.073777; evaluation 0.000000
Iteration 132: wall 40.084391s; reaches 1.487540; t2 0.305486; t3 2.571865; k4 35.150057; update 0.067451; evaluation 0.000000
Iteration 133: wall 38.445882s; reaches 1.467227; t2 0.354612; t3 2.350829; k4 33.736974; update 0.080184; evaluation 0.000000
Iteration 134: wall 40.503859s; reaches 1.412253; t2 0.308684; t3 2.550302; k4 35.713436; update 0.065620; evaluation 0.000000
Iteration 135: wall 40.291887s; reaches 1.528796; t2 0.336311; t3 2.576210; k4 35.163469; update 0.078615; evaluation 0.000000
Iteration 136: wall 38.922438s; reaches 1.389621; t2 0.297667; t3 2.461871; k4 34.113447; update 0.074487; evaluation 0.000000
Iteration 137: wall 39.925207s; reaches 1.569997; t2 0.267766; t3 2.362807; k4 35.137779; update 0.059388; evaluation 0.000000
Iteration 138: wall 39.783994s; reaches 1.560101; t2 0.299330; t3 2.540594; k4 34.759225; update 0.067966; evaluation 0.000000
Iteration 139: wall 37.403893s; reaches 1.268293; t2 0.270933; t3 2.441178; k4 32.828010; update 0.077449; evaluation 0.000000
Iteration 140: wall 121.684510s; reaches 1.311014; t2 0.314446; t3 2.419203; k4 31.840406; update 0.096435; evaluation 85.134926
Checkpoint 140: NashConv 0.001480074709; gains [0.00024022281818472657, 0.00040326354554290345, 0.00038811240934844005, 0.00014303450546780672, 0.0001594649196777348, 0.00014597651043668503]; 6833.534130s
Iteration 141: wall 32.983863s; reaches 0.975532; t2 0.170756; t3 2.005709; k4 29.450036; update 0.047805; evaluation 0.000000
Iteration 142: wall 33.617585s; reaches 1.024307; t2 0.167970; t3 2.030779; k4 29.955993; update 0.062360; evaluation 0.000000
Iteration 143: wall 35.721365s; reaches 1.138523; t2 0.268833; t3 2.136279; k4 31.662831; update 0.072355; evaluation 0.000000
Iteration 144: wall 38.646759s; reaches 1.329869; t2 0.255662; t3 2.333946; k4 34.223170; update 0.066637; evaluation 0.000000
Iteration 145: wall 37.759835s; reaches 1.228545; t2 0.230575; t3 2.065032; k4 33.754663; update 0.064094; evaluation 0.000000
Iteration 146: wall 38.095385s; reaches 1.380268; t2 0.277532; t3 2.124170; k4 33.752800; update 0.126322; evaluation 0.000000
Iteration 147: wall 36.002097s; reaches 1.353791; t2 0.320393; t3 2.075086; k4 31.768597; update 0.063808; evaluation 0.000000
Iteration 148: wall 36.532211s; reaches 1.202732; t2 0.229958; t3 2.058802; k4 32.603938; update 0.066812; evaluation 0.000000
Iteration 149: wall 35.285657s; reaches 1.035373; t2 0.154526; t3 1.875243; k4 31.863877; update 0.056035; evaluation 0.000000
Iteration 150: wall 40.755570s; reaches 1.253097; t2 0.223825; t3 2.079052; k4 36.771236; update 0.062206; evaluation 0.000000
Iteration 151: wall 37.836722s; reaches 1.349845; t2 0.267857; t3 1.997179; k4 33.719130; update 0.064521; evaluation 0.000000
Iteration 152: wall 37.387581s; reaches 1.360780; t2 0.283214; t3 2.050357; k4 33.190954; update 0.060895; evaluation 0.000000
Iteration 153: wall 37.631130s; reaches 1.389213; t2 0.260125; t3 2.030677; k4 33.429108; update 0.065038; evaluation 0.000000
Iteration 154: wall 37.236922s; reaches 1.317032; t2 0.271300; t3 2.066245; k4 33.052461; update 0.070776; evaluation 0.000000
Iteration 155: wall 33.079061s; reaches 1.246596; t2 0.253628; t3 2.002379; k4 29.112968; update 0.055588; evaluation 0.000000
Iteration 156: wall 31.587408s; reaches 0.779958; t2 0.128769; t3 1.764974; k4 28.631228; update 0.034236; evaluation 0.000000
Iteration 157: wall 34.696214s; reaches 0.845547; t2 0.132669; t3 1.829239; k4 31.576525; update 0.039354; evaluation 0.000000
Iteration 158: wall 33.511862s; reaches 0.909073; t2 0.146212; t3 1.913888; k4 30.188861; update 0.055964; evaluation 0.000000
Iteration 159: wall 29.880137s; reaches 0.780977; t2 0.125044; t3 1.722414; k4 26.976178; update 0.034874; evaluation 0.000000
Iteration 160: wall 99.611012s; reaches 0.790965; t2 0.123144; t3 1.740559; k4 26.761464; update 0.049480; evaluation 69.876666
Checkpoint 160: NashConv 0.001153270499; gains [0.00017586784692907864, 0.00030354483902395035, 0.0003026787367413075, 0.00011775032845960653, 0.00012777985238647538, 0.00012564889537229618]; 7611.416979s
Iteration 161: wall 31.978776s; reaches 0.829389; t2 0.128582; t3 1.786485; k4 28.937376; update 0.042495; evaluation 0.000000
Iteration 162: wall 35.193422s; reaches 0.892977; t2 0.153004; t3 1.934229; k4 31.850659; update 0.056469; evaluation 0.000000
Iteration 163: wall 33.994052s; reaches 0.920818; t2 0.143487; t3 1.875686; k4 30.718574; update 0.044098; evaluation 0.000000
Iteration 164: wall 35.655954s; reaches 1.119905; t2 0.184067; t3 2.023698; k4 31.935742; update 0.052223; evaluation 0.000000
Iteration 165: wall 36.213822s; reaches 0.895565; t2 0.155124; t3 1.932221; k4 32.887942; update 0.054063; evaluation 0.000000
Iteration 166: wall 38.488178s; reaches 1.198794; t2 0.189968; t3 2.164191; k4 34.542975; update 0.056014; evaluation 0.000000
Iteration 167: wall 33.310300s; reaches 0.883221; t2 0.141130; t3 1.813725; k4 30.147993; update 0.046354; evaluation 0.000000
Iteration 168: wall 33.157910s; reaches 0.930713; t2 0.144717; t3 1.938422; k4 29.828241; update 0.043841; evaluation 0.000000
Iteration 169: wall 39.205363s; reaches 1.161677; t2 0.263957; t3 2.344036; k4 34.910039; update 0.069229; evaluation 0.000000
Iteration 170: wall 36.466642s; reaches 1.114565; t2 0.206188; t3 2.056245; k4 32.644497; update 0.055816; evaluation 0.000000
Iteration 171: wall 34.341175s; reaches 0.897781; t2 0.160641; t3 1.853539; k4 31.068819; update 0.051794; evaluation 0.000000
Iteration 172: wall 36.438383s; reaches 1.008903; t2 0.171226; t3 1.908979; k4 32.950937; update 0.053270; evaluation 0.000000
Iteration 173: wall 35.243100s; reaches 0.937863; t2 0.173412; t3 1.928936; k4 31.831659; update 0.047698; evaluation 0.000000
Iteration 174: wall 34.857015s; reaches 0.996250; t2 0.178368; t3 1.873808; k4 31.419117; update 0.046895; evaluation 0.000000
Iteration 175: wall 35.455705s; reaches 0.893174; t2 0.147865; t3 1.826187; k4 32.253226; update 0.042336; evaluation 0.000000
Iteration 176: wall 37.904443s; reaches 1.213300; t2 0.197481; t3 2.036437; k4 34.062772; update 0.052335; evaluation 0.000000
Iteration 177: wall 34.814161s; reaches 0.898672; t2 0.139423; t3 1.787169; k4 31.664206; update 0.046697; evaluation 0.000000
Iteration 178: wall 34.061907s; reaches 0.889020; t2 0.144257; t3 1.890426; k4 30.790102; update 0.046273; evaluation 0.000000
Iteration 179: wall 34.104368s; reaches 0.889384; t2 0.169353; t3 1.935439; k4 30.778623; update 0.042321; evaluation 0.000000
Iteration 180: wall 109.641128s; reaches 0.935643; t2 0.140800; t3 2.076659; k4 34.606180; update 0.062447; evaluation 71.517040
Checkpoint 180: NashConv 0.000930882872; gains [0.0001499851824694476, 0.00023490632184630655, 0.00023884448662600533, 9.790512969511111e-5, 0.00010619578545466302, 0.0001030459655330801]; 8391.961966s
Iteration 181: wall 34.550076s; reaches 0.856615; t2 0.135970; t3 1.859104; k4 31.372877; update 0.049716; evaluation 0.000000
Iteration 182: wall 34.313737s; reaches 0.894329; t2 0.160151; t3 1.873528; k4 31.055128; update 0.044070; evaluation 0.000000
Iteration 183: wall 34.280414s; reaches 0.860852; t2 0.139314; t3 1.918759; k4 31.033710; update 0.049613; evaluation 0.000000
Iteration 184: wall 34.803090s; reaches 0.863455; t2 0.152491; t3 1.965302; k4 31.478345; update 0.045809; evaluation 0.000000
Iteration 185: wall 34.163394s; reaches 0.820211; t2 0.145289; t3 1.903164; k4 30.973612; update 0.039208; evaluation 0.000000
Iteration 186: wall 34.245084s; reaches 0.831339; t2 0.125650; t3 1.807075; k4 31.187620; update 0.035317; evaluation 0.000000
Iteration 187: wall 35.212743s; reaches 0.781558; t2 0.127347; t3 1.832481; k4 32.167394; update 0.036479; evaluation 0.000000
Iteration 188: wall 35.109524s; reaches 0.794625; t2 0.129157; t3 1.884136; k4 32.004130; update 0.037089; evaluation 0.000000
Iteration 189: wall 37.796048s; reaches 0.945222; t2 0.180059; t3 2.113218; k4 34.149548; update 0.054785; evaluation 0.000000
Iteration 190: wall 34.430885s; reaches 1.037098; t2 0.150816; t3 1.816610; k4 31.064469; update 0.048406; evaluation 0.000000
Iteration 191: wall 33.256942s; reaches 0.834554; t2 0.139647; t3 1.851807; k4 30.091508; update 0.050788; evaluation 0.000000
Iteration 192: wall 35.773675s; reaches 0.944295; t2 0.145525; t3 2.004223; k4 32.353624; update 0.045996; evaluation 0.000000
Iteration 193: wall 35.048301s; reaches 0.877433; t2 0.150958; t3 1.939523; k4 31.744274; update 0.042962; evaluation 0.000000
Iteration 194: wall 37.604994s; reaches 1.043201; t2 0.163855; t3 2.097112; k4 33.952224; update 0.052709; evaluation 0.000000
Iteration 195: wall 34.478204s; reaches 0.879849; t2 0.149083; t3 1.903902; k4 31.194470; update 0.048267; evaluation 0.000000
Iteration 196: wall 33.839004s; reaches 0.856982; t2 0.137797; t3 1.892228; k4 30.634773; update 0.041258; evaluation 0.000000
Iteration 197: wall 36.790501s; reaches 0.965287; t2 0.178366; t3 2.020742; k4 33.208033; update 0.057180; evaluation 0.000000
Iteration 198: wall 41.530251s; reaches 1.177828; t2 0.299345; t3 2.418455; k4 37.064833; update 0.079017; evaluation 0.000000
Iteration 199: wall 37.065566s; reaches 0.920902; t2 0.176831; t3 2.060834; k4 33.503583; update 0.052660; evaluation 0.000000
Iteration 200: wall 109.295395s; reaches 0.829415; t2 0.136587; t3 1.833549; k4 33.332748; update 0.057640; evaluation 72.811549
Checkpoint 200: NashConv 0.000765474587; gains [0.00011876882658284904, 0.0001940374602270034, 0.00020289911878235145, 8.359867317665748e-5, 8.700322607346767e-5, 7.916728260748407e-5]; 9175.577712s
Iterations: 200; reached target: false; solve phases SolveTimings { reaches: 242.5695980999996, t2: 46.76203459999994, t3: 583.2259881000001, k4: 7303.94381689999, update: 12.671895600000019, evaluation: 905.8559325999998 }
