   Compiling libc v0.2.186
   Compiling proc-macro2 v1.0.106
   Compiling quote v1.0.46
   Compiling unicode-ident v1.0.24
   Compiling serde_core v1.0.228
   Compiling serde v1.0.228
   Compiling quickdiv v0.1.1
   Compiling fastrand v2.4.1
   Compiling aya_base v0.1.0
   Compiling miniphf v0.1.0
   Compiling thiserror v2.0.18
   Compiling cfg-if v1.0.4
   Compiling syn v2.0.118
   Compiling crossbeam-utils v0.8.21
   Compiling jobserver v0.1.34
   Compiling aya_codegen v0.1.0
   Compiling shlex v2.0.1
   Compiling find-msvc-tools v0.1.9
   Compiling cc v1.2.65
   Compiling aya_poker v0.1.0
   Compiling zerocopy v0.8.52
   Compiling crossbeam-epoch v0.9.18
   Compiling rayon-core v1.13.0
   Compiling crossbeam-deque v0.8.6
   Compiling getrandom v0.2.17
   Compiling semver v1.0.28
   Compiling rustc_version v0.4.1
   Compiling rand_core v0.6.4
   Compiling serde_derive v1.0.228
   Compiling thiserror-impl v2.0.18
   Compiling pkg-config v0.3.33
   Compiling either v1.16.0
   Compiling scopeguard v1.2.0
   Compiling lock_api v0.4.14
   Compiling rayon v1.12.0
   Compiling ppv-lite86 v0.2.21
   Compiling zstd-sys v2.0.16+zstd.1.5.7
   Compiling rand_chacha v0.3.1
   Compiling heapless v0.7.17
   Compiling cards v0.1.0 (/opt/r1/current/crates/cards)
   Compiling byteorder v1.5.0
   Compiling rand v0.8.6
   Compiling hash32 v0.2.1
   Compiling spin v0.9.8
   Compiling stable_deref_trait v1.2.1
   Compiling cobs v0.3.0
   Compiling getrandom v0.4.3
   Compiling rustix v1.1.4
   Compiling zstd-safe v7.2.4
   Compiling zmij v1.0.21
   Compiling postcard v1.1.3
   Compiling engine v0.1.0 (/opt/r1/current/crates/engine)
   Compiling hand-index v0.1.0 (/opt/r1/current/crates/hand-index)
   Compiling blake3 v1.8.5
   Compiling linux-raw-sys v0.12.1
   Compiling serde_json v1.0.150
   Compiling bitflags v2.13.0
   Compiling utf8parse v0.2.2
   Compiling anstyle-parse v1.0.0
   Compiling arrayref v0.3.9
   Compiling constant_time_eq v0.4.2
   Compiling arrayvec v0.7.8
   Compiling cpufeatures v0.3.0
   Compiling memchr v2.8.2
   Compiling colorchoice v1.0.5
   Compiling once_cell v1.21.4
   Compiling anstyle v1.0.14
   Compiling equivalent v1.0.2
   Compiling is_terminal_polyfill v1.70.2
   Compiling anstyle-query v1.1.5
   Compiling itoa v1.0.18
   Compiling hashbrown v0.17.1
   Compiling indexmap v2.14.0
   Compiling tempfile v3.27.0
   Compiling anstream v1.0.0
   Compiling game v0.1.0 (/opt/r1/current/crates/game)
   Compiling abstraction v0.1.0 (/opt/r1/current/crates/abstraction)
   Compiling serde_spanned v0.6.9
   Compiling toml_datetime v0.6.11
   Compiling strsim v0.11.1
   Compiling clap_lex v1.1.0
   Compiling winnow v0.7.15
   Compiling heck v0.5.0
   Compiling anyhow v1.0.103
   Compiling toml_write v0.1.2
   Compiling rustc-hash v2.1.3
   Compiling clap_derive v4.6.1
   Compiling toml_edit v0.22.27
   Compiling clap_builder v4.6.0
   Compiling preflop v0.1.0 (/opt/r1/current/crates/preflop)
   Compiling clap v4.6.1
   Compiling toml v0.8.23
   Compiling holdem v0.1.0 (/opt/r1/current/crates/holdem)
   Compiling zstd v0.13.3
   Compiling multiway v0.1.0 (/opt/r1/current/crates/multiway)
   Compiling formats v0.1.0 (/opt/r1/current/crates/formats)
   Compiling cli v0.1.0 (/opt/r1/current/crates/cli)
    Finished `release` profile [optimized] target(s) in 2m 01s
