   Compiling libc v0.2.186
   Compiling proc-macro2 v1.0.106
   Compiling quote v1.0.46
   Compiling unicode-ident v1.0.24
   Compiling shlex v2.0.1
   Compiling find-msvc-tools v0.1.9
   Compiling serde_core v1.0.228
   Compiling cfg-if v1.0.4
   Compiling fastrand v2.4.1
   Compiling quickdiv v0.1.1
   Compiling syn v2.0.118
   Compiling crossbeam-utils v0.8.21
   Compiling miniphf v0.1.0
   Compiling aya_base v0.1.0
   Compiling jobserver v0.1.34
   Compiling cc v1.2.65
   Compiling thiserror v2.0.18
   Compiling pkg-config v0.3.33
   Compiling serde v1.0.228
   Compiling zerocopy v0.8.52
   Compiling aya_codegen v0.1.0
   Compiling zstd-sys v2.0.16+zstd.1.5.7
   Compiling semver v1.0.28
   Compiling thiserror-impl v2.0.18
   Compiling serde_derive v1.0.228
   Compiling crossbeam-epoch v0.9.18
   Compiling rustc_version v0.4.1
   Compiling aya_poker v0.1.0
   Compiling getrandom v0.2.17
   Compiling rayon-core v1.13.0
   Compiling scopeguard v1.2.0
   Compiling lock_api v0.4.14
   Compiling rand_core v0.6.4
   Compiling crossbeam-deque v0.8.6
   Compiling heapless v0.7.17
   Compiling zmij v1.0.21
   Compiling getrandom v0.4.3
   Compiling byteorder v1.5.0
   Compiling zstd-safe v7.2.4
   Compiling ppv-lite86 v0.2.21
   Compiling rustix v1.1.4
   Compiling rand_chacha v0.3.1
   Compiling hash32 v0.2.1
   Compiling spin v0.9.8
   Compiling blake3 v1.8.5
   Compiling serde_json v1.0.150
   Compiling bitflags v2.13.0
   Compiling either v1.16.0
   Compiling linux-raw-sys v0.12.1
   Compiling stable_deref_trait v1.2.1
   Compiling rayon v1.12.0
   Compiling cards v0.1.0 (/opt/r1/baseline-codec/crates/cards)
   Compiling rand v0.8.6
   Compiling cobs v0.3.0
   Compiling cpufeatures v0.3.0
   Compiling itoa v1.0.18
   Compiling arrayref v0.3.9
   Compiling arrayvec v0.7.8
   Compiling once_cell v1.21.4
   Compiling constant_time_eq v0.4.2
   Compiling memchr v2.8.2
   Compiling tempfile v3.27.0
   Compiling engine v0.1.0 (/opt/r1/baseline-codec/crates/engine)
   Compiling postcard v1.1.3
   Compiling zstd v0.13.3
   Compiling formats v0.1.0 (/opt/r1/baseline-codec/crates/formats)
    Finished `release` profile [optimized] target(s) in 32.66s
