[
  {
    "history": "",
    "street": "turn",
    "actor": "oop",
    "pot": 20,
    "actions": [
      "check",
      "bet 10"
    ],
    "stored": true
  },
  {
    "history": "x",
    "street": "turn",
    "actor": "ip",
    "pot": 20,
    "actions": [
      "check",
      "bet 10"
    ],
    "stored": true
  },
  {
    "history": "r10",
    "street": "turn",
    "actor": "ip",
    "pot": 30,
    "actions": [
      "fold",
      "call"
    ],
    "stored": true
  },
  {
    "history": "xr10",
    "street": "turn",
    "actor": "oop",
    "pot": 30,
    "actions": [
      "fold",
      "call"
    ],
    "stored": true
  },
  {
    "history": "xx[2d]",
    "street": "river",
    "actor": "oop",
    "pot": 20,
    "actions": [
      "check",
      "bet 10"
    ],
    "stored": true
  },
  {
    "history": "xx[2h]",
    "street": "river",
    "actor": "oop",
    "pot": 20,
    "actions": [
      "check",
      "bet 10"
    ],
    "stored": true
  },
  {
    "history": "xx[2s]",
    "street": "river",
    "actor": "oop",
    "pot": 20,
    "actions": [
      "check",
      "bet 10"
    ],
    "stored": true
  },
  {
    "history": "xx[3c]",
    "street": "river",
    "actor": "oop",
    "pot": 20,
    "actions": [
      "check",
      "bet 10"
    ],
    "stored": true
  },
  {
    "history": "xx[3d]",
    "street": "river",
    "actor": "oop",
    "pot": 20,
    "actions": [
      "check",
      "bet 10"
    ],
    "stored": true
  },
  {
    "history": "xx[3h]",
    "street": "river",
    "actor": "oop",
    "pot": 20,
    "actions": [
      "check",
      "bet 10"
    ],
    "stored": true
  },
  {
    "history": "xx[3s]",
    "street": "river",
    "actor": "oop",
    "pot": 20,
    "actions": [
      "check",
      "bet 10"
    ],
    "stored": true
  },
  {
    "history": "xx[4c]",
    "street": "river",
    "actor": "oop",
    "pot": 20,
    "actions": [
      "check",
      "bet 10"
    ],
    "stored": true
  },
  {
    "history": "xx[4d]",
    "street": "river",
    "actor": "oop",
    "pot": 20,
    "actions": [
      "check",
      "bet 10"
    ],
    "stored": true
  },
  {
    "history": "xx[4h]",
    "street": "river",
    "actor": "oop",
    "pot": 20,
    "actions": [
      "check",
      "bet 10"
    ],
    "stored": true
  },
  {
    "history": "xx[4s]",
    "street": "river",
    "actor": "oop",
    "pot": 20,
    "actions": [
      "check",
      "bet 10"
    ],
    "stored": true
  },
  {
    "history": "xx[5c]",
    "street": "river",
    "actor": "oop",
    "pot": 20,
    "actions": [
      "check",
      "bet 10"
    ],
    "stored": true
  },
  {
    "history": "xx[5d]",
    "street": "river",
    "actor": "oop",
    "pot": 20,
    "actions": [
      "check",
      "bet 10"
    ],
    "stored": true
  },
  {
    "history": "xx[5h]",
    "street": "river",
    "actor": "oop",
    "pot": 20,
    "actions": [
      "check",
      "bet 10"
    ],
    "stored": true
  },
  {
    "history": "xx[5s]",
    "street": "river",
    "actor": "oop",
    "pot": 20,
    "actions": [
      "check",
      "bet 10"
    ],
    "stored": true
  },
  {
    "history": "xx[6c]",
    "street": "river",
    "actor": "oop",
    "pot": 20,
    "actions": [
      "check",
      "bet 10"
    ],
    "stored": true
  },
  {
    "history": "xx[6d]",
    "street": "river",
    "actor": "oop",
    "pot": 20,
    "actions": [
      "check",
      "bet 10"
    ],
    "stored": true
  },
  {
    "history": "xx[6h]",
    "street": "river",
    "actor": "oop",
    "pot": 20,
    "actions": [
      "check",
      "bet 10"
    ],
    "stored": true
  },
  {
    "history": "xx[6s]",
    "street": "river",
    "actor": "oop",
    "pot": 20,
    "actions": [
      "check",
      "bet 10"
    ],
    "stored": true
  },
  {
    "history": "xx[7c]",
    "street": "river",
    "actor": "oop",
    "pot": 20,
    "actions": [
      "check",
      "bet 10"
    ],
    "stored": true
  },
  {
    "history": "xx[7h]",
    "street": "river",
    "actor": "oop",
    "pot": 20,
    "actions": [
      "check",
      "bet 10"
    ],
    "stored": true
  },
  {
    "history": "xx[7s]",
    "street": "river",
    "actor": "oop",
    "pot": 20,
    "actions": [
      "check",
      "bet 10"
    ],
    "stored": true
  },
  {
    "history": "xx[8c]",
    "street": "river",
    "actor": "oop",
    "pot": 20,
    "actions": [
      "check",
      "bet 10"
    ],
    "stored": true
  },
  {
    "history": "xx[8d]",
    "street": "river",
    "actor": "oop",
    "pot": 20,
    "actions": [
      "check",
      "bet 10"
    ],
    "stored": true
  },
  {
    "history": "xx[8h]",
    "street": "river",
    "actor": "oop",
    "pot": 20,
    "actions": [
      "check",
      "bet 10"
    ],
    "stored": true
  },
  {
    "history": "xx[8s]",
    "street": "river",
    "actor": "oop",
    "pot": 20,
    "actions": [
      "check",
      "bet 10"
    ],
    "stored": true
  },
  {
    "history": "xx[9c]",
    "street": "river",
    "actor": "oop",
    "pot": 20,
    "actions": [
      "check",
      "bet 10"
    ],
    "stored": true
  },
  {
    "history": "xx[9d]",
    "street": "river",
    "actor": "oop",
    "pot": 20,
    "actions": [
      "check",
      "bet 10"
    ],
    "stored": true
  },
  {
    "history": "xx[9s]",
    "street": "river",
    "actor": "oop",
    "pot": 20,
    "actions": [
      "check",
      "bet 10"
    ],
    "stored": true
  },
  {
    "history": "xx[Tc]",
    "street": "river",
    "actor": "oop",
    "pot": 20,
    "actions": [
      "check",
      "bet 10"
    ],
    "stored": true
  },
  {
    "history": "xx[Td]",
    "street": "river",
    "actor": "oop",
    "pot": 20,
    "actions": [
      "check",
      "bet 10"
    ],
    "stored": true
  },
  {
    "history": "xx[Th]",
    "street": "river",
    "actor": "oop",
    "pot": 20,
    "actions": [
      "check",
      "bet 10"
    ],
    "stored": true
  },
  {
    "history": "xx[Ts]",
    "street": "river",
    "actor": "oop",
    "pot": 20,
    "actions": [
      "check",
      "bet 10"
    ],
    "stored": true
  },
  {
    "history": "xx[Jc]",
    "street": "river",
    "actor": "oop",
    "pot": 20,
    "actions": [
      "check",
      "bet 10"
    ],
    "stored": true
  },
  {
    "history": "xx[Jd]",
    "street": "river",
    "actor": "oop",
    "pot": 20,
    "actions": [
      "check",
      "bet 10"
    ],
    "stored": true
  },
  {
    "history": "xx[Jh]",
    "street": "river",
    "actor": "oop",
    "pot": 20,
    "actions": [
      "check",
      "bet 10"
    ],
    "stored": true
  },
  {
    "history": "xx[Qc]",
    "street": "river",
    "actor": "oop",
    "pot": 20,
    "actions": [
      "check",
      "bet 10"
    ],
    "stored": true
  },
  {
    "history": "xx[Qd]",
    "street": "river",
    "actor": "oop",
    "pot": 20,
    "actions": [
      "check",
      "bet 10"
    ],
    "stored": true
  },
  {
    "history": "xx[Qh]",
    "street": "river",
    "actor": "oop",
    "pot": 20,
    "actions": [
      "check",
      "bet 10"
    ],
    "stored": true
  },
  {
    "history": "xx[Qs]",
    "street": "river",
    "actor": "oop",
    "pot": 20,
    "actions": [
      "check",
      "bet 10"
    ],
    "stored": true
  },
  {
    "history": "xx[Kc]",
    "street": "river",
    "actor": "oop",
    "pot": 20,
    "actions": [
      "check",
      "bet 10"
    ],
    "stored": true
  },
  {
    "history": "xx[Kd]",
    "street": "river",
    "actor": "oop",
    "pot": 20,
    "actions": [
      "check",
      "bet 10"
    ],
    "stored": true
  },
  {
    "history": "xx[Kh]",
    "street": "river",
    "actor": "oop",
    "pot": 20,
    "actions": [
      "check",
      "bet 10"
    ],
    "stored": true
  },
  {
    "history": "xx[Ks]",
    "street": "river",
    "actor": "oop",
    "pot": 20,
    "actions": [
      "check",
      "bet 10"
    ],
    "stored": true
  },
  {
    "history": "xx[Ac]",
    "street": "river",
    "actor": "oop",
    "pot": 20,
    "actions": [
      "check",
      "bet 10"
    ],
    "stored": true
  },
  {
    "history": "xx[Ad]",
    "street": "river",
    "actor": "oop",
    "pot": 20,
    "actions": [
      "check",
      "bet 10"
    ],
    "stored": true
  },
  {
    "history": "xx[Ah]",
    "street": "river",
    "actor": "oop",
    "pot": 20,
    "actions": [
      "check",
      "bet 10"
    ],
    "stored": true
  },
  {
    "history": "xx[As]",
    "street": "river",
    "actor": "oop",
    "pot": 20,
    "actions": [
      "check",
      "bet 10"
    ],
    "stored": true
  },
  {
    "history": "xx[2d]x",
    "street": "river",
    "actor": "ip",
    "pot": 20,
    "actions": [
      "check",
      "bet 10"
    ],
    "stored": true
  },
  {
    "history": "xx[2d]r10",
    "street": "river",
    "actor": "ip",
    "pot": 30,
    "actions": [
      "fold",
      "call"
    ],
    "stored": true
  },
  {
    "history": "xx[2d]xr10",
    "street": "river",
    "actor": "oop",
    "pot": 30,
    "actions": [
      "fold",
      "call"
    ],
    "stored": true
  },
  {
    "history": "xx[2h]x",
    "street": "river",
    "actor": "ip",
    "pot": 20,
    "actions": [
      "check",
      "bet 10"
    ],
    "stored": true
  },
  {
    "history": "xx[2h]r10",
    "street": "river",
    "actor": "ip",
    "pot": 30,
    "actions": [
      "fold",
      "call"
    ],
    "stored": true
  },
  {
    "history": "xx[2h]xr10",
    "street": "river",
    "actor": "oop",
    "pot": 30,
    "actions": [
      "fold",
      "call"
    ],
    "stored": true
  },
  {
    "history": "xx[2s]x",
    "street": "river",
    "actor": "ip",
    "pot": 20,
    "actions": [
      "check",
      "bet 10"
    ],
    "stored": true
  },
  {
    "history": "xx[2s]r10",
    "street": "river",
    "actor": "ip",
    "pot": 30,
    "actions": [
      "fold",
      "call"
    ],
    "stored": true
  },
  {
    "history": "xx[2s]xr10",
    "street": "river",
    "actor": "oop",
    "pot": 30,
    "actions": [
      "fold",
      "call"
    ],
    "stored": true
  },
  {
    "history": "xx[3c]x",
    "street": "river",
    "actor": "ip",
    "pot": 20,
    "actions": [
      "check",
      "bet 10"
    ],
    "stored": true
  },
  {
    "history": "xx[3c]r10",
    "street": "river",
    "actor": "ip",
    "pot": 30,
    "actions": [
      "fold",
      "call"
    ],
    "stored": true
  },
  {
    "history": "xx[3c]xr10",
    "street": "river",
    "actor": "oop",
    "pot": 30,
    "actions": [
      "fold",
      "call"
    ],
    "stored": true
  },
  {
    "history": "xx[3d]x",
    "street": "river",
    "actor": "ip",
    "pot": 20,
    "actions": [
      "check",
      "bet 10"
    ],
    "stored": true
  },
  {
    "history": "xx[3d]r10",
    "street": "river",
    "actor": "ip",
    "pot": 30,
    "actions": [
      "fold",
      "call"
    ],
    "stored": true
  },
  {
    "history": "xx[3d]xr10",
    "street": "river",
    "actor": "oop",
    "pot": 30,
    "actions": [
      "fold",
      "call"
    ],
    "stored": true
  },
  {
    "history": "xx[3h]x",
    "street": "river",
    "actor": "ip",
    "pot": 20,
    "actions": [
      "check",
      "bet 10"
    ],
    "stored": true
  },
  {
    "history": "xx[3h]r10",
    "street": "river",
    "actor": "ip",
    "pot": 30,
    "actions": [
      "fold",
      "call"
    ],
    "stored": true
  },
  {
    "history": "xx[3h]xr10",
    "street": "river",
    "actor": "oop",
    "pot": 30,
    "actions": [
      "fold",
      "call"
    ],
    "stored": true
  },
  {
    "history": "xx[3s]x",
    "street": "river",
    "actor": "ip",
    "pot": 20,
    "actions": [
      "check",
      "bet 10"
    ],
    "stored": true
  },
  {
    "history": "xx[3s]r10",
    "street": "river",
    "actor": "ip",
    "pot": 30,
    "actions": [
      "fold",
      "call"
    ],
    "stored": true
  },
  {
    "history": "xx[3s]xr10",
    "street": "river",
    "actor": "oop",
    "pot": 30,
    "actions": [
      "fold",
      "call"
    ],
    "stored": true
  },
  {
    "history": "xx[4c]x",
    "street": "river",
    "actor": "ip",
    "pot": 20,
    "actions": [
      "check",
      "bet 10"
    ],
    "stored": true
  },
  {
    "history": "xx[4c]r10",
    "street": "river",
    "actor": "ip",
    "pot": 30,
    "actions": [
      "fold",
      "call"
    ],
    "stored": true
  },
  {
    "history": "xx[4c]xr10",
    "street": "river",
    "actor": "oop",
    "pot": 30,
    "actions": [
      "fold",
      "call"
    ],
    "stored": true
  },
  {
    "history": "xx[4d]x",
    "street": "river",
    "actor": "ip",
    "pot": 20,
    "actions": [
      "check",
      "bet 10"
    ],
    "stored": true
  },
  {
    "history": "xx[4d]r10",
    "street": "river",
    "actor": "ip",
    "pot": 30,
    "actions": [
      "fold",
      "call"
    ],
    "stored": true
  },
  {
    "history": "xx[4d]xr10",
    "street": "river",
    "actor": "oop",
    "pot": 30,
    "actions": [
      "fold",
      "call"
    ],
    "stored": true
  },
  {
    "history": "xx[4h]x",
    "street": "river",
    "actor": "ip",
    "pot": 20,
    "actions": [
      "check",
      "bet 10"
    ],
    "stored": true
  },
  {
    "history": "xx[4h]r10",
    "street": "river",
    "actor": "ip",
    "pot": 30,
    "actions": [
      "fold",
      "call"
    ],
    "stored": true
  },
  {
    "history": "xx[4h]xr10",
    "street": "river",
    "actor": "oop",
    "pot": 30,
    "actions": [
      "fold",
      "call"
    ],
    "stored": true
  },
  {
    "history": "xx[4s]x",
    "street": "river",
    "actor": "ip",
    "pot": 20,
    "actions": [
      "check",
      "bet 10"
    ],
    "stored": true
  },
  {
    "history": "xx[4s]r10",
    "street": "river",
    "actor": "ip",
    "pot": 30,
    "actions": [
      "fold",
      "call"
    ],
    "stored": true
  },
  {
    "history": "xx[4s]xr10",
    "street": "river",
    "actor": "oop",
    "pot": 30,
    "actions": [
      "fold",
      "call"
    ],
    "stored": true
  },
  {
    "history": "xx[5c]x",
    "street": "river",
    "actor": "ip",
    "pot": 20,
    "actions": [
      "check",
      "bet 10"
    ],
    "stored": true
  },
  {
    "history": "xx[5c]r10",
    "street": "river",
    "actor": "ip",
    "pot": 30,
    "actions": [
      "fold",
      "call"
    ],
    "stored": true
  },
  {
    "history": "xx[5c]xr10",
    "street": "river",
    "actor": "oop",
    "pot": 30,
    "actions": [
      "fold",
      "call"
    ],
    "stored": true
  },
  {
    "history": "xx[5d]x",
    "street": "river",
    "actor": "ip",
    "pot": 20,
    "actions": [
      "check",
      "bet 10"
    ],
    "stored": true
  },
  {
    "history": "xx[5d]r10",
    "street": "river",
    "actor": "ip",
    "pot": 30,
    "actions": [
      "fold",
      "call"
    ],
    "stored": true
  },
  {
    "history": "xx[5d]xr10",
    "street": "river",
    "actor": "oop",
    "pot": 30,
    "actions": [
      "fold",
      "call"
    ],
    "stored": true
  },
  {
    "history": "xx[5h]x",
    "street": "river",
    "actor": "ip",
    "pot": 20,
    "actions": [
      "check",
      "bet 10"
    ],
    "stored": true
  },
  {
    "history": "xx[5h]r10",
    "street": "river",
    "actor": "ip",
    "pot": 30,
    "actions": [
      "fold",
      "call"
    ],
    "stored": true
  },
  {
    "history": "xx[5h]xr10",
    "street": "river",
    "actor": "oop",
    "pot": 30,
    "actions": [
      "fold",
      "call"
    ],
    "stored": true
  },
  {
    "history": "xx[5s]x",
    "street": "river",
    "actor": "ip",
    "pot": 20,
    "actions": [
      "check",
      "bet 10"
    ],
    "stored": true
  },
  {
    "history": "xx[5s]r10",
    "street": "river",
    "actor": "ip",
    "pot": 30,
    "actions": [
      "fold",
      "call"
    ],
    "stored": true
  },
  {
    "history": "xx[5s]xr10",
    "street": "river",
    "actor": "oop",
    "pot": 30,
    "actions": [
      "fold",
      "call"
    ],
    "stored": true
  },
  {
    "history": "xx[6c]x",
    "street": "river",
    "actor": "ip",
    "pot": 20,
    "actions": [
      "check",
      "bet 10"
    ],
    "stored": true
  },
  {
    "history": "xx[6c]r10",
    "street": "river",
    "actor": "ip",
    "pot": 30,
    "actions": [
      "fold",
      "call"
    ],
    "stored": true
  },
  {
    "history": "xx[6c]xr10",
    "street": "river",
    "actor": "oop",
    "pot": 30,
    "actions": [
      "fold",
      "call"
    ],
    "stored": true
  },
  {
    "history": "xx[6d]x",
    "street": "river",
    "actor": "ip",
    "pot": 20,
    "actions": [
      "check",
      "bet 10"
    ],
    "stored": true
  },
  {
    "history": "xx[6d]r10",
    "street": "river",
    "actor": "ip",
    "pot": 30,
    "actions": [
      "fold",
      "call"
    ],
    "stored": true
  },
  {
    "history": "xx[6d]xr10",
    "street": "river",
    "actor": "oop",
    "pot": 30,
    "actions": [
      "fold",
      "call"
    ],
    "stored": true
  },
  {
    "history": "xx[6h]x",
    "street": "river",
    "actor": "ip",
    "pot": 20,
    "actions": [
      "check",
      "bet 10"
    ],
    "stored": true
  },
  {
    "history": "xx[6h]r10",
    "street": "river",
    "actor": "ip",
    "pot": 30,
    "actions": [
      "fold",
      "call"
    ],
    "stored": true
  },
  {
    "history": "xx[6h]xr10",
    "street": "river",
    "actor": "oop",
    "pot": 30,
    "actions": [
      "fold",
      "call"
    ],
    "stored": true
  },
  {
    "history": "xx[6s]x",
    "street": "river",
    "actor": "ip",
    "pot": 20,
    "actions": [
      "check",
      "bet 10"
    ],
    "stored": true
  },
  {
    "history": "xx[6s]r10",
    "street": "river",
    "actor": "ip",
    "pot": 30,
    "actions": [
      "fold",
      "call"
    ],
    "stored": true
  },
  {
    "history": "xx[6s]xr10",
    "street": "river",
    "actor": "oop",
    "pot": 30,
    "actions": [
      "fold",
      "call"
    ],
    "stored": true
  },
  {
    "history": "xx[7c]x",
    "street": "river",
    "actor": "ip",
    "pot": 20,
    "actions": [
      "check",
      "bet 10"
    ],
    "stored": true
  },
  {
    "history": "xx[7c]r10",
    "street": "river",
    "actor": "ip",
    "pot": 30,
    "actions": [
      "fold",
      "call"
    ],
    "stored": true
  },
  {
    "history": "xx[7c]xr10",
    "street": "river",
    "actor": "oop",
    "pot": 30,
    "actions": [
      "fold",
      "call"
    ],
    "stored": true
  },
  {
    "history": "xx[7h]x",
    "street": "river",
    "actor": "ip",
    "pot": 20,
    "actions": [
      "check",
      "bet 10"
    ],
    "stored": true
  },
  {
    "history": "xx[7h]r10",
    "street": "river",
    "actor": "ip",
    "pot": 30,
    "actions": [
      "fold",
      "call"
    ],
    "stored": true
  },
  {
    "history": "xx[7h]xr10",
    "street": "river",
    "actor": "oop",
    "pot": 30,
    "actions": [
      "fold",
      "call"
    ],
    "stored": true
  },
  {
    "history": "xx[7s]x",
    "street": "river",
    "actor": "ip",
    "pot": 20,
    "actions": [
      "check",
      "bet 10"
    ],
    "stored": true
  },
  {
    "history": "xx[7s]r10",
    "street": "river",
    "actor": "ip",
    "pot": 30,
    "actions": [
      "fold",
      "call"
    ],
    "stored": true
  },
  {
    "history": "xx[7s]xr10",
    "street": "river",
    "actor": "oop",
    "pot": 30,
    "actions": [
      "fold",
      "call"
    ],
    "stored": true
  },
  {
    "history": "xx[8c]x",
    "street": "river",
    "actor": "ip",
    "pot": 20,
    "actions": [
      "check",
      "bet 10"
    ],
    "stored": true
  },
  {
    "history": "xx[8c]r10",
    "street": "river",
    "actor": "ip",
    "pot": 30,
    "actions": [
      "fold",
      "call"
    ],
    "stored": true
  },
  {
    "history": "xx[8c]xr10",
    "street": "river",
    "actor": "oop",
    "pot": 30,
    "actions": [
      "fold",
      "call"
    ],
    "stored": true
  },
  {
    "history": "xx[8d]x",
    "street": "river",
    "actor": "ip",
    "pot": 20,
    "actions": [
      "check",
      "bet 10"
    ],
    "stored": true
  },
  {
    "history": "xx[8d]r10",
    "street": "river",
    "actor": "ip",
    "pot": 30,
    "actions": [
      "fold",
      "call"
    ],
    "stored": true
  },
  {
    "history": "xx[8d]xr10",
    "street": "river",
    "actor": "oop",
    "pot": 30,
    "actions": [
      "fold",
      "call"
    ],
    "stored": true
  },
  {
    "history": "xx[8h]x",
    "street": "river",
    "actor": "ip",
    "pot": 20,
    "actions": [
      "check",
      "bet 10"
    ],
    "stored": true
  },
  {
    "history": "xx[8h]r10",
    "street": "river",
    "actor": "ip",
    "pot": 30,
    "actions": [
      "fold",
      "call"
    ],
    "stored": true
  },
  {
    "history": "xx[8h]xr10",
    "street": "river",
    "actor": "oop",
    "pot": 30,
    "actions": [
      "fold",
      "call"
    ],
    "stored": true
  },
  {
    "history": "xx[8s]x",
    "street": "river",
    "actor": "ip",
    "pot": 20,
    "actions": [
      "check",
      "bet 10"
    ],
    "stored": true
  },
  {
    "history": "xx[8s]r10",
    "street": "river",
    "actor": "ip",
    "pot": 30,
    "actions": [
      "fold",
      "call"
    ],
    "stored": true
  },
  {
    "history": "xx[8s]xr10",
    "street": "river",
    "actor": "oop",
    "pot": 30,
    "actions": [
      "fold",
      "call"
    ],
    "stored": true
  },
  {
    "history": "xx[9c]x",
    "street": "river",
    "actor": "ip",
    "pot": 20,
    "actions": [
      "check",
      "bet 10"
    ],
    "stored": true
  },
  {
    "history": "xx[9c]r10",
    "street": "river",
    "actor": "ip",
    "pot": 30,
    "actions": [
      "fold",
      "call"
    ],
    "stored": true
  },
  {
    "history": "xx[9c]xr10",
    "street": "river",
    "actor": "oop",
    "pot": 30,
    "actions": [
      "fold",
      "call"
    ],
    "stored": true
  },
  {
    "history": "xx[9d]x",
    "street": "river",
    "actor": "ip",
    "pot": 20,
    "actions": [
      "check",
      "bet 10"
    ],
    "stored": true
  },
  {
    "history": "xx[9d]r10",
    "street": "river",
    "actor": "ip",
    "pot": 30,
    "actions": [
      "fold",
      "call"
    ],
    "stored": true
  },
  {
    "history": "xx[9d]xr10",
    "street": "river",
    "actor": "oop",
    "pot": 30,
    "actions": [
      "fold",
      "call"
    ],
    "stored": true
  },
  {
    "history": "xx[9s]x",
    "street": "river",
    "actor": "ip",
    "pot": 20,
    "actions": [
      "check",
      "bet 10"
    ],
    "stored": true
  },
  {
    "history": "xx[9s]r10",
    "street": "river",
    "actor": "ip",
    "pot": 30,
    "actions": [
      "fold",
      "call"
    ],
    "stored": true
  },
  {
    "history": "xx[9s]xr10",
    "street": "river",
    "actor": "oop",
    "pot": 30,
    "actions": [
      "fold",
      "call"
    ],
    "stored": true
  },
  {
    "history": "xx[Tc]x",
    "street": "river",
    "actor": "ip",
    "pot": 20,
    "actions": [
      "check",
      "bet 10"
    ],
    "stored": true
  },
  {
    "history": "xx[Tc]r10",
    "street": "river",
    "actor": "ip",
    "pot": 30,
    "actions": [
      "fold",
      "call"
    ],
    "stored": true
  },
  {
    "history": "xx[Tc]xr10",
    "street": "river",
    "actor": "oop",
    "pot": 30,
    "actions": [
      "fold",
      "call"
    ],
    "stored": true
  },
  {
    "history": "xx[Td]x",
    "street": "river",
    "actor": "ip",
    "pot": 20,
    "actions": [
      "check",
      "bet 10"
    ],
    "stored": true
  },
  {
    "history": "xx[Td]r10",
    "street": "river",
    "actor": "ip",
    "pot": 30,
    "actions": [
      "fold",
      "call"
    ],
    "stored": true
  },
  {
    "history": "xx[Td]xr10",
    "street": "river",
    "actor": "oop",
    "pot": 30,
    "actions": [
      "fold",
      "call"
    ],
    "stored": true
  },
  {
    "history": "xx[Th]x",
    "street": "river",
    "actor": "ip",
    "pot": 20,
    "actions": [
      "check",
      "bet 10"
    ],
    "stored": true
  },
  {
    "history": "xx[Th]r10",
    "street": "river",
    "actor": "ip",
    "pot": 30,
    "actions": [
      "fold",
      "call"
    ],
    "stored": true
  },
  {
    "history": "xx[Th]xr10",
    "street": "river",
    "actor": "oop",
    "pot": 30,
    "actions": [
      "fold",
      "call"
    ],
    "stored": true
  },
  {
    "history": "xx[Ts]x",
    "street": "river",
    "actor": "ip",
    "pot": 20,
    "actions": [
      "check",
      "bet 10"
    ],
    "stored": true
  },
  {
    "history": "xx[Ts]r10",
    "street": "river",
    "actor": "ip",
    "pot": 30,
    "actions": [
      "fold",
      "call"
    ],
    "stored": true
  },
  {
    "history": "xx[Ts]xr10",
    "street": "river",
    "actor": "oop",
    "pot": 30,
    "actions": [
      "fold",
      "call"
    ],
    "stored": true
  },
  {
    "history": "xx[Jc]x",
    "street": "river",
    "actor": "ip",
    "pot": 20,
    "actions": [
      "check",
      "bet 10"
    ],
    "stored": true
  },
  {
    "history": "xx[Jc]r10",
    "street": "river",
    "actor": "ip",
    "pot": 30,
    "actions": [
      "fold",
      "call"
    ],
    "stored": true
  },
  {
    "history": "xx[Jc]xr10",
    "street": "river",
    "actor": "oop",
    "pot": 30,
    "actions": [
      "fold",
      "call"
    ],
    "stored": true
  },
  {
    "history": "xx[Jd]x",
    "street": "river",
    "actor": "ip",
    "pot": 20,
    "actions": [
      "check",
      "bet 10"
    ],
    "stored": true
  },
  {
    "history": "xx[Jd]r10",
    "street": "river",
    "actor": "ip",
    "pot": 30,
    "actions": [
      "fold",
      "call"
    ],
    "stored": true
  },
  {
    "history": "xx[Jd]xr10",
    "street": "river",
    "actor": "oop",
    "pot": 30,
    "actions": [
      "fold",
      "call"
    ],
    "stored": true
  },
  {
    "history": "xx[Jh]x",
    "street": "river",
    "actor": "ip",
    "pot": 20,
    "actions": [
      "check",
      "bet 10"
    ],
    "stored": true
  },
  {
    "history": "xx[Jh]r10",
    "street": "river",
    "actor": "ip",
    "pot": 30,
    "actions": [
      "fold",
      "call"
    ],
    "stored": true
  },
  {
    "history": "xx[Jh]xr10",
    "street": "river",
    "actor": "oop",
    "pot": 30,
    "actions": [
      "fold",
      "call"
    ],
    "stored": true
  },
  {
    "history": "xx[Qc]x",
    "street": "river",
    "actor": "ip",
    "pot": 20,
    "actions": [
      "check",
      "bet 10"
    ],
    "stored": true
  },
  {
    "history": "xx[Qc]r10",
    "street": "river",
    "actor": "ip",
    "pot": 30,
    "actions": [
      "fold",
      "call"
    ],
    "stored": true
  },
  {
    "history": "xx[Qc]xr10",
    "street": "river",
    "actor": "oop",
    "pot": 30,
    "actions": [
      "fold",
      "call"
    ],
    "stored": true
  },
  {
    "history": "xx[Qd]x",
    "street": "river",
    "actor": "ip",
    "pot": 20,
    "actions": [
      "check",
      "bet 10"
    ],
    "stored": true
  },
  {
    "history": "xx[Qd]r10",
    "street": "river",
    "actor": "ip",
    "pot": 30,
    "actions": [
      "fold",
      "call"
    ],
    "stored": true
  },
  {
    "history": "xx[Qd]xr10",
    "street": "river",
    "actor": "oop",
    "pot": 30,
    "actions": [
      "fold",
      "call"
    ],
    "stored": true
  },
  {
    "history": "xx[Qh]x",
    "street": "river",
    "actor": "ip",
    "pot": 20,
    "actions": [
      "check",
      "bet 10"
    ],
    "stored": true
  },
  {
    "history": "xx[Qh]r10",
    "street": "river",
    "actor": "ip",
    "pot": 30,
    "actions": [
      "fold",
      "call"
    ],
    "stored": true
  },
  {
    "history": "xx[Qh]xr10",
    "street": "river",
    "actor": "oop",
    "pot": 30,
    "actions": [
      "fold",
      "call"
    ],
    "stored": true
  },
  {
    "history": "xx[Qs]x",
    "street": "river",
    "actor": "ip",
    "pot": 20,
    "actions": [
      "check",
      "bet 10"
    ],
    "stored": true
  },
  {
    "history": "xx[Qs]r10",
    "street": "river",
    "actor": "ip",
    "pot": 30,
    "actions": [
      "fold",
      "call"
    ],
    "stored": true
  },
  {
    "history": "xx[Qs]xr10",
    "street": "river",
    "actor": "oop",
    "pot": 30,
    "actions": [
      "fold",
      "call"
    ],
    "stored": true
  },
  {
    "history": "xx[Kc]x",
    "street": "river",
    "actor": "ip",
    "pot": 20,
    "actions": [
      "check",
      "bet 10"
    ],
    "stored": true
  },
  {
    "history": "xx[Kc]r10",
    "street": "river",
    "actor": "ip",
    "pot": 30,
    "actions": [
      "fold",
      "call"
    ],
    "stored": true
  },
  {
    "history": "xx[Kc]xr10",
    "street": "river",
    "actor": "oop",
    "pot": 30,
    "actions": [
      "fold",
      "call"
    ],
    "stored": true
  },
  {
    "history": "xx[Kd]x",
    "street": "river",
    "actor": "ip",
    "pot": 20,
    "actions": [
      "check",
      "bet 10"
    ],
    "stored": true
  },
  {
    "history": "xx[Kd]r10",
    "street": "river",
    "actor": "ip",
    "pot": 30,
    "actions": [
      "fold",
      "call"
    ],
    "stored": true
  },
  {
    "history": "xx[Kd]xr10",
    "street": "river",
    "actor": "oop",
    "pot": 30,
    "actions": [
      "fold",
      "call"
    ],
    "stored": true
  },
  {
    "history": "xx[Kh]x",
    "street": "river",
    "actor": "ip",
    "pot": 20,
    "actions": [
      "check",
      "bet 10"
    ],
    "stored": true
  },
  {
    "history": "xx[Kh]r10",
    "street": "river",
    "actor": "ip",
    "pot": 30,
    "actions": [
      "fold",
      "call"
    ],
    "stored": true
  },
  {
    "history": "xx[Kh]xr10",
    "street": "river",
    "actor": "oop",
    "pot": 30,
    "actions": [
      "fold",
      "call"
    ],
    "stored": true
  },
  {
    "history": "xx[Ks]x",
    "street": "river",
    "actor": "ip",
    "pot": 20,
    "actions": [
      "check",
      "bet 10"
    ],
    "stored": true
  },
  {
    "history": "xx[Ks]r10",
    "street": "river",
    "actor": "ip",
    "pot": 30,
    "actions": [
      "fold",
      "call"
    ],
    "stored": true
  },
  {
    "history": "xx[Ks]xr10",
    "street": "river",
    "actor": "oop",
    "pot": 30,
    "actions": [
      "fold",
      "call"
    ],
    "stored": true
  },
  {
    "history": "xx[Ac]x",
    "street": "river",
    "actor": "ip",
    "pot": 20,
    "actions": [
      "check",
      "bet 10"
    ],
    "stored": true
  },
  {
    "history": "xx[Ac]r10",
    "street": "river",
    "actor": "ip",
    "pot": 30,
    "actions": [
      "fold",
      "call"
    ],
    "stored": true
  },
  {
    "history": "xx[Ac]xr10",
    "street": "river",
    "actor": "oop",
    "pot": 30,
    "actions": [
      "fold",
      "call"
    ],
    "stored": true
  },
  {
    "history": "xx[Ad]x",
    "street": "river",
    "actor": "ip",
    "pot": 20,
    "actions": [
      "check",
      "bet 10"
    ],
    "stored": true
  },
  {
    "history": "xx[Ad]r10",
    "street": "river",
    "actor": "ip",
    "pot": 30,
    "actions": [
      "fold",
      "call"
    ],
    "stored": true
  },
  {
    "history": "xx[Ad]xr10",
    "street": "river",
    "actor": "oop",
    "pot": 30,
    "actions": [
      "fold",
      "call"
    ],
    "stored": true
  },
  {
    "history": "xx[Ah]x",
    "street": "river",
    "actor": "ip",
    "pot": 20,
    "actions": [
      "check",
      "bet 10"
    ],
    "stored": true
  },
  {
    "history": "xx[Ah]r10",
    "street": "river",
    "actor": "ip",
    "pot": 30,
    "actions": [
      "fold",
      "call"
    ],
    "stored": true
  },
  {
    "history": "xx[Ah]xr10",
    "street": "river",
    "actor": "oop",
    "pot": 30,
    "actions": [
      "fold",
      "call"
    ],
    "stored": true
  },
  {
    "history": "xx[As]x",
    "street": "river",
    "actor": "ip",
    "pot": 20,
    "actions": [
      "check",
      "bet 10"
    ],
    "stored": true
  },
  {
    "history": "xx[As]r10",
    "street": "river",
    "actor": "ip",
    "pot": 30,
    "actions": [
      "fold",
      "call"
    ],
    "stored": true
  },
  {
    "history": "xx[As]xr10",
    "street": "river",
    "actor": "oop",
    "pot": 30,
    "actions": [
      "fold",
      "call"
    ],
    "stored": true
  },
  {
    "history": "xr10c[2d]",
    "street": "river",
    "actor": "oop",
    "pot": 40,
    "actions": [
      "check",
      "bet 30"
    ],
    "stored": true
  },
  {
    "history": "xr10c[2h]",
    "street": "river",
    "actor": "oop",
    "pot": 40,
    "actions": [
      "check",
      "bet 30"
    ],
    "stored": true
  },
  {
    "history": "xr10c[2s]",
    "street": "river",
    "actor": "oop",
    "pot": 40,
    "actions": [
      "check",
      "bet 30"
    ],
    "stored": true
  },
  {
    "history": "xr10c[3c]",
    "street": "river",
    "actor": "oop",
    "pot": 40,
    "actions": [
      "check",
      "bet 30"
    ],
    "stored": true
  },
  {
    "history": "xr10c[3d]",
    "street": "river",
    "actor": "oop",
    "pot": 40,
    "actions": [
      "check",
      "bet 30"
    ],
    "stored": true
  },
  {
    "history": "xr10c[3h]",
    "street": "river",
    "actor": "oop",
    "pot": 40,
    "actions": [
      "check",
      "bet 30"
    ],
    "stored": true
  },
  {
    "history": "xr10c[3s]",
    "street": "river",
    "actor": "oop",
    "pot": 40,
    "actions": [
      "check",
      "bet 30"
    ],
    "stored": true
  },
  {
    "history": "xr10c[4c]",
    "street": "river",
    "actor": "oop",
    "pot": 40,
    "actions": [
      "check",
      "bet 30"
    ],
    "stored": true
  },
  {
    "history": "xr10c[4d]",
    "street": "river",
    "actor": "oop",
    "pot": 40,
    "actions": [
      "check",
      "bet 30"
    ],
    "stored": true
  },
  {
    "history": "xr10c[4h]",
    "street": "river",
    "actor": "oop",
    "pot": 40,
    "actions": [
      "check",
      "bet 30"
    ],
    "stored": true
  },
  {
    "history": "xr10c[4s]",
    "street": "river",
    "actor": "oop",
    "pot": 40,
    "actions": [
      "check",
      "bet 30"
    ],
    "stored": true
  },
  {
    "history": "xr10c[5c]",
    "street": "river",
    "actor": "oop",
    "pot": 40,
    "actions": [
      "check",
      "bet 30"
    ],
    "stored": true
  },
  {
    "history": "xr10c[5d]",
    "street": "river",
    "actor": "oop",
    "pot": 40,
    "actions": [
      "check",
      "bet 30"
    ],
    "stored": true
  },
  {
    "history": "xr10c[5h]",
    "street": "river",
    "actor": "oop",
    "pot": 40,
    "actions": [
      "check",
      "bet 30"
    ],
    "stored": true
  },
  {
    "history": "xr10c[5s]",
    "street": "river",
    "actor": "oop",
    "pot": 40,
    "actions": [
      "check",
      "bet 30"
    ],
    "stored": true
  },
  {
    "history": "xr10c[6c]",
    "street": "river",
    "actor": "oop",
    "pot": 40,
    "actions": [
      "check",
      "bet 30"
    ],
    "stored": true
  },
  {
    "history": "xr10c[6d]",
    "street": "river",
    "actor": "oop",
    "pot": 40,
    "actions": [
      "check",
      "bet 30"
    ],
    "stored": true
  },
  {
    "history": "xr10c[6h]",
    "street": "river",
    "actor": "oop",
    "pot": 40,
    "actions": [
      "check",
      "bet 30"
    ],
    "stored": true
  },
  {
    "history": "xr10c[6s]",
    "street": "river",
    "actor": "oop",
    "pot": 40,
    "actions": [
      "check",
      "bet 30"
    ],
    "stored": true
  },
  {
    "history": "xr10c[7c]",
    "street": "river",
    "actor": "oop",
    "pot": 40,
    "actions": [
      "check",
      "bet 30"
    ],
    "stored": true
  },
  {
    "history": "xr10c[7h]",
    "street": "river",
    "actor": "oop",
    "pot": 40,
    "actions": [
      "check",
      "bet 30"
    ],
    "stored": true
  },
  {
    "history": "xr10c[7s]",
    "street": "river",
    "actor": "oop",
    "pot": 40,
    "actions": [
      "check",
      "bet 30"
    ],
    "stored": true
  },
  {
    "history": "xr10c[8c]",
    "street": "river",
    "actor": "oop",
    "pot": 40,
    "actions": [
      "check",
      "bet 30"
    ],
    "stored": true
  },
  {
    "history": "xr10c[8d]",
    "street": "river",
    "actor": "oop",
    "pot": 40,
    "actions": [
      "check",
      "bet 30"
    ],
    "stored": true
  },
  {
    "history": "xr10c[8h]",
    "street": "river",
    "actor": "oop",
    "pot": 40,
    "actions": [
      "check",
      "bet 30"
    ],
    "stored": true
  },
  {
    "history": "xr10c[8s]",
    "street": "river",
    "actor": "oop",
    "pot": 40,
    "actions": [
      "check",
      "bet 30"
    ],
    "stored": true
  },
  {
    "history": "xr10c[9c]",
    "street": "river",
    "actor": "oop",
    "pot": 40,
    "actions": [
      "check",
      "bet 30"
    ],
    "stored": true
  },
  {
    "history": "xr10c[9d]",
    "street": "river",
    "actor": "oop",
    "pot": 40,
    "actions": [
      "check",
      "bet 30"
    ],
    "stored": true
  },
  {
    "history": "xr10c[9s]",
    "street": "river",
    "actor": "oop",
    "pot": 40,
    "actions": [
      "check",
      "bet 30"
    ],
    "stored": true
  },
  {
    "history": "xr10c[Tc]",
    "street": "river",
    "actor": "oop",
    "pot": 40,
    "actions": [
      "check",
      "bet 30"
    ],
    "stored": true
  },
  {
    "history": "xr10c[Td]",
    "street": "river",
    "actor": "oop",
    "pot": 40,
    "actions": [
      "check",
      "bet 30"
    ],
    "stored": true
  },
  {
    "history": "xr10c[Th]",
    "street": "river",
    "actor": "oop",
    "pot": 40,
    "actions": [
      "check",
      "bet 30"
    ],
    "stored": true
  },
  {
    "history": "xr10c[Ts]",
    "street": "river",
    "actor": "oop",
    "pot": 40,
    "actions": [
      "check",
      "bet 30"
    ],
    "stored": true
  },
  {
    "history": "xr10c[Jc]",
    "street": "river",
    "actor": "oop",
    "pot": 40,
    "actions": [
      "check",
      "bet 30"
    ],
    "stored": true
  },
  {
    "history": "xr10c[Jd]",
    "street": "river",
    "actor": "oop",
    "pot": 40,
    "actions": [
      "check",
      "bet 30"
    ],
    "stored": true
  },
  {
    "history": "xr10c[Jh]",
    "street": "river",
    "actor": "oop",
    "pot": 40,
    "actions": [
      "check",
      "bet 30"
    ],
    "stored": true
  },
  {
    "history": "xr10c[Qc]",
    "street": "river",
    "actor": "oop",
    "pot": 40,
    "actions": [
      "check",
      "bet 30"
    ],
    "stored": true
  },
  {
    "history": "xr10c[Qd]",
    "street": "river",
    "actor": "oop",
    "pot": 40,
    "actions": [
      "check",
      "bet 30"
    ],
    "stored": true
  },
  {
    "history": "xr10c[Qh]",
    "street": "river",
    "actor": "oop",
    "pot": 40,
    "actions": [
      "check",
      "bet 30"
    ],
    "stored": true
  },
  {
    "history": "xr10c[Qs]",
    "street": "river",
    "actor": "oop",
    "pot": 40,
    "actions": [
      "check",
      "bet 30"
    ],
    "stored": true
  },
  {
    "history": "xr10c[Kc]",
    "street": "river",
    "actor": "oop",
    "pot": 40,
    "actions": [
      "check",
      "bet 30"
    ],
    "stored": true
  },
  {
    "history": "xr10c[Kd]",
    "street": "river",
    "actor": "oop",
    "pot": 40,
    "actions": [
      "check",
      "bet 30"
    ],
    "stored": true
  },
  {
    "history": "xr10c[Kh]",
    "street": "river",
    "actor": "oop",
    "pot": 40,
    "actions": [
      "check",
      "bet 30"
    ],
    "stored": true
  },
  {
    "history": "xr10c[Ks]",
    "street": "river",
    "actor": "oop",
    "pot": 40,
    "actions": [
      "check",
      "bet 30"
    ],
    "stored": true
  },
  {
    "history": "xr10c[Ac]",
    "street": "river",
    "actor": "oop",
    "pot": 40,
    "actions": [
      "check",
      "bet 30"
    ],
    "stored": true
  },
  {
    "history": "xr10c[Ad]",
    "street": "river",
    "actor": "oop",
    "pot": 40,
    "actions": [
      "check",
      "bet 30"
    ],
    "stored": true
  },
  {
    "history": "xr10c[Ah]",
    "street": "river",
    "actor": "oop",
    "pot": 40,
    "actions": [
      "check",
      "bet 30"
    ],
    "stored": true
  },
  {
    "history": "xr10c[As]",
    "street": "river",
    "actor": "oop",
    "pot": 40,
    "actions": [
      "check",
      "bet 30"
    ],
    "stored": true
  },
  {
    "history": "xr10c[2d]x",
    "street": "river",
    "actor": "ip",
    "pot": 40,
    "actions": [
      "check",
      "bet 30"
    ],
    "stored": true
  },
  {
    "history": "xr10c[2d]r30",
    "street": "river",
    "actor": "ip",
    "pot": 60,
    "actions": [
      "fold",
      "call"
    ],
    "stored": true
  },
  {
    "history": "xr10c[2d]xr30",
    "street": "river",
    "actor": "oop",
    "pot": 60,
    "actions": [
      "fold",
      "call"
    ],
    "stored": true
  },
  {
    "history": "xr10c[2h]x",
    "street": "river",
    "actor": "ip",
    "pot": 40,
    "actions": [
      "check",
      "bet 30"
    ],
    "stored": true
  },
  {
    "history": "xr10c[2h]r30",
    "street": "river",
    "actor": "ip",
    "pot": 60,
    "actions": [
      "fold",
      "call"
    ],
    "stored": true
  },
  {
    "history": "xr10c[2h]xr30",
    "street": "river",
    "actor": "oop",
    "pot": 60,
    "actions": [
      "fold",
      "call"
    ],
    "stored": true
  },
  {
    "history": "xr10c[2s]x",
    "street": "river",
    "actor": "ip",
    "pot": 40,
    "actions": [
      "check",
      "bet 30"
    ],
    "stored": true
  },
  {
    "history": "xr10c[2s]r30",
    "street": "river",
    "actor": "ip",
    "pot": 60,
    "actions": [
      "fold",
      "call"
    ],
    "stored": true
  },
  {
    "history": "xr10c[2s]xr30",
    "street": "river",
    "actor": "oop",
    "pot": 60,
    "actions": [
      "fold",
      "call"
    ],
    "stored": true
  },
  {
    "history": "xr10c[3c]x",
    "street": "river",
    "actor": "ip",
    "pot": 40,
    "actions": [
      "check",
      "bet 30"
    ],
    "stored": true
  },
  {
    "history": "xr10c[3c]r30",
    "street": "river",
    "actor": "ip",
    "pot": 60,
    "actions": [
      "fold",
      "call"
    ],
    "stored": true
  },
  {
    "history": "xr10c[3c]xr30",
    "street": "river",
    "actor": "oop",
    "pot": 60,
    "actions": [
      "fold",
      "call"
    ],
    "stored": true
  },
  {
    "history": "xr10c[3d]x",
    "street": "river",
    "actor": "ip",
    "pot": 40,
    "actions": [
      "check",
      "bet 30"
    ],
    "stored": true
  },
  {
    "history": "xr10c[3d]r30",
    "street": "river",
    "actor": "ip",
    "pot": 60,
    "actions": [
      "fold",
      "call"
    ],
    "stored": true
  },
  {
    "history": "xr10c[3d]xr30",
    "street": "river",
    "actor": "oop",
    "pot": 60,
    "actions": [
      "fold",
      "call"
    ],
    "stored": true
  },
  {
    "history": "xr10c[3h]x",
    "street": "river",
    "actor": "ip",
    "pot": 40,
    "actions": [
      "check",
      "bet 30"
    ],
    "stored": true
  },
  {
    "history": "xr10c[3h]r30",
    "street": "river",
    "actor": "ip",
    "pot": 60,
    "actions": [
      "fold",
      "call"
    ],
    "stored": true
  },
  {
    "history": "xr10c[3h]xr30",
    "street": "river",
    "actor": "oop",
    "pot": 60,
    "actions": [
      "fold",
      "call"
    ],
    "stored": true
  },
  {
    "history": "xr10c[3s]x",
    "street": "river",
    "actor": "ip",
    "pot": 40,
    "actions": [
      "check",
      "bet 30"
    ],
    "stored": true
  },
  {
    "history": "xr10c[3s]r30",
    "street": "river",
    "actor": "ip",
    "pot": 60,
    "actions": [
      "fold",
      "call"
    ],
    "stored": true
  },
  {
    "history": "xr10c[3s]xr30",
    "street": "river",
    "actor": "oop",
    "pot": 60,
    "actions": [
      "fold",
      "call"
    ],
    "stored": true
  },
  {
    "history": "xr10c[4c]x",
    "street": "river",
    "actor": "ip",
    "pot": 40,
    "actions": [
      "check",
      "bet 30"
    ],
    "stored": true
  },
  {
    "history": "xr10c[4c]r30",
    "street": "river",
    "actor": "ip",
    "pot": 60,
    "actions": [
      "fold",
      "call"
    ],
    "stored": true
  },
  {
    "history": "xr10c[4c]xr30",
    "street": "river",
    "actor": "oop",
    "pot": 60,
    "actions": [
      "fold",
      "call"
    ],
    "stored": true
  },
  {
    "history": "xr10c[4d]x",
    "street": "river",
    "actor": "ip",
    "pot": 40,
    "actions": [
      "check",
      "bet 30"
    ],
    "stored": true
  },
  {
    "history": "xr10c[4d]r30",
    "street": "river",
    "actor": "ip",
    "pot": 60,
    "actions": [
      "fold",
      "call"
    ],
    "stored": true
  },
  {
    "history": "xr10c[4d]xr30",
    "street": "river",
    "actor": "oop",
    "pot": 60,
    "actions": [
      "fold",
      "call"
    ],
    "stored": true
  },
  {
    "history": "xr10c[4h]x",
    "street": "river",
    "actor": "ip",
    "pot": 40,
    "actions": [
      "check",
      "bet 30"
    ],
    "stored": true
  },
  {
    "history": "xr10c[4h]r30",
    "street": "river",
    "actor": "ip",
    "pot": 60,
    "actions": [
      "fold",
      "call"
    ],
    "stored": true
  },
  {
    "history": "xr10c[4h]xr30",
    "street": "river",
    "actor": "oop",
    "pot": 60,
    "actions": [
      "fold",
      "call"
    ],
    "stored": true
  },
  {
    "history": "xr10c[4s]x",
    "street": "river",
    "actor": "ip",
    "pot": 40,
    "actions": [
      "check",
      "bet 30"
    ],
    "stored": true
  },
  {
    "history": "xr10c[4s]r30",
    "street": "river",
    "actor": "ip",
    "pot": 60,
    "actions": [
      "fold",
      "call"
    ],
    "stored": true
  },
  {
    "history": "xr10c[4s]xr30",
    "street": "river",
    "actor": "oop",
    "pot": 60,
    "actions": [
      "fold",
      "call"
    ],
    "stored": true
  },
  {
    "history": "xr10c[5c]x",
    "street": "river",
    "actor": "ip",
    "pot": 40,
    "actions": [
      "check",
      "bet 30"
    ],
    "stored": true
  },
  {
    "history": "xr10c[5c]r30",
    "street": "river",
    "actor": "ip",
    "pot": 60,
    "actions": [
      "fold",
      "call"
    ],
    "stored": true
  },
  {
    "history": "xr10c[5c]xr30",
    "street": "river",
    "actor": "oop",
    "pot": 60,
    "actions": [
      "fold",
      "call"
    ],
    "stored": true
  },
  {
    "history": "xr10c[5d]x",
    "street": "river",
    "actor": "ip",
    "pot": 40,
    "actions": [
      "check",
      "bet 30"
    ],
    "stored": true
  },
  {
    "history": "xr10c[5d]r30",
    "street": "river",
    "actor": "ip",
    "pot": 60,
    "actions": [
      "fold",
      "call"
    ],
    "stored": true
  },
  {
    "history": "xr10c[5d]xr30",
    "street": "river",
    "actor": "oop",
    "pot": 60,
    "actions": [
      "fold",
      "call"
    ],
    "stored": true
  },
  {
    "history": "xr10c[5h]x",
    "street": "river",
    "actor": "ip",
    "pot": 40,
    "actions": [
      "check",
      "bet 30"
    ],
    "stored": true
  },
  {
    "history": "xr10c[5h]r30",
    "street": "river",
    "actor": "ip",
    "pot": 60,
    "actions": [
      "fold",
      "call"
    ],
    "stored": true
  },
  {
    "history": "xr10c[5h]xr30",
    "street": "river",
    "actor": "oop",
    "pot": 60,
    "actions": [
      "fold",
      "call"
    ],
    "stored": true
  },
  {
    "history": "xr10c[5s]x",
    "street": "river",
    "actor": "ip",
    "pot": 40,
    "actions": [
      "check",
      "bet 30"
    ],
    "stored": true
  },
  {
    "history": "xr10c[5s]r30",
    "street": "river",
    "actor": "ip",
    "pot": 60,
    "actions": [
      "fold",
      "call"
    ],
    "stored": true
  },
  {
    "history": "xr10c[5s]xr30",
    "street": "river",
    "actor": "oop",
    "pot": 60,
    "actions": [
      "fold",
      "call"
    ],
    "stored": true
  },
  {
    "history": "xr10c[6c]x",
    "street": "river",
    "actor": "ip",
    "pot": 40,
    "actions": [
      "check",
      "bet 30"
    ],
    "stored": true
  },
  {
    "history": "xr10c[6c]r30",
    "street": "river",
    "actor": "ip",
    "pot": 60,
    "actions": [
      "fold",
      "call"
    ],
    "stored": true
  },
  {
    "history": "xr10c[6c]xr30",
    "street": "river",
    "actor": "oop",
    "pot": 60,
    "actions": [
      "fold",
      "call"
    ],
    "stored": true
  },
  {
    "history": "xr10c[6d]x",
    "street": "river",
    "actor": "ip",
    "pot": 40,
    "actions": [
      "check",
      "bet 30"
    ],
    "stored": true
  },
  {
    "history": "xr10c[6d]r30",
    "street": "river",
    "actor": "ip",
    "pot": 60,
    "actions": [
      "fold",
      "call"
    ],
    "stored": true
  },
  {
    "history": "xr10c[6d]xr30",
    "street": "river",
    "actor": "oop",
    "pot": 60,
    "actions": [
      "fold",
      "call"
    ],
    "stored": true
  },
  {
    "history": "xr10c[6h]x",
    "street": "river",
    "actor": "ip",
    "pot": 40,
    "actions": [
      "check",
      "bet 30"
    ],
    "stored": true
  },
  {
    "history": "xr10c[6h]r30",
    "street": "river",
    "actor": "ip",
    "pot": 60,
    "actions": [
      "fold",
      "call"
    ],
    "stored": true
  },
  {
    "history": "xr10c[6h]xr30",
    "street": "river",
    "actor": "oop",
    "pot": 60,
    "actions": [
      "fold",
      "call"
    ],
    "stored": true
  },
  {
    "history": "xr10c[6s]x",
    "street": "river",
    "actor": "ip",
    "pot": 40,
    "actions": [
      "check",
      "bet 30"
    ],
    "stored": true
  },
  {
    "history": "xr10c[6s]r30",
    "street": "river",
    "actor": "ip",
    "pot": 60,
    "actions": [
      "fold",
      "call"
    ],
    "stored": true
  },
  {
    "history": "xr10c[6s]xr30",
    "street": "river",
    "actor": "oop",
    "pot": 60,
    "actions": [
      "fold",
      "call"
    ],
    "stored": true
  },
  {
    "history": "xr10c[7c]x",
    "street": "river",
    "actor": "ip",
    "pot": 40,
    "actions": [
      "check",
      "bet 30"
    ],
    "stored": true
  },
  {
    "history": "xr10c[7c]r30",
    "street": "river",
    "actor": "ip",
    "pot": 60,
    "actions": [
      "fold",
      "call"
    ],
    "stored": true
  },
  {
    "history": "xr10c[7c]xr30",
    "street": "river",
    "actor": "oop",
    "pot": 60,
    "actions": [
      "fold",
      "call"
    ],
    "stored": true
  },
  {
    "history": "xr10c[7h]x",
    "street": "river",
    "actor": "ip",
    "pot": 40,
    "actions": [
      "check",
      "bet 30"
    ],
    "stored": true
  },
  {
    "history": "xr10c[7h]r30",
    "street": "river",
    "actor": "ip",
    "pot": 60,
    "actions": [
      "fold",
      "call"
    ],
    "stored": true
  },
  {
    "history": "xr10c[7h]xr30",
    "street": "river",
    "actor": "oop",
    "pot": 60,
    "actions": [
      "fold",
      "call"
    ],
    "stored": true
  },
  {
    "history": "xr10c[7s]x",
    "street": "river",
    "actor": "ip",
    "pot": 40,
    "actions": [
      "check",
      "bet 30"
    ],
    "stored": true
  },
  {
    "history": "xr10c[7s]r30",
    "street": "river",
    "actor": "ip",
    "pot": 60,
    "actions": [
      "fold",
      "call"
    ],
    "stored": true
  },
  {
    "history": "xr10c[7s]xr30",
    "street": "river",
    "actor": "oop",
    "pot": 60,
    "actions": [
      "fold",
      "call"
    ],
    "stored": true
  },
  {
    "history": "xr10c[8c]x",
    "street": "river",
    "actor": "ip",
    "pot": 40,
    "actions": [
      "check",
      "bet 30"
    ],
    "stored": true
  },
  {
    "history": "xr10c[8c]r30",
    "street": "river",
    "actor": "ip",
    "pot": 60,
    "actions": [
      "fold",
      "call"
    ],
    "stored": true
  },
  {
    "history": "xr10c[8c]xr30",
    "street": "river",
    "actor": "oop",
    "pot": 60,
    "actions": [
      "fold",
      "call"
    ],
    "stored": true
  },
  {
    "history": "xr10c[8d]x",
    "street": "river",
    "actor": "ip",
    "pot": 40,
    "actions": [
      "check",
      "bet 30"
    ],
    "stored": true
  },
  {
    "history": "xr10c[8d]r30",
    "street": "river",
    "actor": "ip",
    "pot": 60,
    "actions": [
      "fold",
      "call"
    ],
    "stored": true
  },
  {
    "history": "xr10c[8d]xr30",
    "street": "river",
    "actor": "oop",
    "pot": 60,
    "actions": [
      "fold",
      "call"
    ],
    "stored": true
  },
  {
    "history": "xr10c[8h]x",
    "street": "river",
    "actor": "ip",
    "pot": 40,
    "actions": [
      "check",
      "bet 30"
    ],
    "stored": true
  },
  {
    "history": "xr10c[8h]r30",
    "street": "river",
    "actor": "ip",
    "pot": 60,
    "actions": [
      "fold",
      "call"
    ],
    "stored": true
  },
  {
    "history": "xr10c[8h]xr30",
    "street": "river",
    "actor": "oop",
    "pot": 60,
    "actions": [
      "fold",
      "call"
    ],
    "stored": true
  },
  {
    "history": "xr10c[8s]x",
    "street": "river",
    "actor": "ip",
    "pot": 40,
    "actions": [
      "check",
      "bet 30"
    ],
    "stored": true
  },
  {
    "history": "xr10c[8s]r30",
    "street": "river",
    "actor": "ip",
    "pot": 60,
    "actions": [
      "fold",
      "call"
    ],
    "stored": true
  },
  {
    "history": "xr10c[8s]xr30",
    "street": "river",
    "actor": "oop",
    "pot": 60,
    "actions": [
      "fold",
      "call"
    ],
    "stored": true
  },
  {
    "history": "xr10c[9c]x",
    "street": "river",
    "actor": "ip",
    "pot": 40,
    "actions": [
      "check",
      "bet 30"
    ],
    "stored": true
  },
  {
    "history": "xr10c[9c]r30",
    "street": "river",
    "actor": "ip",
    "pot": 60,
    "actions": [
      "fold",
      "call"
    ],
    "stored": true
  },
  {
    "history": "xr10c[9c]xr30",
    "street": "river",
    "actor": "oop",
    "pot": 60,
    "actions": [
      "fold",
      "call"
    ],
    "stored": true
  },
  {
    "history": "xr10c[9d]x",
    "street": "river",
    "actor": "ip",
    "pot": 40,
    "actions": [
      "check",
      "bet 30"
    ],
    "stored": true
  },
  {
    "history": "xr10c[9d]r30",
    "street": "river",
    "actor": "ip",
    "pot": 60,
    "actions": [
      "fold",
      "call"
    ],
    "stored": true
  },
  {
    "history": "xr10c[9d]xr30",
    "street": "river",
    "actor": "oop",
    "pot": 60,
    "actions": [
      "fold",
      "call"
    ],
    "stored": true
  },
  {
    "history": "xr10c[9s]x",
    "street": "river",
    "actor": "ip",
    "pot": 40,
    "actions": [
      "check",
      "bet 30"
    ],
    "stored": true
  },
  {
    "history": "xr10c[9s]r30",
    "street": "river",
    "actor": "ip",
    "pot": 60,
    "actions": [
      "fold",
      "call"
    ],
    "stored": true
  },
  {
    "history": "xr10c[9s]xr30",
    "street": "river",
    "actor": "oop",
    "pot": 60,
    "actions": [
      "fold",
      "call"
    ],
    "stored": true
  },
  {
    "history": "xr10c[Tc]x",
    "street": "river",
    "actor": "ip",
    "pot": 40,
    "actions": [
      "check",
      "bet 30"
    ],
    "stored": true
  },
  {
    "history": "xr10c[Tc]r30",
    "street": "river",
    "actor": "ip",
    "pot": 60,
    "actions": [
      "fold",
      "call"
    ],
    "stored": true
  },
  {
    "history": "xr10c[Tc]xr30",
    "street": "river",
    "actor": "oop",
    "pot": 60,
    "actions": [
      "fold",
      "call"
    ],
    "stored": true
  },
  {
    "history": "xr10c[Td]x",
    "street": "river",
    "actor": "ip",
    "pot": 40,
    "actions": [
      "check",
      "bet 30"
    ],
    "stored": true
  },
  {
    "history": "xr10c[Td]r30",
    "street": "river",
    "actor": "ip",
    "pot": 60,
    "actions": [
      "fold",
      "call"
    ],
    "stored": true
  },
  {
    "history": "xr10c[Td]xr30",
    "street": "river",
    "actor": "oop",
    "pot": 60,
    "actions": [
      "fold",
      "call"
    ],
    "stored": true
  },
  {
    "history": "xr10c[Th]x",
    "street": "river",
    "actor": "ip",
    "pot": 40,
    "actions": [
      "check",
      "bet 30"
    ],
    "stored": true
  },
  {
    "history": "xr10c[Th]r30",
    "street": "river",
    "actor": "ip",
    "pot": 60,
    "actions": [
      "fold",
      "call"
    ],
    "stored": true
  },
  {
    "history": "xr10c[Th]xr30",
    "street": "river",
    "actor": "oop",
    "pot": 60,
    "actions": [
      "fold",
      "call"
    ],
    "stored": true
  },
  {
    "history": "xr10c[Ts]x",
    "street": "river",
    "actor": "ip",
    "pot": 40,
    "actions": [
      "check",
      "bet 30"
    ],
    "stored": true
  },
  {
    "history": "xr10c[Ts]r30",
    "street": "river",
    "actor": "ip",
    "pot": 60,
    "actions": [
      "fold",
      "call"
    ],
    "stored": true
  },
  {
    "history": "xr10c[Ts]xr30",
    "street": "river",
    "actor": "oop",
    "pot": 60,
    "actions": [
      "fold",
      "call"
    ],
    "stored": true
  },
  {
    "history": "xr10c[Jc]x",
    "street": "river",
    "actor": "ip",
    "pot": 40,
    "actions": [
      "check",
      "bet 30"
    ],
    "stored": true
  },
  {
    "history": "xr10c[Jc]r30",
    "street": "river",
    "actor": "ip",
    "pot": 60,
    "actions": [
      "fold",
      "call"
    ],
    "stored": true
  },
  {
    "history": "xr10c[Jc]xr30",
    "street": "river",
    "actor": "oop",
    "pot": 60,
    "actions": [
      "fold",
      "call"
    ],
    "stored": true
  },
  {
    "history": "xr10c[Jd]x",
    "street": "river",
    "actor": "ip",
    "pot": 40,
    "actions": [
      "check",
      "bet 30"
    ],
    "stored": true
  },
  {
    "history": "xr10c[Jd]r30",
    "street": "river",
    "actor": "ip",
    "pot": 60,
    "actions": [
      "fold",
      "call"
    ],
    "stored": true
  },
  {
    "history": "xr10c[Jd]xr30",
    "street": "river",
    "actor": "oop",
    "pot": 60,
    "actions": [
      "fold",
      "call"
    ],
    "stored": true
  },
  {
    "history": "xr10c[Jh]x",
    "street": "river",
    "actor": "ip",
    "pot": 40,
    "actions": [
      "check",
      "bet 30"
    ],
    "stored": true
  },
  {
    "history": "xr10c[Jh]r30",
    "street": "river",
    "actor": "ip",
    "pot": 60,
    "actions": [
      "fold",
      "call"
    ],
    "stored": true
  },
  {
    "history": "xr10c[Jh]xr30",
    "street": "river",
    "actor": "oop",
    "pot": 60,
    "actions": [
      "fold",
      "call"
    ],
    "stored": true
  },
  {
    "history": "xr10c[Qc]x",
    "street": "river",
    "actor": "ip",
    "pot": 40,
    "actions": [
      "check",
      "bet 30"
    ],
    "stored": true
  },
  {
    "history": "xr10c[Qc]r30",
    "street": "river",
    "actor": "ip",
    "pot": 60,
    "actions": [
      "fold",
      "call"
    ],
    "stored": true
  },
  {
    "history": "xr10c[Qc]xr30",
    "street": "river",
    "actor": "oop",
    "pot": 60,
    "actions": [
      "fold",
      "call"
    ],
    "stored": true
  },
  {
    "history": "xr10c[Qd]x",
    "street": "river",
    "actor": "ip",
    "pot": 40,
    "actions": [
      "check",
      "bet 30"
    ],
    "stored": true
  },
  {
    "history": "xr10c[Qd]r30",
    "street": "river",
    "actor": "ip",
    "pot": 60,
    "actions": [
      "fold",
      "call"
    ],
    "stored": true
  },
  {
    "history": "xr10c[Qd]xr30",
    "street": "river",
    "actor": "oop",
    "pot": 60,
    "actions": [
      "fold",
      "call"
    ],
    "stored": true
  },
  {
    "history": "xr10c[Qh]x",
    "street": "river",
    "actor": "ip",
    "pot": 40,
    "actions": [
      "check",
      "bet 30"
    ],
    "stored": true
  },
  {
    "history": "xr10c[Qh]r30",
    "street": "river",
    "actor": "ip",
    "pot": 60,
    "actions": [
      "fold",
      "call"
    ],
    "stored": true
  },
  {
    "history": "xr10c[Qh]xr30",
    "street": "river",
    "actor": "oop",
    "pot": 60,
    "actions": [
      "fold",
      "call"
    ],
    "stored": true
  },
  {
    "history": "xr10c[Qs]x",
    "street": "river",
    "actor": "ip",
    "pot": 40,
    "actions": [
      "check",
      "bet 30"
    ],
    "stored": true
  },
  {
    "history": "xr10c[Qs]r30",
    "street": "river",
    "actor": "ip",
    "pot": 60,
    "actions": [
      "fold",
      "call"
    ],
    "stored": true
  },
  {
    "history": "xr10c[Qs]xr30",
    "street": "river",
    "actor": "oop",
    "pot": 60,
    "actions": [
      "fold",
      "call"
    ],
    "stored": true
  },
  {
    "history": "xr10c[Kc]x",
    "street": "river",
    "actor": "ip",
    "pot": 40,
    "actions": [
      "check",
      "bet 30"
    ],
    "stored": true
  },
  {
    "history": "xr10c[Kc]r30",
    "street": "river",
    "actor": "ip",
    "pot": 60,
    "actions": [
      "fold",
      "call"
    ],
    "stored": true
  },
  {
    "history": "xr10c[Kc]xr30",
    "street": "river",
    "actor": "oop",
    "pot": 60,
    "actions": [
      "fold",
      "call"
    ],
    "stored": true
  },
  {
    "history": "xr10c[Kd]x",
    "street": "river",
    "actor": "ip",
    "pot": 40,
    "actions": [
      "check",
      "bet 30"
    ],
    "stored": true
  },
  {
    "history": "xr10c[Kd]r30",
    "street": "river",
    "actor": "ip",
    "pot": 60,
    "actions": [
      "fold",
      "call"
    ],
    "stored": true
  },
  {
    "history": "xr10c[Kd]xr30",
    "street": "river",
    "actor": "oop",
    "pot": 60,
    "actions": [
      "fold",
      "call"
    ],
    "stored": true
  },
  {
    "history": "xr10c[Kh]x",
    "street": "river",
    "actor": "ip",
    "pot": 40,
    "actions": [
      "check",
      "bet 30"
    ],
    "stored": true
  },
  {
    "history": "xr10c[Kh]r30",
    "street": "river",
    "actor": "ip",
    "pot": 60,
    "actions": [
      "fold",
      "call"
    ],
    "stored": true
  },
  {
    "history": "xr10c[Kh]xr30",
    "street": "river",
    "actor": "oop",
    "pot": 60,
    "actions": [
      "fold",
      "call"
    ],
    "stored": true
  },
  {
    "history": "xr10c[Ks]x",
    "street": "river",
    "actor": "ip",
    "pot": 40,
    "actions": [
      "check",
      "bet 30"
    ],
    "stored": true
  },
  {
    "history": "xr10c[Ks]r30",
    "street": "river",
    "actor": "ip",
    "pot": 60,
    "actions": [
      "fold",
      "call"
    ],
    "stored": true
  },
  {
    "history": "xr10c[Ks]xr30",
    "street": "river",
    "actor": "oop",
    "pot": 60,
    "actions": [
      "fold",
      "call"
    ],
    "stored": true
  },
  {
    "history": "xr10c[Ac]x",
    "street": "river",
    "actor": "ip",
    "pot": 40,
    "actions": [
      "check",
      "bet 30"
    ],
    "stored": true
  },
  {
    "history": "xr10c[Ac]r30",
    "street": "river",
    "actor": "ip",
    "pot": 60,
    "actions": [
      "fold",
      "call"
    ],
    "stored": true
  },
  {
    "history": "xr10c[Ac]xr30",
    "street": "river",
    "actor": "oop",
    "pot": 60,
    "actions": [
      "fold",
      "call"
    ],
    "stored": true
  },
  {
    "history": "xr10c[Ad]x",
    "street": "river",
    "actor": "ip",
    "pot": 40,
    "actions": [
      "check",
      "bet 30"
    ],
    "stored": true
  },
  {
    "history": "xr10c[Ad]r30",
    "street": "river",
    "actor": "ip",
    "pot": 60,
    "actions": [
      "fold",
      "call"
    ],
    "stored": true
  },
  {
    "history": "xr10c[Ad]xr30",
    "street": "river",
    "actor": "oop",
    "pot": 60,
    "actions": [
      "fold",
      "call"
    ],
    "stored": true
  },
  {
    "history": "xr10c[Ah]x",
    "street": "river",
    "actor": "ip",
    "pot": 40,
    "actions": [
      "check",
      "bet 30"
    ],
    "stored": true
  },
  {
    "history": "xr10c[Ah]r30",
    "street": "river",
    "actor": "ip",
    "pot": 60,
    "actions": [
      "fold",
      "call"
    ],
    "stored": true
  },
  {
    "history": "xr10c[Ah]xr30",
    "street": "river",
    "actor": "oop",
    "pot": 60,
    "actions": [
      "fold",
      "call"
    ],
    "stored": true
  },
  {
    "history": "xr10c[As]x",
    "street": "river",
    "actor": "ip",
    "pot": 40,
    "actions": [
      "check",
      "bet 30"
    ],
    "stored": true
  },
  {
    "history": "xr10c[As]r30",
    "street": "river",
    "actor": "ip",
    "pot": 60,
    "actions": [
      "fold",
      "call"
    ],
    "stored": true
  },
  {
    "history": "xr10c[As]xr30",
    "street": "river",
    "actor": "oop",
    "pot": 60,
    "actions": [
      "fold",
      "call"
    ],
    "stored": true
  },
  {
    "history": "r10c[2d]",
    "street": "river",
    "actor": "oop",
    "pot": 40,
    "actions": [
      "check",
      "bet 30"
    ],
    "stored": true
  },
  {
    "history": "r10c[2h]",
    "street": "river",
    "actor": "oop",
    "pot": 40,
    "actions": [
      "check",
      "bet 30"
    ],
    "stored": true
  },
  {
    "history": "r10c[2s]",
    "street": "river",
    "actor": "oop",
    "pot": 40,
    "actions": [
      "check",
      "bet 30"
    ],
    "stored": true
  },
  {
    "history": "r10c[3c]",
    "street": "river",
    "actor": "oop",
    "pot": 40,
    "actions": [
      "check",
      "bet 30"
    ],
    "stored": true
  },
  {
    "history": "r10c[3d]",
    "street": "river",
    "actor": "oop",
    "pot": 40,
    "actions": [
      "check",
      "bet 30"
    ],
    "stored": true
  },
  {
    "history": "r10c[3h]",
    "street": "river",
    "actor": "oop",
    "pot": 40,
    "actions": [
      "check",
      "bet 30"
    ],
    "stored": true
  },
  {
    "history": "r10c[3s]",
    "street": "river",
    "actor": "oop",
    "pot": 40,
    "actions": [
      "check",
      "bet 30"
    ],
    "stored": true
  },
  {
    "history": "r10c[4c]",
    "street": "river",
    "actor": "oop",
    "pot": 40,
    "actions": [
      "check",
      "bet 30"
    ],
    "stored": true
  },
  {
    "history": "r10c[4d]",
    "street": "river",
    "actor": "oop",
    "pot": 40,
    "actions": [
      "check",
      "bet 30"
    ],
    "stored": true
  },
  {
    "history": "r10c[4h]",
    "street": "river",
    "actor": "oop",
    "pot": 40,
    "actions": [
      "check",
      "bet 30"
    ],
    "stored": true
  },
  {
    "history": "r10c[4s]",
    "street": "river",
    "actor": "oop",
    "pot": 40,
    "actions": [
      "check",
      "bet 30"
    ],
    "stored": true
  },
  {
    "history": "r10c[5c]",
    "street": "river",
    "actor": "oop",
    "pot": 40,
    "actions": [
      "check",
      "bet 30"
    ],
    "stored": true
  },
  {
    "history": "r10c[5d]",
    "street": "river",
    "actor": "oop",
    "pot": 40,
    "actions": [
      "check",
      "bet 30"
    ],
    "stored": true
  },
  {
    "history": "r10c[5h]",
    "street": "river",
    "actor": "oop",
    "pot": 40,
    "actions": [
      "check",
      "bet 30"
    ],
    "stored": true
  },
  {
    "history": "r10c[5s]",
    "street": "river",
    "actor": "oop",
    "pot": 40,
    "actions": [
      "check",
      "bet 30"
    ],
    "stored": true
  },
  {
    "history": "r10c[6c]",
    "street": "river",
    "actor": "oop",
    "pot": 40,
    "actions": [
      "check",
      "bet 30"
    ],
    "stored": true
  },
  {
    "history": "r10c[6d]",
    "street": "river",
    "actor": "oop",
    "pot": 40,
    "actions": [
      "check",
      "bet 30"
    ],
    "stored": true
  },
  {
    "history": "r10c[6h]",
    "street": "river",
    "actor": "oop",
    "pot": 40,
    "actions": [
      "check",
      "bet 30"
    ],
    "stored": true
  },
  {
    "history": "r10c[6s]",
    "street": "river",
    "actor": "oop",
    "pot": 40,
    "actions": [
      "check",
      "bet 30"
    ],
    "stored": true
  },
  {
    "history": "r10c[7c]",
    "street": "river",
    "actor": "oop",
    "pot": 40,
    "actions": [
      "check",
      "bet 30"
    ],
    "stored": true
  },
  {
    "history": "r10c[7h]",
    "street": "river",
    "actor": "oop",
    "pot": 40,
    "actions": [
      "check",
      "bet 30"
    ],
    "stored": true
  },
  {
    "history": "r10c[7s]",
    "street": "river",
    "actor": "oop",
    "pot": 40,
    "actions": [
      "check",
      "bet 30"
    ],
    "stored": true
  },
  {
    "history": "r10c[8c]",
    "street": "river",
    "actor": "oop",
    "pot": 40,
    "actions": [
      "check",
      "bet 30"
    ],
    "stored": true
  },
  {
    "history": "r10c[8d]",
    "street": "river",
    "actor": "oop",
    "pot": 40,
    "actions": [
      "check",
      "bet 30"
    ],
    "stored": true
  },
  {
    "history": "r10c[8h]",
    "street": "river",
    "actor": "oop",
    "pot": 40,
    "actions": [
      "check",
      "bet 30"
    ],
    "stored": true
  },
  {
    "history": "r10c[8s]",
    "street": "river",
    "actor": "oop",
    "pot": 40,
    "actions": [
      "check",
      "bet 30"
    ],
    "stored": true
  },
  {
    "history": "r10c[9c]",
    "street": "river",
    "actor": "oop",
    "pot": 40,
    "actions": [
      "check",
      "bet 30"
    ],
    "stored": true
  },
  {
    "history": "r10c[9d]",
    "street": "river",
    "actor": "oop",
    "pot": 40,
    "actions": [
      "check",
      "bet 30"
    ],
    "stored": true
  },
  {
    "history": "r10c[9s]",
    "street": "river",
    "actor": "oop",
    "pot": 40,
    "actions": [
      "check",
      "bet 30"
    ],
    "stored": true
  },
  {
    "history": "r10c[Tc]",
    "street": "river",
    "actor": "oop",
    "pot": 40,
    "actions": [
      "check",
      "bet 30"
    ],
    "stored": true
  },
  {
    "history": "r10c[Td]",
    "street": "river",
    "actor": "oop",
    "pot": 40,
    "actions": [
      "check",
      "bet 30"
    ],
    "stored": true
  },
  {
    "history": "r10c[Th]",
    "street": "river",
    "actor": "oop",
    "pot": 40,
    "actions": [
      "check",
      "bet 30"
    ],
    "stored": true
  },
  {
    "history": "r10c[Ts]",
    "street": "river",
    "actor": "oop",
    "pot": 40,
    "actions": [
      "check",
      "bet 30"
    ],
    "stored": true
  },
  {
    "history": "r10c[Jc]",
    "street": "river",
    "actor": "oop",
    "pot": 40,
    "actions": [
      "check",
      "bet 30"
    ],
    "stored": true
  },
  {
    "history": "r10c[Jd]",
    "street": "river",
    "actor": "oop",
    "pot": 40,
    "actions": [
      "check",
      "bet 30"
    ],
    "stored": true
  },
  {
    "history": "r10c[Jh]",
    "street": "river",
    "actor": "oop",
    "pot": 40,
    "actions": [
      "check",
      "bet 30"
    ],
    "stored": true
  },
  {
    "history": "r10c[Qc]",
    "street": "river",
    "actor": "oop",
    "pot": 40,
    "actions": [
      "check",
      "bet 30"
    ],
    "stored": true
  },
  {
    "history": "r10c[Qd]",
    "street": "river",
    "actor": "oop",
    "pot": 40,
    "actions": [
      "check",
      "bet 30"
    ],
    "stored": true
  },
  {
    "history": "r10c[Qh]",
    "street": "river",
    "actor": "oop",
    "pot": 40,
    "actions": [
      "check",
      "bet 30"
    ],
    "stored": true
  },
  {
    "history": "r10c[Qs]",
    "street": "river",
    "actor": "oop",
    "pot": 40,
    "actions": [
      "check",
      "bet 30"
    ],
    "stored": true
  },
  {
    "history": "r10c[Kc]",
    "street": "river",
    "actor": "oop",
    "pot": 40,
    "actions": [
      "check",
      "bet 30"
    ],
    "stored": true
  },
  {
    "history": "r10c[Kd]",
    "street": "river",
    "actor": "oop",
    "pot": 40,
    "actions": [
      "check",
      "bet 30"
    ],
    "stored": true
  },
  {
    "history": "r10c[Kh]",
    "street": "river",
    "actor": "oop",
    "pot": 40,
    "actions": [
      "check",
      "bet 30"
    ],
    "stored": true
  },
  {
    "history": "r10c[Ks]",
    "street": "river",
    "actor": "oop",
    "pot": 40,
    "actions": [
      "check",
      "bet 30"
    ],
    "stored": true
  },
  {
    "history": "r10c[Ac]",
    "street": "river",
    "actor": "oop",
    "pot": 40,
    "actions": [
      "check",
      "bet 30"
    ],
    "stored": true
  },
  {
    "history": "r10c[Ad]",
    "street": "river",
    "actor": "oop",
    "pot": 40,
    "actions": [
      "check",
      "bet 30"
    ],
    "stored": true
  },
  {
    "history": "r10c[Ah]",
    "street": "river",
    "actor": "oop",
    "pot": 40,
    "actions": [
      "check",
      "bet 30"
    ],
    "stored": true
  },
  {
    "history": "r10c[As]",
    "street": "river",
    "actor": "oop",
    "pot": 40,
    "actions": [
      "check",
      "bet 30"
    ],
    "stored": true
  },
  {
    "history": "r10c[2d]x",
    "street": "river",
    "actor": "ip",
    "pot": 40,
    "actions": [
      "check",
      "bet 30"
    ],
    "stored": true
  },
  {
    "history": "r10c[2d]r30",
    "street": "river",
    "actor": "ip",
    "pot": 60,
    "actions": [
      "fold",
      "call"
    ],
    "stored": true
  },
  {
    "history": "r10c[2d]xr30",
    "street": "river",
    "actor": "oop",
    "pot": 60,
    "actions": [
      "fold",
      "call"
    ],
    "stored": true
  },
  {
    "history": "r10c[2h]x",
    "street": "river",
    "actor": "ip",
    "pot": 40,
    "actions": [
      "check",
      "bet 30"
    ],
    "stored": true
  },
  {
    "history": "r10c[2h]r30",
    "street": "river",
    "actor": "ip",
    "pot": 60,
    "actions": [
      "fold",
      "call"
    ],
    "stored": true
  },
  {
    "history": "r10c[2h]xr30",
    "street": "river",
    "actor": "oop",
    "pot": 60,
    "actions": [
      "fold",
      "call"
    ],
    "stored": true
  },
  {
    "history": "r10c[2s]x",
    "street": "river",
    "actor": "ip",
    "pot": 40,
    "actions": [
      "check",
      "bet 30"
    ],
    "stored": true
  },
  {
    "history": "r10c[2s]r30",
    "street": "river",
    "actor": "ip",
    "pot": 60,
    "actions": [
      "fold",
      "call"
    ],
    "stored": true
  },
  {
    "history": "r10c[2s]xr30",
    "street": "river",
    "actor": "oop",
    "pot": 60,
    "actions": [
      "fold",
      "call"
    ],
    "stored": true
  },
  {
    "history": "r10c[3c]x",
    "street": "river",
    "actor": "ip",
    "pot": 40,
    "actions": [
      "check",
      "bet 30"
    ],
    "stored": true
  },
  {
    "history": "r10c[3c]r30",
    "street": "river",
    "actor": "ip",
    "pot": 60,
    "actions": [
      "fold",
      "call"
    ],
    "stored": true
  },
  {
    "history": "r10c[3c]xr30",
    "street": "river",
    "actor": "oop",
    "pot": 60,
    "actions": [
      "fold",
      "call"
    ],
    "stored": true
  },
  {
    "history": "r10c[3d]x",
    "street": "river",
    "actor": "ip",
    "pot": 40,
    "actions": [
      "check",
      "bet 30"
    ],
    "stored": true
  },
  {
    "history": "r10c[3d]r30",
    "street": "river",
    "actor": "ip",
    "pot": 60,
    "actions": [
      "fold",
      "call"
    ],
    "stored": true
  },
  {
    "history": "r10c[3d]xr30",
    "street": "river",
    "actor": "oop",
    "pot": 60,
    "actions": [
      "fold",
      "call"
    ],
    "stored": true
  },
  {
    "history": "r10c[3h]x",
    "street": "river",
    "actor": "ip",
    "pot": 40,
    "actions": [
      "check",
      "bet 30"
    ],
    "stored": true
  },
  {
    "history": "r10c[3h]r30",
    "street": "river",
    "actor": "ip",
    "pot": 60,
    "actions": [
      "fold",
      "call"
    ],
    "stored": true
  },
  {
    "history": "r10c[3h]xr30",
    "street": "river",
    "actor": "oop",
    "pot": 60,
    "actions": [
      "fold",
      "call"
    ],
    "stored": true
  },
  {
    "history": "r10c[3s]x",
    "street": "river",
    "actor": "ip",
    "pot": 40,
    "actions": [
      "check",
      "bet 30"
    ],
    "stored": true
  },
  {
    "history": "r10c[3s]r30",
    "street": "river",
    "actor": "ip",
    "pot": 60,
    "actions": [
      "fold",
      "call"
    ],
    "stored": true
  },
  {
    "history": "r10c[3s]xr30",
    "street": "river",
    "actor": "oop",
    "pot": 60,
    "actions": [
      "fold",
      "call"
    ],
    "stored": true
  },
  {
    "history": "r10c[4c]x",
    "street": "river",
    "actor": "ip",
    "pot": 40,
    "actions": [
      "check",
      "bet 30"
    ],
    "stored": true
  },
  {
    "history": "r10c[4c]r30",
    "street": "river",
    "actor": "ip",
    "pot": 60,
    "actions": [
      "fold",
      "call"
    ],
    "stored": true
  },
  {
    "history": "r10c[4c]xr30",
    "street": "river",
    "actor": "oop",
    "pot": 60,
    "actions": [
      "fold",
      "call"
    ],
    "stored": true
  },
  {
    "history": "r10c[4d]x",
    "street": "river",
    "actor": "ip",
    "pot": 40,
    "actions": [
      "check",
      "bet 30"
    ],
    "stored": true
  },
  {
    "history": "r10c[4d]r30",
    "street": "river",
    "actor": "ip",
    "pot": 60,
    "actions": [
      "fold",
      "call"
    ],
    "stored": true
  },
  {
    "history": "r10c[4d]xr30",
    "street": "river",
    "actor": "oop",
    "pot": 60,
    "actions": [
      "fold",
      "call"
    ],
    "stored": true
  },
  {
    "history": "r10c[4h]x",
    "street": "river",
    "actor": "ip",
    "pot": 40,
    "actions": [
      "check",
      "bet 30"
    ],
    "stored": true
  },
  {
    "history": "r10c[4h]r30",
    "street": "river",
    "actor": "ip",
    "pot": 60,
    "actions": [
      "fold",
      "call"
    ],
    "stored": true
  },
  {
    "history": "r10c[4h]xr30",
    "street": "river",
    "actor": "oop",
    "pot": 60,
    "actions": [
      "fold",
      "call"
    ],
    "stored": true
  },
  {
    "history": "r10c[4s]x",
    "street": "river",
    "actor": "ip",
    "pot": 40,
    "actions": [
      "check",
      "bet 30"
    ],
    "stored": true
  },
  {
    "history": "r10c[4s]r30",
    "street": "river",
    "actor": "ip",
    "pot": 60,
    "actions": [
      "fold",
      "call"
    ],
    "stored": true
  },
  {
    "history": "r10c[4s]xr30",
    "street": "river",
    "actor": "oop",
    "pot": 60,
    "actions": [
      "fold",
      "call"
    ],
    "stored": true
  },
  {
    "history": "r10c[5c]x",
    "street": "river",
    "actor": "ip",
    "pot": 40,
    "actions": [
      "check",
      "bet 30"
    ],
    "stored": true
  },
  {
    "history": "r10c[5c]r30",
    "street": "river",
    "actor": "ip",
    "pot": 60,
    "actions": [
      "fold",
      "call"
    ],
    "stored": true
  },
  {
    "history": "r10c[5c]xr30",
    "street": "river",
    "actor": "oop",
    "pot": 60,
    "actions": [
      "fold",
      "call"
    ],
    "stored": true
  },
  {
    "history": "r10c[5d]x",
    "street": "river",
    "actor": "ip",
    "pot": 40,
    "actions": [
      "check",
      "bet 30"
    ],
    "stored": true
  },
  {
    "history": "r10c[5d]r30",
    "street": "river",
    "actor": "ip",
    "pot": 60,
    "actions": [
      "fold",
      "call"
    ],
    "stored": true
  },
  {
    "history": "r10c[5d]xr30",
    "street": "river",
    "actor": "oop",
    "pot": 60,
    "actions": [
      "fold",
      "call"
    ],
    "stored": true
  },
  {
    "history": "r10c[5h]x",
    "street": "river",
    "actor": "ip",
    "pot": 40,
    "actions": [
      "check",
      "bet 30"
    ],
    "stored": true
  },
  {
    "history": "r10c[5h]r30",
    "street": "river",
    "actor": "ip",
    "pot": 60,
    "actions": [
      "fold",
      "call"
    ],
    "stored": true
  },
  {
    "history": "r10c[5h]xr30",
    "street": "river",
    "actor": "oop",
    "pot": 60,
    "actions": [
      "fold",
      "call"
    ],
    "stored": true
  },
  {
    "history": "r10c[5s]x",
    "street": "river",
    "actor": "ip",
    "pot": 40,
    "actions": [
      "check",
      "bet 30"
    ],
    "stored": true
  },
  {
    "history": "r10c[5s]r30",
    "street": "river",
    "actor": "ip",
    "pot": 60,
    "actions": [
      "fold",
      "call"
    ],
    "stored": true
  },
  {
    "history": "r10c[5s]xr30",
    "street": "river",
    "actor": "oop",
    "pot": 60,
    "actions": [
      "fold",
      "call"
    ],
    "stored": true
  },
  {
    "history": "r10c[6c]x",
    "street": "river",
    "actor": "ip",
    "pot": 40,
    "actions": [
      "check",
      "bet 30"
    ],
    "stored": true
  },
  {
    "history": "r10c[6c]r30",
    "street": "river",
    "actor": "ip",
    "pot": 60,
    "actions": [
      "fold",
      "call"
    ],
    "stored": true
  },
  {
    "history": "r10c[6c]xr30",
    "street": "river",
    "actor": "oop",
    "pot": 60,
    "actions": [
      "fold",
      "call"
    ],
    "stored": true
  },
  {
    "history": "r10c[6d]x",
    "street": "river",
    "actor": "ip",
    "pot": 40,
    "actions": [
      "check",
      "bet 30"
    ],
    "stored": true
  },
  {
    "history": "r10c[6d]r30",
    "street": "river",
    "actor": "ip",
    "pot": 60,
    "actions": [
      "fold",
      "call"
    ],
    "stored": true
  },
  {
    "history": "r10c[6d]xr30",
    "street": "river",
    "actor": "oop",
    "pot": 60,
    "actions": [
      "fold",
      "call"
    ],
    "stored": true
  },
  {
    "history": "r10c[6h]x",
    "street": "river",
    "actor": "ip",
    "pot": 40,
    "actions": [
      "check",
      "bet 30"
    ],
    "stored": true
  },
  {
    "history": "r10c[6h]r30",
    "street": "river",
    "actor": "ip",
    "pot": 60,
    "actions": [
      "fold",
      "call"
    ],
    "stored": true
  },
  {
    "history": "r10c[6h]xr30",
    "street": "river",
    "actor": "oop",
    "pot": 60,
    "actions": [
      "fold",
      "call"
    ],
    "stored": true
  },
  {
    "history": "r10c[6s]x",
    "street": "river",
    "actor": "ip",
    "pot": 40,
    "actions": [
      "check",
      "bet 30"
    ],
    "stored": true
  },
  {
    "history": "r10c[6s]r30",
    "street": "river",
    "actor": "ip",
    "pot": 60,
    "actions": [
      "fold",
      "call"
    ],
    "stored": true
  },
  {
    "history": "r10c[6s]xr30",
    "street": "river",
    "actor": "oop",
    "pot": 60,
    "actions": [
      "fold",
      "call"
    ],
    "stored": true
  },
  {
    "history": "r10c[7c]x",
    "street": "river",
    "actor": "ip",
    "pot": 40,
    "actions": [
      "check",
      "bet 30"
    ],
    "stored": true
  },
  {
    "history": "r10c[7c]r30",
    "street": "river",
    "actor": "ip",
    "pot": 60,
    "actions": [
      "fold",
      "call"
    ],
    "stored": true
  },
  {
    "history": "r10c[7c]xr30",
    "street": "river",
    "actor": "oop",
    "pot": 60,
    "actions": [
      "fold",
      "call"
    ],
    "stored": true
  },
  {
    "history": "r10c[7h]x",
    "street": "river",
    "actor": "ip",
    "pot": 40,
    "actions": [
      "check",
      "bet 30"
    ],
    "stored": true
  },
  {
    "history": "r10c[7h]r30",
    "street": "river",
    "actor": "ip",
    "pot": 60,
    "actions": [
      "fold",
      "call"
    ],
    "stored": true
  },
  {
    "history": "r10c[7h]xr30",
    "street": "river",
    "actor": "oop",
    "pot": 60,
    "actions": [
      "fold",
      "call"
    ],
    "stored": true
  },
  {
    "history": "r10c[7s]x",
    "street": "river",
    "actor": "ip",
    "pot": 40,
    "actions": [
      "check",
      "bet 30"
    ],
    "stored": true
  },
  {
    "history": "r10c[7s]r30",
    "street": "river",
    "actor": "ip",
    "pot": 60,
    "actions": [
      "fold",
      "call"
    ],
    "stored": true
  },
  {
    "history": "r10c[7s]xr30",
    "street": "river",
    "actor": "oop",
    "pot": 60,
    "actions": [
      "fold",
      "call"
    ],
    "stored": true
  },
  {
    "history": "r10c[8c]x",
    "street": "river",
    "actor": "ip",
    "pot": 40,
    "actions": [
      "check",
      "bet 30"
    ],
    "stored": true
  },
  {
    "history": "r10c[8c]r30",
    "street": "river",
    "actor": "ip",
    "pot": 60,
    "actions": [
      "fold",
      "call"
    ],
    "stored": true
  },
  {
    "history": "r10c[8c]xr30",
    "street": "river",
    "actor": "oop",
    "pot": 60,
    "actions": [
      "fold",
      "call"
    ],
    "stored": true
  },
  {
    "history": "r10c[8d]x",
    "street": "river",
    "actor": "ip",
    "pot": 40,
    "actions": [
      "check",
      "bet 30"
    ],
    "stored": true
  },
  {
    "history": "r10c[8d]r30",
    "street": "river",
    "actor": "ip",
    "pot": 60,
    "actions": [
      "fold",
      "call"
    ],
    "stored": true
  },
  {
    "history": "r10c[8d]xr30",
    "street": "river",
    "actor": "oop",
    "pot": 60,
    "actions": [
      "fold",
      "call"
    ],
    "stored": true
  },
  {
    "history": "r10c[8h]x",
    "street": "river",
    "actor": "ip",
    "pot": 40,
    "actions": [
      "check",
      "bet 30"
    ],
    "stored": true
  },
  {
    "history": "r10c[8h]r30",
    "street": "river",
    "actor": "ip",
    "pot": 60,
    "actions": [
      "fold",
      "call"
    ],
    "stored": true
  },
  {
    "history": "r10c[8h]xr30",
    "street": "river",
    "actor": "oop",
    "pot": 60,
    "actions": [
      "fold",
      "call"
    ],
    "stored": true
  },
  {
    "history": "r10c[8s]x",
    "street": "river",
    "actor": "ip",
    "pot": 40,
    "actions": [
      "check",
      "bet 30"
    ],
    "stored": true
  },
  {
    "history": "r10c[8s]r30",
    "street": "river",
    "actor": "ip",
    "pot": 60,
    "actions": [
      "fold",
      "call"
    ],
    "stored": true
  },
  {
    "history": "r10c[8s]xr30",
    "street": "river",
    "actor": "oop",
    "pot": 60,
    "actions": [
      "fold",
      "call"
    ],
    "stored": true
  },
  {
    "history": "r10c[9c]x",
    "street": "river",
    "actor": "ip",
    "pot": 40,
    "actions": [
      "check",
      "bet 30"
    ],
    "stored": true
  },
  {
    "history": "r10c[9c]r30",
    "street": "river",
    "actor": "ip",
    "pot": 60,
    "actions": [
      "fold",
      "call"
    ],
    "stored": true
  },
  {
    "history": "r10c[9c]xr30",
    "street": "river",
    "actor": "oop",
    "pot": 60,
    "actions": [
      "fold",
      "call"
    ],
    "stored": true
  },
  {
    "history": "r10c[9d]x",
    "street": "river",
    "actor": "ip",
    "pot": 40,
    "actions": [
      "check",
      "bet 30"
    ],
    "stored": true
  },
  {
    "history": "r10c[9d]r30",
    "street": "river",
    "actor": "ip",
    "pot": 60,
    "actions": [
      "fold",
      "call"
    ],
    "stored": true
  },
  {
    "history": "r10c[9d]xr30",
    "street": "river",
    "actor": "oop",
    "pot": 60,
    "actions": [
      "fold",
      "call"
    ],
    "stored": true
  },
  {
    "history": "r10c[9s]x",
    "street": "river",
    "actor": "ip",
    "pot": 40,
    "actions": [
      "check",
      "bet 30"
    ],
    "stored": true
  },
  {
    "history": "r10c[9s]r30",
    "street": "river",
    "actor": "ip",
    "pot": 60,
    "actions": [
      "fold",
      "call"
    ],
    "stored": true
  },
  {
    "history": "r10c[9s]xr30",
    "street": "river",
    "actor": "oop",
    "pot": 60,
    "actions": [
      "fold",
      "call"
    ],
    "stored": true
  },
  {
    "history": "r10c[Tc]x",
    "street": "river",
    "actor": "ip",
    "pot": 40,
    "actions": [
      "check",
      "bet 30"
    ],
    "stored": true
  },
  {
    "history": "r10c[Tc]r30",
    "street": "river",
    "actor": "ip",
    "pot": 60,
    "actions": [
      "fold",
      "call"
    ],
    "stored": true
  },
  {
    "history": "r10c[Tc]xr30",
    "street": "river",
    "actor": "oop",
    "pot": 60,
    "actions": [
      "fold",
      "call"
    ],
    "stored": true
  },
  {
    "history": "r10c[Td]x",
    "street": "river",
    "actor": "ip",
    "pot": 40,
    "actions": [
      "check",
      "bet 30"
    ],
    "stored": true
  },
  {
    "history": "r10c[Td]r30",
    "street": "river",
    "actor": "ip",
    "pot": 60,
    "actions": [
      "fold",
      "call"
    ],
    "stored": true
  },
  {
    "history": "r10c[Td]xr30",
    "street": "river",
    "actor": "oop",
    "pot": 60,
    "actions": [
      "fold",
      "call"
    ],
    "stored": true
  },
  {
    "history": "r10c[Th]x",
    "street": "river",
    "actor": "ip",
    "pot": 40,
    "actions": [
      "check",
      "bet 30"
    ],
    "stored": true
  },
  {
    "history": "r10c[Th]r30",
    "street": "river",
    "actor": "ip",
    "pot": 60,
    "actions": [
      "fold",
      "call"
    ],
    "stored": true
  },
  {
    "history": "r10c[Th]xr30",
    "street": "river",
    "actor": "oop",
    "pot": 60,
    "actions": [
      "fold",
      "call"
    ],
    "stored": true
  },
  {
    "history": "r10c[Ts]x",
    "street": "river",
    "actor": "ip",
    "pot": 40,
    "actions": [
      "check",
      "bet 30"
    ],
    "stored": true
  },
  {
    "history": "r10c[Ts]r30",
    "street": "river",
    "actor": "ip",
    "pot": 60,
    "actions": [
      "fold",
      "call"
    ],
    "stored": true
  },
  {
    "history": "r10c[Ts]xr30",
    "street": "river",
    "actor": "oop",
    "pot": 60,
    "actions": [
      "fold",
      "call"
    ],
    "stored": true
  },
  {
    "history": "r10c[Jc]x",
    "street": "river",
    "actor": "ip",
    "pot": 40,
    "actions": [
      "check",
      "bet 30"
    ],
    "stored": true
  },
  {
    "history": "r10c[Jc]r30",
    "street": "river",
    "actor": "ip",
    "pot": 60,
    "actions": [
      "fold",
      "call"
    ],
    "stored": true
  },
  {
    "history": "r10c[Jc]xr30",
    "street": "river",
    "actor": "oop",
    "pot": 60,
    "actions": [
      "fold",
      "call"
    ],
    "stored": true
  },
  {
    "history": "r10c[Jd]x",
    "street": "river",
    "actor": "ip",
    "pot": 40,
    "actions": [
      "check",
      "bet 30"
    ],
    "stored": true
  },
  {
    "history": "r10c[Jd]r30",
    "street": "river",
    "actor": "ip",
    "pot": 60,
    "actions": [
      "fold",
      "call"
    ],
    "stored": true
  },
  {
    "history": "r10c[Jd]xr30",
    "street": "river",
    "actor": "oop",
    "pot": 60,
    "actions": [
      "fold",
      "call"
    ],
    "stored": true
  },
  {
    "history": "r10c[Jh]x",
    "street": "river",
    "actor": "ip",
    "pot": 40,
    "actions": [
      "check",
      "bet 30"
    ],
    "stored": true
  },
  {
    "history": "r10c[Jh]r30",
    "street": "river",
    "actor": "ip",
    "pot": 60,
    "actions": [
      "fold",
      "call"
    ],
    "stored": true
  },
  {
    "history": "r10c[Jh]xr30",
    "street": "river",
    "actor": "oop",
    "pot": 60,
    "actions": [
      "fold",
      "call"
    ],
    "stored": true
  },
  {
    "history": "r10c[Qc]x",
    "street": "river",
    "actor": "ip",
    "pot": 40,
    "actions": [
      "check",
      "bet 30"
    ],
    "stored": true
  },
  {
    "history": "r10c[Qc]r30",
    "street": "river",
    "actor": "ip",
    "pot": 60,
    "actions": [
      "fold",
      "call"
    ],
    "stored": true
  },
  {
    "history": "r10c[Qc]xr30",
    "street": "river",
    "actor": "oop",
    "pot": 60,
    "actions": [
      "fold",
      "call"
    ],
    "stored": true
  },
  {
    "history": "r10c[Qd]x",
    "street": "river",
    "actor": "ip",
    "pot": 40,
    "actions": [
      "check",
      "bet 30"
    ],
    "stored": true
  },
  {
    "history": "r10c[Qd]r30",
    "street": "river",
    "actor": "ip",
    "pot": 60,
    "actions": [
      "fold",
      "call"
    ],
    "stored": true
  },
  {
    "history": "r10c[Qd]xr30",
    "street": "river",
    "actor": "oop",
    "pot": 60,
    "actions": [
      "fold",
      "call"
    ],
    "stored": true
  },
  {
    "history": "r10c[Qh]x",
    "street": "river",
    "actor": "ip",
    "pot": 40,
    "actions": [
      "check",
      "bet 30"
    ],
    "stored": true
  },
  {
    "history": "r10c[Qh]r30",
    "street": "river",
    "actor": "ip",
    "pot": 60,
    "actions": [
      "fold",
      "call"
    ],
    "stored": true
  },
  {
    "history": "r10c[Qh]xr30",
    "street": "river",
    "actor": "oop",
    "pot": 60,
    "actions": [
      "fold",
      "call"
    ],
    "stored": true
  },
  {
    "history": "r10c[Qs]x",
    "street": "river",
    "actor": "ip",
    "pot": 40,
    "actions": [
      "check",
      "bet 30"
    ],
    "stored": true
  },
  {
    "history": "r10c[Qs]r30",
    "street": "river",
    "actor": "ip",
    "pot": 60,
    "actions": [
      "fold",
      "call"
    ],
    "stored": true
  },
  {
    "history": "r10c[Qs]xr30",
    "street": "river",
    "actor": "oop",
    "pot": 60,
    "actions": [
      "fold",
      "call"
    ],
    "stored": true
  },
  {
    "history": "r10c[Kc]x",
    "street": "river",
    "actor": "ip",
    "pot": 40,
    "actions": [
      "check",
      "bet 30"
    ],
    "stored": true
  },
  {
    "history": "r10c[Kc]r30",
    "street": "river",
    "actor": "ip",
    "pot": 60,
    "actions": [
      "fold",
      "call"
    ],
    "stored": true
  },
  {
    "history": "r10c[Kc]xr30",
    "street": "river",
    "actor": "oop",
    "pot": 60,
    "actions": [
      "fold",
      "call"
    ],
    "stored": true
  },
  {
    "history": "r10c[Kd]x",
    "street": "river",
    "actor": "ip",
    "pot": 40,
    "actions": [
      "check",
      "bet 30"
    ],
    "stored": true
  },
  {
    "history": "r10c[Kd]r30",
    "street": "river",
    "actor": "ip",
    "pot": 60,
    "actions": [
      "fold",
      "call"
    ],
    "stored": true
  },
  {
    "history": "r10c[Kd]xr30",
    "street": "river",
    "actor": "oop",
    "pot": 60,
    "actions": [
      "fold",
      "call"
    ],
    "stored": true
  },
  {
    "history": "r10c[Kh]x",
    "street": "river",
    "actor": "ip",
    "pot": 40,
    "actions": [
      "check",
      "bet 30"
    ],
    "stored": true
  },
  {
    "history": "r10c[Kh]r30",
    "street": "river",
    "actor": "ip",
    "pot": 60,
    "actions": [
      "fold",
      "call"
    ],
    "stored": true
  },
  {
    "history": "r10c[Kh]xr30",
    "street": "river",
    "actor": "oop",
    "pot": 60,
    "actions": [
      "fold",
      "call"
    ],
    "stored": true
  },
  {
    "history": "r10c[Ks]x",
    "street": "river",
    "actor": "ip",
    "pot": 40,
    "actions": [
      "check",
      "bet 30"
    ],
    "stored": true
  },
  {
    "history": "r10c[Ks]r30",
    "street": "river",
    "actor": "ip",
    "pot": 60,
    "actions": [
      "fold",
      "call"
    ],
    "stored": true
  },
  {
    "history": "r10c[Ks]xr30",
    "street": "river",
    "actor": "oop",
    "pot": 60,
    "actions": [
      "fold",
      "call"
    ],
    "stored": true
  },
  {
    "history": "r10c[Ac]x",
    "street": "river",
    "actor": "ip",
    "pot": 40,
    "actions": [
      "check",
      "bet 30"
    ],
    "stored": true
  },
  {
    "history": "r10c[Ac]r30",
    "street": "river",
    "actor": "ip",
    "pot": 60,
    "actions": [
      "fold",
      "call"
    ],
    "stored": true
  },
  {
    "history": "r10c[Ac]xr30",
    "street": "river",
    "actor": "oop",
    "pot": 60,
    "actions": [
      "fold",
      "call"
    ],
    "stored": true
  },
  {
    "history": "r10c[Ad]x",
    "street": "river",
    "actor": "ip",
    "pot": 40,
    "actions": [
      "check",
      "bet 30"
    ],
    "stored": true
  },
  {
    "history": "r10c[Ad]r30",
    "street": "river",
    "actor": "ip",
    "pot": 60,
    "actions": [
      "fold",
      "call"
    ],
    "stored": true
  },
  {
    "history": "r10c[Ad]xr30",
    "street": "river",
    "actor": "oop",
    "pot": 60,
    "actions": [
      "fold",
      "call"
    ],
    "stored": true
  },
  {
    "history": "r10c[Ah]x",
    "street": "river",
    "actor": "ip",
    "pot": 40,
    "actions": [
      "check",
      "bet 30"
    ],
    "stored": true
  },
  {
    "history": "r10c[Ah]r30",
    "street": "river",
    "actor": "ip",
    "pot": 60,
    "actions": [
      "fold",
      "call"
    ],
    "stored": true
  },
  {
    "history": "r10c[Ah]xr30",
    "street": "river",
    "actor": "oop",
    "pot": 60,
    "actions": [
      "fold",
      "call"
    ],
    "stored": true
  },
  {
    "history": "r10c[As]x",
    "street": "river",
    "actor": "ip",
    "pot": 40,
    "actions": [
      "check",
      "bet 30"
    ],
    "stored": true
  },
  {
    "history": "r10c[As]r30",
    "street": "river",
    "actor": "ip",
    "pot": 60,
    "actions": [
      "fold",
      "call"
    ],
    "stored": true
  },
  {
    "history": "r10c[As]xr30",
    "street": "river",
    "actor": "oop",
    "pot": 60,
    "actions": [
      "fold",
      "call"
    ],
    "stored": true
  }
]
