{"phase":"build","status":"started"}
{"event":"allocation_counts","schema":"r1-phase-allocation/v1","phase":"build","alloc_calls":2786336,"alloc_requested_bytes":70390795,"alloc_failed_calls":0,"alloc_zeroed_calls":3,"alloc_zeroed_requested_bytes":6,"alloc_zeroed_failed_calls":0,"realloc_calls":599424,"realloc_requested_new_bytes":141652942,"realloc_old_layout_bytes":70161311,"realloc_failed_calls":0,"dealloc_calls":2785050,"dealloc_layout_bytes":99662707}
{"phase":"build","status":"completed"}
{"phase":"solver_allocation","status":"started"}
{"event":"allocation_counts","schema":"r1-phase-allocation/v1","phase":"solver_allocation","alloc_calls":2,"alloc_requested_bytes":2104,"alloc_failed_calls":0,"alloc_zeroed_calls":3,"alloc_zeroed_requested_bytes":283678928,"alloc_zeroed_failed_calls":0,"realloc_calls":0,"realloc_requested_new_bytes":0,"realloc_old_layout_bytes":0,"realloc_failed_calls":0,"dealloc_calls":0,"dealloc_layout_bytes":0}
{"phase":"solver_allocation","status":"completed"}
{"phase":"cfr","status":"started"}
{"event":"allocation_counts","schema":"r1-phase-allocation/v1","phase":"cfr","alloc_calls":406832,"alloc_requested_bytes":203855508,"alloc_failed_calls":0,"alloc_zeroed_calls":0,"alloc_zeroed_requested_bytes":0,"alloc_zeroed_failed_calls":0,"realloc_calls":342189,"realloc_requested_new_bytes":437741728,"realloc_old_layout_bytes":216244084,"realloc_failed_calls":0,"dealloc_calls":406816,"dealloc_layout_bytes":425338088}
{"phase":"cfr","status":"completed"}
{"phase":"state_write","status":"started"}
{"event":"allocation_counts","schema":"r1-phase-allocation/v1","phase":"state_write","alloc_calls":3,"alloc_requested_bytes":16727,"alloc_failed_calls":0,"alloc_zeroed_calls":0,"alloc_zeroed_requested_bytes":0,"alloc_zeroed_failed_calls":0,"realloc_calls":1,"realloc_requested_new_bytes":214,"realloc_old_layout_bytes":107,"realloc_failed_calls":0,"dealloc_calls":3,"dealloc_layout_bytes":16834}
{"phase":"state_write","status":"completed"}
{"phase":"ev_p0","status":"started"}
{"event":"allocation_counts","schema":"r1-phase-allocation/v1","phase":"ev_p0","alloc_calls":79419,"alloc_requested_bytes":33782072,"alloc_failed_calls":0,"alloc_zeroed_calls":0,"alloc_zeroed_requested_bytes":0,"alloc_zeroed_failed_calls":0,"realloc_calls":75988,"realloc_requested_new_bytes":106499000,"realloc_old_layout_bytes":52326128,"realloc_failed_calls":0,"dealloc_calls":79419,"dealloc_layout_bytes":87954944}
{"phase":"ev_p0","status":"completed"}
{"phase":"ev_p1","status":"started"}
{"event":"allocation_counts","schema":"r1-phase-allocation/v1","phase":"ev_p1","alloc_calls":81674,"alloc_requested_bytes":55702396,"alloc_failed_calls":0,"alloc_zeroed_calls":0,"alloc_zeroed_requested_bytes":0,"alloc_zeroed_failed_calls":0,"realloc_calls":49472,"realloc_requested_new_bytes":72123628,"realloc_old_layout_bytes":35482040,"realloc_failed_calls":0,"dealloc_calls":81674,"dealloc_layout_bytes":92343984}
{"phase":"ev_p1","status":"completed"}
{"phase":"br_p0","status":"started"}
{"event":"allocation_counts","schema":"r1-phase-allocation/v1","phase":"br_p0","alloc_calls":77045,"alloc_requested_bytes":32539408,"alloc_failed_calls":0,"alloc_zeroed_calls":0,"alloc_zeroed_requested_bytes":0,"alloc_zeroed_failed_calls":0,"realloc_calls":75923,"realloc_requested_new_bytes":106609432,"realloc_old_layout_bytes":52383452,"realloc_failed_calls":0,"dealloc_calls":77045,"dealloc_layout_bytes":86765388}
{"phase":"br_p0","status":"completed"}
{"phase":"br_p1","status":"started"}
{"event":"allocation_counts","schema":"r1-phase-allocation/v1","phase":"br_p1","alloc_calls":79693,"alloc_requested_bytes":53902304,"alloc_failed_calls":0,"alloc_zeroed_calls":0,"alloc_zeroed_requested_bytes":0,"alloc_zeroed_failed_calls":0,"realloc_calls":46375,"realloc_requested_new_bytes":66999616,"realloc_old_layout_bytes":32936048,"realloc_failed_calls":0,"dealloc_calls":79693,"dealloc_layout_bytes":87965872}
{"phase":"br_p1","status":"completed"}
{"phase":"exploitability","status":"started"}
{"event":"allocation_counts","schema":"r1-phase-allocation/v1","phase":"exploitability","alloc_calls":236012,"alloc_requested_bytes":120093816,"alloc_failed_calls":0,"alloc_zeroed_calls":0,"alloc_zeroed_requested_bytes":0,"alloc_zeroed_failed_calls":0,"realloc_calls":198242,"realloc_requested_new_bytes":280112104,"realloc_old_layout_bytes":137645284,"realloc_failed_calls":0,"dealloc_calls":236012,"dealloc_layout_bytes":262560636}
{"phase":"exploitability","status":"completed"}
{"phase":"probe","status":"completed"}
