[
  {
    "history": "",
    "street": "river",
    "actor": "oop",
    "pot": 20,
    "actions": [
      "check",
      "bet 10",
      "bet 20"
    ],
    "stored": true
  },
  {
    "history": "x",
    "street": "river",
    "actor": "ip",
    "pot": 20,
    "actions": [
      "check",
      "bet 10",
      "bet 20"
    ],
    "stored": true
  },
  {
    "history": "r10",
    "street": "river",
    "actor": "ip",
    "pot": 30,
    "actions": [
      "fold",
      "call",
      "raise to 50"
    ],
    "stored": true
  },
  {
    "history": "r20",
    "street": "river",
    "actor": "ip",
    "pot": 40,
    "actions": [
      "fold",
      "call",
      "raise to 60"
    ],
    "stored": true
  },
  {
    "history": "xr10",
    "street": "river",
    "actor": "oop",
    "pot": 30,
    "actions": [
      "fold",
      "call",
      "raise to 50"
    ],
    "stored": true
  },
  {
    "history": "xr20",
    "street": "river",
    "actor": "oop",
    "pot": 40,
    "actions": [
      "fold",
      "call",
      "raise to 60"
    ],
    "stored": true
  },
  {
    "history": "xr10r50",
    "street": "river",
    "actor": "ip",
    "pot": 80,
    "actions": [
      "fold",
      "call"
    ],
    "stored": true
  },
  {
    "history": "xr20r60",
    "street": "river",
    "actor": "ip",
    "pot": 100,
    "actions": [
      "fold",
      "call"
    ],
    "stored": true
  },
  {
    "history": "r10r50",
    "street": "river",
    "actor": "oop",
    "pot": 80,
    "actions": [
      "fold",
      "call"
    ],
    "stored": true
  },
  {
    "history": "r20r60",
    "street": "river",
    "actor": "oop",
    "pot": 100,
    "actions": [
      "fold",
      "call"
    ],
    "stored": true
  }
]
