tree: nodes=829242 terminals=492552 rank_tables=1176 storage=2688.3 MiB (f32) / 1346.7 MiB (i16) / 2017.5 MiB (i16-f32avg)
memory estimate: 2824.3 MiB (f32) / 1482.7 MiB (i16) / 2153.5 MiB (i16-f32avg)
iter=      10 expl_p0=5.981e0 expl_p1=2.460e0 nash_conv=8.441e0
iter=      20 expl_p0=1.845e0 expl_p1=1.062e0 nash_conv=2.907e0
iter=      30 expl_p0=5.215e-1 expl_p1=3.324e-1 nash_conv=8.539e-1
iter=      40 expl_p0=2.459e-1 expl_p1=1.453e-1 nash_conv=3.912e-1
iter=      50 expl_p0=1.523e-1 expl_p1=7.966e-2 nash_conv=2.319e-1
iter=      60 expl_p0=9.823e-2 expl_p1=4.914e-2 nash_conv=1.474e-1
iter=      70 expl_p0=1.242e-1 expl_p1=8.469e-2 nash_conv=2.089e-1
iter=      80 expl_p0=5.715e-2 expl_p1=3.286e-2 nash_conv=9.001e-2
iter=      90 expl_p0=3.840e-2 expl_p1=2.056e-2 nash_conv=5.896e-2
iter=     100 expl_p0=2.861e-2 expl_p1=1.516e-2 nash_conv=4.377e-2
iter=     110 expl_p0=2.231e-2 expl_p1=1.186e-2 nash_conv=3.416e-2
iter=     120 expl_p0=1.777e-2 expl_p1=9.659e-3 nash_conv=2.743e-2
iter=     130 expl_p0=1.477e-2 expl_p1=8.181e-3 nash_conv=2.295e-2
iter=     140 expl_p0=1.221e-2 expl_p1=7.088e-3 nash_conv=1.930e-2
iter=     150 expl_p0=1.049e-2 expl_p1=6.396e-3 nash_conv=1.689e-2
iter=     160 expl_p0=9.550e-3 expl_p1=5.789e-3 nash_conv=1.534e-2
iter=     170 expl_p0=8.233e-3 expl_p1=5.382e-3 nash_conv=1.362e-2
iter=     180 expl_p0=7.157e-3 expl_p1=5.021e-3 nash_conv=1.218e-2
iter=     190 expl_p0=6.690e-3 expl_p1=4.608e-3 nash_conv=1.130e-2
iter=     200 expl_p0=6.055e-3 expl_p1=4.152e-3 nash_conv=1.021e-2
done: iterations=200 wall=176.15s ev_p0=1.528138 ev_p1=3.314000 nash_conv=1.021e-2
sol: wrote C:\Users\PC_User\orca\workspaces\solvers\p1-i16-kernels\runs\i16-kernels\solve_c_flop1_i16_new\solution.sol (376.29 MB, 335460 blocks, mode=Full)
