MainPID=1880
Result=success
MemoryPeak=1552556032
CPUUsageNSec=913049984000
ActiveState=active
SubState=running
==> /opt/r1/flop-flat-cloud32-wrapper01/matrix.stdout.log <==
{"stage": "narrow-r2-w8-baseline", "status": "completed", "case": "narrow", "arm": "baseline", "workers": 8, "iterations": 16, "result": {"schema": "r1.flop-native-solve/v1", "status": "completed", "case": "narrow", "threads": 8, "iterations": 16, "state_file": "state.bin", "state_bytes": 81414344, "quality_file": "quality.json", "build_seconds": 0.290693363, "cfr_seconds": 1.531156485, "state_write_seconds": 0.463031316, "quality_seconds": 0.258827171, "cfv_capture": false, "performance_claim": false}}
{"stage": "narrow-r2-w16-baseline", "status": "completed", "case": "narrow", "arm": "baseline", "workers": 16, "iterations": 16, "result": {"schema": "r1.flop-native-solve/v1", "status": "completed", "case": "narrow", "threads": 16, "iterations": 16, "state_file": "state.bin", "state_bytes": 81414344, "quality_file": "quality.json", "build_seconds": 0.290219737, "cfr_seconds": 0.936811995, "state_write_seconds": 0.458333083, "quality_seconds": 0.148316891, "cfv_capture": false, "performance_claim": false}}

==> /opt/r1/flop-flat-cloud32-wrapper01/matrix.stderr.log <==
CPU CORE SOCKET
  0    0      0
  1    1      0
  2    2      0
  3    3      0
  4    4      0
  5    5      0
  6    6      0
  7    7      0
  8    8      0
  9    9      0
 10   10      0
 11   11      0
 12   12      0
 13   13      0
 14   14      0
 15   15      0
 16    0      0
 17    1      0
 18    2      0
 19    3      0
 20    4      0
 21    5      0
 22    6      0
 23    7      0
 24    8      0
 25    9      0
 26   10      0
 27   11      0
 28   12      0
 29   13      0
 30   14      0
 31   15      0
